============================= test session starts ==============================
platform darwin -- Python 3.11.15, pytest-9.0.2, pluggy-1.6.0 -- /Users/andyschwarz/Documents/Privat/OverCloud/backend/.venv/bin/python
cachedir: .pytest_cache
rootdir: /Users/andyschwarz/Documents/Privat/OverCloud/backend
configfile: pyproject.toml
testpaths: tests
plugins: anyio-4.12.1, cov-7.1.0, asyncio-1.3.0
asyncio: mode=Mode.STRICT, debug=False, asyncio_default_fixture_loop_scope=None, asyncio_default_test_loop_scope=function
collecting ... collected 669 items

tests/integration/test_account_lockout.py::TestAccountLockout::test_account_locks_after_5_failed_attempts PASSED [  0%]
tests/integration/test_account_lockout.py::TestAccountLockout::test_locked_account_cannot_login_even_with_correct_password PASSED [  0%]
tests/integration/test_account_lockout.py::TestAccountLockout::test_successful_login_resets_failed_attempts PASSED [  0%]
tests/integration/test_account_lockout.py::TestAccountLockout::test_failed_attempts_show_remaining_count PASSED [  0%]
tests/integration/test_account_lockout.py::TestAccountLockout::test_lockout_message_shows_duration PASSED [  0%]
tests/integration/test_account_lockout.py::TestRateLimiting::test_rate_limit_exists PASSED [  0%]
tests/integration/test_auth_api.py::TestAuthRegister::test_register_success PASSED [  1%]
tests/integration/test_auth_api.py::TestAuthRegister::test_register_duplicate_email PASSED [  1%]
tests/integration/test_auth_api.py::TestAuthRegister::test_register_invalid_email PASSED [  1%]
tests/integration/test_auth_api.py::TestAuthRegister::test_register_short_password PASSED [  1%]
tests/integration/test_auth_api.py::TestAuthRegister::test_register_missing_fields PASSED [  1%]
tests/integration/test_auth_api.py::TestAuthLogin::test_login_success PASSED [  1%]
tests/integration/test_auth_api.py::TestAuthLogin::test_login_wrong_password PASSED [  1%]
tests/integration/test_auth_api.py::TestAuthLogin::test_login_nonexistent_user PASSED [  2%]
tests/integration/test_auth_api.py::TestAuthLogin::test_login_case_insensitive_email PASSED [  2%]
tests/integration/test_auth_api.py::TestAuthMe::test_get_me_authenticated PASSED [  2%]
tests/integration/test_auth_api.py::TestAuthMe::test_get_me_unauthenticated PASSED [  2%]
tests/integration/test_auth_api.py::TestAuthMe::test_get_me_invalid_token PASSED [  2%]
tests/integration/test_auth_api.py::TestAuthRefresh::test_refresh_token PASSED [  2%]
tests/integration/test_auth_api.py::TestAuthRefresh::test_refresh_unauthenticated PASSED [  2%]
tests/integration/test_auth_api.py::TestAuthWorkflow::test_full_auth_workflow PASSED [  3%]
tests/integration/test_auth_api.py::TestAuthWorkflow::test_token_works_across_endpoints PASSED [  3%]
tests/integration/test_billing_api.py::TestBillingPricing::test_get_pricing PASSED [  3%]
tests/integration/test_billing_api.py::TestBillingCheckout::test_checkout_requires_auth PASSED [  3%]
tests/integration/test_billing_api.py::TestBillingCheckout::test_checkout_stripe_disabled PASSED [  3%]
tests/integration/test_billing_api.py::TestBillingCheckout::test_checkout_cannot_purchase_free_plan PASSED [  3%]
tests/integration/test_billing_api.py::TestBillingSubscription::test_get_subscription_no_subscription PASSED [  4%]
tests/integration/test_deployment_api.py::TestDeploymentCreate::test_create_deployment_success SKIPPED [  4%]
tests/integration/test_deployment_api.py::TestDeploymentCreate::test_create_deployment_nonexistent_architecture SKIPPED [  4%]
tests/integration/test_deployment_api.py::TestDeploymentCreate::test_create_deployment_unauthenticated SKIPPED [  4%]
tests/integration/test_deployment_api.py::TestDeploymentGet::test_get_deployment SKIPPED [  4%]
tests/integration/test_deployment_api.py::TestDeploymentGet::test_get_nonexistent_deployment SKIPPED [  4%]
tests/integration/test_deployment_api.py::TestDeploymentList::test_list_deployments SKIPPED [  4%]
tests/integration/test_deployment_api.py::TestDeploymentStatusTransitions::test_deployment_status_flow SKIPPED [  5%]
tests/integration/test_deployment_api.py::TestDeploymentCancel::test_cancel_running_deployment SKIPPED [  5%]
tests/integration/test_deployment_api.py::TestDeploymentCancel::test_cancel_completed_deployment_fails SKIPPED [  5%]
tests/integration/test_deployment_api.py::TestDeploymentRetry::test_retry_failed_deployment SKIPPED [  5%]
tests/integration/test_deployment_api.py::TestDeploymentDestroy::test_destroy_successful_deployment SKIPPED [  5%]
tests/integration/test_deployment_api.py::TestDeploymentErrorHandling::test_deployment_terraform_error SKIPPED [  5%]
tests/integration/test_idor_prevention.py::TestIDORPrevention::test_user_cannot_view_other_user_profile ERROR [  5%]
tests/integration/test_idor_prevention.py::TestIDORPrevention::test_user_can_view_own_profile ERROR [  6%]
tests/integration/test_idor_prevention.py::TestIDORPrevention::test_user_cannot_update_other_user_profile ERROR [  6%]
tests/integration/test_idor_prevention.py::TestIDORPrevention::test_user_can_update_own_profile ERROR [  6%]
tests/integration/test_idor_prevention.py::TestIDORPrevention::test_user_cannot_delete_other_user ERROR [  6%]
tests/integration/test_idor_prevention.py::TestIDORPrevention::test_user_cannot_view_other_user_organisations ERROR [  6%]
tests/integration/test_idor_prevention.py::TestIDORPrevention::test_user_can_view_own_organisations ERROR [  6%]
tests/integration/test_idor_prevention.py::TestSuperAdminAccess::test_superadmin_can_view_any_user ERROR [  7%]
tests/integration/test_idor_prevention.py::TestSuperAdminAccess::test_superadmin_can_update_any_user ERROR [  7%]
tests/integration/test_organisations_api.py::TestOrganisationsCreate::test_create_organisation PASSED [  7%]
tests/integration/test_organisations_api.py::TestOrganisationsCreate::test_create_organisation_unauthenticated PASSED [  7%]
tests/integration/test_organisations_api.py::TestOrganisationsGet::test_get_own_organisation PASSED [  7%]
tests/integration/test_organisations_api.py::TestOrganisationsGet::test_get_organisation_not_member PASSED [  7%]
tests/integration/test_organisations_api.py::TestOrganisationsUpdate::test_update_organisation_as_owner PASSED [  7%]
tests/integration/test_organisations_api.py::TestOrganisationsUpdate::test_update_organisation_as_member_forbidden PASSED [  8%]
tests/integration/test_organisations_api.py::TestOrganisationMembers::test_add_member_as_owner FAILED [  8%]
tests/integration/test_organisations_api.py::TestOrganisationMembers::test_add_member_as_member_forbidden PASSED [  8%]
tests/integration/test_organisations_api.py::TestOrganisationMembers::test_list_members PASSED [  8%]
tests/integration/test_organisations_api.py::TestOrganisationMembers::test_remove_member_as_owner FAILED [  8%]
tests/integration/test_organisations_api.py::TestOrganisationMembers::test_update_member_role FAILED [  8%]
tests/integration/test_organisations_api.py::TestOrganisationQuota::test_get_quota PASSED [  8%]
tests/integration/test_organisations_api.py::TestOrganisationQuota::test_quota_check_within_limit SKIPPED [  9%]
tests/integration/test_organisations_api.py::TestOrganisationAWSCredentials::test_update_aws_credentials_as_owner PASSED [  9%]
tests/integration/test_organisations_api.py::TestOrganisationAWSCredentials::test_update_aws_credentials_as_member_forbidden FAILED [  9%]
tests/integration/test_organisations_api.py::TestOrganisationDelete::test_delete_organisation_as_owner PASSED [  9%]
tests/integration/test_organisations_api.py::TestOrganisationDelete::test_delete_organisation_as_member_forbidden FAILED [  9%]
tests/integration/test_rate_limiting.py::TestArchitectureRateLimiting::test_create_architecture_rate_limit SKIPPED [  9%]
tests/integration/test_rate_limiting.py::TestArchitectureRateLimiting::test_rate_limit_headers_present SKIPPED [ 10%]
tests/integration/test_rate_limiting.py::TestDeploymentRateLimiting::test_deploy_architecture_rate_limit SKIPPED [ 10%]
tests/integration/test_rate_limiting.py::TestBillingRateLimiting::test_checkout_rate_limit SKIPPED [ 10%]
tests/integration/test_rate_limiting.py::TestBillingRateLimiting::test_billing_portal_rate_limit SKIPPED [ 10%]
tests/integration/test_rate_limiting.py::TestRateLimitConfiguration::test_rate_limit_uses_testing_mode PASSED [ 10%]
tests/integration/test_rate_limiting.py::TestRateLimitConfiguration::test_rate_limit_decorator_syntax PASSED [ 10%]
tests/integration/test_refresh_token_flow.py::test_create_and_verify_refresh_token PASSED [ 10%]
tests/integration/test_refresh_token_flow.py::test_verify_access_token_fails_as_refresh PASSED [ 11%]
tests/integration/test_refresh_token_flow.py::test_login_returns_refresh_token ERROR [ 11%]
tests/integration/test_refresh_token_flow.py::test_refresh_endpoint_with_valid_token ERROR [ 11%]
tests/integration/test_refresh_token_flow.py::test_refresh_endpoint_without_refresh_token PASSED [ 11%]
tests/integration/test_refresh_token_flow.py::test_token_rotation_invalidates_old_token ERROR [ 11%]
tests/integration/test_refresh_token_flow.py::test_logout_revokes_all_refresh_tokens ERROR [ 11%]
tests/integration/test_refresh_token_flow.py::test_register_returns_refresh_token FAILED [ 11%]
tests/integration/test_refresh_token_flow.py::test_refresh_with_inactive_user ERROR [ 12%]
tests/integration/test_refresh_token_flow.py::test_multiple_refresh_tokens_for_user ERROR [ 12%]
tests/integration/test_refresh_token_flow.py::test_refresh_token_expiry PASSED [ 12%]
tests/integration/test_refresh_token_flow.py::test_access_token_short_lived FAILED [ 12%]
tests/integration/test_users_api.py::TestUsersGet::test_get_own_user PASSED [ 12%]
tests/integration/test_users_api.py::TestUsersGet::test_get_user_unauthenticated FAILED [ 12%]
tests/integration/test_users_api.py::TestUsersGet::test_get_nonexistent_user FAILED [ 13%]
tests/integration/test_users_api.py::TestUsersUpdate::test_update_own_profile PASSED [ 13%]
tests/integration/test_users_api.py::TestUsersUpdate::test_update_other_user_forbidden FAILED [ 13%]
tests/integration/test_users_api.py::TestUsersUpdate::test_update_email_not_allowed PASSED [ 13%]
tests/integration/test_users_api.py::TestUsersUpdatePassword::test_update_password_success SKIPPEDls) [ 13%]
tests/integration/test_users_api.py::TestUsersUpdatePassword::test_update_password_old_password_fails SKIPPEDails) [ 13%]
tests/integration/test_users_api.py::TestUsersUpdatePassword::test_update_password_unauthorized SKIPPED [ 13%]
tests/integration/test_users_api.py::TestUsersDelete::test_delete_own_user PASSED [ 14%]
tests/integration/test_users_api.py::TestUsersDelete::test_delete_other_user_forbidden FAILED [ 14%]
tests/integration/test_users_api.py::TestUsersOrganisations::test_get_user_organisations PASSED [ 14%]
tests/integration/test_users_api.py::TestUsersOrganisations::test_get_other_user_organisations_forbidden FAILED [ 14%]
tests/repositories/test_aws_credential.py::TestAWSCredentialRepository::test_create_assume_role_credential PASSED [ 14%]
tests/repositories/test_aws_credential.py::TestAWSCredentialRepository::test_create_access_key_credential PASSED [ 14%]
tests/repositories/test_aws_credential.py::TestAWSCredentialRepository::test_create_invalid_credential_type PASSED [ 14%]
tests/repositories/test_aws_credential.py::TestAWSCredentialRepository::test_create_assume_role_without_role_arn PASSED [ 15%]
tests/repositories/test_aws_credential.py::TestAWSCredentialRepository::test_create_access_key_without_keys PASSED [ 15%]
tests/repositories/test_aws_credential.py::TestAWSCredentialRepository::test_verify_credentials_assume_role_success PASSED [ 15%]
tests/repositories/test_aws_credential.py::TestAWSCredentialRepository::test_verify_credentials_access_key_success PASSED [ 15%]
tests/repositories/test_aws_credential.py::TestAWSCredentialRepository::test_list_by_org PASSED [ 15%]
tests/repositories/test_aws_credential.py::TestAWSCredentialRepository::test_delete_credential PASSED [ 15%]
tests/services/test_aws_session.py::TestAWSSessionManager::test_get_session_assume_role PASSED [ 15%]
tests/services/test_aws_session.py::TestAWSSessionManager::test_get_session_access_key PASSED [ 16%]
tests/services/test_aws_session.py::TestAWSSessionManager::test_get_session_invalid_type PASSED [ 16%]
tests/services/test_aws_session.py::TestAWSSessionManager::test_get_caller_identity PASSED [ 16%]
tests/services/test_aws_session.py::TestAWSSessionManager::test_test_permissions_ec2 PASSED [ 16%]
tests/services/test_aws_session.py::TestAWSSessionManager::test_test_permissions_s3 PASSED [ 16%]
tests/test_api_validation.py::TestValidationEndpoint::test_validate_valid_architecture PASSED [ 16%]
tests/test_api_validation.py::TestValidationEndpoint::test_validate_invalid_architecture_missing_field PASSED [ 17%]
tests/test_api_validation.py::TestValidationEndpoint::test_validate_invalid_version_format PASSED [ 17%]
tests/test_api_validation.py::TestValidationEndpoint::test_validate_invalid_provider_enum PASSED [ 17%]
tests/test_api_validation.py::TestValidationEndpoint::test_validate_complex_valid_architecture PASSED [ 17%]
tests/test_api_validation.py::TestValidationEndpoint::test_validate_empty_request_body PASSED [ 17%]
tests/test_api_validation.py::TestValidationEndpoint::test_validate_malformed_json PASSED [ 17%]
tests/test_api_validation.py::TestValidationHealthEndpoint::test_health_check_success PASSED [ 17%]
tests/test_api_validation.py::TestValidationHealthEndpoint::test_health_check_returns_schema_info PASSED [ 18%]
tests/test_api_validation.py::TestValidationErrorDetails::test_error_contains_all_required_fields PASSED [ 18%]
tests/test_api_validation.py::TestValidationErrorDetails::test_error_path_format PASSED [ 18%]
tests/test_background_tasks.py::TestBackgroundTaskRunner::test_create_runner PASSED [ 18%]
tests/test_background_tasks.py::TestBackgroundTaskRunner::test_submit_simple_task PASSED [ 18%]
tests/test_background_tasks.py::TestBackgroundTaskRunner::test_task_status_running PASSED [ 18%]
tests/test_background_tasks.py::TestBackgroundTaskRunner::test_task_status_failed PASSED [ 18%]
tests/test_background_tasks.py::TestBackgroundTaskRunner::test_task_with_args_and_kwargs PASSED [ 19%]
tests/test_background_tasks.py::TestBackgroundTaskRunner::test_multiple_concurrent_tasks PASSED [ 19%]
tests/test_background_tasks.py::TestBackgroundTaskRunner::test_cancel_task_before_execution PASSED [ 19%]
tests/test_background_tasks.py::TestBackgroundTaskRunner::test_get_active_task_count PASSED [ 19%]
tests/test_background_tasks.py::TestBackgroundTaskRunner::test_task_logging SKIPPED [ 19%]
tests/test_background_tasks.py::TestBackgroundTaskRunner::test_exception_propagation PASSED [ 19%]
tests/test_billing.py::TestBillingModels::test_tier_config_all_tiers PASSED [ 20%]
tests/test_billing.py::TestBillingModels::test_tier_pricing_starter PASSED [ 20%]
tests/test_billing.py::TestBillingModels::test_tier_pricing_pro PASSED   [ 20%]
tests/test_billing.py::TestBillingModels::test_tier_pricing_enterprise PASSED [ 20%]
tests/test_billing.py::TestBillingModels::test_cost_calculation_pro_tier PASSED [ 20%]
tests/test_billing.py::TestBillingModels::test_cost_calculation_payg_tier PASSED [ 20%]
tests/test_billing.py::TestBillingModels::test_annual_pricing_discount PASSED [ 20%]
tests/test_billing.py::TestSubscriptionRepository::test_create_subscription PASSED [ 21%]
tests/test_billing.py::TestSubscriptionRepository::test_create_subscription_with_trial PASSED [ 21%]
tests/test_billing.py::TestSubscriptionRepository::test_update_tier FAILED [ 21%]
tests/test_billing.py::TestAWSCostRepository::test_store_monthly_costs PASSED [ 21%]
tests/test_billing.py::TestInvoiceRepository::test_create_invoice PASSED [ 21%]
tests/test_billing.py::TestInvoiceRepository::test_generate_invoice_number PASSED [ 21%]
tests/test_billing.py::TestInvoiceGenerator::test_preview_next_invoice FAILED [ 21%]
tests/test_billing.py::test_integration_full_billing_cycle PASSED        [ 22%]
tests/test_cidr_api.py::TestCIDRValidateEndpoint::test_validate_valid_cidr PASSED [ 22%]
tests/test_cidr_api.py::TestCIDRValidateEndpoint::test_validate_invalid_cidr_too_small PASSED [ 22%]
tests/test_cidr_api.py::TestCIDRValidateEndpoint::test_validate_invalid_cidr_format PASSED [ 22%]
tests/test_cidr_api.py::TestCIDRValidateEndpoint::test_validate_public_ip_warning PASSED [ 22%]
tests/test_cidr_api.py::TestCIDRValidateSubnetEndpoint::test_validate_subnet_within_vpc PASSED [ 22%]
tests/test_cidr_api.py::TestCIDRValidateSubnetEndpoint::test_validate_subnet_outside_vpc PASSED [ 23%]
tests/test_cidr_api.py::TestCIDRValidateSubnetEndpoint::test_validate_subnet_invalid_vpc PASSED [ 23%]
tests/test_cidr_api.py::TestCIDRPlanEndpoint::test_plan_vpc_no_subnets PASSED [ 23%]
tests/test_cidr_api.py::TestCIDRPlanEndpoint::test_plan_vpc_with_valid_subnets PASSED [ 23%]
tests/test_cidr_api.py::TestCIDRPlanEndpoint::test_plan_vpc_with_overlapping_subnets PASSED [ 23%]
tests/test_cidr_api.py::TestCIDRPlanEndpoint::test_plan_vpc_invalid_vpc_cidr PASSED [ 23%]
tests/test_cidr_api.py::TestCIDRPlanEndpoint::test_plan_vpc_subnet_outside_range PASSED [ 23%]
tests/test_cidr_api.py::TestCIDRSuggestEndpoint::test_suggest_default_parameters PASSED [ 24%]
tests/test_cidr_api.py::TestCIDRSuggestEndpoint::test_suggest_custom_azs PASSED [ 24%]
tests/test_cidr_api.py::TestCIDRSuggestEndpoint::test_suggest_custom_subnet_types PASSED [ 24%]
tests/test_cidr_api.py::TestCIDRSuggestEndpoint::test_suggest_invalid_vpc_cidr PASSED [ 24%]
tests/test_cidr_api.py::TestCIDRSuggestEndpoint::test_suggest_invalid_num_azs PASSED [ 24%]
tests/test_cidr_api.py::TestCIDREndpointsIntegration::test_full_workflow PASSED [ 24%]
tests/test_cidr_calculator.py::TestCalculateUsableIPs::test_standard_subnet PASSED [ 24%]
tests/test_cidr_calculator.py::TestCalculateUsableIPs::test_large_subnet PASSED [ 25%]
tests/test_cidr_calculator.py::TestCalculateUsableIPs::test_small_subnet PASSED [ 25%]
tests/test_cidr_calculator.py::TestCalculateUsableIPs::test_tiny_subnet PASSED [ 25%]
tests/test_cidr_calculator.py::TestGetReservedIPs::test_standard_subnet_reserved_ips PASSED [ 25%]
tests/test_cidr_calculator.py::TestGetReservedIPs::test_small_subnet_reserved_ips PASSED [ 25%]
tests/test_cidr_calculator.py::TestCheckCIDROverlap::test_no_overlap PASSED [ 25%]
tests/test_cidr_calculator.py::TestCheckCIDROverlap::test_complete_overlap PASSED [ 26%]
tests/test_cidr_calculator.py::TestCheckCIDROverlap::test_partial_overlap PASSED [ 26%]
tests/test_cidr_calculator.py::TestCheckCIDROverlap::test_adjacent_no_overlap PASSED [ 26%]
tests/test_cidr_calculator.py::TestValidateVPCCIDR::test_valid_vpc_cidr PASSED [ 26%]
tests/test_cidr_calculator.py::TestValidateVPCCIDR::test_vpc_too_small PASSED [ 26%]
tests/test_cidr_calculator.py::TestValidateVPCCIDR::test_vpc_too_large PASSED [ 26%]
tests/test_cidr_calculator.py::TestValidateVPCCIDR::test_public_ip_warning PASSED [ 26%]
tests/test_cidr_calculator.py::TestValidateVPCCIDR::test_invalid_cidr_format PASSED [ 27%]
tests/test_cidr_calculator.py::TestValidateSubnetCIDR::test_valid_subnet PASSED [ 27%]
tests/test_cidr_calculator.py::TestValidateSubnetCIDR::test_subnet_outside_vpc PASSED [ 27%]
tests/test_cidr_calculator.py::TestValidateSubnetCIDR::test_subnet_too_large PASSED [ 27%]
tests/test_cidr_calculator.py::TestPlanVPC::test_empty_vpc PASSED        [ 27%]
tests/test_cidr_calculator.py::TestPlanVPC::test_vpc_with_valid_subnets PASSED [ 27%]
tests/test_cidr_calculator.py::TestPlanVPC::test_vpc_with_overlapping_subnets PASSED [ 27%]
tests/test_cidr_calculator.py::TestPlanVPC::test_vpc_with_subnet_outside_range PASSED [ 28%]
tests/test_cidr_calculator.py::TestPlanVPC::test_subnet_allocation_details PASSED [ 28%]
tests/test_cidr_calculator.py::TestSuggestSubnetSplit::test_default_suggestions PASSED [ 28%]
tests/test_cidr_calculator.py::TestSuggestSubnetSplit::test_custom_azs PASSED [ 28%]
tests/test_cidr_calculator.py::TestSuggestSubnetSplit::test_custom_subnet_types PASSED [ 28%]
tests/test_cidr_calculator.py::TestSuggestSubnetSplit::test_no_overlapping_suggestions PASSED [ 28%]
tests/test_cidr_calculator.py::TestPydanticModels::test_subnet_allocation_model PASSED [ 28%]
tests/test_cidr_calculator.py::TestPydanticModels::test_vpc_plan_model PASSED [ 29%]
tests/test_cost_api.py::TestCostAPI::test_estimate_cost_from_json PASSED [ 29%]
tests/test_cost_api.py::TestCostAPI::test_estimate_cost_empty_architecture PASSED [ 29%]
tests/test_cost_api.py::TestCostAPI::test_estimate_cost_multiple_components PASSED [ 29%]
tests/test_cost_api.py::TestCostAPI::test_estimate_cost_for_saved_architecture SKIPPED [ 29%]
tests/test_cost_api.py::TestCostAPI::test_estimate_cost_architecture_not_found SKIPPED [ 29%]
tests/test_cost_api.py::TestCostAPI::test_estimate_cost_breakdown PASSED [ 30%]
tests/test_cost_api.py::TestCostAPI::test_estimate_cost_response_format PASSED [ 30%]
tests/test_cost_api.py::TestCostAPI::test_estimate_cost_lambda_with_free_tier PASSED [ 30%]
tests/test_cost_calculator.py::TestEC2Cost::test_calculate_ec2_cost_single_instance PASSED [ 30%]
tests/test_cost_calculator.py::TestEC2Cost::test_calculate_ec2_cost_multiple_instances PASSED [ 30%]
tests/test_cost_calculator.py::TestEC2Cost::test_calculate_ec2_cost_invalid_instance_type PASSED [ 30%]
tests/test_cost_calculator.py::TestRDSCost::test_calculate_rds_cost_basic PASSED [ 30%]
tests/test_cost_calculator.py::TestRDSCost::test_calculate_rds_cost_multi_az PASSED [ 31%]
tests/test_cost_calculator.py::TestRDSCost::test_calculate_rds_cost_with_extra_backups PASSED [ 31%]
tests/test_cost_calculator.py::TestRDSCost::test_calculate_rds_cost_invalid_instance_class PASSED [ 31%]
tests/test_cost_calculator.py::TestS3Cost::test_calculate_s3_cost_basic PASSED [ 31%]
tests/test_cost_calculator.py::TestS3Cost::test_calculate_s3_cost_no_transfer PASSED [ 31%]
tests/test_cost_calculator.py::TestCloudFrontCost::test_calculate_cloudfront_cost_basic PASSED [ 31%]
tests/test_cost_calculator.py::TestCloudFrontCost::test_calculate_cloudfront_cost_tiered_pricing PASSED [ 31%]
tests/test_cost_calculator.py::TestLambdaCost::test_calculate_lambda_cost_within_free_tier PASSED [ 32%]
tests/test_cost_calculator.py::TestLambdaCost::test_calculate_lambda_cost_exceeding_free_tier PASSED [ 32%]
tests/test_cost_calculator.py::TestALBCost::test_calculate_alb_cost PASSED [ 32%]
tests/test_cost_calculator.py::TestNATGatewayCost::test_calculate_nat_gateway_cost PASSED [ 32%]
tests/test_cost_calculator.py::TestRoute53Cost::test_calculate_route53_cost_basic PASSED [ 32%]
tests/test_cost_calculator.py::TestRoute53Cost::test_calculate_route53_cost_high_queries PASSED [ 32%]
tests/test_cost_calculator.py::TestBlueprintCost::test_calculate_blueprint_cost_static_website PASSED [ 33%]
tests/test_cost_calculator.py::TestBlueprintCost::test_calculate_blueprint_cost_three_tier_web PASSED [ 33%]
tests/test_cost_calculator.py::TestBlueprintCost::test_calculate_blueprint_cost_serverless_api PASSED [ 33%]
tests/test_cost_calculator.py::TestBlueprintCost::test_calculate_blueprint_cost_unknown_blueprint PASSED [ 33%]
tests/test_cost_calculator.py::TestBlueprintCost::test_calculate_blueprint_cost_invalid_ec2_type PASSED [ 33%]
tests/test_cost_calculator.py::TestCostModels::test_cost_item_model PASSED [ 33%]
tests/test_cost_calculator.py::TestCostModels::test_cost_breakdown_model PASSED [ 33%]
tests/test_cost_estimator.py::TestCostEstimate::test_create_empty_estimate PASSED [ 34%]
tests/test_cost_estimator.py::TestCostEstimate::test_add_component_cost PASSED [ 34%]
tests/test_cost_estimator.py::TestCostEstimator::test_create_estimator PASSED [ 34%]
tests/test_cost_estimator.py::TestCostEstimator::test_estimate_empty_architecture PASSED [ 34%]
tests/test_cost_estimator.py::TestCostEstimator::test_estimate_ec2_cost PASSED [ 34%]
tests/test_cost_estimator.py::TestCostEstimator::test_estimate_rds_cost PASSED [ 34%]
tests/test_cost_estimator.py::TestCostEstimator::test_estimate_s3_cost PASSED [ 34%]
tests/test_cost_estimator.py::TestCostEstimator::test_estimate_lambda_cost PASSED [ 35%]
tests/test_cost_estimator.py::TestCostEstimator::test_estimate_multiple_components PASSED [ 35%]
tests/test_cost_estimator.py::TestCostEstimator::test_estimate_unsupported_component_type PASSED [ 35%]
tests/test_cost_estimator.py::TestCostEstimator::test_estimate_with_custom_region PASSED [ 35%]
tests/test_cost_estimator.py::TestCostEstimator::test_yearly_cost_calculation PASSED [ 35%]
tests/test_cost_pricing_data.py::TestPricingDataLoader::test_create_loader PASSED [ 35%]
tests/test_cost_pricing_data.py::TestPricingDataLoader::test_get_ec2_price PASSED [ 36%]
tests/test_cost_pricing_data.py::TestPricingDataLoader::test_get_ec2_price_different_regions PASSED [ 36%]
tests/test_cost_pricing_data.py::TestPricingDataLoader::test_get_ec2_price_invalid_instance PASSED [ 36%]
tests/test_cost_pricing_data.py::TestPricingDataLoader::test_get_rds_price PASSED [ 36%]
tests/test_cost_pricing_data.py::TestPricingDataLoader::test_get_rds_storage_price PASSED [ 36%]
tests/test_cost_pricing_data.py::TestPricingDataLoader::test_get_s3_price PASSED [ 36%]
tests/test_cost_pricing_data.py::TestPricingDataLoader::test_get_lambda_price PASSED [ 36%]
tests/test_cost_pricing_data.py::TestPricingDataLoader::test_get_all_ec2_instances PASSED [ 37%]
tests/test_cost_pricing_data.py::TestPricingDataLoader::test_pricing_data_cached PASSED [ 37%]
tests/test_csrf_protection.py::TestCSRFProtection::test_login_sets_cookie FAILED [ 37%]
tests/test_csrf_protection.py::TestCSRFProtection::test_register_sets_cookie FAILED [ 37%]
tests/test_csrf_protection.py::TestCSRFProtection::test_authenticated_request_with_cookie FAILED [ 37%]
tests/test_csrf_protection.py::TestCSRFProtection::test_authenticated_request_with_bearer_token FAILED [ 37%]
tests/test_csrf_protection.py::TestCSRFProtection::test_no_cookie_no_header_fails PASSED [ 37%]
tests/test_csrf_protection.py::TestCSRFProtection::test_logout_clears_cookie FAILED [ 38%]
tests/test_csrf_protection.py::TestCSRFProtection::test_refresh_updates_cookie FAILED [ 38%]
tests/test_csrf_protection.py::TestCSRFProtection::test_cookie_has_priority_over_header FAILED [ 38%]
tests/test_csrf_protection.py::TestCSRFProtectionSecurity::test_cookie_attributes FAILED [ 38%]
tests/test_csrf_protection.py::TestCSRFProtectionSecurity::test_cross_origin_request_without_credentials_fails PASSED [ 38%]
tests/test_designer_api.py::test_save_designer_architecture_success PASSED [ 38%]
tests/test_designer_api.py::test_save_designer_architecture_missing_components PASSED [ 39%]
tests/test_designer_api.py::test_save_designer_architecture_empty_components PASSED [ 39%]
tests/test_designer_api.py::test_save_designer_architecture_repository_error PASSED [ 39%]
tests/test_designer_api.py::test_load_designer_architecture_success PASSED [ 39%]
tests/test_designer_api.py::test_load_designer_architecture_not_found PASSED [ 39%]
tests/test_designer_api.py::test_load_designer_architecture_invalid_uuid PASSED [ 39%]
tests/test_designer_api.py::test_load_designer_architecture_repository_error PASSED [ 39%]
tests/test_designer_api.py::test_generate_terraform_success PASSED       [ 40%]
tests/test_designer_api.py::test_generate_terraform_missing_components PASSED [ 40%]
tests/test_designer_api.py::test_generate_terraform_generator_error PASSED [ 40%]
tests/test_designer_api.py::test_generate_terraform_empty_components PASSED [ 40%]
tests/test_designer_api.py::test_validate_architecture_success PASSED    [ 40%]
tests/test_designer_api.py::test_validate_architecture_missing_version PASSED [ 40%]
tests/test_designer_api.py::test_validate_architecture_missing_components PASSED [ 40%]
tests/test_designer_api.py::test_validate_architecture_invalid_connection PASSED [ 41%]
tests/test_designer_api.py::test_validate_architecture_component_missing_type PASSED [ 41%]
tests/test_designer_api.py::test_validate_architecture_subnet_missing_vpc PASSED [ 41%]
tests/test_designer_api.py::test_validate_architecture_subnet_invalid_vpc PASSED [ 41%]
tests/test_designer_api.py::test_validate_architecture_warnings PASSED   [ 41%]
tests/test_designer_api.py::test_validate_architecture_empty_components PASSED [ 41%]
tests/test_designer_api.py::test_full_flow_save_load_validate_generate PASSED [ 42%]
tests/test_designer_api.py::test_complex_architecture_with_all_validations PASSED [ 42%]
tests/test_json_engine_diff.py::TestJSONDiff::test_generate_diff_no_changes PASSED [ 42%]
tests/test_json_engine_diff.py::TestJSONDiff::test_generate_diff_added_keys PASSED [ 42%]
tests/test_json_engine_diff.py::TestJSONDiff::test_generate_diff_removed_keys PASSED [ 42%]
tests/test_json_engine_diff.py::TestJSONDiff::test_generate_diff_modified_values PASSED [ 42%]
tests/test_json_engine_diff.py::TestJSONDiff::test_generate_diff_nested_dicts PASSED [ 42%]
tests/test_json_engine_diff.py::TestJSONDiff::test_generate_diff_lists PASSED [ 43%]
tests/test_json_engine_diff.py::TestJSONDiff::test_generate_component_diff_added PASSED [ 43%]
tests/test_json_engine_diff.py::TestJSONDiff::test_generate_component_diff_removed PASSED [ 43%]
tests/test_json_engine_diff.py::TestJSONDiff::test_apply_diff PASSED     [ 43%]
tests/test_json_engine_diff.py::TestJSONDiff::test_summary_generation PASSED [ 43%]
tests/test_json_engine_validator.py::TestArchitectureValidator::test_validate_valid_architecture PASSED [ 43%]
tests/test_json_engine_validator.py::TestArchitectureValidator::test_validate_with_custom_version PASSED [ 43%]
tests/test_json_engine_validator.py::TestArchitectureValidator::test_validate_invalid_architecture PASSED [ 44%]
tests/test_json_engine_validator.py::TestArchitectureValidator::test_validate_and_raise_valid PASSED [ 44%]
tests/test_json_engine_validator.py::TestArchitectureValidator::test_validate_and_raise_invalid PASSED [ 44%]
tests/test_json_engine_validator.py::TestArchitectureValidator::test_validate_nonexistent_schema PASSED [ 44%]
tests/test_json_engine_validator.py::TestArchitectureValidator::test_extract_version_from_json PASSED [ 44%]
tests/test_json_engine_validator.py::TestArchitectureValidator::test_extract_version_missing_defaults PASSED [ 44%]
tests/test_json_engine_validator.py::TestArchitectureValidator::test_is_compatible_true PASSED [ 44%]
tests/test_json_engine_validator.py::TestArchitectureValidator::test_is_compatible_false PASSED [ 45%]
tests/test_json_engine_validator.py::TestArchitectureValidator::test_is_compatible_schema_not_found PASSED [ 45%]
tests/test_json_engine_validator.py::TestArchitectureValidator::test_validation_result_str PASSED [ 45%]
tests/test_state_management.py::TestStateManagement::test_state_backup_after_successful_deployment PASSED [ 45%]
tests/test_state_management.py::TestStateManagement::test_state_restore_for_destroy SKIPPED [ 45%]
tests/test_state_management.py::TestStateManagement::test_state_file_format PASSED [ 45%]
tests/test_state_management.py::TestStateManagement::test_missing_state_file_warning SKIPPED) [ 46%]
tests/test_state_management.py::TestStateManagement::test_state_backup_preserves_json PASSED [ 46%]
tests/test_state_management.py::TestStateManagement::test_state_file_size_handling PASSED [ 46%]
tests/test_state_management.py::TestStateManagement::test_state_backup_handles_unicode PASSED [ 46%]
tests/test_terraform_component_mapper.py::TestComponentMapper::test_get_template_path_vpc PASSED [ 46%]
tests/test_terraform_component_mapper.py::TestComponentMapper::test_get_template_path_ec2 PASSED [ 46%]
tests/test_terraform_component_mapper.py::TestComponentMapper::test_get_template_path_s3 PASSED [ 46%]
tests/test_terraform_component_mapper.py::TestComponentMapper::test_get_template_path_rds PASSED [ 47%]
tests/test_terraform_component_mapper.py::TestComponentMapper::test_get_template_path_alias PASSED [ 47%]
tests/test_terraform_component_mapper.py::TestComponentMapper::test_get_template_path_case_insensitive PASSED [ 47%]
tests/test_terraform_component_mapper.py::TestComponentMapper::test_get_template_path_unsupported PASSED [ 47%]
tests/test_terraform_component_mapper.py::TestComponentMapper::test_is_supported_true PASSED [ 47%]
tests/test_terraform_component_mapper.py::TestComponentMapper::test_is_supported_false PASSED [ 47%]
tests/test_terraform_component_mapper.py::TestComponentMapper::test_get_supported_types PASSED [ 47%]
tests/test_terraform_component_mapper.py::TestComponentMapper::test_register_template PASSED [ 48%]
tests/test_terraform_component_mapper.py::TestComponentMapper::test_register_alias PASSED [ 48%]
tests/test_terraform_e2e.py::TestTerraformE2E::test_generate_simple_web_app PASSED [ 48%]
tests/test_terraform_e2e.py::TestTerraformE2E::test_generated_terraform_has_valid_syntax PASSED [ 48%]
tests/test_terraform_e2e.py::TestTerraformE2E::test_generate_and_validate_syntax PASSED [ 48%]
tests/test_terraform_e2e.py::TestTerraformE2E::test_multiple_component_types_in_one_architecture PASSED [ 48%]
tests/test_terraform_e2e.py::TestTerraformE2E::test_output_includes_all_important_resources PASSED [ 49%]
tests/test_terraform_executor.py::TestTerraformExecutor::test_create_executor PASSED [ 49%]
tests/test_terraform_executor.py::TestTerraformExecutor::test_create_executor_with_env_vars PASSED [ 49%]
tests/test_terraform_executor.py::TestTerraformExecutor::test_init_success PASSED [ 49%]
tests/test_terraform_executor.py::TestTerraformExecutor::test_init_with_backend_config PASSED [ 49%]
tests/test_terraform_executor.py::TestTerraformExecutor::test_validate PASSED [ 49%]
tests/test_terraform_executor.py::TestTerraformExecutor::test_plan PASSED [ 49%]
tests/test_terraform_executor.py::TestTerraformExecutor::test_apply PASSED [ 50%]
tests/test_terraform_executor.py::TestTerraformExecutor::test_destroy PASSED [ 50%]
tests/test_terraform_executor.py::TestTerraformExecutor::test_output PASSED [ 50%]
tests/test_terraform_executor.py::TestTerraformExecutor::test_version PASSED [ 50%]
tests/test_terraform_executor.py::TestTerraformExecutor::test_command_failure PASSED [ 50%]
tests/test_terraform_executor.py::TestTerraformExecutor::test_command_timeout PASSED [ 50%]
tests/test_terraform_executor.py::TestTerraformExecutor::test_terraform_not_found PASSED [ 50%]
tests/test_terraform_executor.py::TestTerraformExecutor::test_env_vars_passed_to_subprocess PASSED [ 51%]
tests/test_terraform_file_builder.py::TestTerraformProject::test_create_empty_project PASSED [ 51%]
tests/test_terraform_file_builder.py::TestTerraformProject::test_add_file PASSED [ 51%]
tests/test_terraform_file_builder.py::TestTerraformProject::test_get_file_count PASSED [ 51%]
tests/test_terraform_file_builder.py::TestTerraformProject::test_get_total_lines PASSED [ 51%]
tests/test_terraform_file_builder.py::TestTerraformProject::test_write_to_directory PASSED [ 51%]
tests/test_terraform_file_builder.py::TestTerraformFileBuilder::test_create_builder PASSED [ 52%]
tests/test_terraform_file_builder.py::TestTerraformFileBuilder::test_add_resource PASSED [ 52%]
tests/test_terraform_file_builder.py::TestTerraformFileBuilder::test_add_variable PASSED [ 52%]
tests/test_terraform_file_builder.py::TestTerraformFileBuilder::test_add_variable_with_default PASSED [ 52%]
tests/test_terraform_file_builder.py::TestTerraformFileBuilder::test_add_output PASSED [ 52%]
tests/test_terraform_file_builder.py::TestTerraformFileBuilder::test_add_output_sensitive PASSED [ 52%]
tests/test_terraform_file_builder.py::TestTerraformFileBuilder::test_add_local PASSED [ 52%]
tests/test_terraform_file_builder.py::TestTerraformFileBuilder::test_build_provider_tf PASSED [ 53%]
tests/test_terraform_file_builder.py::TestTerraformFileBuilder::test_build_variables_tf_empty PASSED [ 53%]
tests/test_terraform_file_builder.py::TestTerraformFileBuilder::test_build_variables_tf PASSED [ 53%]
tests/test_terraform_file_builder.py::TestTerraformFileBuilder::test_build_outputs_tf_empty PASSED [ 53%]
tests/test_terraform_file_builder.py::TestTerraformFileBuilder::test_build_outputs_tf PASSED [ 53%]
tests/test_terraform_file_builder.py::TestTerraformFileBuilder::test_build_main_tf_empty PASSED [ 53%]
tests/test_terraform_file_builder.py::TestTerraformFileBuilder::test_build_main_tf_with_resources PASSED [ 53%]
tests/test_terraform_file_builder.py::TestTerraformFileBuilder::test_build_main_tf_with_locals PASSED [ 54%]
tests/test_terraform_file_builder.py::TestTerraformFileBuilder::test_build_project PASSED [ 54%]
tests/test_terraform_filters.py::TestTerraformBool::test_true_value PASSED [ 54%]
tests/test_terraform_filters.py::TestTerraformBool::test_false_value PASSED [ 54%]
tests/test_terraform_filters.py::TestTerraformBool::test_truthy_values PASSED [ 54%]
tests/test_terraform_filters.py::TestTerraformBool::test_falsy_values PASSED [ 54%]
tests/test_terraform_filters.py::TestTerraformString::test_simple_string PASSED [ 55%]
tests/test_terraform_filters.py::TestTerraformString::test_string_with_quotes PASSED [ 55%]
tests/test_terraform_filters.py::TestTerraformString::test_string_with_backslash PASSED [ 55%]
tests/test_terraform_filters.py::TestTerraformString::test_none_value PASSED [ 55%]
tests/test_terraform_filters.py::TestTerraformString::test_number_as_string PASSED [ 55%]
tests/test_terraform_filters.py::TestTerraformList::test_empty_list PASSED [ 55%]
tests/test_terraform_filters.py::TestTerraformList::test_string_list PASSED [ 55%]
tests/test_terraform_filters.py::TestTerraformList::test_number_list PASSED [ 56%]
tests/test_terraform_filters.py::TestTerraformList::test_bool_list PASSED [ 56%]
tests/test_terraform_filters.py::TestTerraformList::test_mixed_list PASSED [ 56%]
tests/test_terraform_filters.py::TestTerraformMap::test_empty_map PASSED [ 56%]
tests/test_terraform_filters.py::TestTerraformMap::test_simple_map PASSED [ 56%]
tests/test_terraform_filters.py::TestTerraformMap::test_nested_map PASSED [ 56%]
tests/test_terraform_filters.py::TestTerraformMap::test_map_with_list PASSED [ 56%]
tests/test_terraform_filters.py::TestTerraformIdentifier::test_simple_identifier PASSED [ 57%]
tests/test_terraform_filters.py::TestTerraformIdentifier::test_uppercase_to_lowercase PASSED [ 57%]
tests/test_terraform_filters.py::TestTerraformIdentifier::test_spaces_to_underscores PASSED [ 57%]
tests/test_terraform_filters.py::TestTerraformIdentifier::test_dashes_to_underscores PASSED [ 57%]
tests/test_terraform_filters.py::TestTerraformIdentifier::test_special_chars_removed PASSED [ 57%]
tests/test_terraform_filters.py::TestTerraformIdentifier::test_starts_with_number PASSED [ 57%]
tests/test_terraform_filters.py::TestTerraformIdentifier::test_empty_string PASSED [ 57%]
tests/test_terraform_filters.py::TestTerraformTags::test_empty_tags PASSED [ 58%]
tests/test_terraform_filters.py::TestTerraformTags::test_environment_tags PASSED [ 58%]
tests/test_terraform_filters.py::TestTerraformTags::test_key_value_tags PASSED [ 58%]
tests/test_terraform_generator.py::TestTerraformGenerator::test_create_generator PASSED [ 58%]
tests/test_terraform_generator.py::TestTerraformGenerator::test_generate_minimal_architecture PASSED [ 58%]
tests/test_terraform_generator.py::TestTerraformGenerator::test_generate_with_vpc PASSED [ 58%]
tests/test_terraform_generator.py::TestTerraformGenerator::test_generate_with_ec2 PASSED [ 59%]
tests/test_terraform_generator.py::TestTerraformGenerator::test_generate_with_s3 PASSED [ 59%]
tests/test_terraform_generator.py::TestTerraformGenerator::test_generate_with_multiple_components PASSED [ 59%]
tests/test_terraform_generator.py::TestTerraformGenerator::test_generate_outputs PASSED [ 59%]
tests/test_terraform_generator.py::TestTerraformGenerator::test_generate_variables PASSED [ 59%]
tests/test_terraform_generator.py::TestTerraformGenerator::test_generate_with_unsupported_component PASSED [ 59%]
tests/test_terraform_generator.py::TestTerraformGenerator::test_generate_with_alias_component_type PASSED [ 59%]
tests/test_terraform_generator.py::TestTerraformGenerator::test_generate_with_custom_region PASSED [ 60%]
tests/test_terraform_generator.py::TestTerraformGenerator::test_generate_project_metadata PASSED [ 60%]
tests/test_terraform_generator.py::TestTerraformGenerator::test_generate_file_count PASSED [ 60%]
tests/test_terraform_generator_v2_unit.py::test_generator_initialization PASSED [ 60%]
tests/test_terraform_generator_v2_unit.py::test_generator_custom_template_dir PASSED [ 60%]
tests/test_terraform_generator_v2_unit.py::test_generate_empty_components_error PASSED [ 60%]
tests/test_terraform_generator_v2_unit.py::test_generate_missing_components_error PASSED [ 60%]
tests/test_terraform_generator_v2_unit.py::test_generate_simple_vpc PASSED [ 61%]
tests/test_terraform_generator_v2_unit.py::test_generate_vpc_with_subnets PASSED [ 61%]
tests/test_terraform_generator_v2_unit.py::test_generate_alb PASSED      [ 61%]
tests/test_terraform_generator_v2_unit.py::test_generate_dynamodb PASSED [ 61%]
tests/test_terraform_generator_v2_unit.py::test_generate_variables PASSED [ 61%]
tests/test_terraform_generator_v2_unit.py::test_generate_outputs PASSED  [ 61%]
tests/test_terraform_generator_v2_unit.py::test_components_grouped_by_type PASSED [ 62%]
tests/test_terraform_generator_v2_unit.py::test_unsupported_component_type_warning PASSED [ 62%]
tests/test_terraform_generator_v2_unit.py::test_complex_web_application_architecture PASSED [ 62%]
tests/test_terraform_generator_v2_unit.py::test_generated_terraform_syntax PASSED [ 62%]
tests/test_terraform_generator_v2_unit.py::test_resource_naming_consistency PASSED [ 62%]
tests/test_terraform_generator_v2_unit.py::test_generate_with_no_metadata PASSED [ 62%]
tests/test_terraform_generator_v2_unit.py::test_generate_with_no_connections PASSED [ 62%]
tests/test_terraform_generator_v2_unit.py::test_component_with_minimal_config PASSED [ 63%]
tests/test_terraform_validators.py::TestTerraformValidator::test_create_validator PASSED [ 63%]
tests/test_terraform_validators.py::TestTerraformValidator::test_create_validator_custom_binary PASSED [ 63%]
tests/test_terraform_validators.py::TestTerraformValidator::test_validate_syntax_valid_hcl PASSED [ 63%]
tests/test_terraform_validators.py::TestTerraformValidator::test_validate_syntax_unbalanced_braces PASSED [ 63%]
tests/test_terraform_validators.py::TestTerraformValidator::test_validate_syntax_unbalanced_quotes PASSED [ 63%]
tests/test_terraform_validators.py::TestTerraformValidator::test_validate_syntax_empty_resource PASSED [ 63%]
tests/test_terraform_validators.py::TestTerraformValidator::test_validate_directory_not_exists PASSED [ 64%]
tests/test_terraform_validators.py::TestTerraformValidator::test_validate_directory_no_tf_files PASSED [ 64%]
tests/test_terraform_validators.py::TestTerraformValidator::test_check_terraform_installed PASSED [ 64%]
tests/test_terraform_validators.py::TestTerraformValidator::test_check_terraform_not_found PASSED [ 64%]
tests/test_validation.py::TestSchemaLoading::test_load_schema_success PASSED [ 64%]
tests/test_validation.py::TestSchemaLoading::test_load_schema_caching PASSED [ 64%]
tests/test_validation.py::TestSchemaLoading::test_load_schema_not_found PASSED [ 65%]
tests/test_validation.py::TestSchemaLoading::test_clear_schema_cache PASSED [ 65%]
tests/test_validation.py::TestValidation::test_validate_valid_minimal_architecture PASSED [ 65%]
tests/test_validation.py::TestValidation::test_validate_missing_required_field PASSED [ 65%]
tests/test_validation.py::TestValidation::test_validate_invalid_version_format PASSED [ 65%]
tests/test_validation.py::TestValidation::test_validate_invalid_provider PASSED [ 65%]
tests/test_validation.py::TestValidation::test_validate_component_with_invalid_type PASSED [ 65%]
tests/test_validation.py::TestValidation::test_validate_error_paths PASSED [ 66%]
tests/test_validation.py::TestFormatPath::test_format_empty_path PASSED  [ 66%]
tests/test_validation.py::TestFormatPath::test_format_simple_path PASSED [ 66%]
tests/test_validation.py::TestFormatPath::test_format_path_with_array_index PASSED [ 66%]
tests/test_validation.py::TestFormatPath::test_format_complex_path PASSED [ 66%]
tests/test_voucher_repository.py::test_create_voucher_success PASSED     [ 66%]
tests/test_voucher_repository.py::test_create_voucher_uppercase_conversion PASSED [ 66%]
tests/test_voucher_repository.py::test_create_voucher_duplicate_code PASSED [ 67%]
tests/test_voucher_repository.py::test_create_voucher_invalid_code_length PASSED [ 67%]
tests/test_voucher_repository.py::test_create_voucher_invalid_characters PASSED [ 67%]
tests/test_voucher_repository.py::test_create_voucher_invalid_discount_value PASSED [ 67%]
tests/test_voucher_repository.py::test_create_voucher_with_date_range PASSED [ 67%]
tests/test_voucher_repository.py::test_get_by_code_case_insensitive PASSED [ 67%]
tests/test_voucher_repository.py::test_validate_voucher_success PASSED   [ 68%]
tests/test_voucher_repository.py::test_validate_voucher_not_found PASSED [ 68%]
tests/test_voucher_repository.py::test_validate_voucher_inactive PASSED  [ 68%]
tests/test_voucher_repository.py::test_validate_voucher_expired PASSED   [ 68%]
tests/test_voucher_repository.py::test_validate_voucher_not_yet_valid PASSED [ 68%]
tests/test_voucher_repository.py::test_validate_voucher_usage_limit_reached PASSED [ 68%]
tests/test_voucher_repository.py::test_validate_voucher_already_used_by_user PASSED [ 68%]
tests/test_voucher_repository.py::test_redeem_voucher_success PASSED     [ 69%]
tests/test_voucher_repository.py::test_redeem_voucher_increments_uses PASSED [ 69%]
tests/test_voucher_repository.py::test_list_all_vouchers PASSED          [ 69%]
tests/test_voucher_repository.py::test_list_all_vouchers_exclude_inactive PASSED [ 69%]
tests/test_voucher_repository.py::test_deactivate_voucher PASSED         [ 69%]
tests/test_voucher_repository.py::test_reactivate_voucher PASSED         [ 69%]
tests/test_voucher_repository.py::test_get_usage_stats PASSED            [ 69%]
tests/test_voucher_service.py::test_validate_voucher_success PASSED      [ 70%]
tests/test_voucher_service.py::test_validate_voucher_invalid PASSED      [ 70%]
tests/test_voucher_service.py::test_apply_discount_no_voucher PASSED     [ 70%]
tests/test_voucher_service.py::test_apply_discount_percentage_base_fee PASSED [ 70%]
tests/test_voucher_service.py::test_apply_discount_percentage_aws_percentage PASSED [ 70%]
tests/test_voucher_service.py::test_apply_discount_percentage_both PASSED [ 70%]
tests/test_voucher_service.py::test_apply_discount_fixed_amount PASSED   [ 71%]
tests/test_voucher_service.py::test_apply_discount_fixed_amount_exceeds_target PASSED [ 71%]
tests/test_voucher_service.py::test_apply_discount_100_percent PASSED    [ 71%]
tests/test_voucher_service.py::test_apply_discount_invalid_voucher_returns_no_discount PASSED [ 71%]
tests/test_voucher_service.py::test_redeem_voucher_success PASSED        [ 71%]
tests/test_voucher_service.py::test_redeem_voucher_no_subscription PASSED [ 71%]
tests/test_voucher_service.py::test_redeem_voucher_already_has_voucher PASSED [ 71%]
tests/test_voucher_service.py::test_remove_voucher_from_subscription PASSED [ 72%]
tests/test_voucher_service.py::test_calculate_subscription_price_with_voucher PASSED [ 72%]
tests/test_websocket.py::TestWebSocketManager::test_create_manager_singleton PASSED [ 72%]
tests/test_websocket.py::TestWebSocketManager::test_connect_websocket PASSED [ 72%]
tests/test_websocket.py::TestWebSocketManager::test_disconnect_websocket PASSED [ 72%]
tests/test_websocket.py::TestWebSocketManager::test_send_personal_message PASSED [ 72%]
tests/test_websocket.py::TestWebSocketManager::test_broadcast_to_deployment PASSED [ 72%]
tests/test_websocket.py::TestWebSocketManager::test_broadcast_handles_disconnected_websocket PASSED [ 73%]
tests/test_websocket.py::TestWebSocketManager::test_send_status_update PASSED [ 73%]
tests/test_websocket.py::TestWebSocketManager::test_get_connection_count_specific_deployment PASSED [ 73%]
tests/test_websocket.py::TestWebSocketManager::test_get_connection_count_total PASSED [ 73%]
tests/test_websocket.py::TestWebSocketManager::test_get_active_deployments PASSED [ 73%]
tests/test_websocket.py::TestWebSocketManager::test_broadcast_to_nonexistent_deployment PASSED [ 73%]
tests/unit/test_admin_api.py::test_list_all_users_success PASSED         [ 73%]
tests/unit/test_admin_api.py::test_get_user_as_admin_success PASSED      [ 74%]
tests/unit/test_admin_api.py::test_get_user_as_admin_not_found PASSED    [ 74%]
tests/unit/test_admin_api.py::test_update_user_status_success PASSED     [ 74%]
tests/unit/test_admin_api.py::test_update_system_role_success PASSED     [ 74%]
tests/unit/test_admin_api.py::test_list_all_organisations_success PASSED [ 74%]
tests/unit/test_admin_api.py::test_get_organisation_architectures_success PASSED [ 74%]
tests/unit/test_admin_api.py::test_get_audit_logs_success PASSED         [ 75%]
tests/unit/test_admin_api.py::test_get_audit_logs_as_auditor PASSED      [ 75%]
tests/unit/test_admin_api.py::test_impersonate_user_success PASSED       [ 75%]
tests/unit/test_admin_api.py::test_impersonate_user_not_found PASSED     [ 75%]
tests/unit/test_admin_api.py::test_impersonate_user_reason_too_short PASSED [ 75%]
tests/unit/test_admin_api.py::test_reset_user_password_success PASSED    [ 75%]
tests/unit/test_admin_api.py::test_reset_user_password_not_found PASSED  [ 75%]
tests/unit/test_admin_api.py::test_reset_user_password_update_fails PASSED [ 76%]
tests/unit/test_admin_api.py::test_get_system_stats_success PASSED       [ 76%]
tests/unit/test_admin_api.py::test_get_platform_statistics_success PASSED [ 76%]
tests/unit/test_admin_api.py::test_list_users_as_regular_user_forbidden PASSED [ 76%]
tests/unit/test_admin_api.py::test_impersonate_as_support_forbidden PASSED [ 76%]
tests/unit/test_architecture_repository.py::TestArchitectureCreate::test_create_small_architecture PASSED [ 76%]
tests/unit/test_architecture_repository.py::TestArchitectureCreate::test_create_large_architecture_s3_offload PASSED [ 76%]
tests/unit/test_architecture_repository.py::TestArchitectureCreate::test_create_exactly_300kb_threshold PASSED [ 77%]
tests/unit/test_architecture_repository.py::TestArchitectureGet::test_get_existing_architecture PASSED [ 77%]
tests/unit/test_architecture_repository.py::TestArchitectureGet::test_get_large_architecture_loads_from_s3 PASSED [ 77%]
tests/unit/test_architecture_repository.py::TestArchitectureGet::test_get_nonexistent_architecture PASSED [ 77%]
tests/unit/test_architecture_repository.py::TestArchitectureList::test_list_all_architectures PASSED [ 77%]
tests/unit/test_architecture_repository.py::TestArchitectureList::test_list_by_owner PASSED [ 77%]
tests/unit/test_architecture_repository.py::TestArchitectureList::test_list_pagination PASSED [ 78%]
tests/unit/test_architecture_repository.py::TestArchitectureUpdate::test_update_name_description PASSED [ 78%]
tests/unit/test_architecture_repository.py::TestArchitectureUpdate::test_update_small_to_large_architecture_json PASSED [ 78%]
tests/unit/test_architecture_repository.py::TestArchitectureUpdate::test_update_nonexistent_architecture PASSED [ 78%]
tests/unit/test_architecture_repository.py::TestArchitectureDelete::test_delete_architecture PASSED [ 78%]
tests/unit/test_architecture_repository.py::TestArchitectureDelete::test_delete_large_architecture_deletes_s3 PASSED [ 78%]
tests/unit/test_architecture_repository.py::TestArchitectureDelete::test_delete_cascades_to_deployment_relationships PASSED [ 78%]
tests/unit/test_architecture_repository.py::TestArchitectureDelete::test_delete_cascades_to_version_links PASSED [ 79%]
tests/unit/test_architecture_repository.py::TestArchitectureDelete::test_delete_nonexistent_architecture PASSED [ 79%]
tests/unit/test_audit_log_repository.py::TestAuditLogCreate::test_create_audit_log PASSED [ 79%]
tests/unit/test_audit_log_repository.py::TestAuditLogCreate::test_create_audit_log_december PASSED [ 79%]
tests/unit/test_audit_log_repository.py::TestAuditLogCreate::test_create_failed_action_with_error PASSED [ 79%]
tests/unit/test_audit_log_repository.py::TestAuditLogCreate::test_create_with_details PASSED [ 79%]
tests/unit/test_audit_log_repository.py::TestAuditLogGet::test_get_audit_log PASSED [ 79%]
tests/unit/test_audit_log_repository.py::TestAuditLogGet::test_get_nonexistent_audit_log PASSED [ 80%]
tests/unit/test_audit_log_repository.py::TestAuditLogList::test_list_by_user PASSED [ 80%]
tests/unit/test_audit_log_repository.py::TestAuditLogList::test_list_by_action PASSED [ 80%]
tests/unit/test_audit_log_repository.py::TestAuditLogList::test_list_cross_month_queries PASSED [ 80%]
tests/unit/test_audit_log_repository.py::TestAuditLogList::test_list_sort_order_newest_first PASSED [ 80%]
tests/unit/test_audit_log_repository.py::TestAuditLogList::test_list_pagination PASSED [ 80%]
tests/unit/test_audit_log_repository.py::TestAuditLogStats::test_get_stats_not_initialized PASSED [ 81%]
tests/unit/test_audit_log_repository.py::TestAuditLogStats::test_initialize_stats PASSED [ 81%]
tests/unit/test_audit_log_repository.py::TestAuditLogStats::test_get_stats_after_initialization PASSED [ 81%]
tests/unit/test_base_repository.py::TestBaseRepositoryPutItem::test_put_item_creates_timestamps PASSED [ 81%]
tests/unit/test_base_repository.py::TestBaseRepositoryPutItem::test_put_item_preserves_existing_created_at PASSED [ 81%]
tests/unit/test_base_repository.py::TestBaseRepositoryPutItem::test_put_item_updates_updated_at PASSED [ 81%]
tests/unit/test_base_repository.py::TestBaseRepositoryGetItem::test_get_item_existing PASSED [ 81%]
tests/unit/test_base_repository.py::TestBaseRepositoryGetItem::test_get_item_not_found PASSED [ 82%]
tests/unit/test_base_repository.py::TestBaseRepositoryQuery::test_query_basic PASSED [ 82%]
tests/unit/test_base_repository.py::TestBaseRepositoryQuery::test_query_with_filter PASSED [ 82%]
tests/unit/test_base_repository.py::TestBaseRepositoryQuery::test_query_pagination PASSED [ 82%]
tests/unit/test_base_repository.py::TestBaseRepositoryQuery::test_query_sort_order PASSED [ 82%]
tests/unit/test_base_repository.py::TestBaseRepositoryUpdateItem::test_update_item_success PASSED [ 82%]
tests/unit/test_base_repository.py::TestBaseRepositoryUpdateItem::test_update_item_sets_updated_at PASSED [ 82%]
tests/unit/test_base_repository.py::TestBaseRepositoryUpdateItem::test_update_item_with_condition_success PASSED [ 83%]
tests/unit/test_base_repository.py::TestBaseRepositoryUpdateItem::test_update_item_with_condition_fails PASSED [ 83%]
tests/unit/test_base_repository.py::TestBaseRepositoryDeleteItem::test_delete_item_success PASSED [ 83%]
tests/unit/test_base_repository.py::TestBaseRepositoryDeleteItem::test_delete_nonexistent_item PASSED [ 83%]
tests/unit/test_base_repository.py::TestBaseRepositoryDeleteItem::test_delete_with_condition_success PASSED [ 83%]
tests/unit/test_base_repository.py::TestBaseRepositoryDeleteItem::test_delete_with_condition_fails PASSED [ 83%]
tests/unit/test_base_repository.py::TestBaseRepositoryBatchOperations::test_batch_get_items PASSED [ 84%]
tests/unit/test_base_repository.py::TestBaseRepositoryBatchOperations::test_batch_get_empty_keys PASSED [ 84%]
tests/unit/test_base_repository.py::TestBaseRepositoryBatchOperations::test_batch_write_items_put PASSED [ 84%]
tests/unit/test_base_repository.py::TestBaseRepositoryBatchOperations::test_batch_write_items_delete PASSED [ 84%]
tests/unit/test_base_repository.py::TestBaseRepositoryS3Offload::test_store_large_item PASSED [ 84%]
tests/unit/test_base_repository.py::TestBaseRepositoryS3Offload::test_load_large_item PASSED [ 84%]
tests/unit/test_base_repository.py::TestBaseRepositoryS3Offload::test_delete_large_item PASSED [ 84%]
tests/unit/test_base_repository.py::TestBaseRepositoryS3Offload::test_store_and_load_utf8_data PASSED [ 85%]
tests/unit/test_deployment_repository.py::TestDeploymentCreate::test_create_deployment PASSED [ 85%]
tests/unit/test_deployment_repository.py::TestDeploymentCreate::test_create_creates_relationship_item PASSED [ 85%]
tests/unit/test_deployment_repository.py::TestDeploymentGet::test_get_deployment PASSED [ 85%]
tests/unit/test_deployment_repository.py::TestDeploymentGet::test_get_nonexistent_deployment PASSED [ 85%]
tests/unit/test_deployment_repository.py::TestDeploymentList::test_list_all_deployments PASSED [ 85%]
tests/unit/test_deployment_repository.py::TestDeploymentList::test_list_by_status PASSED [ 85%]
tests/unit/test_deployment_repository.py::TestDeploymentList::test_list_by_architecture_id PASSED [ 86%]
tests/unit/test_deployment_repository.py::TestDeploymentUpdateStatus::test_update_status_updates_gsi PASSED [ 86%]
tests/unit/test_deployment_repository.py::TestDeploymentUpdateStatus::test_update_status_syncs_relationship_item PASSED [ 86%]
tests/unit/test_deployment_repository.py::TestDeploymentUpdateStatus::test_update_terminal_status_sets_completed_at[success] PASSED [ 86%]
tests/unit/test_deployment_repository.py::TestDeploymentUpdateStatus::test_update_terminal_status_sets_completed_at[failed] PASSED [ 86%]
tests/unit/test_deployment_repository.py::TestDeploymentUpdateStatus::test_update_terminal_status_sets_completed_at[destroyed] PASSED [ 86%]
tests/unit/test_deployment_repository.py::TestDeploymentUpdateStatus::test_update_terminal_status_sets_completed_at[cancelled] PASSED [ 86%]
tests/unit/test_deployment_repository.py::TestDeploymentUpdateStatus::test_update_non_terminal_status_no_completed_at[pending] PASSED [ 87%]
tests/unit/test_deployment_repository.py::TestDeploymentUpdateStatus::test_update_non_terminal_status_no_completed_at[generating] PASSED [ 87%]
tests/unit/test_deployment_repository.py::TestDeploymentUpdateStatus::test_update_non_terminal_status_no_completed_at[initializing] PASSED [ 87%]
tests/unit/test_deployment_repository.py::TestDeploymentUpdateStatus::test_update_non_terminal_status_no_completed_at[planning] PASSED [ 87%]
tests/unit/test_deployment_repository.py::TestDeploymentUpdateStatus::test_update_non_terminal_status_no_completed_at[applying] PASSED [ 87%]
tests/unit/test_deployment_repository.py::TestDeploymentUpdateStatus::test_update_status_with_error_message PASSED [ 87%]
tests/unit/test_deployment_repository.py::TestDeploymentUpdateOutputs::test_update_plan_output_always_s3 PASSED [ 88%]
tests/unit/test_deployment_repository.py::TestDeploymentUpdateOutputs::test_update_apply_output_always_s3 PASSED [ 88%]
tests/unit/test_deployment_repository.py::TestDeploymentUpdateOutputs::test_update_terraform_state_always_s3 PASSED [ 88%]
tests/unit/test_deployment_repository.py::TestDeploymentUpdateOutputs::test_update_terraform_outputs_in_dynamodb PASSED [ 88%]
tests/unit/test_deployment_repository.py::TestDeploymentUpdateOutputs::test_update_generated_files_in_dynamodb PASSED [ 88%]
tests/unit/test_deployment_repository.py::TestDeploymentDelete::test_delete_deployment PASSED [ 88%]
tests/unit/test_deployment_repository.py::TestDeploymentDelete::test_delete_deployment_deletes_relationship_item PASSED [ 88%]
tests/unit/test_deployment_repository.py::TestDeploymentDelete::test_delete_deployment_with_outputs_deletes_s3 PASSED [ 89%]
tests/unit/test_organisation_repository.py::TestOrganisationCreate::test_create_organisation PASSED [ 89%]
tests/unit/test_organisation_repository.py::TestOrganisationCreate::test_create_organisation_creates_owner_membership PASSED [ 89%]
tests/unit/test_organisation_repository.py::TestOrganisationGet::test_get_organisation PASSED [ 89%]
tests/unit/test_organisation_repository.py::TestOrganisationGet::test_get_nonexistent_organisation PASSED [ 89%]
tests/unit/test_organisation_repository.py::TestOrganisationMembers::test_get_members PASSED [ 89%]
tests/unit/test_organisation_repository.py::TestOrganisationMembers::test_add_member PASSED [ 89%]
tests/unit/test_organisation_repository.py::TestOrganisationMembers::test_remove_member PASSED [ 90%]
tests/unit/test_organisation_repository.py::TestOrganisationMembers::test_update_member_role PASSED [ 90%]
tests/unit/test_organisation_repository.py::TestOrganisationQuota::test_get_quota PASSED [ 90%]
tests/unit/test_organisation_repository.py::TestOrganisationQuota::test_increment_quota PASSED [ 90%]
tests/unit/test_organisation_repository.py::TestOrganisationQuota::test_increment_quota_negative PASSED [ 90%]
tests/unit/test_organisation_repository.py::TestOrganisationQuota::test_increment_quota_never_below_zero PASSED [ 90%]
tests/unit/test_organisation_repository.py::TestOrganisationQuota::test_check_quota_within_limit PASSED [ 91%]
tests/unit/test_organisation_repository.py::TestOrganisationQuota::test_check_quota_exceeded PASSED [ 91%]
tests/unit/test_organisation_repository.py::TestOrganisationQuota::test_check_quota_unlimited PASSED [ 91%]
tests/unit/test_organisation_repository.py::TestOrganisationUpdate::test_update_organisation_name PASSED [ 91%]
tests/unit/test_organisation_repository.py::TestOrganisationUpdate::test_upgrade_plan PASSED [ 91%]
tests/unit/test_organisation_repository.py::TestOrganisationUpdate::test_update_aws_credentials PASSED [ 91%]
tests/unit/test_organisation_repository.py::TestOrganisationList::test_list_all_organisations PASSED [ 91%]
tests/unit/test_organisation_repository.py::TestOrganisationList::test_list_by_owner PASSED [ 92%]
tests/unit/test_organisation_repository.py::TestOrganisationList::test_list_pagination PASSED [ 92%]
tests/unit/test_organisation_repository.py::TestOrganisationDelete::test_delete_organisation PASSED [ 92%]
tests/unit/test_organisation_repository.py::TestOrganisationDelete::test_delete_organisation_cascades_members PASSED [ 92%]
tests/unit/test_password_utils.py::test_generate_secure_password_default_length PASSED [ 92%]
tests/unit/test_password_utils.py::test_generate_secure_password_custom_length PASSED [ 92%]
tests/unit/test_password_utils.py::test_generate_secure_password_minimum_length PASSED [ 92%]
tests/unit/test_password_utils.py::test_generate_secure_password_length_too_short PASSED [ 93%]
tests/unit/test_password_utils.py::test_generate_secure_password_contains_lowercase PASSED [ 93%]
tests/unit/test_password_utils.py::test_generate_secure_password_contains_uppercase PASSED [ 93%]
tests/unit/test_password_utils.py::test_generate_secure_password_contains_digit PASSED [ 93%]
tests/unit/test_password_utils.py::test_generate_secure_password_contains_special PASSED [ 93%]
tests/unit/test_password_utils.py::test_generate_secure_password_randomness PASSED [ 93%]
tests/unit/test_password_utils.py::test_generate_secure_password_character_distribution PASSED [ 94%]
tests/unit/test_password_utils.py::test_generate_secure_password_no_ambiguous_chars PASSED [ 94%]
tests/unit/test_refresh_token_repository.py::test_create_refresh_token PASSED [ 94%]
tests/unit/test_refresh_token_repository.py::test_get_by_token_success PASSED [ 94%]
tests/unit/test_refresh_token_repository.py::test_get_by_token_expired PASSED [ 94%]
tests/unit/test_refresh_token_repository.py::test_get_by_token_revoked PASSED [ 94%]
tests/unit/test_refresh_token_repository.py::test_get_by_token_not_found PASSED [ 94%]
tests/unit/test_refresh_token_repository.py::test_revoke PASSED          [ 95%]
tests/unit/test_refresh_token_repository.py::test_revoke_all_for_user PASSED [ 95%]
tests/unit/test_refresh_token_repository.py::test_hash_token PASSED      [ 95%]
tests/unit/test_security_fixes.py::TestPasswordComplexity::test_weak_password_no_uppercase PASSED [ 95%]
tests/unit/test_security_fixes.py::TestPasswordComplexity::test_weak_password_no_lowercase PASSED [ 95%]
tests/unit/test_security_fixes.py::TestPasswordComplexity::test_weak_password_no_digit PASSED [ 95%]
tests/unit/test_security_fixes.py::TestPasswordComplexity::test_weak_password_no_special_char PASSED [ 95%]
tests/unit/test_security_fixes.py::TestPasswordComplexity::test_weak_password_too_short PASSED [ 96%]
tests/unit/test_security_fixes.py::TestPasswordComplexity::test_strong_password_accepted PASSED [ 96%]
tests/unit/test_security_fixes.py::TestPasswordComplexity::test_strong_password_all_special_chars PASSED [ 96%]
tests/unit/test_security_fixes.py::TestPasswordUpdateComplexity::test_new_password_weak PASSED [ 96%]
tests/unit/test_security_fixes.py::TestPasswordUpdateComplexity::test_new_password_strong PASSED [ 96%]
tests/unit/test_security_fixes.py::TestConfigSecurity::test_debug_default_false PASSED [ 96%]
tests/unit/test_security_fixes.py::TestConfigSecurity::test_access_token_reduced PASSED [ 97%]
tests/unit/test_user_repository.py::TestUserCreate::test_create_user_with_email_password PASSED [ 97%]
tests/unit/test_user_repository.py::TestUserCreate::test_create_user_creates_personal_organisation PASSED [ 97%]
tests/unit/test_user_repository.py::TestUserCreate::test_create_user_with_oauth_provider PASSED [ 97%]
tests/unit/test_user_repository.py::TestUserGet::test_get_user_by_id PASSED [ 97%]
tests/unit/test_user_repository.py::TestUserGet::test_get_nonexistent_user PASSED [ 97%]
tests/unit/test_user_repository.py::TestUserGet::test_get_user_by_email PASSED [ 97%]
tests/unit/test_user_repository.py::TestUserGet::test_get_user_by_email_case_insensitive PASSED [ 98%]
tests/unit/test_user_repository.py::TestUserUpdate::test_update_user_name PASSED [ 98%]
tests/unit/test_user_repository.py::TestUserUpdate::test_update_password PASSED [ 98%]
tests/unit/test_user_repository.py::TestUserUpdate::test_update_status PASSED [ 98%]
tests/unit/test_user_repository.py::TestUserAuthentication::test_verify_password_correct PASSED [ 98%]
tests/unit/test_user_repository.py::TestUserAuthentication::test_verify_password_incorrect PASSED [ 98%]
tests/unit/test_user_repository.py::TestUserAuthentication::test_authenticate_success PASSED [ 98%]
tests/unit/test_user_repository.py::TestUserAuthentication::test_authenticate_wrong_password PASSED [ 99%]
tests/unit/test_user_repository.py::TestUserAuthentication::test_authenticate_nonexistent_user PASSED [ 99%]
tests/unit/test_user_repository.py::TestUserAuthentication::test_authenticate_inactive_user PASSED [ 99%]
tests/unit/test_user_repository.py::TestUserOrganisations::test_get_user_organisations PASSED [ 99%]
tests/unit/test_user_repository.py::TestUserDelete::test_delete_user_soft_delete PASSED [ 99%]
tests/unit/test_user_repository.py::TestUserList::test_list_users PASSED [ 99%]
tests/unit/test_user_repository.py::TestUserList::test_list_users_pagination PASSED [100%]

==================================== ERRORS ====================================
_ ERROR at setup of TestIDORPrevention.test_user_cannot_view_other_user_profile _
.venv/lib/python3.11/site-packages/urllib3/connection.py:204: in _new_conn
    sock = connection.create_connection(
.venv/lib/python3.11/site-packages/urllib3/util/connection.py:85: in create_connection
    raise err
.venv/lib/python3.11/site-packages/urllib3/util/connection.py:73: in create_connection
    sock.connect(sa)
E   ConnectionRefusedError: [Errno 61] Connection refused

The above exception was the direct cause of the following exception:
.venv/lib/python3.11/site-packages/botocore/httpsession.py:477: in send
    urllib_response = conn.urlopen(
.venv/lib/python3.11/site-packages/urllib3/connectionpool.py:841: in urlopen
    retries = retries.increment(
.venv/lib/python3.11/site-packages/urllib3/util/retry.py:465: in increment
    raise reraise(type(error), error, _stacktrace)
          ^^^^^^^^^^^^^^^^^^^^^^^^^^^^^^^^^^^^^^^^
.venv/lib/python3.11/site-packages/urllib3/util/util.py:39: in reraise
    raise value
.venv/lib/python3.11/site-packages/urllib3/connectionpool.py:787: in urlopen
    response = self._make_request(
.venv/lib/python3.11/site-packages/urllib3/connectionpool.py:493: in _make_request
    conn.request(
.venv/lib/python3.11/site-packages/botocore/awsrequest.py:96: in request
    rval = super().request(method, url, body, headers, *args, **kwargs)
           ^^^^^^^^^^^^^^^^^^^^^^^^^^^^^^^^^^^^^^^^^^^^^^^^^^^^^^^^^^^^
.venv/lib/python3.11/site-packages/urllib3/connection.py:500: in request
    self.endheaders()
/opt/homebrew/Cellar/python@3.11/3.11.15/Frameworks/Python.framework/Versions/3.11/lib/python3.11/http/client.py:1318: in endheaders
    self._send_output(message_body, encode_chunked=encode_chunked)
.venv/lib/python3.11/site-packages/botocore/awsrequest.py:123: in _send_output
    self.send(msg)
.venv/lib/python3.11/site-packages/botocore/awsrequest.py:223: in send
    return super().send(str)
           ^^^^^^^^^^^^^^^^^
/opt/homebrew/Cellar/python@3.11/3.11.15/Frameworks/Python.framework/Versions/3.11/lib/python3.11/http/client.py:1016: in send
    self.connect()
.venv/lib/python3.11/site-packages/urllib3/connection.py:331: in connect
    self.sock = self._new_conn()
                ^^^^^^^^^^^^^^^^
.venv/lib/python3.11/site-packages/urllib3/connection.py:219: in _new_conn
    raise NewConnectionError(
E   urllib3.exceptions.NewConnectionError: AWSHTTPConnection(host='localhost', port=8001): Failed to establish a new connection: [Errno 61] Connection refused

The above exception was the direct cause of the following exception:
tests/integration/test_idor_prevention.py:30: in test_users
    response_a = client.post("/api/v1/auth/register", json={
.venv/lib/python3.11/site-packages/starlette/testclient.py:546: in post
    return super().post(
.venv/lib/python3.11/site-packages/httpx/_client.py:1144: in post
    return self.request(
.venv/lib/python3.11/site-packages/starlette/testclient.py:445: in request
    return super().request(
.venv/lib/python3.11/site-packages/httpx/_client.py:825: in request
    return self.send(request, auth=auth, follow_redirects=follow_redirects)
           ^^^^^^^^^^^^^^^^^^^^^^^^^^^^^^^^^^^^^^^^^^^^^^^^^^^^^^^^^^^^^^^^
.venv/lib/python3.11/site-packages/httpx/_client.py:914: in send
    response = self._send_handling_auth(
.venv/lib/python3.11/site-packages/httpx/_client.py:942: in _send_handling_auth
    response = self._send_handling_redirects(
.venv/lib/python3.11/site-packages/httpx/_client.py:979: in _send_handling_redirects
    response = self._send_single_request(request)
               ^^^^^^^^^^^^^^^^^^^^^^^^^^^^^^^^^^
.venv/lib/python3.11/site-packages/httpx/_client.py:1014: in _send_single_request
    response = transport.handle_request(request)
               ^^^^^^^^^^^^^^^^^^^^^^^^^^^^^^^^^
.venv/lib/python3.11/site-packages/starlette/testclient.py:348: in handle_request
    raise exc
.venv/lib/python3.11/site-packages/starlette/testclient.py:345: in handle_request
    portal.call(self.app, scope, receive, send)
.venv/lib/python3.11/site-packages/anyio/from_thread.py:334: in call
    return cast(T_Retval, self.start_task_soon(func, *args).result())
                          ^^^^^^^^^^^^^^^^^^^^^^^^^^^^^^^^^^^^^^^^^^
/opt/homebrew/Cellar/python@3.11/3.11.15/Frameworks/Python.framework/Versions/3.11/lib/python3.11/concurrent/futures/_base.py:456: in result
    return self.__get_result()
           ^^^^^^^^^^^^^^^^^^^
/opt/homebrew/Cellar/python@3.11/3.11.15/Frameworks/Python.framework/Versions/3.11/lib/python3.11/concurrent/futures/_base.py:401: in __get_result
    raise self._exception
.venv/lib/python3.11/site-packages/anyio/from_thread.py:259: in _call_func
    retval = await retval_or_awaitable
             ^^^^^^^^^^^^^^^^^^^^^^^^^
.venv/lib/python3.11/site-packages/fastapi/applications.py:1160: in __call__
    await super().__call__(scope, receive, send)
.venv/lib/python3.11/site-packages/starlette/applications.py:90: in __call__
    await self.middleware_stack(scope, receive, send)
.venv/lib/python3.11/site-packages/starlette/middleware/errors.py:176: in __call__
    response = await self.handler(request, exc)
               ^^^^^^^^^^^^^^^^^^^^^^^^^^^^^^^^
app/main.py:129: in generic_exception_handler
    raise exc
.venv/lib/python3.11/site-packages/starlette/middleware/errors.py:164: in __call__
    await self.app(scope, receive, _send)
.venv/lib/python3.11/site-packages/starlette/middleware/base.py:191: in __call__
    with recv_stream, send_stream, collapse_excgroups():
/opt/homebrew/Cellar/python@3.11/3.11.15/Frameworks/Python.framework/Versions/3.11/lib/python3.11/contextlib.py:158: in __exit__
    self.gen.throw(typ, value, traceback)
.venv/lib/python3.11/site-packages/starlette/_utils.py:87: in collapse_excgroups
    raise exc
.venv/lib/python3.11/site-packages/starlette/middleware/base.py:193: in __call__
    response = await self.dispatch_func(request, call_next)
               ^^^^^^^^^^^^^^^^^^^^^^^^^^^^^^^^^^^^^^^^^^^^
app/main.py:61: in add_security_headers
    response = await call_next(request)
               ^^^^^^^^^^^^^^^^^^^^^^^^
.venv/lib/python3.11/site-packages/starlette/middleware/base.py:168: in call_next
    raise app_exc from app_exc.__cause__ or app_exc.__context__
.venv/lib/python3.11/site-packages/starlette/middleware/base.py:144: in coro
    await self.app(scope, receive_or_disconnect, send_no_error)
.venv/lib/python3.11/site-packages/starlette/middleware/cors.py:88: in __call__
    await self.app(scope, receive, send)
.venv/lib/python3.11/site-packages/starlette/middleware/exceptions.py:63: in __call__
    await wrap_app_handling_exceptions(self.app, conn)(scope, receive, send)
.venv/lib/python3.11/site-packages/starlette/_exception_handler.py:53: in wrapped_app
    raise exc
.venv/lib/python3.11/site-packages/starlette/_exception_handler.py:42: in wrapped_app
    await app(scope, receive, sender)
.venv/lib/python3.11/site-packages/fastapi/middleware/asyncexitstack.py:18: in __call__
    await self.app(scope, receive, send)
.venv/lib/python3.11/site-packages/starlette/routing.py:660: in __call__
    await self.middleware_stack(scope, receive, send)
.venv/lib/python3.11/site-packages/starlette/routing.py:680: in app
    await route.handle(scope, receive, send)
.venv/lib/python3.11/site-packages/starlette/routing.py:276: in handle
    await self.app(scope, receive, send)
.venv/lib/python3.11/site-packages/fastapi/routing.py:130: in app
    await wrap_app_handling_exceptions(app, request)(scope, receive, send)
.venv/lib/python3.11/site-packages/starlette/_exception_handler.py:53: in wrapped_app
    raise exc
.venv/lib/python3.11/site-packages/starlette/_exception_handler.py:42: in wrapped_app
    await app(scope, receive, sender)
.venv/lib/python3.11/site-packages/fastapi/routing.py:116: in app
    response = await f(request)
               ^^^^^^^^^^^^^^^^
.venv/lib/python3.11/site-packages/fastapi/routing.py:670: in app
    raw_response = await run_endpoint_function(
.venv/lib/python3.11/site-packages/fastapi/routing.py:324: in run_endpoint_function
    return await dependant.call(**values)
           ^^^^^^^^^^^^^^^^^^^^^^^^^^^^^^
.venv/lib/python3.11/site-packages/slowapi/extension.py:734: in async_wrapper
    response = await func(*args, **kwargs)  # type: ignore
               ^^^^^^^^^^^^^^^^^^^^^^^^^^^
app/api/auth.py:323: in register
    existing_user = user_repo.get_by_email(user_create.email)
                    ^^^^^^^^^^^^^^^^^^^^^^^^^^^^^^^^^^^^^^^^^
app/repositories/user.py:169: in get_by_email
    items, _ = self._query(
app/repositories/base.py:145: in _query
    response = self.table.query(**kwargs)
               ^^^^^^^^^^^^^^^^^^^^^^^^^^
.venv/lib/python3.11/site-packages/boto3/resources/factory.py:581: in do_action
    response = action(self, *args, **kwargs)
               ^^^^^^^^^^^^^^^^^^^^^^^^^^^^^
.venv/lib/python3.11/site-packages/boto3/resources/action.py:88: in __call__
    response = getattr(parent.meta.client, operation_name)(*args, **params)
               ^^^^^^^^^^^^^^^^^^^^^^^^^^^^^^^^^^^^^^^^^^^^^^^^^^^^^^^^^^^^
.venv/lib/python3.11/site-packages/botocore/client.py:602: in _api_call
    return self._make_api_call(operation_name, kwargs)
           ^^^^^^^^^^^^^^^^^^^^^^^^^^^^^^^^^^^^^^^^^^^
.venv/lib/python3.11/site-packages/botocore/context.py:123: in wrapper
    return func(*args, **kwargs)
           ^^^^^^^^^^^^^^^^^^^^^
.venv/lib/python3.11/site-packages/botocore/client.py:1060: in _make_api_call
    http, parsed_response = self._make_request(
.venv/lib/python3.11/site-packages/botocore/client.py:1084: in _make_request
    return self._endpoint.make_request(operation_model, request_dict)
           ^^^^^^^^^^^^^^^^^^^^^^^^^^^^^^^^^^^^^^^^^^^^^^^^^^^^^^^^^^
.venv/lib/python3.11/site-packages/botocore/endpoint.py:119: in make_request
    return self._send_request(request_dict, operation_model)
           ^^^^^^^^^^^^^^^^^^^^^^^^^^^^^^^^^^^^^^^^^^^^^^^^^
.venv/lib/python3.11/site-packages/botocore/endpoint.py:200: in _send_request
    while self._needs_retry(
.venv/lib/python3.11/site-packages/botocore/endpoint.py:360: in _needs_retry
    responses = self._event_emitter.emit(
.venv/lib/python3.11/site-packages/botocore/hooks.py:412: in emit
    return self._emitter.emit(aliased_event_name, **kwargs)
           ^^^^^^^^^^^^^^^^^^^^^^^^^^^^^^^^^^^^^^^^^^^^^^^^
.venv/lib/python3.11/site-packages/botocore/hooks.py:256: in emit
    return self._emit(event_name, kwargs)
           ^^^^^^^^^^^^^^^^^^^^^^^^^^^^^^
.venv/lib/python3.11/site-packages/botocore/hooks.py:239: in _emit
    response = handler(**kwargs)
               ^^^^^^^^^^^^^^^^^
.venv/lib/python3.11/site-packages/botocore/retryhandler.py:207: in __call__
    if self._checker(**checker_kwargs):
       ^^^^^^^^^^^^^^^^^^^^^^^^^^^^^^^
.venv/lib/python3.11/site-packages/botocore/retryhandler.py:284: in __call__
    should_retry = self._should_retry(
.venv/lib/python3.11/site-packages/botocore/retryhandler.py:320: in _should_retry
    return self._checker(attempt_number, response, caught_exception)
           ^^^^^^^^^^^^^^^^^^^^^^^^^^^^^^^^^^^^^^^^^^^^^^^^^^^^^^^^^
.venv/lib/python3.11/site-packages/botocore/retryhandler.py:363: in __call__
    checker_response = checker(
.venv/lib/python3.11/site-packages/botocore/retryhandler.py:247: in __call__
    return self._check_caught_exception(
.venv/lib/python3.11/site-packages/botocore/retryhandler.py:416: in _check_caught_exception
    raise caught_exception
.venv/lib/python3.11/site-packages/botocore/endpoint.py:279: in _do_get_response
    http_response = self._send(request)
                    ^^^^^^^^^^^^^^^^^^^
.venv/lib/python3.11/site-packages/botocore/endpoint.py:383: in _send
    return self.http_session.send(request)
           ^^^^^^^^^^^^^^^^^^^^^^^^^^^^^^^
.venv/lib/python3.11/site-packages/botocore/httpsession.py:506: in send
    raise EndpointConnectionError(endpoint_url=request.url, error=e)
E   botocore.exceptions.EndpointConnectionError: Could not connect to the endpoint URL: "http://localhost:8001/"
---------------------------- Captured stdout setup -----------------------------
2026-05-17 20:07:09 - app.main - ERROR - Unhandled exception: Could not connect to the endpoint URL: "http://localhost:8001/"
Traceback (most recent call last):
  File "/Users/andyschwarz/Documents/Privat/OverCloud/backend/.venv/lib/python3.11/site-packages/urllib3/connection.py", line 204, in _new_conn
    sock = connection.create_connection(
           ^^^^^^^^^^^^^^^^^^^^^^^^^^^^^
  File "/Users/andyschwarz/Documents/Privat/OverCloud/backend/.venv/lib/python3.11/site-packages/urllib3/util/connection.py", line 85, in create_connection
    raise err
  File "/Users/andyschwarz/Documents/Privat/OverCloud/backend/.venv/lib/python3.11/site-packages/urllib3/util/connection.py", line 73, in create_connection
    sock.connect(sa)
ConnectionRefusedError: [Errno 61] Connection refused

The above exception was the direct cause of the following exception:

Traceback (most recent call last):
  File "/Users/andyschwarz/Documents/Privat/OverCloud/backend/.venv/lib/python3.11/site-packages/botocore/httpsession.py", line 477, in send
    urllib_response = conn.urlopen(
                      ^^^^^^^^^^^^^
  File "/Users/andyschwarz/Documents/Privat/OverCloud/backend/.venv/lib/python3.11/site-packages/urllib3/connectionpool.py", line 841, in urlopen
    retries = retries.increment(
              ^^^^^^^^^^^^^^^^^^
  File "/Users/andyschwarz/Documents/Privat/OverCloud/backend/.venv/lib/python3.11/site-packages/urllib3/util/retry.py", line 465, in increment
    raise reraise(type(error), error, _stacktrace)
          ^^^^^^^^^^^^^^^^^^^^^^^^^^^^^^^^^^^^^^^^
  File "/Users/andyschwarz/Documents/Privat/OverCloud/backend/.venv/lib/python3.11/site-packages/urllib3/util/util.py", line 39, in reraise
    raise value
  File "/Users/andyschwarz/Documents/Privat/OverCloud/backend/.venv/lib/python3.11/site-packages/urllib3/connectionpool.py", line 787, in urlopen
    response = self._make_request(
               ^^^^^^^^^^^^^^^^^^^
  File "/Users/andyschwarz/Documents/Privat/OverCloud/backend/.venv/lib/python3.11/site-packages/urllib3/connectionpool.py", line 493, in _make_request
    conn.request(
  File "/Users/andyschwarz/Documents/Privat/OverCloud/backend/.venv/lib/python3.11/site-packages/botocore/awsrequest.py", line 96, in request
    rval = super().request(method, url, body, headers, *args, **kwargs)
           ^^^^^^^^^^^^^^^^^^^^^^^^^^^^^^^^^^^^^^^^^^^^^^^^^^^^^^^^^^^^
  File "/Users/andyschwarz/Documents/Privat/OverCloud/backend/.venv/lib/python3.11/site-packages/urllib3/connection.py", line 500, in request
    self.endheaders()
  File "/opt/homebrew/Cellar/python@3.11/3.11.15/Frameworks/Python.framework/Versions/3.11/lib/python3.11/http/client.py", line 1318, in endheaders
    self._send_output(message_body, encode_chunked=encode_chunked)
  File "/Users/andyschwarz/Documents/Privat/OverCloud/backend/.venv/lib/python3.11/site-packages/botocore/awsrequest.py", line 123, in _send_output
    self.send(msg)
  File "/Users/andyschwarz/Documents/Privat/OverCloud/backend/.venv/lib/python3.11/site-packages/botocore/awsrequest.py", line 223, in send
    return super().send(str)
           ^^^^^^^^^^^^^^^^^
  File "/opt/homebrew/Cellar/python@3.11/3.11.15/Frameworks/Python.framework/Versions/3.11/lib/python3.11/http/client.py", line 1016, in send
    self.connect()
  File "/Users/andyschwarz/Documents/Privat/OverCloud/backend/.venv/lib/python3.11/site-packages/urllib3/connection.py", line 331, in connect
    self.sock = self._new_conn()
                ^^^^^^^^^^^^^^^^
  File "/Users/andyschwarz/Documents/Privat/OverCloud/backend/.venv/lib/python3.11/site-packages/urllib3/connection.py", line 219, in _new_conn
    raise NewConnectionError(
urllib3.exceptions.NewConnectionError: AWSHTTPConnection(host='localhost', port=8001): Failed to establish a new connection: [Errno 61] Connection refused

The above exception was the direct cause of the following exception:

Traceback (most recent call last):
  File "/Users/andyschwarz/Documents/Privat/OverCloud/backend/.venv/lib/python3.11/site-packages/starlette/middleware/errors.py", line 164, in __call__
    await self.app(scope, receive, _send)
  File "/Users/andyschwarz/Documents/Privat/OverCloud/backend/.venv/lib/python3.11/site-packages/starlette/middleware/base.py", line 191, in __call__
    with recv_stream, send_stream, collapse_excgroups():
  File "/opt/homebrew/Cellar/python@3.11/3.11.15/Frameworks/Python.framework/Versions/3.11/lib/python3.11/contextlib.py", line 158, in __exit__
    self.gen.throw(typ, value, traceback)
  File "/Users/andyschwarz/Documents/Privat/OverCloud/backend/.venv/lib/python3.11/site-packages/starlette/_utils.py", line 87, in collapse_excgroups
    raise exc
  File "/Users/andyschwarz/Documents/Privat/OverCloud/backend/.venv/lib/python3.11/site-packages/starlette/middleware/base.py", line 193, in __call__
    response = await self.dispatch_func(request, call_next)
               ^^^^^^^^^^^^^^^^^^^^^^^^^^^^^^^^^^^^^^^^^^^^
  File "/Users/andyschwarz/Documents/Privat/OverCloud/backend/app/main.py", line 61, in add_security_headers
    response = await call_next(request)
               ^^^^^^^^^^^^^^^^^^^^^^^^
  File "/Users/andyschwarz/Documents/Privat/OverCloud/backend/.venv/lib/python3.11/site-packages/starlette/middleware/base.py", line 168, in call_next
    raise app_exc from app_exc.__cause__ or app_exc.__context__
  File "/Users/andyschwarz/Documents/Privat/OverCloud/backend/.venv/lib/python3.11/site-packages/starlette/middleware/base.py", line 144, in coro
    await self.app(scope, receive_or_disconnect, send_no_error)
  File "/Users/andyschwarz/Documents/Privat/OverCloud/backend/.venv/lib/python3.11/site-packages/starlette/middleware/cors.py", line 88, in __call__
    await self.app(scope, receive, send)
  File "/Users/andyschwarz/Documents/Privat/OverCloud/backend/.venv/lib/python3.11/site-packages/starlette/middleware/exceptions.py", line 63, in __call__
    await wrap_app_handling_exceptions(self.app, conn)(scope, receive, send)
  File "/Users/andyschwarz/Documents/Privat/OverCloud/backend/.venv/lib/python3.11/site-packages/starlette/_exception_handler.py", line 53, in wrapped_app
    raise exc
  File "/Users/andyschwarz/Documents/Privat/OverCloud/backend/.venv/lib/python3.11/site-packages/starlette/_exception_handler.py", line 42, in wrapped_app
    await app(scope, receive, sender)
  File "/Users/andyschwarz/Documents/Privat/OverCloud/backend/.venv/lib/python3.11/site-packages/fastapi/middleware/asyncexitstack.py", line 18, in __call__
    await self.app(scope, receive, send)
  File "/Users/andyschwarz/Documents/Privat/OverCloud/backend/.venv/lib/python3.11/site-packages/starlette/routing.py", line 660, in __call__
    await self.middleware_stack(scope, receive, send)
  File "/Users/andyschwarz/Documents/Privat/OverCloud/backend/.venv/lib/python3.11/site-packages/starlette/routing.py", line 680, in app
    await route.handle(scope, receive, send)
  File "/Users/andyschwarz/Documents/Privat/OverCloud/backend/.venv/lib/python3.11/site-packages/starlette/routing.py", line 276, in handle
    await self.app(scope, receive, send)
  File "/Users/andyschwarz/Documents/Privat/OverCloud/backend/.venv/lib/python3.11/site-packages/fastapi/routing.py", line 130, in app
    await wrap_app_handling_exceptions(app, request)(scope, receive, send)
  File "/Users/andyschwarz/Documents/Privat/OverCloud/backend/.venv/lib/python3.11/site-packages/starlette/_exception_handler.py", line 53, in wrapped_app
    raise exc
  File "/Users/andyschwarz/Documents/Privat/OverCloud/backend/.venv/lib/python3.11/site-packages/starlette/_exception_handler.py", line 42, in wrapped_app
    await app(scope, receive, sender)
  File "/Users/andyschwarz/Documents/Privat/OverCloud/backend/.venv/lib/python3.11/site-packages/fastapi/routing.py", line 116, in app
    response = await f(request)
               ^^^^^^^^^^^^^^^^
  File "/Users/andyschwarz/Documents/Privat/OverCloud/backend/.venv/lib/python3.11/site-packages/fastapi/routing.py", line 670, in app
    raw_response = await run_endpoint_function(
                   ^^^^^^^^^^^^^^^^^^^^^^^^^^^^
  File "/Users/andyschwarz/Documents/Privat/OverCloud/backend/.venv/lib/python3.11/site-packages/fastapi/routing.py", line 324, in run_endpoint_function
    return await dependant.call(**values)
           ^^^^^^^^^^^^^^^^^^^^^^^^^^^^^^
  File "/Users/andyschwarz/Documents/Privat/OverCloud/backend/.venv/lib/python3.11/site-packages/slowapi/extension.py", line 734, in async_wrapper
    response = await func(*args, **kwargs)  # type: ignore
               ^^^^^^^^^^^^^^^^^^^^^^^^^^^
  File "/Users/andyschwarz/Documents/Privat/OverCloud/backend/app/api/auth.py", line 323, in register
    existing_user = user_repo.get_by_email(user_create.email)
                    ^^^^^^^^^^^^^^^^^^^^^^^^^^^^^^^^^^^^^^^^^
  File "/Users/andyschwarz/Documents/Privat/OverCloud/backend/app/repositories/user.py", line 169, in get_by_email
    items, _ = self._query(
               ^^^^^^^^^^^^
  File "/Users/andyschwarz/Documents/Privat/OverCloud/backend/app/repositories/base.py", line 145, in _query
    response = self.table.query(**kwargs)
               ^^^^^^^^^^^^^^^^^^^^^^^^^^
  File "/Users/andyschwarz/Documents/Privat/OverCloud/backend/.venv/lib/python3.11/site-packages/boto3/resources/factory.py", line 581, in do_action
    response = action(self, *args, **kwargs)
               ^^^^^^^^^^^^^^^^^^^^^^^^^^^^^
  File "/Users/andyschwarz/Documents/Privat/OverCloud/backend/.venv/lib/python3.11/site-packages/boto3/resources/action.py", line 88, in __call__
    response = getattr(parent.meta.client, operation_name)(*args, **params)
               ^^^^^^^^^^^^^^^^^^^^^^^^^^^^^^^^^^^^^^^^^^^^^^^^^^^^^^^^^^^^
  File "/Users/andyschwarz/Documents/Privat/OverCloud/backend/.venv/lib/python3.11/site-packages/botocore/client.py", line 602, in _api_call
    return self._make_api_call(operation_name, kwargs)
           ^^^^^^^^^^^^^^^^^^^^^^^^^^^^^^^^^^^^^^^^^^^
  File "/Users/andyschwarz/Documents/Privat/OverCloud/backend/.venv/lib/python3.11/site-packages/botocore/context.py", line 123, in wrapper
    return func(*args, **kwargs)
           ^^^^^^^^^^^^^^^^^^^^^
  File "/Users/andyschwarz/Documents/Privat/OverCloud/backend/.venv/lib/python3.11/site-packages/botocore/client.py", line 1060, in _make_api_call
    http, parsed_response = self._make_request(
                            ^^^^^^^^^^^^^^^^^^^
  File "/Users/andyschwarz/Documents/Privat/OverCloud/backend/.venv/lib/python3.11/site-packages/botocore/client.py", line 1084, in _make_request
    return self._endpoint.make_request(operation_model, request_dict)
           ^^^^^^^^^^^^^^^^^^^^^^^^^^^^^^^^^^^^^^^^^^^^^^^^^^^^^^^^^^
  File "/Users/andyschwarz/Documents/Privat/OverCloud/backend/.venv/lib/python3.11/site-packages/botocore/endpoint.py", line 119, in make_request
    return self._send_request(request_dict, operation_model)
           ^^^^^^^^^^^^^^^^^^^^^^^^^^^^^^^^^^^^^^^^^^^^^^^^^
  File "/Users/andyschwarz/Documents/Privat/OverCloud/backend/.venv/lib/python3.11/site-packages/botocore/endpoint.py", line 200, in _send_request
    while self._needs_retry(
          ^^^^^^^^^^^^^^^^^^
  File "/Users/andyschwarz/Documents/Privat/OverCloud/backend/.venv/lib/python3.11/site-packages/botocore/endpoint.py", line 360, in _needs_retry
    responses = self._event_emitter.emit(
                ^^^^^^^^^^^^^^^^^^^^^^^^^
  File "/Users/andyschwarz/Documents/Privat/OverCloud/backend/.venv/lib/python3.11/site-packages/botocore/hooks.py", line 412, in emit
    return self._emitter.emit(aliased_event_name, **kwargs)
           ^^^^^^^^^^^^^^^^^^^^^^^^^^^^^^^^^^^^^^^^^^^^^^^^
  File "/Users/andyschwarz/Documents/Privat/OverCloud/backend/.venv/lib/python3.11/site-packages/botocore/hooks.py", line 256, in emit
    return self._emit(event_name, kwargs)
           ^^^^^^^^^^^^^^^^^^^^^^^^^^^^^^
  File "/Users/andyschwarz/Documents/Privat/OverCloud/backend/.venv/lib/python3.11/site-packages/botocore/hooks.py", line 239, in _emit
    response = handler(**kwargs)
               ^^^^^^^^^^^^^^^^^
  File "/Users/andyschwarz/Documents/Privat/OverCloud/backend/.venv/lib/python3.11/site-packages/botocore/retryhandler.py", line 207, in __call__
    if self._checker(**checker_kwargs):
       ^^^^^^^^^^^^^^^^^^^^^^^^^^^^^^^
  File "/Users/andyschwarz/Documents/Privat/OverCloud/backend/.venv/lib/python3.11/site-packages/botocore/retryhandler.py", line 284, in __call__
    should_retry = self._should_retry(
                   ^^^^^^^^^^^^^^^^^^^
  File "/Users/andyschwarz/Documents/Privat/OverCloud/backend/.venv/lib/python3.11/site-packages/botocore/retryhandler.py", line 320, in _should_retry
    return self._checker(attempt_number, response, caught_exception)
           ^^^^^^^^^^^^^^^^^^^^^^^^^^^^^^^^^^^^^^^^^^^^^^^^^^^^^^^^^
  File "/Users/andyschwarz/Documents/Privat/OverCloud/backend/.venv/lib/python3.11/site-packages/botocore/retryhandler.py", line 363, in __call__
    checker_response = checker(
                       ^^^^^^^^
  File "/Users/andyschwarz/Documents/Privat/OverCloud/backend/.venv/lib/python3.11/site-packages/botocore/retryhandler.py", line 247, in __call__
    return self._check_caught_exception(
           ^^^^^^^^^^^^^^^^^^^^^^^^^^^^^
  File "/Users/andyschwarz/Documents/Privat/OverCloud/backend/.venv/lib/python3.11/site-packages/botocore/retryhandler.py", line 416, in _check_caught_exception
    raise caught_exception
  File "/Users/andyschwarz/Documents/Privat/OverCloud/backend/.venv/lib/python3.11/site-packages/botocore/endpoint.py", line 279, in _do_get_response
    http_response = self._send(request)
                    ^^^^^^^^^^^^^^^^^^^
  File "/Users/andyschwarz/Documents/Privat/OverCloud/backend/.venv/lib/python3.11/site-packages/botocore/endpoint.py", line 383, in _send
    return self.http_session.send(request)
           ^^^^^^^^^^^^^^^^^^^^^^^^^^^^^^^
  File "/Users/andyschwarz/Documents/Privat/OverCloud/backend/.venv/lib/python3.11/site-packages/botocore/httpsession.py", line 506, in send
    raise EndpointConnectionError(endpoint_url=request.url, error=e)
botocore.exceptions.EndpointConnectionError: Could not connect to the endpoint URL: "http://localhost:8001/"
------------------------------ Captured log setup ------------------------------
ERROR    app.main:main.py:112 Unhandled exception: Could not connect to the endpoint URL: "http://localhost:8001/"
Traceback (most recent call last):
  File "/Users/andyschwarz/Documents/Privat/OverCloud/backend/.venv/lib/python3.11/site-packages/urllib3/connection.py", line 204, in _new_conn
    sock = connection.create_connection(
           ^^^^^^^^^^^^^^^^^^^^^^^^^^^^^
  File "/Users/andyschwarz/Documents/Privat/OverCloud/backend/.venv/lib/python3.11/site-packages/urllib3/util/connection.py", line 85, in create_connection
    raise err
  File "/Users/andyschwarz/Documents/Privat/OverCloud/backend/.venv/lib/python3.11/site-packages/urllib3/util/connection.py", line 73, in create_connection
    sock.connect(sa)
ConnectionRefusedError: [Errno 61] Connection refused

The above exception was the direct cause of the following exception:

Traceback (most recent call last):
  File "/Users/andyschwarz/Documents/Privat/OverCloud/backend/.venv/lib/python3.11/site-packages/botocore/httpsession.py", line 477, in send
    urllib_response = conn.urlopen(
                      ^^^^^^^^^^^^^
  File "/Users/andyschwarz/Documents/Privat/OverCloud/backend/.venv/lib/python3.11/site-packages/urllib3/connectionpool.py", line 841, in urlopen
    retries = retries.increment(
              ^^^^^^^^^^^^^^^^^^
  File "/Users/andyschwarz/Documents/Privat/OverCloud/backend/.venv/lib/python3.11/site-packages/urllib3/util/retry.py", line 465, in increment
    raise reraise(type(error), error, _stacktrace)
          ^^^^^^^^^^^^^^^^^^^^^^^^^^^^^^^^^^^^^^^^
  File "/Users/andyschwarz/Documents/Privat/OverCloud/backend/.venv/lib/python3.11/site-packages/urllib3/util/util.py", line 39, in reraise
    raise value
  File "/Users/andyschwarz/Documents/Privat/OverCloud/backend/.venv/lib/python3.11/site-packages/urllib3/connectionpool.py", line 787, in urlopen
    response = self._make_request(
               ^^^^^^^^^^^^^^^^^^^
  File "/Users/andyschwarz/Documents/Privat/OverCloud/backend/.venv/lib/python3.11/site-packages/urllib3/connectionpool.py", line 493, in _make_request
    conn.request(
  File "/Users/andyschwarz/Documents/Privat/OverCloud/backend/.venv/lib/python3.11/site-packages/botocore/awsrequest.py", line 96, in request
    rval = super().request(method, url, body, headers, *args, **kwargs)
           ^^^^^^^^^^^^^^^^^^^^^^^^^^^^^^^^^^^^^^^^^^^^^^^^^^^^^^^^^^^^
  File "/Users/andyschwarz/Documents/Privat/OverCloud/backend/.venv/lib/python3.11/site-packages/urllib3/connection.py", line 500, in request
    self.endheaders()
  File "/opt/homebrew/Cellar/python@3.11/3.11.15/Frameworks/Python.framework/Versions/3.11/lib/python3.11/http/client.py", line 1318, in endheaders
    self._send_output(message_body, encode_chunked=encode_chunked)
  File "/Users/andyschwarz/Documents/Privat/OverCloud/backend/.venv/lib/python3.11/site-packages/botocore/awsrequest.py", line 123, in _send_output
    self.send(msg)
  File "/Users/andyschwarz/Documents/Privat/OverCloud/backend/.venv/lib/python3.11/site-packages/botocore/awsrequest.py", line 223, in send
    return super().send(str)
           ^^^^^^^^^^^^^^^^^
  File "/opt/homebrew/Cellar/python@3.11/3.11.15/Frameworks/Python.framework/Versions/3.11/lib/python3.11/http/client.py", line 1016, in send
    self.connect()
  File "/Users/andyschwarz/Documents/Privat/OverCloud/backend/.venv/lib/python3.11/site-packages/urllib3/connection.py", line 331, in connect
    self.sock = self._new_conn()
                ^^^^^^^^^^^^^^^^
  File "/Users/andyschwarz/Documents/Privat/OverCloud/backend/.venv/lib/python3.11/site-packages/urllib3/connection.py", line 219, in _new_conn
    raise NewConnectionError(
urllib3.exceptions.NewConnectionError: AWSHTTPConnection(host='localhost', port=8001): Failed to establish a new connection: [Errno 61] Connection refused

The above exception was the direct cause of the following exception:

Traceback (most recent call last):
  File "/Users/andyschwarz/Documents/Privat/OverCloud/backend/.venv/lib/python3.11/site-packages/starlette/middleware/errors.py", line 164, in __call__
    await self.app(scope, receive, _send)
  File "/Users/andyschwarz/Documents/Privat/OverCloud/backend/.venv/lib/python3.11/site-packages/starlette/middleware/base.py", line 191, in __call__
    with recv_stream, send_stream, collapse_excgroups():
  File "/opt/homebrew/Cellar/python@3.11/3.11.15/Frameworks/Python.framework/Versions/3.11/lib/python3.11/contextlib.py", line 158, in __exit__
    self.gen.throw(typ, value, traceback)
  File "/Users/andyschwarz/Documents/Privat/OverCloud/backend/.venv/lib/python3.11/site-packages/starlette/_utils.py", line 87, in collapse_excgroups
    raise exc
  File "/Users/andyschwarz/Documents/Privat/OverCloud/backend/.venv/lib/python3.11/site-packages/starlette/middleware/base.py", line 193, in __call__
    response = await self.dispatch_func(request, call_next)
               ^^^^^^^^^^^^^^^^^^^^^^^^^^^^^^^^^^^^^^^^^^^^
  File "/Users/andyschwarz/Documents/Privat/OverCloud/backend/app/main.py", line 61, in add_security_headers
    response = await call_next(request)
               ^^^^^^^^^^^^^^^^^^^^^^^^
  File "/Users/andyschwarz/Documents/Privat/OverCloud/backend/.venv/lib/python3.11/site-packages/starlette/middleware/base.py", line 168, in call_next
    raise app_exc from app_exc.__cause__ or app_exc.__context__
  File "/Users/andyschwarz/Documents/Privat/OverCloud/backend/.venv/lib/python3.11/site-packages/starlette/middleware/base.py", line 144, in coro
    await self.app(scope, receive_or_disconnect, send_no_error)
  File "/Users/andyschwarz/Documents/Privat/OverCloud/backend/.venv/lib/python3.11/site-packages/starlette/middleware/cors.py", line 88, in __call__
    await self.app(scope, receive, send)
  File "/Users/andyschwarz/Documents/Privat/OverCloud/backend/.venv/lib/python3.11/site-packages/starlette/middleware/exceptions.py", line 63, in __call__
    await wrap_app_handling_exceptions(self.app, conn)(scope, receive, send)
  File "/Users/andyschwarz/Documents/Privat/OverCloud/backend/.venv/lib/python3.11/site-packages/starlette/_exception_handler.py", line 53, in wrapped_app
    raise exc
  File "/Users/andyschwarz/Documents/Privat/OverCloud/backend/.venv/lib/python3.11/site-packages/starlette/_exception_handler.py", line 42, in wrapped_app
    await app(scope, receive, sender)
  File "/Users/andyschwarz/Documents/Privat/OverCloud/backend/.venv/lib/python3.11/site-packages/fastapi/middleware/asyncexitstack.py", line 18, in __call__
    await self.app(scope, receive, send)
  File "/Users/andyschwarz/Documents/Privat/OverCloud/backend/.venv/lib/python3.11/site-packages/starlette/routing.py", line 660, in __call__
    await self.middleware_stack(scope, receive, send)
  File "/Users/andyschwarz/Documents/Privat/OverCloud/backend/.venv/lib/python3.11/site-packages/starlette/routing.py", line 680, in app
    await route.handle(scope, receive, send)
  File "/Users/andyschwarz/Documents/Privat/OverCloud/backend/.venv/lib/python3.11/site-packages/starlette/routing.py", line 276, in handle
    await self.app(scope, receive, send)
  File "/Users/andyschwarz/Documents/Privat/OverCloud/backend/.venv/lib/python3.11/site-packages/fastapi/routing.py", line 130, in app
    await wrap_app_handling_exceptions(app, request)(scope, receive, send)
  File "/Users/andyschwarz/Documents/Privat/OverCloud/backend/.venv/lib/python3.11/site-packages/starlette/_exception_handler.py", line 53, in wrapped_app
    raise exc
  File "/Users/andyschwarz/Documents/Privat/OverCloud/backend/.venv/lib/python3.11/site-packages/starlette/_exception_handler.py", line 42, in wrapped_app
    await app(scope, receive, sender)
  File "/Users/andyschwarz/Documents/Privat/OverCloud/backend/.venv/lib/python3.11/site-packages/fastapi/routing.py", line 116, in app
    response = await f(request)
               ^^^^^^^^^^^^^^^^
  File "/Users/andyschwarz/Documents/Privat/OverCloud/backend/.venv/lib/python3.11/site-packages/fastapi/routing.py", line 670, in app
    raw_response = await run_endpoint_function(
                   ^^^^^^^^^^^^^^^^^^^^^^^^^^^^
  File "/Users/andyschwarz/Documents/Privat/OverCloud/backend/.venv/lib/python3.11/site-packages/fastapi/routing.py", line 324, in run_endpoint_function
    return await dependant.call(**values)
           ^^^^^^^^^^^^^^^^^^^^^^^^^^^^^^
  File "/Users/andyschwarz/Documents/Privat/OverCloud/backend/.venv/lib/python3.11/site-packages/slowapi/extension.py", line 734, in async_wrapper
    response = await func(*args, **kwargs)  # type: ignore
               ^^^^^^^^^^^^^^^^^^^^^^^^^^^
  File "/Users/andyschwarz/Documents/Privat/OverCloud/backend/app/api/auth.py", line 323, in register
    existing_user = user_repo.get_by_email(user_create.email)
                    ^^^^^^^^^^^^^^^^^^^^^^^^^^^^^^^^^^^^^^^^^
  File "/Users/andyschwarz/Documents/Privat/OverCloud/backend/app/repositories/user.py", line 169, in get_by_email
    items, _ = self._query(
               ^^^^^^^^^^^^
  File "/Users/andyschwarz/Documents/Privat/OverCloud/backend/app/repositories/base.py", line 145, in _query
    response = self.table.query(**kwargs)
               ^^^^^^^^^^^^^^^^^^^^^^^^^^
  File "/Users/andyschwarz/Documents/Privat/OverCloud/backend/.venv/lib/python3.11/site-packages/boto3/resources/factory.py", line 581, in do_action
    response = action(self, *args, **kwargs)
               ^^^^^^^^^^^^^^^^^^^^^^^^^^^^^
  File "/Users/andyschwarz/Documents/Privat/OverCloud/backend/.venv/lib/python3.11/site-packages/boto3/resources/action.py", line 88, in __call__
    response = getattr(parent.meta.client, operation_name)(*args, **params)
               ^^^^^^^^^^^^^^^^^^^^^^^^^^^^^^^^^^^^^^^^^^^^^^^^^^^^^^^^^^^^
  File "/Users/andyschwarz/Documents/Privat/OverCloud/backend/.venv/lib/python3.11/site-packages/botocore/client.py", line 602, in _api_call
    return self._make_api_call(operation_name, kwargs)
           ^^^^^^^^^^^^^^^^^^^^^^^^^^^^^^^^^^^^^^^^^^^
  File "/Users/andyschwarz/Documents/Privat/OverCloud/backend/.venv/lib/python3.11/site-packages/botocore/context.py", line 123, in wrapper
    return func(*args, **kwargs)
           ^^^^^^^^^^^^^^^^^^^^^
  File "/Users/andyschwarz/Documents/Privat/OverCloud/backend/.venv/lib/python3.11/site-packages/botocore/client.py", line 1060, in _make_api_call
    http, parsed_response = self._make_request(
                            ^^^^^^^^^^^^^^^^^^^
  File "/Users/andyschwarz/Documents/Privat/OverCloud/backend/.venv/lib/python3.11/site-packages/botocore/client.py", line 1084, in _make_request
    return self._endpoint.make_request(operation_model, request_dict)
           ^^^^^^^^^^^^^^^^^^^^^^^^^^^^^^^^^^^^^^^^^^^^^^^^^^^^^^^^^^
  File "/Users/andyschwarz/Documents/Privat/OverCloud/backend/.venv/lib/python3.11/site-packages/botocore/endpoint.py", line 119, in make_request
    return self._send_request(request_dict, operation_model)
           ^^^^^^^^^^^^^^^^^^^^^^^^^^^^^^^^^^^^^^^^^^^^^^^^^
  File "/Users/andyschwarz/Documents/Privat/OverCloud/backend/.venv/lib/python3.11/site-packages/botocore/endpoint.py", line 200, in _send_request
    while self._needs_retry(
          ^^^^^^^^^^^^^^^^^^
  File "/Users/andyschwarz/Documents/Privat/OverCloud/backend/.venv/lib/python3.11/site-packages/botocore/endpoint.py", line 360, in _needs_retry
    responses = self._event_emitter.emit(
                ^^^^^^^^^^^^^^^^^^^^^^^^^
  File "/Users/andyschwarz/Documents/Privat/OverCloud/backend/.venv/lib/python3.11/site-packages/botocore/hooks.py", line 412, in emit
    return self._emitter.emit(aliased_event_name, **kwargs)
           ^^^^^^^^^^^^^^^^^^^^^^^^^^^^^^^^^^^^^^^^^^^^^^^^
  File "/Users/andyschwarz/Documents/Privat/OverCloud/backend/.venv/lib/python3.11/site-packages/botocore/hooks.py", line 256, in emit
    return self._emit(event_name, kwargs)
           ^^^^^^^^^^^^^^^^^^^^^^^^^^^^^^
  File "/Users/andyschwarz/Documents/Privat/OverCloud/backend/.venv/lib/python3.11/site-packages/botocore/hooks.py", line 239, in _emit
    response = handler(**kwargs)
               ^^^^^^^^^^^^^^^^^
  File "/Users/andyschwarz/Documents/Privat/OverCloud/backend/.venv/lib/python3.11/site-packages/botocore/retryhandler.py", line 207, in __call__
    if self._checker(**checker_kwargs):
       ^^^^^^^^^^^^^^^^^^^^^^^^^^^^^^^
  File "/Users/andyschwarz/Documents/Privat/OverCloud/backend/.venv/lib/python3.11/site-packages/botocore/retryhandler.py", line 284, in __call__
    should_retry = self._should_retry(
                   ^^^^^^^^^^^^^^^^^^^
  File "/Users/andyschwarz/Documents/Privat/OverCloud/backend/.venv/lib/python3.11/site-packages/botocore/retryhandler.py", line 320, in _should_retry
    return self._checker(attempt_number, response, caught_exception)
           ^^^^^^^^^^^^^^^^^^^^^^^^^^^^^^^^^^^^^^^^^^^^^^^^^^^^^^^^^
  File "/Users/andyschwarz/Documents/Privat/OverCloud/backend/.venv/lib/python3.11/site-packages/botocore/retryhandler.py", line 363, in __call__
    checker_response = checker(
                       ^^^^^^^^
  File "/Users/andyschwarz/Documents/Privat/OverCloud/backend/.venv/lib/python3.11/site-packages/botocore/retryhandler.py", line 247, in __call__
    return self._check_caught_exception(
           ^^^^^^^^^^^^^^^^^^^^^^^^^^^^^
  File "/Users/andyschwarz/Documents/Privat/OverCloud/backend/.venv/lib/python3.11/site-packages/botocore/retryhandler.py", line 416, in _check_caught_exception
    raise caught_exception
  File "/Users/andyschwarz/Documents/Privat/OverCloud/backend/.venv/lib/python3.11/site-packages/botocore/endpoint.py", line 279, in _do_get_response
    http_response = self._send(request)
                    ^^^^^^^^^^^^^^^^^^^
  File "/Users/andyschwarz/Documents/Privat/OverCloud/backend/.venv/lib/python3.11/site-packages/botocore/endpoint.py", line 383, in _send
    return self.http_session.send(request)
           ^^^^^^^^^^^^^^^^^^^^^^^^^^^^^^^
  File "/Users/andyschwarz/Documents/Privat/OverCloud/backend/.venv/lib/python3.11/site-packages/botocore/httpsession.py", line 506, in send
    raise EndpointConnectionError(endpoint_url=request.url, error=e)
botocore.exceptions.EndpointConnectionError: Could not connect to the endpoint URL: "http://localhost:8001/"
_____ ERROR at setup of TestIDORPrevention.test_user_can_view_own_profile ______
.venv/lib/python3.11/site-packages/urllib3/connection.py:204: in _new_conn
    sock = connection.create_connection(
.venv/lib/python3.11/site-packages/urllib3/util/connection.py:85: in create_connection
    raise err
.venv/lib/python3.11/site-packages/urllib3/util/connection.py:73: in create_connection
    sock.connect(sa)
E   ConnectionRefusedError: [Errno 61] Connection refused

The above exception was the direct cause of the following exception:
.venv/lib/python3.11/site-packages/botocore/httpsession.py:477: in send
    urllib_response = conn.urlopen(
.venv/lib/python3.11/site-packages/urllib3/connectionpool.py:841: in urlopen
    retries = retries.increment(
.venv/lib/python3.11/site-packages/urllib3/util/retry.py:465: in increment
    raise reraise(type(error), error, _stacktrace)
          ^^^^^^^^^^^^^^^^^^^^^^^^^^^^^^^^^^^^^^^^
.venv/lib/python3.11/site-packages/urllib3/util/util.py:39: in reraise
    raise value
.venv/lib/python3.11/site-packages/urllib3/connectionpool.py:787: in urlopen
    response = self._make_request(
.venv/lib/python3.11/site-packages/urllib3/connectionpool.py:493: in _make_request
    conn.request(
.venv/lib/python3.11/site-packages/botocore/awsrequest.py:96: in request
    rval = super().request(method, url, body, headers, *args, **kwargs)
           ^^^^^^^^^^^^^^^^^^^^^^^^^^^^^^^^^^^^^^^^^^^^^^^^^^^^^^^^^^^^
.venv/lib/python3.11/site-packages/urllib3/connection.py:500: in request
    self.endheaders()
/opt/homebrew/Cellar/python@3.11/3.11.15/Frameworks/Python.framework/Versions/3.11/lib/python3.11/http/client.py:1318: in endheaders
    self._send_output(message_body, encode_chunked=encode_chunked)
.venv/lib/python3.11/site-packages/botocore/awsrequest.py:123: in _send_output
    self.send(msg)
.venv/lib/python3.11/site-packages/botocore/awsrequest.py:223: in send
    return super().send(str)
           ^^^^^^^^^^^^^^^^^
/opt/homebrew/Cellar/python@3.11/3.11.15/Frameworks/Python.framework/Versions/3.11/lib/python3.11/http/client.py:1016: in send
    self.connect()
.venv/lib/python3.11/site-packages/urllib3/connection.py:331: in connect
    self.sock = self._new_conn()
                ^^^^^^^^^^^^^^^^
.venv/lib/python3.11/site-packages/urllib3/connection.py:219: in _new_conn
    raise NewConnectionError(
E   urllib3.exceptions.NewConnectionError: AWSHTTPConnection(host='localhost', port=8001): Failed to establish a new connection: [Errno 61] Connection refused

The above exception was the direct cause of the following exception:
tests/integration/test_idor_prevention.py:30: in test_users
    response_a = client.post("/api/v1/auth/register", json={
.venv/lib/python3.11/site-packages/starlette/testclient.py:546: in post
    return super().post(
.venv/lib/python3.11/site-packages/httpx/_client.py:1144: in post
    return self.request(
.venv/lib/python3.11/site-packages/starlette/testclient.py:445: in request
    return super().request(
.venv/lib/python3.11/site-packages/httpx/_client.py:825: in request
    return self.send(request, auth=auth, follow_redirects=follow_redirects)
           ^^^^^^^^^^^^^^^^^^^^^^^^^^^^^^^^^^^^^^^^^^^^^^^^^^^^^^^^^^^^^^^^
.venv/lib/python3.11/site-packages/httpx/_client.py:914: in send
    response = self._send_handling_auth(
.venv/lib/python3.11/site-packages/httpx/_client.py:942: in _send_handling_auth
    response = self._send_handling_redirects(
.venv/lib/python3.11/site-packages/httpx/_client.py:979: in _send_handling_redirects
    response = self._send_single_request(request)
               ^^^^^^^^^^^^^^^^^^^^^^^^^^^^^^^^^^
.venv/lib/python3.11/site-packages/httpx/_client.py:1014: in _send_single_request
    response = transport.handle_request(request)
               ^^^^^^^^^^^^^^^^^^^^^^^^^^^^^^^^^
.venv/lib/python3.11/site-packages/starlette/testclient.py:348: in handle_request
    raise exc
.venv/lib/python3.11/site-packages/starlette/testclient.py:345: in handle_request
    portal.call(self.app, scope, receive, send)
.venv/lib/python3.11/site-packages/anyio/from_thread.py:334: in call
    return cast(T_Retval, self.start_task_soon(func, *args).result())
                          ^^^^^^^^^^^^^^^^^^^^^^^^^^^^^^^^^^^^^^^^^^
/opt/homebrew/Cellar/python@3.11/3.11.15/Frameworks/Python.framework/Versions/3.11/lib/python3.11/concurrent/futures/_base.py:456: in result
    return self.__get_result()
           ^^^^^^^^^^^^^^^^^^^
/opt/homebrew/Cellar/python@3.11/3.11.15/Frameworks/Python.framework/Versions/3.11/lib/python3.11/concurrent/futures/_base.py:401: in __get_result
    raise self._exception
.venv/lib/python3.11/site-packages/anyio/from_thread.py:259: in _call_func
    retval = await retval_or_awaitable
             ^^^^^^^^^^^^^^^^^^^^^^^^^
.venv/lib/python3.11/site-packages/fastapi/applications.py:1160: in __call__
    await super().__call__(scope, receive, send)
.venv/lib/python3.11/site-packages/starlette/applications.py:90: in __call__
    await self.middleware_stack(scope, receive, send)
.venv/lib/python3.11/site-packages/starlette/middleware/errors.py:176: in __call__
    response = await self.handler(request, exc)
               ^^^^^^^^^^^^^^^^^^^^^^^^^^^^^^^^
app/main.py:129: in generic_exception_handler
    raise exc
.venv/lib/python3.11/site-packages/starlette/middleware/errors.py:164: in __call__
    await self.app(scope, receive, _send)
.venv/lib/python3.11/site-packages/starlette/middleware/base.py:191: in __call__
    with recv_stream, send_stream, collapse_excgroups():
/opt/homebrew/Cellar/python@3.11/3.11.15/Frameworks/Python.framework/Versions/3.11/lib/python3.11/contextlib.py:158: in __exit__
    self.gen.throw(typ, value, traceback)
.venv/lib/python3.11/site-packages/starlette/_utils.py:87: in collapse_excgroups
    raise exc
.venv/lib/python3.11/site-packages/starlette/middleware/base.py:193: in __call__
    response = await self.dispatch_func(request, call_next)
               ^^^^^^^^^^^^^^^^^^^^^^^^^^^^^^^^^^^^^^^^^^^^
app/main.py:61: in add_security_headers
    response = await call_next(request)
               ^^^^^^^^^^^^^^^^^^^^^^^^
.venv/lib/python3.11/site-packages/starlette/middleware/base.py:168: in call_next
    raise app_exc from app_exc.__cause__ or app_exc.__context__
.venv/lib/python3.11/site-packages/starlette/middleware/base.py:144: in coro
    await self.app(scope, receive_or_disconnect, send_no_error)
.venv/lib/python3.11/site-packages/starlette/middleware/cors.py:88: in __call__
    await self.app(scope, receive, send)
.venv/lib/python3.11/site-packages/starlette/middleware/exceptions.py:63: in __call__
    await wrap_app_handling_exceptions(self.app, conn)(scope, receive, send)
.venv/lib/python3.11/site-packages/starlette/_exception_handler.py:53: in wrapped_app
    raise exc
.venv/lib/python3.11/site-packages/starlette/_exception_handler.py:42: in wrapped_app
    await app(scope, receive, sender)
.venv/lib/python3.11/site-packages/fastapi/middleware/asyncexitstack.py:18: in __call__
    await self.app(scope, receive, send)
.venv/lib/python3.11/site-packages/starlette/routing.py:660: in __call__
    await self.middleware_stack(scope, receive, send)
.venv/lib/python3.11/site-packages/starlette/routing.py:680: in app
    await route.handle(scope, receive, send)
.venv/lib/python3.11/site-packages/starlette/routing.py:276: in handle
    await self.app(scope, receive, send)
.venv/lib/python3.11/site-packages/fastapi/routing.py:130: in app
    await wrap_app_handling_exceptions(app, request)(scope, receive, send)
.venv/lib/python3.11/site-packages/starlette/_exception_handler.py:53: in wrapped_app
    raise exc
.venv/lib/python3.11/site-packages/starlette/_exception_handler.py:42: in wrapped_app
    await app(scope, receive, sender)
.venv/lib/python3.11/site-packages/fastapi/routing.py:116: in app
    response = await f(request)
               ^^^^^^^^^^^^^^^^
.venv/lib/python3.11/site-packages/fastapi/routing.py:670: in app
    raw_response = await run_endpoint_function(
.venv/lib/python3.11/site-packages/fastapi/routing.py:324: in run_endpoint_function
    return await dependant.call(**values)
           ^^^^^^^^^^^^^^^^^^^^^^^^^^^^^^
.venv/lib/python3.11/site-packages/slowapi/extension.py:734: in async_wrapper
    response = await func(*args, **kwargs)  # type: ignore
               ^^^^^^^^^^^^^^^^^^^^^^^^^^^
app/api/auth.py:323: in register
    existing_user = user_repo.get_by_email(user_create.email)
                    ^^^^^^^^^^^^^^^^^^^^^^^^^^^^^^^^^^^^^^^^^
app/repositories/user.py:169: in get_by_email
    items, _ = self._query(
app/repositories/base.py:145: in _query
    response = self.table.query(**kwargs)
               ^^^^^^^^^^^^^^^^^^^^^^^^^^
.venv/lib/python3.11/site-packages/boto3/resources/factory.py:581: in do_action
    response = action(self, *args, **kwargs)
               ^^^^^^^^^^^^^^^^^^^^^^^^^^^^^
.venv/lib/python3.11/site-packages/boto3/resources/action.py:88: in __call__
    response = getattr(parent.meta.client, operation_name)(*args, **params)
               ^^^^^^^^^^^^^^^^^^^^^^^^^^^^^^^^^^^^^^^^^^^^^^^^^^^^^^^^^^^^
.venv/lib/python3.11/site-packages/botocore/client.py:602: in _api_call
    return self._make_api_call(operation_name, kwargs)
           ^^^^^^^^^^^^^^^^^^^^^^^^^^^^^^^^^^^^^^^^^^^
.venv/lib/python3.11/site-packages/botocore/context.py:123: in wrapper
    return func(*args, **kwargs)
           ^^^^^^^^^^^^^^^^^^^^^
.venv/lib/python3.11/site-packages/botocore/client.py:1060: in _make_api_call
    http, parsed_response = self._make_request(
.venv/lib/python3.11/site-packages/botocore/client.py:1084: in _make_request
    return self._endpoint.make_request(operation_model, request_dict)
           ^^^^^^^^^^^^^^^^^^^^^^^^^^^^^^^^^^^^^^^^^^^^^^^^^^^^^^^^^^
.venv/lib/python3.11/site-packages/botocore/endpoint.py:119: in make_request
    return self._send_request(request_dict, operation_model)
           ^^^^^^^^^^^^^^^^^^^^^^^^^^^^^^^^^^^^^^^^^^^^^^^^^
.venv/lib/python3.11/site-packages/botocore/endpoint.py:200: in _send_request
    while self._needs_retry(
.venv/lib/python3.11/site-packages/botocore/endpoint.py:360: in _needs_retry
    responses = self._event_emitter.emit(
.venv/lib/python3.11/site-packages/botocore/hooks.py:412: in emit
    return self._emitter.emit(aliased_event_name, **kwargs)
           ^^^^^^^^^^^^^^^^^^^^^^^^^^^^^^^^^^^^^^^^^^^^^^^^
.venv/lib/python3.11/site-packages/botocore/hooks.py:256: in emit
    return self._emit(event_name, kwargs)
           ^^^^^^^^^^^^^^^^^^^^^^^^^^^^^^
.venv/lib/python3.11/site-packages/botocore/hooks.py:239: in _emit
    response = handler(**kwargs)
               ^^^^^^^^^^^^^^^^^
.venv/lib/python3.11/site-packages/botocore/retryhandler.py:207: in __call__
    if self._checker(**checker_kwargs):
       ^^^^^^^^^^^^^^^^^^^^^^^^^^^^^^^
.venv/lib/python3.11/site-packages/botocore/retryhandler.py:284: in __call__
    should_retry = self._should_retry(
.venv/lib/python3.11/site-packages/botocore/retryhandler.py:320: in _should_retry
    return self._checker(attempt_number, response, caught_exception)
           ^^^^^^^^^^^^^^^^^^^^^^^^^^^^^^^^^^^^^^^^^^^^^^^^^^^^^^^^^
.venv/lib/python3.11/site-packages/botocore/retryhandler.py:363: in __call__
    checker_response = checker(
.venv/lib/python3.11/site-packages/botocore/retryhandler.py:247: in __call__
    return self._check_caught_exception(
.venv/lib/python3.11/site-packages/botocore/retryhandler.py:416: in _check_caught_exception
    raise caught_exception
.venv/lib/python3.11/site-packages/botocore/endpoint.py:279: in _do_get_response
    http_response = self._send(request)
                    ^^^^^^^^^^^^^^^^^^^
.venv/lib/python3.11/site-packages/botocore/endpoint.py:383: in _send
    return self.http_session.send(request)
           ^^^^^^^^^^^^^^^^^^^^^^^^^^^^^^^
.venv/lib/python3.11/site-packages/botocore/httpsession.py:506: in send
    raise EndpointConnectionError(endpoint_url=request.url, error=e)
E   botocore.exceptions.EndpointConnectionError: Could not connect to the endpoint URL: "http://localhost:8001/"
---------------------------- Captured stdout setup -----------------------------
2026-05-17 20:07:35 - app.main - ERROR - Unhandled exception: Could not connect to the endpoint URL: "http://localhost:8001/"
Traceback (most recent call last):
  File "/Users/andyschwarz/Documents/Privat/OverCloud/backend/.venv/lib/python3.11/site-packages/urllib3/connection.py", line 204, in _new_conn
    sock = connection.create_connection(
           ^^^^^^^^^^^^^^^^^^^^^^^^^^^^^
  File "/Users/andyschwarz/Documents/Privat/OverCloud/backend/.venv/lib/python3.11/site-packages/urllib3/util/connection.py", line 85, in create_connection
    raise err
  File "/Users/andyschwarz/Documents/Privat/OverCloud/backend/.venv/lib/python3.11/site-packages/urllib3/util/connection.py", line 73, in create_connection
    sock.connect(sa)
ConnectionRefusedError: [Errno 61] Connection refused

The above exception was the direct cause of the following exception:

Traceback (most recent call last):
  File "/Users/andyschwarz/Documents/Privat/OverCloud/backend/.venv/lib/python3.11/site-packages/botocore/httpsession.py", line 477, in send
    urllib_response = conn.urlopen(
                      ^^^^^^^^^^^^^
  File "/Users/andyschwarz/Documents/Privat/OverCloud/backend/.venv/lib/python3.11/site-packages/urllib3/connectionpool.py", line 841, in urlopen
    retries = retries.increment(
              ^^^^^^^^^^^^^^^^^^
  File "/Users/andyschwarz/Documents/Privat/OverCloud/backend/.venv/lib/python3.11/site-packages/urllib3/util/retry.py", line 465, in increment
    raise reraise(type(error), error, _stacktrace)
          ^^^^^^^^^^^^^^^^^^^^^^^^^^^^^^^^^^^^^^^^
  File "/Users/andyschwarz/Documents/Privat/OverCloud/backend/.venv/lib/python3.11/site-packages/urllib3/util/util.py", line 39, in reraise
    raise value
  File "/Users/andyschwarz/Documents/Privat/OverCloud/backend/.venv/lib/python3.11/site-packages/urllib3/connectionpool.py", line 787, in urlopen
    response = self._make_request(
               ^^^^^^^^^^^^^^^^^^^
  File "/Users/andyschwarz/Documents/Privat/OverCloud/backend/.venv/lib/python3.11/site-packages/urllib3/connectionpool.py", line 493, in _make_request
    conn.request(
  File "/Users/andyschwarz/Documents/Privat/OverCloud/backend/.venv/lib/python3.11/site-packages/botocore/awsrequest.py", line 96, in request
    rval = super().request(method, url, body, headers, *args, **kwargs)
           ^^^^^^^^^^^^^^^^^^^^^^^^^^^^^^^^^^^^^^^^^^^^^^^^^^^^^^^^^^^^
  File "/Users/andyschwarz/Documents/Privat/OverCloud/backend/.venv/lib/python3.11/site-packages/urllib3/connection.py", line 500, in request
    self.endheaders()
  File "/opt/homebrew/Cellar/python@3.11/3.11.15/Frameworks/Python.framework/Versions/3.11/lib/python3.11/http/client.py", line 1318, in endheaders
    self._send_output(message_body, encode_chunked=encode_chunked)
  File "/Users/andyschwarz/Documents/Privat/OverCloud/backend/.venv/lib/python3.11/site-packages/botocore/awsrequest.py", line 123, in _send_output
    self.send(msg)
  File "/Users/andyschwarz/Documents/Privat/OverCloud/backend/.venv/lib/python3.11/site-packages/botocore/awsrequest.py", line 223, in send
    return super().send(str)
           ^^^^^^^^^^^^^^^^^
  File "/opt/homebrew/Cellar/python@3.11/3.11.15/Frameworks/Python.framework/Versions/3.11/lib/python3.11/http/client.py", line 1016, in send
    self.connect()
  File "/Users/andyschwarz/Documents/Privat/OverCloud/backend/.venv/lib/python3.11/site-packages/urllib3/connection.py", line 331, in connect
    self.sock = self._new_conn()
                ^^^^^^^^^^^^^^^^
  File "/Users/andyschwarz/Documents/Privat/OverCloud/backend/.venv/lib/python3.11/site-packages/urllib3/connection.py", line 219, in _new_conn
    raise NewConnectionError(
urllib3.exceptions.NewConnectionError: AWSHTTPConnection(host='localhost', port=8001): Failed to establish a new connection: [Errno 61] Connection refused

The above exception was the direct cause of the following exception:

Traceback (most recent call last):
  File "/Users/andyschwarz/Documents/Privat/OverCloud/backend/.venv/lib/python3.11/site-packages/starlette/middleware/errors.py", line 164, in __call__
    await self.app(scope, receive, _send)
  File "/Users/andyschwarz/Documents/Privat/OverCloud/backend/.venv/lib/python3.11/site-packages/starlette/middleware/base.py", line 191, in __call__
    with recv_stream, send_stream, collapse_excgroups():
  File "/opt/homebrew/Cellar/python@3.11/3.11.15/Frameworks/Python.framework/Versions/3.11/lib/python3.11/contextlib.py", line 158, in __exit__
    self.gen.throw(typ, value, traceback)
  File "/Users/andyschwarz/Documents/Privat/OverCloud/backend/.venv/lib/python3.11/site-packages/starlette/_utils.py", line 87, in collapse_excgroups
    raise exc
  File "/Users/andyschwarz/Documents/Privat/OverCloud/backend/.venv/lib/python3.11/site-packages/starlette/middleware/base.py", line 193, in __call__
    response = await self.dispatch_func(request, call_next)
               ^^^^^^^^^^^^^^^^^^^^^^^^^^^^^^^^^^^^^^^^^^^^
  File "/Users/andyschwarz/Documents/Privat/OverCloud/backend/app/main.py", line 61, in add_security_headers
    response = await call_next(request)
               ^^^^^^^^^^^^^^^^^^^^^^^^
  File "/Users/andyschwarz/Documents/Privat/OverCloud/backend/.venv/lib/python3.11/site-packages/starlette/middleware/base.py", line 168, in call_next
    raise app_exc from app_exc.__cause__ or app_exc.__context__
  File "/Users/andyschwarz/Documents/Privat/OverCloud/backend/.venv/lib/python3.11/site-packages/starlette/middleware/base.py", line 144, in coro
    await self.app(scope, receive_or_disconnect, send_no_error)
  File "/Users/andyschwarz/Documents/Privat/OverCloud/backend/.venv/lib/python3.11/site-packages/starlette/middleware/cors.py", line 88, in __call__
    await self.app(scope, receive, send)
  File "/Users/andyschwarz/Documents/Privat/OverCloud/backend/.venv/lib/python3.11/site-packages/starlette/middleware/exceptions.py", line 63, in __call__
    await wrap_app_handling_exceptions(self.app, conn)(scope, receive, send)
  File "/Users/andyschwarz/Documents/Privat/OverCloud/backend/.venv/lib/python3.11/site-packages/starlette/_exception_handler.py", line 53, in wrapped_app
    raise exc
  File "/Users/andyschwarz/Documents/Privat/OverCloud/backend/.venv/lib/python3.11/site-packages/starlette/_exception_handler.py", line 42, in wrapped_app
    await app(scope, receive, sender)
  File "/Users/andyschwarz/Documents/Privat/OverCloud/backend/.venv/lib/python3.11/site-packages/fastapi/middleware/asyncexitstack.py", line 18, in __call__
    await self.app(scope, receive, send)
  File "/Users/andyschwarz/Documents/Privat/OverCloud/backend/.venv/lib/python3.11/site-packages/starlette/routing.py", line 660, in __call__
    await self.middleware_stack(scope, receive, send)
  File "/Users/andyschwarz/Documents/Privat/OverCloud/backend/.venv/lib/python3.11/site-packages/starlette/routing.py", line 680, in app
    await route.handle(scope, receive, send)
  File "/Users/andyschwarz/Documents/Privat/OverCloud/backend/.venv/lib/python3.11/site-packages/starlette/routing.py", line 276, in handle
    await self.app(scope, receive, send)
  File "/Users/andyschwarz/Documents/Privat/OverCloud/backend/.venv/lib/python3.11/site-packages/fastapi/routing.py", line 130, in app
    await wrap_app_handling_exceptions(app, request)(scope, receive, send)
  File "/Users/andyschwarz/Documents/Privat/OverCloud/backend/.venv/lib/python3.11/site-packages/starlette/_exception_handler.py", line 53, in wrapped_app
    raise exc
  File "/Users/andyschwarz/Documents/Privat/OverCloud/backend/.venv/lib/python3.11/site-packages/starlette/_exception_handler.py", line 42, in wrapped_app
    await app(scope, receive, sender)
  File "/Users/andyschwarz/Documents/Privat/OverCloud/backend/.venv/lib/python3.11/site-packages/fastapi/routing.py", line 116, in app
    response = await f(request)
               ^^^^^^^^^^^^^^^^
  File "/Users/andyschwarz/Documents/Privat/OverCloud/backend/.venv/lib/python3.11/site-packages/fastapi/routing.py", line 670, in app
    raw_response = await run_endpoint_function(
                   ^^^^^^^^^^^^^^^^^^^^^^^^^^^^
  File "/Users/andyschwarz/Documents/Privat/OverCloud/backend/.venv/lib/python3.11/site-packages/fastapi/routing.py", line 324, in run_endpoint_function
    return await dependant.call(**values)
           ^^^^^^^^^^^^^^^^^^^^^^^^^^^^^^
  File "/Users/andyschwarz/Documents/Privat/OverCloud/backend/.venv/lib/python3.11/site-packages/slowapi/extension.py", line 734, in async_wrapper
    response = await func(*args, **kwargs)  # type: ignore
               ^^^^^^^^^^^^^^^^^^^^^^^^^^^
  File "/Users/andyschwarz/Documents/Privat/OverCloud/backend/app/api/auth.py", line 323, in register
    existing_user = user_repo.get_by_email(user_create.email)
                    ^^^^^^^^^^^^^^^^^^^^^^^^^^^^^^^^^^^^^^^^^
  File "/Users/andyschwarz/Documents/Privat/OverCloud/backend/app/repositories/user.py", line 169, in get_by_email
    items, _ = self._query(
               ^^^^^^^^^^^^
  File "/Users/andyschwarz/Documents/Privat/OverCloud/backend/app/repositories/base.py", line 145, in _query
    response = self.table.query(**kwargs)
               ^^^^^^^^^^^^^^^^^^^^^^^^^^
  File "/Users/andyschwarz/Documents/Privat/OverCloud/backend/.venv/lib/python3.11/site-packages/boto3/resources/factory.py", line 581, in do_action
    response = action(self, *args, **kwargs)
               ^^^^^^^^^^^^^^^^^^^^^^^^^^^^^
  File "/Users/andyschwarz/Documents/Privat/OverCloud/backend/.venv/lib/python3.11/site-packages/boto3/resources/action.py", line 88, in __call__
    response = getattr(parent.meta.client, operation_name)(*args, **params)
               ^^^^^^^^^^^^^^^^^^^^^^^^^^^^^^^^^^^^^^^^^^^^^^^^^^^^^^^^^^^^
  File "/Users/andyschwarz/Documents/Privat/OverCloud/backend/.venv/lib/python3.11/site-packages/botocore/client.py", line 602, in _api_call
    return self._make_api_call(operation_name, kwargs)
           ^^^^^^^^^^^^^^^^^^^^^^^^^^^^^^^^^^^^^^^^^^^
  File "/Users/andyschwarz/Documents/Privat/OverCloud/backend/.venv/lib/python3.11/site-packages/botocore/context.py", line 123, in wrapper
    return func(*args, **kwargs)
           ^^^^^^^^^^^^^^^^^^^^^
  File "/Users/andyschwarz/Documents/Privat/OverCloud/backend/.venv/lib/python3.11/site-packages/botocore/client.py", line 1060, in _make_api_call
    http, parsed_response = self._make_request(
                            ^^^^^^^^^^^^^^^^^^^
  File "/Users/andyschwarz/Documents/Privat/OverCloud/backend/.venv/lib/python3.11/site-packages/botocore/client.py", line 1084, in _make_request
    return self._endpoint.make_request(operation_model, request_dict)
           ^^^^^^^^^^^^^^^^^^^^^^^^^^^^^^^^^^^^^^^^^^^^^^^^^^^^^^^^^^
  File "/Users/andyschwarz/Documents/Privat/OverCloud/backend/.venv/lib/python3.11/site-packages/botocore/endpoint.py", line 119, in make_request
    return self._send_request(request_dict, operation_model)
           ^^^^^^^^^^^^^^^^^^^^^^^^^^^^^^^^^^^^^^^^^^^^^^^^^
  File "/Users/andyschwarz/Documents/Privat/OverCloud/backend/.venv/lib/python3.11/site-packages/botocore/endpoint.py", line 200, in _send_request
    while self._needs_retry(
          ^^^^^^^^^^^^^^^^^^
  File "/Users/andyschwarz/Documents/Privat/OverCloud/backend/.venv/lib/python3.11/site-packages/botocore/endpoint.py", line 360, in _needs_retry
    responses = self._event_emitter.emit(
                ^^^^^^^^^^^^^^^^^^^^^^^^^
  File "/Users/andyschwarz/Documents/Privat/OverCloud/backend/.venv/lib/python3.11/site-packages/botocore/hooks.py", line 412, in emit
    return self._emitter.emit(aliased_event_name, **kwargs)
           ^^^^^^^^^^^^^^^^^^^^^^^^^^^^^^^^^^^^^^^^^^^^^^^^
  File "/Users/andyschwarz/Documents/Privat/OverCloud/backend/.venv/lib/python3.11/site-packages/botocore/hooks.py", line 256, in emit
    return self._emit(event_name, kwargs)
           ^^^^^^^^^^^^^^^^^^^^^^^^^^^^^^
  File "/Users/andyschwarz/Documents/Privat/OverCloud/backend/.venv/lib/python3.11/site-packages/botocore/hooks.py", line 239, in _emit
    response = handler(**kwargs)
               ^^^^^^^^^^^^^^^^^
  File "/Users/andyschwarz/Documents/Privat/OverCloud/backend/.venv/lib/python3.11/site-packages/botocore/retryhandler.py", line 207, in __call__
    if self._checker(**checker_kwargs):
       ^^^^^^^^^^^^^^^^^^^^^^^^^^^^^^^
  File "/Users/andyschwarz/Documents/Privat/OverCloud/backend/.venv/lib/python3.11/site-packages/botocore/retryhandler.py", line 284, in __call__
    should_retry = self._should_retry(
                   ^^^^^^^^^^^^^^^^^^^
  File "/Users/andyschwarz/Documents/Privat/OverCloud/backend/.venv/lib/python3.11/site-packages/botocore/retryhandler.py", line 320, in _should_retry
    return self._checker(attempt_number, response, caught_exception)
           ^^^^^^^^^^^^^^^^^^^^^^^^^^^^^^^^^^^^^^^^^^^^^^^^^^^^^^^^^
  File "/Users/andyschwarz/Documents/Privat/OverCloud/backend/.venv/lib/python3.11/site-packages/botocore/retryhandler.py", line 363, in __call__
    checker_response = checker(
                       ^^^^^^^^
  File "/Users/andyschwarz/Documents/Privat/OverCloud/backend/.venv/lib/python3.11/site-packages/botocore/retryhandler.py", line 247, in __call__
    return self._check_caught_exception(
           ^^^^^^^^^^^^^^^^^^^^^^^^^^^^^
  File "/Users/andyschwarz/Documents/Privat/OverCloud/backend/.venv/lib/python3.11/site-packages/botocore/retryhandler.py", line 416, in _check_caught_exception
    raise caught_exception
  File "/Users/andyschwarz/Documents/Privat/OverCloud/backend/.venv/lib/python3.11/site-packages/botocore/endpoint.py", line 279, in _do_get_response
    http_response = self._send(request)
                    ^^^^^^^^^^^^^^^^^^^
  File "/Users/andyschwarz/Documents/Privat/OverCloud/backend/.venv/lib/python3.11/site-packages/botocore/endpoint.py", line 383, in _send
    return self.http_session.send(request)
           ^^^^^^^^^^^^^^^^^^^^^^^^^^^^^^^
  File "/Users/andyschwarz/Documents/Privat/OverCloud/backend/.venv/lib/python3.11/site-packages/botocore/httpsession.py", line 506, in send
    raise EndpointConnectionError(endpoint_url=request.url, error=e)
botocore.exceptions.EndpointConnectionError: Could not connect to the endpoint URL: "http://localhost:8001/"
------------------------------ Captured log setup ------------------------------
ERROR    app.main:main.py:112 Unhandled exception: Could not connect to the endpoint URL: "http://localhost:8001/"
Traceback (most recent call last):
  File "/Users/andyschwarz/Documents/Privat/OverCloud/backend/.venv/lib/python3.11/site-packages/urllib3/connection.py", line 204, in _new_conn
    sock = connection.create_connection(
           ^^^^^^^^^^^^^^^^^^^^^^^^^^^^^
  File "/Users/andyschwarz/Documents/Privat/OverCloud/backend/.venv/lib/python3.11/site-packages/urllib3/util/connection.py", line 85, in create_connection
    raise err
  File "/Users/andyschwarz/Documents/Privat/OverCloud/backend/.venv/lib/python3.11/site-packages/urllib3/util/connection.py", line 73, in create_connection
    sock.connect(sa)
ConnectionRefusedError: [Errno 61] Connection refused

The above exception was the direct cause of the following exception:

Traceback (most recent call last):
  File "/Users/andyschwarz/Documents/Privat/OverCloud/backend/.venv/lib/python3.11/site-packages/botocore/httpsession.py", line 477, in send
    urllib_response = conn.urlopen(
                      ^^^^^^^^^^^^^
  File "/Users/andyschwarz/Documents/Privat/OverCloud/backend/.venv/lib/python3.11/site-packages/urllib3/connectionpool.py", line 841, in urlopen
    retries = retries.increment(
              ^^^^^^^^^^^^^^^^^^
  File "/Users/andyschwarz/Documents/Privat/OverCloud/backend/.venv/lib/python3.11/site-packages/urllib3/util/retry.py", line 465, in increment
    raise reraise(type(error), error, _stacktrace)
          ^^^^^^^^^^^^^^^^^^^^^^^^^^^^^^^^^^^^^^^^
  File "/Users/andyschwarz/Documents/Privat/OverCloud/backend/.venv/lib/python3.11/site-packages/urllib3/util/util.py", line 39, in reraise
    raise value
  File "/Users/andyschwarz/Documents/Privat/OverCloud/backend/.venv/lib/python3.11/site-packages/urllib3/connectionpool.py", line 787, in urlopen
    response = self._make_request(
               ^^^^^^^^^^^^^^^^^^^
  File "/Users/andyschwarz/Documents/Privat/OverCloud/backend/.venv/lib/python3.11/site-packages/urllib3/connectionpool.py", line 493, in _make_request
    conn.request(
  File "/Users/andyschwarz/Documents/Privat/OverCloud/backend/.venv/lib/python3.11/site-packages/botocore/awsrequest.py", line 96, in request
    rval = super().request(method, url, body, headers, *args, **kwargs)
           ^^^^^^^^^^^^^^^^^^^^^^^^^^^^^^^^^^^^^^^^^^^^^^^^^^^^^^^^^^^^
  File "/Users/andyschwarz/Documents/Privat/OverCloud/backend/.venv/lib/python3.11/site-packages/urllib3/connection.py", line 500, in request
    self.endheaders()
  File "/opt/homebrew/Cellar/python@3.11/3.11.15/Frameworks/Python.framework/Versions/3.11/lib/python3.11/http/client.py", line 1318, in endheaders
    self._send_output(message_body, encode_chunked=encode_chunked)
  File "/Users/andyschwarz/Documents/Privat/OverCloud/backend/.venv/lib/python3.11/site-packages/botocore/awsrequest.py", line 123, in _send_output
    self.send(msg)
  File "/Users/andyschwarz/Documents/Privat/OverCloud/backend/.venv/lib/python3.11/site-packages/botocore/awsrequest.py", line 223, in send
    return super().send(str)
           ^^^^^^^^^^^^^^^^^
  File "/opt/homebrew/Cellar/python@3.11/3.11.15/Frameworks/Python.framework/Versions/3.11/lib/python3.11/http/client.py", line 1016, in send
    self.connect()
  File "/Users/andyschwarz/Documents/Privat/OverCloud/backend/.venv/lib/python3.11/site-packages/urllib3/connection.py", line 331, in connect
    self.sock = self._new_conn()
                ^^^^^^^^^^^^^^^^
  File "/Users/andyschwarz/Documents/Privat/OverCloud/backend/.venv/lib/python3.11/site-packages/urllib3/connection.py", line 219, in _new_conn
    raise NewConnectionError(
urllib3.exceptions.NewConnectionError: AWSHTTPConnection(host='localhost', port=8001): Failed to establish a new connection: [Errno 61] Connection refused

The above exception was the direct cause of the following exception:

Traceback (most recent call last):
  File "/Users/andyschwarz/Documents/Privat/OverCloud/backend/.venv/lib/python3.11/site-packages/starlette/middleware/errors.py", line 164, in __call__
    await self.app(scope, receive, _send)
  File "/Users/andyschwarz/Documents/Privat/OverCloud/backend/.venv/lib/python3.11/site-packages/starlette/middleware/base.py", line 191, in __call__
    with recv_stream, send_stream, collapse_excgroups():
  File "/opt/homebrew/Cellar/python@3.11/3.11.15/Frameworks/Python.framework/Versions/3.11/lib/python3.11/contextlib.py", line 158, in __exit__
    self.gen.throw(typ, value, traceback)
  File "/Users/andyschwarz/Documents/Privat/OverCloud/backend/.venv/lib/python3.11/site-packages/starlette/_utils.py", line 87, in collapse_excgroups
    raise exc
  File "/Users/andyschwarz/Documents/Privat/OverCloud/backend/.venv/lib/python3.11/site-packages/starlette/middleware/base.py", line 193, in __call__
    response = await self.dispatch_func(request, call_next)
               ^^^^^^^^^^^^^^^^^^^^^^^^^^^^^^^^^^^^^^^^^^^^
  File "/Users/andyschwarz/Documents/Privat/OverCloud/backend/app/main.py", line 61, in add_security_headers
    response = await call_next(request)
               ^^^^^^^^^^^^^^^^^^^^^^^^
  File "/Users/andyschwarz/Documents/Privat/OverCloud/backend/.venv/lib/python3.11/site-packages/starlette/middleware/base.py", line 168, in call_next
    raise app_exc from app_exc.__cause__ or app_exc.__context__
  File "/Users/andyschwarz/Documents/Privat/OverCloud/backend/.venv/lib/python3.11/site-packages/starlette/middleware/base.py", line 144, in coro
    await self.app(scope, receive_or_disconnect, send_no_error)
  File "/Users/andyschwarz/Documents/Privat/OverCloud/backend/.venv/lib/python3.11/site-packages/starlette/middleware/cors.py", line 88, in __call__
    await self.app(scope, receive, send)
  File "/Users/andyschwarz/Documents/Privat/OverCloud/backend/.venv/lib/python3.11/site-packages/starlette/middleware/exceptions.py", line 63, in __call__
    await wrap_app_handling_exceptions(self.app, conn)(scope, receive, send)
  File "/Users/andyschwarz/Documents/Privat/OverCloud/backend/.venv/lib/python3.11/site-packages/starlette/_exception_handler.py", line 53, in wrapped_app
    raise exc
  File "/Users/andyschwarz/Documents/Privat/OverCloud/backend/.venv/lib/python3.11/site-packages/starlette/_exception_handler.py", line 42, in wrapped_app
    await app(scope, receive, sender)
  File "/Users/andyschwarz/Documents/Privat/OverCloud/backend/.venv/lib/python3.11/site-packages/fastapi/middleware/asyncexitstack.py", line 18, in __call__
    await self.app(scope, receive, send)
  File "/Users/andyschwarz/Documents/Privat/OverCloud/backend/.venv/lib/python3.11/site-packages/starlette/routing.py", line 660, in __call__
    await self.middleware_stack(scope, receive, send)
  File "/Users/andyschwarz/Documents/Privat/OverCloud/backend/.venv/lib/python3.11/site-packages/starlette/routing.py", line 680, in app
    await route.handle(scope, receive, send)
  File "/Users/andyschwarz/Documents/Privat/OverCloud/backend/.venv/lib/python3.11/site-packages/starlette/routing.py", line 276, in handle
    await self.app(scope, receive, send)
  File "/Users/andyschwarz/Documents/Privat/OverCloud/backend/.venv/lib/python3.11/site-packages/fastapi/routing.py", line 130, in app
    await wrap_app_handling_exceptions(app, request)(scope, receive, send)
  File "/Users/andyschwarz/Documents/Privat/OverCloud/backend/.venv/lib/python3.11/site-packages/starlette/_exception_handler.py", line 53, in wrapped_app
    raise exc
  File "/Users/andyschwarz/Documents/Privat/OverCloud/backend/.venv/lib/python3.11/site-packages/starlette/_exception_handler.py", line 42, in wrapped_app
    await app(scope, receive, sender)
  File "/Users/andyschwarz/Documents/Privat/OverCloud/backend/.venv/lib/python3.11/site-packages/fastapi/routing.py", line 116, in app
    response = await f(request)
               ^^^^^^^^^^^^^^^^
  File "/Users/andyschwarz/Documents/Privat/OverCloud/backend/.venv/lib/python3.11/site-packages/fastapi/routing.py", line 670, in app
    raw_response = await run_endpoint_function(
                   ^^^^^^^^^^^^^^^^^^^^^^^^^^^^
  File "/Users/andyschwarz/Documents/Privat/OverCloud/backend/.venv/lib/python3.11/site-packages/fastapi/routing.py", line 324, in run_endpoint_function
    return await dependant.call(**values)
           ^^^^^^^^^^^^^^^^^^^^^^^^^^^^^^
  File "/Users/andyschwarz/Documents/Privat/OverCloud/backend/.venv/lib/python3.11/site-packages/slowapi/extension.py", line 734, in async_wrapper
    response = await func(*args, **kwargs)  # type: ignore
               ^^^^^^^^^^^^^^^^^^^^^^^^^^^
  File "/Users/andyschwarz/Documents/Privat/OverCloud/backend/app/api/auth.py", line 323, in register
    existing_user = user_repo.get_by_email(user_create.email)
                    ^^^^^^^^^^^^^^^^^^^^^^^^^^^^^^^^^^^^^^^^^
  File "/Users/andyschwarz/Documents/Privat/OverCloud/backend/app/repositories/user.py", line 169, in get_by_email
    items, _ = self._query(
               ^^^^^^^^^^^^
  File "/Users/andyschwarz/Documents/Privat/OverCloud/backend/app/repositories/base.py", line 145, in _query
    response = self.table.query(**kwargs)
               ^^^^^^^^^^^^^^^^^^^^^^^^^^
  File "/Users/andyschwarz/Documents/Privat/OverCloud/backend/.venv/lib/python3.11/site-packages/boto3/resources/factory.py", line 581, in do_action
    response = action(self, *args, **kwargs)
               ^^^^^^^^^^^^^^^^^^^^^^^^^^^^^
  File "/Users/andyschwarz/Documents/Privat/OverCloud/backend/.venv/lib/python3.11/site-packages/boto3/resources/action.py", line 88, in __call__
    response = getattr(parent.meta.client, operation_name)(*args, **params)
               ^^^^^^^^^^^^^^^^^^^^^^^^^^^^^^^^^^^^^^^^^^^^^^^^^^^^^^^^^^^^
  File "/Users/andyschwarz/Documents/Privat/OverCloud/backend/.venv/lib/python3.11/site-packages/botocore/client.py", line 602, in _api_call
    return self._make_api_call(operation_name, kwargs)
           ^^^^^^^^^^^^^^^^^^^^^^^^^^^^^^^^^^^^^^^^^^^
  File "/Users/andyschwarz/Documents/Privat/OverCloud/backend/.venv/lib/python3.11/site-packages/botocore/context.py", line 123, in wrapper
    return func(*args, **kwargs)
           ^^^^^^^^^^^^^^^^^^^^^
  File "/Users/andyschwarz/Documents/Privat/OverCloud/backend/.venv/lib/python3.11/site-packages/botocore/client.py", line 1060, in _make_api_call
    http, parsed_response = self._make_request(
                            ^^^^^^^^^^^^^^^^^^^
  File "/Users/andyschwarz/Documents/Privat/OverCloud/backend/.venv/lib/python3.11/site-packages/botocore/client.py", line 1084, in _make_request
    return self._endpoint.make_request(operation_model, request_dict)
           ^^^^^^^^^^^^^^^^^^^^^^^^^^^^^^^^^^^^^^^^^^^^^^^^^^^^^^^^^^
  File "/Users/andyschwarz/Documents/Privat/OverCloud/backend/.venv/lib/python3.11/site-packages/botocore/endpoint.py", line 119, in make_request
    return self._send_request(request_dict, operation_model)
           ^^^^^^^^^^^^^^^^^^^^^^^^^^^^^^^^^^^^^^^^^^^^^^^^^
  File "/Users/andyschwarz/Documents/Privat/OverCloud/backend/.venv/lib/python3.11/site-packages/botocore/endpoint.py", line 200, in _send_request
    while self._needs_retry(
          ^^^^^^^^^^^^^^^^^^
  File "/Users/andyschwarz/Documents/Privat/OverCloud/backend/.venv/lib/python3.11/site-packages/botocore/endpoint.py", line 360, in _needs_retry
    responses = self._event_emitter.emit(
                ^^^^^^^^^^^^^^^^^^^^^^^^^
  File "/Users/andyschwarz/Documents/Privat/OverCloud/backend/.venv/lib/python3.11/site-packages/botocore/hooks.py", line 412, in emit
    return self._emitter.emit(aliased_event_name, **kwargs)
           ^^^^^^^^^^^^^^^^^^^^^^^^^^^^^^^^^^^^^^^^^^^^^^^^
  File "/Users/andyschwarz/Documents/Privat/OverCloud/backend/.venv/lib/python3.11/site-packages/botocore/hooks.py", line 256, in emit
    return self._emit(event_name, kwargs)
           ^^^^^^^^^^^^^^^^^^^^^^^^^^^^^^
  File "/Users/andyschwarz/Documents/Privat/OverCloud/backend/.venv/lib/python3.11/site-packages/botocore/hooks.py", line 239, in _emit
    response = handler(**kwargs)
               ^^^^^^^^^^^^^^^^^
  File "/Users/andyschwarz/Documents/Privat/OverCloud/backend/.venv/lib/python3.11/site-packages/botocore/retryhandler.py", line 207, in __call__
    if self._checker(**checker_kwargs):
       ^^^^^^^^^^^^^^^^^^^^^^^^^^^^^^^
  File "/Users/andyschwarz/Documents/Privat/OverCloud/backend/.venv/lib/python3.11/site-packages/botocore/retryhandler.py", line 284, in __call__
    should_retry = self._should_retry(
                   ^^^^^^^^^^^^^^^^^^^
  File "/Users/andyschwarz/Documents/Privat/OverCloud/backend/.venv/lib/python3.11/site-packages/botocore/retryhandler.py", line 320, in _should_retry
    return self._checker(attempt_number, response, caught_exception)
           ^^^^^^^^^^^^^^^^^^^^^^^^^^^^^^^^^^^^^^^^^^^^^^^^^^^^^^^^^
  File "/Users/andyschwarz/Documents/Privat/OverCloud/backend/.venv/lib/python3.11/site-packages/botocore/retryhandler.py", line 363, in __call__
    checker_response = checker(
                       ^^^^^^^^
  File "/Users/andyschwarz/Documents/Privat/OverCloud/backend/.venv/lib/python3.11/site-packages/botocore/retryhandler.py", line 247, in __call__
    return self._check_caught_exception(
           ^^^^^^^^^^^^^^^^^^^^^^^^^^^^^
  File "/Users/andyschwarz/Documents/Privat/OverCloud/backend/.venv/lib/python3.11/site-packages/botocore/retryhandler.py", line 416, in _check_caught_exception
    raise caught_exception
  File "/Users/andyschwarz/Documents/Privat/OverCloud/backend/.venv/lib/python3.11/site-packages/botocore/endpoint.py", line 279, in _do_get_response
    http_response = self._send(request)
                    ^^^^^^^^^^^^^^^^^^^
  File "/Users/andyschwarz/Documents/Privat/OverCloud/backend/.venv/lib/python3.11/site-packages/botocore/endpoint.py", line 383, in _send
    return self.http_session.send(request)
           ^^^^^^^^^^^^^^^^^^^^^^^^^^^^^^^
  File "/Users/andyschwarz/Documents/Privat/OverCloud/backend/.venv/lib/python3.11/site-packages/botocore/httpsession.py", line 506, in send
    raise EndpointConnectionError(endpoint_url=request.url, error=e)
botocore.exceptions.EndpointConnectionError: Could not connect to the endpoint URL: "http://localhost:8001/"
_ ERROR at setup of TestIDORPrevention.test_user_cannot_update_other_user_profile _
.venv/lib/python3.11/site-packages/urllib3/connection.py:204: in _new_conn
    sock = connection.create_connection(
.venv/lib/python3.11/site-packages/urllib3/util/connection.py:85: in create_connection
    raise err
.venv/lib/python3.11/site-packages/urllib3/util/connection.py:73: in create_connection
    sock.connect(sa)
E   ConnectionRefusedError: [Errno 61] Connection refused

The above exception was the direct cause of the following exception:
.venv/lib/python3.11/site-packages/botocore/httpsession.py:477: in send
    urllib_response = conn.urlopen(
.venv/lib/python3.11/site-packages/urllib3/connectionpool.py:841: in urlopen
    retries = retries.increment(
.venv/lib/python3.11/site-packages/urllib3/util/retry.py:465: in increment
    raise reraise(type(error), error, _stacktrace)
          ^^^^^^^^^^^^^^^^^^^^^^^^^^^^^^^^^^^^^^^^
.venv/lib/python3.11/site-packages/urllib3/util/util.py:39: in reraise
    raise value
.venv/lib/python3.11/site-packages/urllib3/connectionpool.py:787: in urlopen
    response = self._make_request(
.venv/lib/python3.11/site-packages/urllib3/connectionpool.py:493: in _make_request
    conn.request(
.venv/lib/python3.11/site-packages/botocore/awsrequest.py:96: in request
    rval = super().request(method, url, body, headers, *args, **kwargs)
           ^^^^^^^^^^^^^^^^^^^^^^^^^^^^^^^^^^^^^^^^^^^^^^^^^^^^^^^^^^^^
.venv/lib/python3.11/site-packages/urllib3/connection.py:500: in request
    self.endheaders()
/opt/homebrew/Cellar/python@3.11/3.11.15/Frameworks/Python.framework/Versions/3.11/lib/python3.11/http/client.py:1318: in endheaders
    self._send_output(message_body, encode_chunked=encode_chunked)
.venv/lib/python3.11/site-packages/botocore/awsrequest.py:123: in _send_output
    self.send(msg)
.venv/lib/python3.11/site-packages/botocore/awsrequest.py:223: in send
    return super().send(str)
           ^^^^^^^^^^^^^^^^^
/opt/homebrew/Cellar/python@3.11/3.11.15/Frameworks/Python.framework/Versions/3.11/lib/python3.11/http/client.py:1016: in send
    self.connect()
.venv/lib/python3.11/site-packages/urllib3/connection.py:331: in connect
    self.sock = self._new_conn()
                ^^^^^^^^^^^^^^^^
.venv/lib/python3.11/site-packages/urllib3/connection.py:219: in _new_conn
    raise NewConnectionError(
E   urllib3.exceptions.NewConnectionError: AWSHTTPConnection(host='localhost', port=8001): Failed to establish a new connection: [Errno 61] Connection refused

The above exception was the direct cause of the following exception:
tests/integration/test_idor_prevention.py:30: in test_users
    response_a = client.post("/api/v1/auth/register", json={
.venv/lib/python3.11/site-packages/starlette/testclient.py:546: in post
    return super().post(
.venv/lib/python3.11/site-packages/httpx/_client.py:1144: in post
    return self.request(
.venv/lib/python3.11/site-packages/starlette/testclient.py:445: in request
    return super().request(
.venv/lib/python3.11/site-packages/httpx/_client.py:825: in request
    return self.send(request, auth=auth, follow_redirects=follow_redirects)
           ^^^^^^^^^^^^^^^^^^^^^^^^^^^^^^^^^^^^^^^^^^^^^^^^^^^^^^^^^^^^^^^^
.venv/lib/python3.11/site-packages/httpx/_client.py:914: in send
    response = self._send_handling_auth(
.venv/lib/python3.11/site-packages/httpx/_client.py:942: in _send_handling_auth
    response = self._send_handling_redirects(
.venv/lib/python3.11/site-packages/httpx/_client.py:979: in _send_handling_redirects
    response = self._send_single_request(request)
               ^^^^^^^^^^^^^^^^^^^^^^^^^^^^^^^^^^
.venv/lib/python3.11/site-packages/httpx/_client.py:1014: in _send_single_request
    response = transport.handle_request(request)
               ^^^^^^^^^^^^^^^^^^^^^^^^^^^^^^^^^
.venv/lib/python3.11/site-packages/starlette/testclient.py:348: in handle_request
    raise exc
.venv/lib/python3.11/site-packages/starlette/testclient.py:345: in handle_request
    portal.call(self.app, scope, receive, send)
.venv/lib/python3.11/site-packages/anyio/from_thread.py:334: in call
    return cast(T_Retval, self.start_task_soon(func, *args).result())
                          ^^^^^^^^^^^^^^^^^^^^^^^^^^^^^^^^^^^^^^^^^^
/opt/homebrew/Cellar/python@3.11/3.11.15/Frameworks/Python.framework/Versions/3.11/lib/python3.11/concurrent/futures/_base.py:456: in result
    return self.__get_result()
           ^^^^^^^^^^^^^^^^^^^
/opt/homebrew/Cellar/python@3.11/3.11.15/Frameworks/Python.framework/Versions/3.11/lib/python3.11/concurrent/futures/_base.py:401: in __get_result
    raise self._exception
.venv/lib/python3.11/site-packages/anyio/from_thread.py:259: in _call_func
    retval = await retval_or_awaitable
             ^^^^^^^^^^^^^^^^^^^^^^^^^
.venv/lib/python3.11/site-packages/fastapi/applications.py:1160: in __call__
    await super().__call__(scope, receive, send)
.venv/lib/python3.11/site-packages/starlette/applications.py:90: in __call__
    await self.middleware_stack(scope, receive, send)
.venv/lib/python3.11/site-packages/starlette/middleware/errors.py:176: in __call__
    response = await self.handler(request, exc)
               ^^^^^^^^^^^^^^^^^^^^^^^^^^^^^^^^
app/main.py:129: in generic_exception_handler
    raise exc
.venv/lib/python3.11/site-packages/starlette/middleware/errors.py:164: in __call__
    await self.app(scope, receive, _send)
.venv/lib/python3.11/site-packages/starlette/middleware/base.py:191: in __call__
    with recv_stream, send_stream, collapse_excgroups():
/opt/homebrew/Cellar/python@3.11/3.11.15/Frameworks/Python.framework/Versions/3.11/lib/python3.11/contextlib.py:158: in __exit__
    self.gen.throw(typ, value, traceback)
.venv/lib/python3.11/site-packages/starlette/_utils.py:87: in collapse_excgroups
    raise exc
.venv/lib/python3.11/site-packages/starlette/middleware/base.py:193: in __call__
    response = await self.dispatch_func(request, call_next)
               ^^^^^^^^^^^^^^^^^^^^^^^^^^^^^^^^^^^^^^^^^^^^
app/main.py:61: in add_security_headers
    response = await call_next(request)
               ^^^^^^^^^^^^^^^^^^^^^^^^
.venv/lib/python3.11/site-packages/starlette/middleware/base.py:168: in call_next
    raise app_exc from app_exc.__cause__ or app_exc.__context__
.venv/lib/python3.11/site-packages/starlette/middleware/base.py:144: in coro
    await self.app(scope, receive_or_disconnect, send_no_error)
.venv/lib/python3.11/site-packages/starlette/middleware/cors.py:88: in __call__
    await self.app(scope, receive, send)
.venv/lib/python3.11/site-packages/starlette/middleware/exceptions.py:63: in __call__
    await wrap_app_handling_exceptions(self.app, conn)(scope, receive, send)
.venv/lib/python3.11/site-packages/starlette/_exception_handler.py:53: in wrapped_app
    raise exc
.venv/lib/python3.11/site-packages/starlette/_exception_handler.py:42: in wrapped_app
    await app(scope, receive, sender)
.venv/lib/python3.11/site-packages/fastapi/middleware/asyncexitstack.py:18: in __call__
    await self.app(scope, receive, send)
.venv/lib/python3.11/site-packages/starlette/routing.py:660: in __call__
    await self.middleware_stack(scope, receive, send)
.venv/lib/python3.11/site-packages/starlette/routing.py:680: in app
    await route.handle(scope, receive, send)
.venv/lib/python3.11/site-packages/starlette/routing.py:276: in handle
    await self.app(scope, receive, send)
.venv/lib/python3.11/site-packages/fastapi/routing.py:130: in app
    await wrap_app_handling_exceptions(app, request)(scope, receive, send)
.venv/lib/python3.11/site-packages/starlette/_exception_handler.py:53: in wrapped_app
    raise exc
.venv/lib/python3.11/site-packages/starlette/_exception_handler.py:42: in wrapped_app
    await app(scope, receive, sender)
.venv/lib/python3.11/site-packages/fastapi/routing.py:116: in app
    response = await f(request)
               ^^^^^^^^^^^^^^^^
.venv/lib/python3.11/site-packages/fastapi/routing.py:670: in app
    raw_response = await run_endpoint_function(
.venv/lib/python3.11/site-packages/fastapi/routing.py:324: in run_endpoint_function
    return await dependant.call(**values)
           ^^^^^^^^^^^^^^^^^^^^^^^^^^^^^^
.venv/lib/python3.11/site-packages/slowapi/extension.py:734: in async_wrapper
    response = await func(*args, **kwargs)  # type: ignore
               ^^^^^^^^^^^^^^^^^^^^^^^^^^^
app/api/auth.py:323: in register
    existing_user = user_repo.get_by_email(user_create.email)
                    ^^^^^^^^^^^^^^^^^^^^^^^^^^^^^^^^^^^^^^^^^
app/repositories/user.py:169: in get_by_email
    items, _ = self._query(
app/repositories/base.py:145: in _query
    response = self.table.query(**kwargs)
               ^^^^^^^^^^^^^^^^^^^^^^^^^^
.venv/lib/python3.11/site-packages/boto3/resources/factory.py:581: in do_action
    response = action(self, *args, **kwargs)
               ^^^^^^^^^^^^^^^^^^^^^^^^^^^^^
.venv/lib/python3.11/site-packages/boto3/resources/action.py:88: in __call__
    response = getattr(parent.meta.client, operation_name)(*args, **params)
               ^^^^^^^^^^^^^^^^^^^^^^^^^^^^^^^^^^^^^^^^^^^^^^^^^^^^^^^^^^^^
.venv/lib/python3.11/site-packages/botocore/client.py:602: in _api_call
    return self._make_api_call(operation_name, kwargs)
           ^^^^^^^^^^^^^^^^^^^^^^^^^^^^^^^^^^^^^^^^^^^
.venv/lib/python3.11/site-packages/botocore/context.py:123: in wrapper
    return func(*args, **kwargs)
           ^^^^^^^^^^^^^^^^^^^^^
.venv/lib/python3.11/site-packages/botocore/client.py:1060: in _make_api_call
    http, parsed_response = self._make_request(
.venv/lib/python3.11/site-packages/botocore/client.py:1084: in _make_request
    return self._endpoint.make_request(operation_model, request_dict)
           ^^^^^^^^^^^^^^^^^^^^^^^^^^^^^^^^^^^^^^^^^^^^^^^^^^^^^^^^^^
.venv/lib/python3.11/site-packages/botocore/endpoint.py:119: in make_request
    return self._send_request(request_dict, operation_model)
           ^^^^^^^^^^^^^^^^^^^^^^^^^^^^^^^^^^^^^^^^^^^^^^^^^
.venv/lib/python3.11/site-packages/botocore/endpoint.py:200: in _send_request
    while self._needs_retry(
.venv/lib/python3.11/site-packages/botocore/endpoint.py:360: in _needs_retry
    responses = self._event_emitter.emit(
.venv/lib/python3.11/site-packages/botocore/hooks.py:412: in emit
    return self._emitter.emit(aliased_event_name, **kwargs)
           ^^^^^^^^^^^^^^^^^^^^^^^^^^^^^^^^^^^^^^^^^^^^^^^^
.venv/lib/python3.11/site-packages/botocore/hooks.py:256: in emit
    return self._emit(event_name, kwargs)
           ^^^^^^^^^^^^^^^^^^^^^^^^^^^^^^
.venv/lib/python3.11/site-packages/botocore/hooks.py:239: in _emit
    response = handler(**kwargs)
               ^^^^^^^^^^^^^^^^^
.venv/lib/python3.11/site-packages/botocore/retryhandler.py:207: in __call__
    if self._checker(**checker_kwargs):
       ^^^^^^^^^^^^^^^^^^^^^^^^^^^^^^^
.venv/lib/python3.11/site-packages/botocore/retryhandler.py:284: in __call__
    should_retry = self._should_retry(
.venv/lib/python3.11/site-packages/botocore/retryhandler.py:320: in _should_retry
    return self._checker(attempt_number, response, caught_exception)
           ^^^^^^^^^^^^^^^^^^^^^^^^^^^^^^^^^^^^^^^^^^^^^^^^^^^^^^^^^
.venv/lib/python3.11/site-packages/botocore/retryhandler.py:363: in __call__
    checker_response = checker(
.venv/lib/python3.11/site-packages/botocore/retryhandler.py:247: in __call__
    return self._check_caught_exception(
.venv/lib/python3.11/site-packages/botocore/retryhandler.py:416: in _check_caught_exception
    raise caught_exception
.venv/lib/python3.11/site-packages/botocore/endpoint.py:279: in _do_get_response
    http_response = self._send(request)
                    ^^^^^^^^^^^^^^^^^^^
.venv/lib/python3.11/site-packages/botocore/endpoint.py:383: in _send
    return self.http_session.send(request)
           ^^^^^^^^^^^^^^^^^^^^^^^^^^^^^^^
.venv/lib/python3.11/site-packages/botocore/httpsession.py:506: in send
    raise EndpointConnectionError(endpoint_url=request.url, error=e)
E   botocore.exceptions.EndpointConnectionError: Could not connect to the endpoint URL: "http://localhost:8001/"
---------------------------- Captured stdout setup -----------------------------
2026-05-17 20:08:01 - app.main - ERROR - Unhandled exception: Could not connect to the endpoint URL: "http://localhost:8001/"
Traceback (most recent call last):
  File "/Users/andyschwarz/Documents/Privat/OverCloud/backend/.venv/lib/python3.11/site-packages/urllib3/connection.py", line 204, in _new_conn
    sock = connection.create_connection(
           ^^^^^^^^^^^^^^^^^^^^^^^^^^^^^
  File "/Users/andyschwarz/Documents/Privat/OverCloud/backend/.venv/lib/python3.11/site-packages/urllib3/util/connection.py", line 85, in create_connection
    raise err
  File "/Users/andyschwarz/Documents/Privat/OverCloud/backend/.venv/lib/python3.11/site-packages/urllib3/util/connection.py", line 73, in create_connection
    sock.connect(sa)
ConnectionRefusedError: [Errno 61] Connection refused

The above exception was the direct cause of the following exception:

Traceback (most recent call last):
  File "/Users/andyschwarz/Documents/Privat/OverCloud/backend/.venv/lib/python3.11/site-packages/botocore/httpsession.py", line 477, in send
    urllib_response = conn.urlopen(
                      ^^^^^^^^^^^^^
  File "/Users/andyschwarz/Documents/Privat/OverCloud/backend/.venv/lib/python3.11/site-packages/urllib3/connectionpool.py", line 841, in urlopen
    retries = retries.increment(
              ^^^^^^^^^^^^^^^^^^
  File "/Users/andyschwarz/Documents/Privat/OverCloud/backend/.venv/lib/python3.11/site-packages/urllib3/util/retry.py", line 465, in increment
    raise reraise(type(error), error, _stacktrace)
          ^^^^^^^^^^^^^^^^^^^^^^^^^^^^^^^^^^^^^^^^
  File "/Users/andyschwarz/Documents/Privat/OverCloud/backend/.venv/lib/python3.11/site-packages/urllib3/util/util.py", line 39, in reraise
    raise value
  File "/Users/andyschwarz/Documents/Privat/OverCloud/backend/.venv/lib/python3.11/site-packages/urllib3/connectionpool.py", line 787, in urlopen
    response = self._make_request(
               ^^^^^^^^^^^^^^^^^^^
  File "/Users/andyschwarz/Documents/Privat/OverCloud/backend/.venv/lib/python3.11/site-packages/urllib3/connectionpool.py", line 493, in _make_request
    conn.request(
  File "/Users/andyschwarz/Documents/Privat/OverCloud/backend/.venv/lib/python3.11/site-packages/botocore/awsrequest.py", line 96, in request
    rval = super().request(method, url, body, headers, *args, **kwargs)
           ^^^^^^^^^^^^^^^^^^^^^^^^^^^^^^^^^^^^^^^^^^^^^^^^^^^^^^^^^^^^
  File "/Users/andyschwarz/Documents/Privat/OverCloud/backend/.venv/lib/python3.11/site-packages/urllib3/connection.py", line 500, in request
    self.endheaders()
  File "/opt/homebrew/Cellar/python@3.11/3.11.15/Frameworks/Python.framework/Versions/3.11/lib/python3.11/http/client.py", line 1318, in endheaders
    self._send_output(message_body, encode_chunked=encode_chunked)
  File "/Users/andyschwarz/Documents/Privat/OverCloud/backend/.venv/lib/python3.11/site-packages/botocore/awsrequest.py", line 123, in _send_output
    self.send(msg)
  File "/Users/andyschwarz/Documents/Privat/OverCloud/backend/.venv/lib/python3.11/site-packages/botocore/awsrequest.py", line 223, in send
    return super().send(str)
           ^^^^^^^^^^^^^^^^^
  File "/opt/homebrew/Cellar/python@3.11/3.11.15/Frameworks/Python.framework/Versions/3.11/lib/python3.11/http/client.py", line 1016, in send
    self.connect()
  File "/Users/andyschwarz/Documents/Privat/OverCloud/backend/.venv/lib/python3.11/site-packages/urllib3/connection.py", line 331, in connect
    self.sock = self._new_conn()
                ^^^^^^^^^^^^^^^^
  File "/Users/andyschwarz/Documents/Privat/OverCloud/backend/.venv/lib/python3.11/site-packages/urllib3/connection.py", line 219, in _new_conn
    raise NewConnectionError(
urllib3.exceptions.NewConnectionError: AWSHTTPConnection(host='localhost', port=8001): Failed to establish a new connection: [Errno 61] Connection refused

The above exception was the direct cause of the following exception:

Traceback (most recent call last):
  File "/Users/andyschwarz/Documents/Privat/OverCloud/backend/.venv/lib/python3.11/site-packages/starlette/middleware/errors.py", line 164, in __call__
    await self.app(scope, receive, _send)
  File "/Users/andyschwarz/Documents/Privat/OverCloud/backend/.venv/lib/python3.11/site-packages/starlette/middleware/base.py", line 191, in __call__
    with recv_stream, send_stream, collapse_excgroups():
  File "/opt/homebrew/Cellar/python@3.11/3.11.15/Frameworks/Python.framework/Versions/3.11/lib/python3.11/contextlib.py", line 158, in __exit__
    self.gen.throw(typ, value, traceback)
  File "/Users/andyschwarz/Documents/Privat/OverCloud/backend/.venv/lib/python3.11/site-packages/starlette/_utils.py", line 87, in collapse_excgroups
    raise exc
  File "/Users/andyschwarz/Documents/Privat/OverCloud/backend/.venv/lib/python3.11/site-packages/starlette/middleware/base.py", line 193, in __call__
    response = await self.dispatch_func(request, call_next)
               ^^^^^^^^^^^^^^^^^^^^^^^^^^^^^^^^^^^^^^^^^^^^
  File "/Users/andyschwarz/Documents/Privat/OverCloud/backend/app/main.py", line 61, in add_security_headers
    response = await call_next(request)
               ^^^^^^^^^^^^^^^^^^^^^^^^
  File "/Users/andyschwarz/Documents/Privat/OverCloud/backend/.venv/lib/python3.11/site-packages/starlette/middleware/base.py", line 168, in call_next
    raise app_exc from app_exc.__cause__ or app_exc.__context__
  File "/Users/andyschwarz/Documents/Privat/OverCloud/backend/.venv/lib/python3.11/site-packages/starlette/middleware/base.py", line 144, in coro
    await self.app(scope, receive_or_disconnect, send_no_error)
  File "/Users/andyschwarz/Documents/Privat/OverCloud/backend/.venv/lib/python3.11/site-packages/starlette/middleware/cors.py", line 88, in __call__
    await self.app(scope, receive, send)
  File "/Users/andyschwarz/Documents/Privat/OverCloud/backend/.venv/lib/python3.11/site-packages/starlette/middleware/exceptions.py", line 63, in __call__
    await wrap_app_handling_exceptions(self.app, conn)(scope, receive, send)
  File "/Users/andyschwarz/Documents/Privat/OverCloud/backend/.venv/lib/python3.11/site-packages/starlette/_exception_handler.py", line 53, in wrapped_app
    raise exc
  File "/Users/andyschwarz/Documents/Privat/OverCloud/backend/.venv/lib/python3.11/site-packages/starlette/_exception_handler.py", line 42, in wrapped_app
    await app(scope, receive, sender)
  File "/Users/andyschwarz/Documents/Privat/OverCloud/backend/.venv/lib/python3.11/site-packages/fastapi/middleware/asyncexitstack.py", line 18, in __call__
    await self.app(scope, receive, send)
  File "/Users/andyschwarz/Documents/Privat/OverCloud/backend/.venv/lib/python3.11/site-packages/starlette/routing.py", line 660, in __call__
    await self.middleware_stack(scope, receive, send)
  File "/Users/andyschwarz/Documents/Privat/OverCloud/backend/.venv/lib/python3.11/site-packages/starlette/routing.py", line 680, in app
    await route.handle(scope, receive, send)
  File "/Users/andyschwarz/Documents/Privat/OverCloud/backend/.venv/lib/python3.11/site-packages/starlette/routing.py", line 276, in handle
    await self.app(scope, receive, send)
  File "/Users/andyschwarz/Documents/Privat/OverCloud/backend/.venv/lib/python3.11/site-packages/fastapi/routing.py", line 130, in app
    await wrap_app_handling_exceptions(app, request)(scope, receive, send)
  File "/Users/andyschwarz/Documents/Privat/OverCloud/backend/.venv/lib/python3.11/site-packages/starlette/_exception_handler.py", line 53, in wrapped_app
    raise exc
  File "/Users/andyschwarz/Documents/Privat/OverCloud/backend/.venv/lib/python3.11/site-packages/starlette/_exception_handler.py", line 42, in wrapped_app
    await app(scope, receive, sender)
  File "/Users/andyschwarz/Documents/Privat/OverCloud/backend/.venv/lib/python3.11/site-packages/fastapi/routing.py", line 116, in app
    response = await f(request)
               ^^^^^^^^^^^^^^^^
  File "/Users/andyschwarz/Documents/Privat/OverCloud/backend/.venv/lib/python3.11/site-packages/fastapi/routing.py", line 670, in app
    raw_response = await run_endpoint_function(
                   ^^^^^^^^^^^^^^^^^^^^^^^^^^^^
  File "/Users/andyschwarz/Documents/Privat/OverCloud/backend/.venv/lib/python3.11/site-packages/fastapi/routing.py", line 324, in run_endpoint_function
    return await dependant.call(**values)
           ^^^^^^^^^^^^^^^^^^^^^^^^^^^^^^
  File "/Users/andyschwarz/Documents/Privat/OverCloud/backend/.venv/lib/python3.11/site-packages/slowapi/extension.py", line 734, in async_wrapper
    response = await func(*args, **kwargs)  # type: ignore
               ^^^^^^^^^^^^^^^^^^^^^^^^^^^
  File "/Users/andyschwarz/Documents/Privat/OverCloud/backend/app/api/auth.py", line 323, in register
    existing_user = user_repo.get_by_email(user_create.email)
                    ^^^^^^^^^^^^^^^^^^^^^^^^^^^^^^^^^^^^^^^^^
  File "/Users/andyschwarz/Documents/Privat/OverCloud/backend/app/repositories/user.py", line 169, in get_by_email
    items, _ = self._query(
               ^^^^^^^^^^^^
  File "/Users/andyschwarz/Documents/Privat/OverCloud/backend/app/repositories/base.py", line 145, in _query
    response = self.table.query(**kwargs)
               ^^^^^^^^^^^^^^^^^^^^^^^^^^
  File "/Users/andyschwarz/Documents/Privat/OverCloud/backend/.venv/lib/python3.11/site-packages/boto3/resources/factory.py", line 581, in do_action
    response = action(self, *args, **kwargs)
               ^^^^^^^^^^^^^^^^^^^^^^^^^^^^^
  File "/Users/andyschwarz/Documents/Privat/OverCloud/backend/.venv/lib/python3.11/site-packages/boto3/resources/action.py", line 88, in __call__
    response = getattr(parent.meta.client, operation_name)(*args, **params)
               ^^^^^^^^^^^^^^^^^^^^^^^^^^^^^^^^^^^^^^^^^^^^^^^^^^^^^^^^^^^^
  File "/Users/andyschwarz/Documents/Privat/OverCloud/backend/.venv/lib/python3.11/site-packages/botocore/client.py", line 602, in _api_call
    return self._make_api_call(operation_name, kwargs)
           ^^^^^^^^^^^^^^^^^^^^^^^^^^^^^^^^^^^^^^^^^^^
  File "/Users/andyschwarz/Documents/Privat/OverCloud/backend/.venv/lib/python3.11/site-packages/botocore/context.py", line 123, in wrapper
    return func(*args, **kwargs)
           ^^^^^^^^^^^^^^^^^^^^^
  File "/Users/andyschwarz/Documents/Privat/OverCloud/backend/.venv/lib/python3.11/site-packages/botocore/client.py", line 1060, in _make_api_call
    http, parsed_response = self._make_request(
                            ^^^^^^^^^^^^^^^^^^^
  File "/Users/andyschwarz/Documents/Privat/OverCloud/backend/.venv/lib/python3.11/site-packages/botocore/client.py", line 1084, in _make_request
    return self._endpoint.make_request(operation_model, request_dict)
           ^^^^^^^^^^^^^^^^^^^^^^^^^^^^^^^^^^^^^^^^^^^^^^^^^^^^^^^^^^
  File "/Users/andyschwarz/Documents/Privat/OverCloud/backend/.venv/lib/python3.11/site-packages/botocore/endpoint.py", line 119, in make_request
    return self._send_request(request_dict, operation_model)
           ^^^^^^^^^^^^^^^^^^^^^^^^^^^^^^^^^^^^^^^^^^^^^^^^^
  File "/Users/andyschwarz/Documents/Privat/OverCloud/backend/.venv/lib/python3.11/site-packages/botocore/endpoint.py", line 200, in _send_request
    while self._needs_retry(
          ^^^^^^^^^^^^^^^^^^
  File "/Users/andyschwarz/Documents/Privat/OverCloud/backend/.venv/lib/python3.11/site-packages/botocore/endpoint.py", line 360, in _needs_retry
    responses = self._event_emitter.emit(
                ^^^^^^^^^^^^^^^^^^^^^^^^^
  File "/Users/andyschwarz/Documents/Privat/OverCloud/backend/.venv/lib/python3.11/site-packages/botocore/hooks.py", line 412, in emit
    return self._emitter.emit(aliased_event_name, **kwargs)
           ^^^^^^^^^^^^^^^^^^^^^^^^^^^^^^^^^^^^^^^^^^^^^^^^
  File "/Users/andyschwarz/Documents/Privat/OverCloud/backend/.venv/lib/python3.11/site-packages/botocore/hooks.py", line 256, in emit
    return self._emit(event_name, kwargs)
           ^^^^^^^^^^^^^^^^^^^^^^^^^^^^^^
  File "/Users/andyschwarz/Documents/Privat/OverCloud/backend/.venv/lib/python3.11/site-packages/botocore/hooks.py", line 239, in _emit
    response = handler(**kwargs)
               ^^^^^^^^^^^^^^^^^
  File "/Users/andyschwarz/Documents/Privat/OverCloud/backend/.venv/lib/python3.11/site-packages/botocore/retryhandler.py", line 207, in __call__
    if self._checker(**checker_kwargs):
       ^^^^^^^^^^^^^^^^^^^^^^^^^^^^^^^
  File "/Users/andyschwarz/Documents/Privat/OverCloud/backend/.venv/lib/python3.11/site-packages/botocore/retryhandler.py", line 284, in __call__
    should_retry = self._should_retry(
                   ^^^^^^^^^^^^^^^^^^^
  File "/Users/andyschwarz/Documents/Privat/OverCloud/backend/.venv/lib/python3.11/site-packages/botocore/retryhandler.py", line 320, in _should_retry
    return self._checker(attempt_number, response, caught_exception)
           ^^^^^^^^^^^^^^^^^^^^^^^^^^^^^^^^^^^^^^^^^^^^^^^^^^^^^^^^^
  File "/Users/andyschwarz/Documents/Privat/OverCloud/backend/.venv/lib/python3.11/site-packages/botocore/retryhandler.py", line 363, in __call__
    checker_response = checker(
                       ^^^^^^^^
  File "/Users/andyschwarz/Documents/Privat/OverCloud/backend/.venv/lib/python3.11/site-packages/botocore/retryhandler.py", line 247, in __call__
    return self._check_caught_exception(
           ^^^^^^^^^^^^^^^^^^^^^^^^^^^^^
  File "/Users/andyschwarz/Documents/Privat/OverCloud/backend/.venv/lib/python3.11/site-packages/botocore/retryhandler.py", line 416, in _check_caught_exception
    raise caught_exception
  File "/Users/andyschwarz/Documents/Privat/OverCloud/backend/.venv/lib/python3.11/site-packages/botocore/endpoint.py", line 279, in _do_get_response
    http_response = self._send(request)
                    ^^^^^^^^^^^^^^^^^^^
  File "/Users/andyschwarz/Documents/Privat/OverCloud/backend/.venv/lib/python3.11/site-packages/botocore/endpoint.py", line 383, in _send
    return self.http_session.send(request)
           ^^^^^^^^^^^^^^^^^^^^^^^^^^^^^^^
  File "/Users/andyschwarz/Documents/Privat/OverCloud/backend/.venv/lib/python3.11/site-packages/botocore/httpsession.py", line 506, in send
    raise EndpointConnectionError(endpoint_url=request.url, error=e)
botocore.exceptions.EndpointConnectionError: Could not connect to the endpoint URL: "http://localhost:8001/"
------------------------------ Captured log setup ------------------------------
ERROR    app.main:main.py:112 Unhandled exception: Could not connect to the endpoint URL: "http://localhost:8001/"
Traceback (most recent call last):
  File "/Users/andyschwarz/Documents/Privat/OverCloud/backend/.venv/lib/python3.11/site-packages/urllib3/connection.py", line 204, in _new_conn
    sock = connection.create_connection(
           ^^^^^^^^^^^^^^^^^^^^^^^^^^^^^
  File "/Users/andyschwarz/Documents/Privat/OverCloud/backend/.venv/lib/python3.11/site-packages/urllib3/util/connection.py", line 85, in create_connection
    raise err
  File "/Users/andyschwarz/Documents/Privat/OverCloud/backend/.venv/lib/python3.11/site-packages/urllib3/util/connection.py", line 73, in create_connection
    sock.connect(sa)
ConnectionRefusedError: [Errno 61] Connection refused

The above exception was the direct cause of the following exception:

Traceback (most recent call last):
  File "/Users/andyschwarz/Documents/Privat/OverCloud/backend/.venv/lib/python3.11/site-packages/botocore/httpsession.py", line 477, in send
    urllib_response = conn.urlopen(
                      ^^^^^^^^^^^^^
  File "/Users/andyschwarz/Documents/Privat/OverCloud/backend/.venv/lib/python3.11/site-packages/urllib3/connectionpool.py", line 841, in urlopen
    retries = retries.increment(
              ^^^^^^^^^^^^^^^^^^
  File "/Users/andyschwarz/Documents/Privat/OverCloud/backend/.venv/lib/python3.11/site-packages/urllib3/util/retry.py", line 465, in increment
    raise reraise(type(error), error, _stacktrace)
          ^^^^^^^^^^^^^^^^^^^^^^^^^^^^^^^^^^^^^^^^
  File "/Users/andyschwarz/Documents/Privat/OverCloud/backend/.venv/lib/python3.11/site-packages/urllib3/util/util.py", line 39, in reraise
    raise value
  File "/Users/andyschwarz/Documents/Privat/OverCloud/backend/.venv/lib/python3.11/site-packages/urllib3/connectionpool.py", line 787, in urlopen
    response = self._make_request(
               ^^^^^^^^^^^^^^^^^^^
  File "/Users/andyschwarz/Documents/Privat/OverCloud/backend/.venv/lib/python3.11/site-packages/urllib3/connectionpool.py", line 493, in _make_request
    conn.request(
  File "/Users/andyschwarz/Documents/Privat/OverCloud/backend/.venv/lib/python3.11/site-packages/botocore/awsrequest.py", line 96, in request
    rval = super().request(method, url, body, headers, *args, **kwargs)
           ^^^^^^^^^^^^^^^^^^^^^^^^^^^^^^^^^^^^^^^^^^^^^^^^^^^^^^^^^^^^
  File "/Users/andyschwarz/Documents/Privat/OverCloud/backend/.venv/lib/python3.11/site-packages/urllib3/connection.py", line 500, in request
    self.endheaders()
  File "/opt/homebrew/Cellar/python@3.11/3.11.15/Frameworks/Python.framework/Versions/3.11/lib/python3.11/http/client.py", line 1318, in endheaders
    self._send_output(message_body, encode_chunked=encode_chunked)
  File "/Users/andyschwarz/Documents/Privat/OverCloud/backend/.venv/lib/python3.11/site-packages/botocore/awsrequest.py", line 123, in _send_output
    self.send(msg)
  File "/Users/andyschwarz/Documents/Privat/OverCloud/backend/.venv/lib/python3.11/site-packages/botocore/awsrequest.py", line 223, in send
    return super().send(str)
           ^^^^^^^^^^^^^^^^^
  File "/opt/homebrew/Cellar/python@3.11/3.11.15/Frameworks/Python.framework/Versions/3.11/lib/python3.11/http/client.py", line 1016, in send
    self.connect()
  File "/Users/andyschwarz/Documents/Privat/OverCloud/backend/.venv/lib/python3.11/site-packages/urllib3/connection.py", line 331, in connect
    self.sock = self._new_conn()
                ^^^^^^^^^^^^^^^^
  File "/Users/andyschwarz/Documents/Privat/OverCloud/backend/.venv/lib/python3.11/site-packages/urllib3/connection.py", line 219, in _new_conn
    raise NewConnectionError(
urllib3.exceptions.NewConnectionError: AWSHTTPConnection(host='localhost', port=8001): Failed to establish a new connection: [Errno 61] Connection refused

The above exception was the direct cause of the following exception:

Traceback (most recent call last):
  File "/Users/andyschwarz/Documents/Privat/OverCloud/backend/.venv/lib/python3.11/site-packages/starlette/middleware/errors.py", line 164, in __call__
    await self.app(scope, receive, _send)
  File "/Users/andyschwarz/Documents/Privat/OverCloud/backend/.venv/lib/python3.11/site-packages/starlette/middleware/base.py", line 191, in __call__
    with recv_stream, send_stream, collapse_excgroups():
  File "/opt/homebrew/Cellar/python@3.11/3.11.15/Frameworks/Python.framework/Versions/3.11/lib/python3.11/contextlib.py", line 158, in __exit__
    self.gen.throw(typ, value, traceback)
  File "/Users/andyschwarz/Documents/Privat/OverCloud/backend/.venv/lib/python3.11/site-packages/starlette/_utils.py", line 87, in collapse_excgroups
    raise exc
  File "/Users/andyschwarz/Documents/Privat/OverCloud/backend/.venv/lib/python3.11/site-packages/starlette/middleware/base.py", line 193, in __call__
    response = await self.dispatch_func(request, call_next)
               ^^^^^^^^^^^^^^^^^^^^^^^^^^^^^^^^^^^^^^^^^^^^
  File "/Users/andyschwarz/Documents/Privat/OverCloud/backend/app/main.py", line 61, in add_security_headers
    response = await call_next(request)
               ^^^^^^^^^^^^^^^^^^^^^^^^
  File "/Users/andyschwarz/Documents/Privat/OverCloud/backend/.venv/lib/python3.11/site-packages/starlette/middleware/base.py", line 168, in call_next
    raise app_exc from app_exc.__cause__ or app_exc.__context__
  File "/Users/andyschwarz/Documents/Privat/OverCloud/backend/.venv/lib/python3.11/site-packages/starlette/middleware/base.py", line 144, in coro
    await self.app(scope, receive_or_disconnect, send_no_error)
  File "/Users/andyschwarz/Documents/Privat/OverCloud/backend/.venv/lib/python3.11/site-packages/starlette/middleware/cors.py", line 88, in __call__
    await self.app(scope, receive, send)
  File "/Users/andyschwarz/Documents/Privat/OverCloud/backend/.venv/lib/python3.11/site-packages/starlette/middleware/exceptions.py", line 63, in __call__
    await wrap_app_handling_exceptions(self.app, conn)(scope, receive, send)
  File "/Users/andyschwarz/Documents/Privat/OverCloud/backend/.venv/lib/python3.11/site-packages/starlette/_exception_handler.py", line 53, in wrapped_app
    raise exc
  File "/Users/andyschwarz/Documents/Privat/OverCloud/backend/.venv/lib/python3.11/site-packages/starlette/_exception_handler.py", line 42, in wrapped_app
    await app(scope, receive, sender)
  File "/Users/andyschwarz/Documents/Privat/OverCloud/backend/.venv/lib/python3.11/site-packages/fastapi/middleware/asyncexitstack.py", line 18, in __call__
    await self.app(scope, receive, send)
  File "/Users/andyschwarz/Documents/Privat/OverCloud/backend/.venv/lib/python3.11/site-packages/starlette/routing.py", line 660, in __call__
    await self.middleware_stack(scope, receive, send)
  File "/Users/andyschwarz/Documents/Privat/OverCloud/backend/.venv/lib/python3.11/site-packages/starlette/routing.py", line 680, in app
    await route.handle(scope, receive, send)
  File "/Users/andyschwarz/Documents/Privat/OverCloud/backend/.venv/lib/python3.11/site-packages/starlette/routing.py", line 276, in handle
    await self.app(scope, receive, send)
  File "/Users/andyschwarz/Documents/Privat/OverCloud/backend/.venv/lib/python3.11/site-packages/fastapi/routing.py", line 130, in app
    await wrap_app_handling_exceptions(app, request)(scope, receive, send)
  File "/Users/andyschwarz/Documents/Privat/OverCloud/backend/.venv/lib/python3.11/site-packages/starlette/_exception_handler.py", line 53, in wrapped_app
    raise exc
  File "/Users/andyschwarz/Documents/Privat/OverCloud/backend/.venv/lib/python3.11/site-packages/starlette/_exception_handler.py", line 42, in wrapped_app
    await app(scope, receive, sender)
  File "/Users/andyschwarz/Documents/Privat/OverCloud/backend/.venv/lib/python3.11/site-packages/fastapi/routing.py", line 116, in app
    response = await f(request)
               ^^^^^^^^^^^^^^^^
  File "/Users/andyschwarz/Documents/Privat/OverCloud/backend/.venv/lib/python3.11/site-packages/fastapi/routing.py", line 670, in app
    raw_response = await run_endpoint_function(
                   ^^^^^^^^^^^^^^^^^^^^^^^^^^^^
  File "/Users/andyschwarz/Documents/Privat/OverCloud/backend/.venv/lib/python3.11/site-packages/fastapi/routing.py", line 324, in run_endpoint_function
    return await dependant.call(**values)
           ^^^^^^^^^^^^^^^^^^^^^^^^^^^^^^
  File "/Users/andyschwarz/Documents/Privat/OverCloud/backend/.venv/lib/python3.11/site-packages/slowapi/extension.py", line 734, in async_wrapper
    response = await func(*args, **kwargs)  # type: ignore
               ^^^^^^^^^^^^^^^^^^^^^^^^^^^
  File "/Users/andyschwarz/Documents/Privat/OverCloud/backend/app/api/auth.py", line 323, in register
    existing_user = user_repo.get_by_email(user_create.email)
                    ^^^^^^^^^^^^^^^^^^^^^^^^^^^^^^^^^^^^^^^^^
  File "/Users/andyschwarz/Documents/Privat/OverCloud/backend/app/repositories/user.py", line 169, in get_by_email
    items, _ = self._query(
               ^^^^^^^^^^^^
  File "/Users/andyschwarz/Documents/Privat/OverCloud/backend/app/repositories/base.py", line 145, in _query
    response = self.table.query(**kwargs)
               ^^^^^^^^^^^^^^^^^^^^^^^^^^
  File "/Users/andyschwarz/Documents/Privat/OverCloud/backend/.venv/lib/python3.11/site-packages/boto3/resources/factory.py", line 581, in do_action
    response = action(self, *args, **kwargs)
               ^^^^^^^^^^^^^^^^^^^^^^^^^^^^^
  File "/Users/andyschwarz/Documents/Privat/OverCloud/backend/.venv/lib/python3.11/site-packages/boto3/resources/action.py", line 88, in __call__
    response = getattr(parent.meta.client, operation_name)(*args, **params)
               ^^^^^^^^^^^^^^^^^^^^^^^^^^^^^^^^^^^^^^^^^^^^^^^^^^^^^^^^^^^^
  File "/Users/andyschwarz/Documents/Privat/OverCloud/backend/.venv/lib/python3.11/site-packages/botocore/client.py", line 602, in _api_call
    return self._make_api_call(operation_name, kwargs)
           ^^^^^^^^^^^^^^^^^^^^^^^^^^^^^^^^^^^^^^^^^^^
  File "/Users/andyschwarz/Documents/Privat/OverCloud/backend/.venv/lib/python3.11/site-packages/botocore/context.py", line 123, in wrapper
    return func(*args, **kwargs)
           ^^^^^^^^^^^^^^^^^^^^^
  File "/Users/andyschwarz/Documents/Privat/OverCloud/backend/.venv/lib/python3.11/site-packages/botocore/client.py", line 1060, in _make_api_call
    http, parsed_response = self._make_request(
                            ^^^^^^^^^^^^^^^^^^^
  File "/Users/andyschwarz/Documents/Privat/OverCloud/backend/.venv/lib/python3.11/site-packages/botocore/client.py", line 1084, in _make_request
    return self._endpoint.make_request(operation_model, request_dict)
           ^^^^^^^^^^^^^^^^^^^^^^^^^^^^^^^^^^^^^^^^^^^^^^^^^^^^^^^^^^
  File "/Users/andyschwarz/Documents/Privat/OverCloud/backend/.venv/lib/python3.11/site-packages/botocore/endpoint.py", line 119, in make_request
    return self._send_request(request_dict, operation_model)
           ^^^^^^^^^^^^^^^^^^^^^^^^^^^^^^^^^^^^^^^^^^^^^^^^^
  File "/Users/andyschwarz/Documents/Privat/OverCloud/backend/.venv/lib/python3.11/site-packages/botocore/endpoint.py", line 200, in _send_request
    while self._needs_retry(
          ^^^^^^^^^^^^^^^^^^
  File "/Users/andyschwarz/Documents/Privat/OverCloud/backend/.venv/lib/python3.11/site-packages/botocore/endpoint.py", line 360, in _needs_retry
    responses = self._event_emitter.emit(
                ^^^^^^^^^^^^^^^^^^^^^^^^^
  File "/Users/andyschwarz/Documents/Privat/OverCloud/backend/.venv/lib/python3.11/site-packages/botocore/hooks.py", line 412, in emit
    return self._emitter.emit(aliased_event_name, **kwargs)
           ^^^^^^^^^^^^^^^^^^^^^^^^^^^^^^^^^^^^^^^^^^^^^^^^
  File "/Users/andyschwarz/Documents/Privat/OverCloud/backend/.venv/lib/python3.11/site-packages/botocore/hooks.py", line 256, in emit
    return self._emit(event_name, kwargs)
           ^^^^^^^^^^^^^^^^^^^^^^^^^^^^^^
  File "/Users/andyschwarz/Documents/Privat/OverCloud/backend/.venv/lib/python3.11/site-packages/botocore/hooks.py", line 239, in _emit
    response = handler(**kwargs)
               ^^^^^^^^^^^^^^^^^
  File "/Users/andyschwarz/Documents/Privat/OverCloud/backend/.venv/lib/python3.11/site-packages/botocore/retryhandler.py", line 207, in __call__
    if self._checker(**checker_kwargs):
       ^^^^^^^^^^^^^^^^^^^^^^^^^^^^^^^
  File "/Users/andyschwarz/Documents/Privat/OverCloud/backend/.venv/lib/python3.11/site-packages/botocore/retryhandler.py", line 284, in __call__
    should_retry = self._should_retry(
                   ^^^^^^^^^^^^^^^^^^^
  File "/Users/andyschwarz/Documents/Privat/OverCloud/backend/.venv/lib/python3.11/site-packages/botocore/retryhandler.py", line 320, in _should_retry
    return self._checker(attempt_number, response, caught_exception)
           ^^^^^^^^^^^^^^^^^^^^^^^^^^^^^^^^^^^^^^^^^^^^^^^^^^^^^^^^^
  File "/Users/andyschwarz/Documents/Privat/OverCloud/backend/.venv/lib/python3.11/site-packages/botocore/retryhandler.py", line 363, in __call__
    checker_response = checker(
                       ^^^^^^^^
  File "/Users/andyschwarz/Documents/Privat/OverCloud/backend/.venv/lib/python3.11/site-packages/botocore/retryhandler.py", line 247, in __call__
    return self._check_caught_exception(
           ^^^^^^^^^^^^^^^^^^^^^^^^^^^^^
  File "/Users/andyschwarz/Documents/Privat/OverCloud/backend/.venv/lib/python3.11/site-packages/botocore/retryhandler.py", line 416, in _check_caught_exception
    raise caught_exception
  File "/Users/andyschwarz/Documents/Privat/OverCloud/backend/.venv/lib/python3.11/site-packages/botocore/endpoint.py", line 279, in _do_get_response
    http_response = self._send(request)
                    ^^^^^^^^^^^^^^^^^^^
  File "/Users/andyschwarz/Documents/Privat/OverCloud/backend/.venv/lib/python3.11/site-packages/botocore/endpoint.py", line 383, in _send
    return self.http_session.send(request)
           ^^^^^^^^^^^^^^^^^^^^^^^^^^^^^^^
  File "/Users/andyschwarz/Documents/Privat/OverCloud/backend/.venv/lib/python3.11/site-packages/botocore/httpsession.py", line 506, in send
    raise EndpointConnectionError(endpoint_url=request.url, error=e)
botocore.exceptions.EndpointConnectionError: Could not connect to the endpoint URL: "http://localhost:8001/"
____ ERROR at setup of TestIDORPrevention.test_user_can_update_own_profile _____
.venv/lib/python3.11/site-packages/urllib3/connection.py:204: in _new_conn
    sock = connection.create_connection(
.venv/lib/python3.11/site-packages/urllib3/util/connection.py:85: in create_connection
    raise err
.venv/lib/python3.11/site-packages/urllib3/util/connection.py:73: in create_connection
    sock.connect(sa)
E   ConnectionRefusedError: [Errno 61] Connection refused

The above exception was the direct cause of the following exception:
.venv/lib/python3.11/site-packages/botocore/httpsession.py:477: in send
    urllib_response = conn.urlopen(
.venv/lib/python3.11/site-packages/urllib3/connectionpool.py:841: in urlopen
    retries = retries.increment(
.venv/lib/python3.11/site-packages/urllib3/util/retry.py:465: in increment
    raise reraise(type(error), error, _stacktrace)
          ^^^^^^^^^^^^^^^^^^^^^^^^^^^^^^^^^^^^^^^^
.venv/lib/python3.11/site-packages/urllib3/util/util.py:39: in reraise
    raise value
.venv/lib/python3.11/site-packages/urllib3/connectionpool.py:787: in urlopen
    response = self._make_request(
.venv/lib/python3.11/site-packages/urllib3/connectionpool.py:493: in _make_request
    conn.request(
.venv/lib/python3.11/site-packages/botocore/awsrequest.py:96: in request
    rval = super().request(method, url, body, headers, *args, **kwargs)
           ^^^^^^^^^^^^^^^^^^^^^^^^^^^^^^^^^^^^^^^^^^^^^^^^^^^^^^^^^^^^
.venv/lib/python3.11/site-packages/urllib3/connection.py:500: in request
    self.endheaders()
/opt/homebrew/Cellar/python@3.11/3.11.15/Frameworks/Python.framework/Versions/3.11/lib/python3.11/http/client.py:1318: in endheaders
    self._send_output(message_body, encode_chunked=encode_chunked)
.venv/lib/python3.11/site-packages/botocore/awsrequest.py:123: in _send_output
    self.send(msg)
.venv/lib/python3.11/site-packages/botocore/awsrequest.py:223: in send
    return super().send(str)
           ^^^^^^^^^^^^^^^^^
/opt/homebrew/Cellar/python@3.11/3.11.15/Frameworks/Python.framework/Versions/3.11/lib/python3.11/http/client.py:1016: in send
    self.connect()
.venv/lib/python3.11/site-packages/urllib3/connection.py:331: in connect
    self.sock = self._new_conn()
                ^^^^^^^^^^^^^^^^
.venv/lib/python3.11/site-packages/urllib3/connection.py:219: in _new_conn
    raise NewConnectionError(
E   urllib3.exceptions.NewConnectionError: AWSHTTPConnection(host='localhost', port=8001): Failed to establish a new connection: [Errno 61] Connection refused

The above exception was the direct cause of the following exception:
tests/integration/test_idor_prevention.py:30: in test_users
    response_a = client.post("/api/v1/auth/register", json={
.venv/lib/python3.11/site-packages/starlette/testclient.py:546: in post
    return super().post(
.venv/lib/python3.11/site-packages/httpx/_client.py:1144: in post
    return self.request(
.venv/lib/python3.11/site-packages/starlette/testclient.py:445: in request
    return super().request(
.venv/lib/python3.11/site-packages/httpx/_client.py:825: in request
    return self.send(request, auth=auth, follow_redirects=follow_redirects)
           ^^^^^^^^^^^^^^^^^^^^^^^^^^^^^^^^^^^^^^^^^^^^^^^^^^^^^^^^^^^^^^^^
.venv/lib/python3.11/site-packages/httpx/_client.py:914: in send
    response = self._send_handling_auth(
.venv/lib/python3.11/site-packages/httpx/_client.py:942: in _send_handling_auth
    response = self._send_handling_redirects(
.venv/lib/python3.11/site-packages/httpx/_client.py:979: in _send_handling_redirects
    response = self._send_single_request(request)
               ^^^^^^^^^^^^^^^^^^^^^^^^^^^^^^^^^^
.venv/lib/python3.11/site-packages/httpx/_client.py:1014: in _send_single_request
    response = transport.handle_request(request)
               ^^^^^^^^^^^^^^^^^^^^^^^^^^^^^^^^^
.venv/lib/python3.11/site-packages/starlette/testclient.py:348: in handle_request
    raise exc
.venv/lib/python3.11/site-packages/starlette/testclient.py:345: in handle_request
    portal.call(self.app, scope, receive, send)
.venv/lib/python3.11/site-packages/anyio/from_thread.py:334: in call
    return cast(T_Retval, self.start_task_soon(func, *args).result())
                          ^^^^^^^^^^^^^^^^^^^^^^^^^^^^^^^^^^^^^^^^^^
/opt/homebrew/Cellar/python@3.11/3.11.15/Frameworks/Python.framework/Versions/3.11/lib/python3.11/concurrent/futures/_base.py:456: in result
    return self.__get_result()
           ^^^^^^^^^^^^^^^^^^^
/opt/homebrew/Cellar/python@3.11/3.11.15/Frameworks/Python.framework/Versions/3.11/lib/python3.11/concurrent/futures/_base.py:401: in __get_result
    raise self._exception
.venv/lib/python3.11/site-packages/anyio/from_thread.py:259: in _call_func
    retval = await retval_or_awaitable
             ^^^^^^^^^^^^^^^^^^^^^^^^^
.venv/lib/python3.11/site-packages/fastapi/applications.py:1160: in __call__
    await super().__call__(scope, receive, send)
.venv/lib/python3.11/site-packages/starlette/applications.py:90: in __call__
    await self.middleware_stack(scope, receive, send)
.venv/lib/python3.11/site-packages/starlette/middleware/errors.py:176: in __call__
    response = await self.handler(request, exc)
               ^^^^^^^^^^^^^^^^^^^^^^^^^^^^^^^^
app/main.py:129: in generic_exception_handler
    raise exc
.venv/lib/python3.11/site-packages/starlette/middleware/errors.py:164: in __call__
    await self.app(scope, receive, _send)
.venv/lib/python3.11/site-packages/starlette/middleware/base.py:191: in __call__
    with recv_stream, send_stream, collapse_excgroups():
/opt/homebrew/Cellar/python@3.11/3.11.15/Frameworks/Python.framework/Versions/3.11/lib/python3.11/contextlib.py:158: in __exit__
    self.gen.throw(typ, value, traceback)
.venv/lib/python3.11/site-packages/starlette/_utils.py:87: in collapse_excgroups
    raise exc
.venv/lib/python3.11/site-packages/starlette/middleware/base.py:193: in __call__
    response = await self.dispatch_func(request, call_next)
               ^^^^^^^^^^^^^^^^^^^^^^^^^^^^^^^^^^^^^^^^^^^^
app/main.py:61: in add_security_headers
    response = await call_next(request)
               ^^^^^^^^^^^^^^^^^^^^^^^^
.venv/lib/python3.11/site-packages/starlette/middleware/base.py:168: in call_next
    raise app_exc from app_exc.__cause__ or app_exc.__context__
.venv/lib/python3.11/site-packages/starlette/middleware/base.py:144: in coro
    await self.app(scope, receive_or_disconnect, send_no_error)
.venv/lib/python3.11/site-packages/starlette/middleware/cors.py:88: in __call__
    await self.app(scope, receive, send)
.venv/lib/python3.11/site-packages/starlette/middleware/exceptions.py:63: in __call__
    await wrap_app_handling_exceptions(self.app, conn)(scope, receive, send)
.venv/lib/python3.11/site-packages/starlette/_exception_handler.py:53: in wrapped_app
    raise exc
.venv/lib/python3.11/site-packages/starlette/_exception_handler.py:42: in wrapped_app
    await app(scope, receive, sender)
.venv/lib/python3.11/site-packages/fastapi/middleware/asyncexitstack.py:18: in __call__
    await self.app(scope, receive, send)
.venv/lib/python3.11/site-packages/starlette/routing.py:660: in __call__
    await self.middleware_stack(scope, receive, send)
.venv/lib/python3.11/site-packages/starlette/routing.py:680: in app
    await route.handle(scope, receive, send)
.venv/lib/python3.11/site-packages/starlette/routing.py:276: in handle
    await self.app(scope, receive, send)
.venv/lib/python3.11/site-packages/fastapi/routing.py:130: in app
    await wrap_app_handling_exceptions(app, request)(scope, receive, send)
.venv/lib/python3.11/site-packages/starlette/_exception_handler.py:53: in wrapped_app
    raise exc
.venv/lib/python3.11/site-packages/starlette/_exception_handler.py:42: in wrapped_app
    await app(scope, receive, sender)
.venv/lib/python3.11/site-packages/fastapi/routing.py:116: in app
    response = await f(request)
               ^^^^^^^^^^^^^^^^
.venv/lib/python3.11/site-packages/fastapi/routing.py:670: in app
    raw_response = await run_endpoint_function(
.venv/lib/python3.11/site-packages/fastapi/routing.py:324: in run_endpoint_function
    return await dependant.call(**values)
           ^^^^^^^^^^^^^^^^^^^^^^^^^^^^^^
.venv/lib/python3.11/site-packages/slowapi/extension.py:734: in async_wrapper
    response = await func(*args, **kwargs)  # type: ignore
               ^^^^^^^^^^^^^^^^^^^^^^^^^^^
app/api/auth.py:323: in register
    existing_user = user_repo.get_by_email(user_create.email)
                    ^^^^^^^^^^^^^^^^^^^^^^^^^^^^^^^^^^^^^^^^^
app/repositories/user.py:169: in get_by_email
    items, _ = self._query(
app/repositories/base.py:145: in _query
    response = self.table.query(**kwargs)
               ^^^^^^^^^^^^^^^^^^^^^^^^^^
.venv/lib/python3.11/site-packages/boto3/resources/factory.py:581: in do_action
    response = action(self, *args, **kwargs)
               ^^^^^^^^^^^^^^^^^^^^^^^^^^^^^
.venv/lib/python3.11/site-packages/boto3/resources/action.py:88: in __call__
    response = getattr(parent.meta.client, operation_name)(*args, **params)
               ^^^^^^^^^^^^^^^^^^^^^^^^^^^^^^^^^^^^^^^^^^^^^^^^^^^^^^^^^^^^
.venv/lib/python3.11/site-packages/botocore/client.py:602: in _api_call
    return self._make_api_call(operation_name, kwargs)
           ^^^^^^^^^^^^^^^^^^^^^^^^^^^^^^^^^^^^^^^^^^^
.venv/lib/python3.11/site-packages/botocore/context.py:123: in wrapper
    return func(*args, **kwargs)
           ^^^^^^^^^^^^^^^^^^^^^
.venv/lib/python3.11/site-packages/botocore/client.py:1060: in _make_api_call
    http, parsed_response = self._make_request(
.venv/lib/python3.11/site-packages/botocore/client.py:1084: in _make_request
    return self._endpoint.make_request(operation_model, request_dict)
           ^^^^^^^^^^^^^^^^^^^^^^^^^^^^^^^^^^^^^^^^^^^^^^^^^^^^^^^^^^
.venv/lib/python3.11/site-packages/botocore/endpoint.py:119: in make_request
    return self._send_request(request_dict, operation_model)
           ^^^^^^^^^^^^^^^^^^^^^^^^^^^^^^^^^^^^^^^^^^^^^^^^^
.venv/lib/python3.11/site-packages/botocore/endpoint.py:200: in _send_request
    while self._needs_retry(
.venv/lib/python3.11/site-packages/botocore/endpoint.py:360: in _needs_retry
    responses = self._event_emitter.emit(
.venv/lib/python3.11/site-packages/botocore/hooks.py:412: in emit
    return self._emitter.emit(aliased_event_name, **kwargs)
           ^^^^^^^^^^^^^^^^^^^^^^^^^^^^^^^^^^^^^^^^^^^^^^^^
.venv/lib/python3.11/site-packages/botocore/hooks.py:256: in emit
    return self._emit(event_name, kwargs)
           ^^^^^^^^^^^^^^^^^^^^^^^^^^^^^^
.venv/lib/python3.11/site-packages/botocore/hooks.py:239: in _emit
    response = handler(**kwargs)
               ^^^^^^^^^^^^^^^^^
.venv/lib/python3.11/site-packages/botocore/retryhandler.py:207: in __call__
    if self._checker(**checker_kwargs):
       ^^^^^^^^^^^^^^^^^^^^^^^^^^^^^^^
.venv/lib/python3.11/site-packages/botocore/retryhandler.py:284: in __call__
    should_retry = self._should_retry(
.venv/lib/python3.11/site-packages/botocore/retryhandler.py:320: in _should_retry
    return self._checker(attempt_number, response, caught_exception)
           ^^^^^^^^^^^^^^^^^^^^^^^^^^^^^^^^^^^^^^^^^^^^^^^^^^^^^^^^^
.venv/lib/python3.11/site-packages/botocore/retryhandler.py:363: in __call__
    checker_response = checker(
.venv/lib/python3.11/site-packages/botocore/retryhandler.py:247: in __call__
    return self._check_caught_exception(
.venv/lib/python3.11/site-packages/botocore/retryhandler.py:416: in _check_caught_exception
    raise caught_exception
.venv/lib/python3.11/site-packages/botocore/endpoint.py:279: in _do_get_response
    http_response = self._send(request)
                    ^^^^^^^^^^^^^^^^^^^
.venv/lib/python3.11/site-packages/botocore/endpoint.py:383: in _send
    return self.http_session.send(request)
           ^^^^^^^^^^^^^^^^^^^^^^^^^^^^^^^
.venv/lib/python3.11/site-packages/botocore/httpsession.py:506: in send
    raise EndpointConnectionError(endpoint_url=request.url, error=e)
E   botocore.exceptions.EndpointConnectionError: Could not connect to the endpoint URL: "http://localhost:8001/"
---------------------------- Captured stdout setup -----------------------------
2026-05-17 20:08:27 - app.main - ERROR - Unhandled exception: Could not connect to the endpoint URL: "http://localhost:8001/"
Traceback (most recent call last):
  File "/Users/andyschwarz/Documents/Privat/OverCloud/backend/.venv/lib/python3.11/site-packages/urllib3/connection.py", line 204, in _new_conn
    sock = connection.create_connection(
           ^^^^^^^^^^^^^^^^^^^^^^^^^^^^^
  File "/Users/andyschwarz/Documents/Privat/OverCloud/backend/.venv/lib/python3.11/site-packages/urllib3/util/connection.py", line 85, in create_connection
    raise err
  File "/Users/andyschwarz/Documents/Privat/OverCloud/backend/.venv/lib/python3.11/site-packages/urllib3/util/connection.py", line 73, in create_connection
    sock.connect(sa)
ConnectionRefusedError: [Errno 61] Connection refused

The above exception was the direct cause of the following exception:

Traceback (most recent call last):
  File "/Users/andyschwarz/Documents/Privat/OverCloud/backend/.venv/lib/python3.11/site-packages/botocore/httpsession.py", line 477, in send
    urllib_response = conn.urlopen(
                      ^^^^^^^^^^^^^
  File "/Users/andyschwarz/Documents/Privat/OverCloud/backend/.venv/lib/python3.11/site-packages/urllib3/connectionpool.py", line 841, in urlopen
    retries = retries.increment(
              ^^^^^^^^^^^^^^^^^^
  File "/Users/andyschwarz/Documents/Privat/OverCloud/backend/.venv/lib/python3.11/site-packages/urllib3/util/retry.py", line 465, in increment
    raise reraise(type(error), error, _stacktrace)
          ^^^^^^^^^^^^^^^^^^^^^^^^^^^^^^^^^^^^^^^^
  File "/Users/andyschwarz/Documents/Privat/OverCloud/backend/.venv/lib/python3.11/site-packages/urllib3/util/util.py", line 39, in reraise
    raise value
  File "/Users/andyschwarz/Documents/Privat/OverCloud/backend/.venv/lib/python3.11/site-packages/urllib3/connectionpool.py", line 787, in urlopen
    response = self._make_request(
               ^^^^^^^^^^^^^^^^^^^
  File "/Users/andyschwarz/Documents/Privat/OverCloud/backend/.venv/lib/python3.11/site-packages/urllib3/connectionpool.py", line 493, in _make_request
    conn.request(
  File "/Users/andyschwarz/Documents/Privat/OverCloud/backend/.venv/lib/python3.11/site-packages/botocore/awsrequest.py", line 96, in request
    rval = super().request(method, url, body, headers, *args, **kwargs)
           ^^^^^^^^^^^^^^^^^^^^^^^^^^^^^^^^^^^^^^^^^^^^^^^^^^^^^^^^^^^^
  File "/Users/andyschwarz/Documents/Privat/OverCloud/backend/.venv/lib/python3.11/site-packages/urllib3/connection.py", line 500, in request
    self.endheaders()
  File "/opt/homebrew/Cellar/python@3.11/3.11.15/Frameworks/Python.framework/Versions/3.11/lib/python3.11/http/client.py", line 1318, in endheaders
    self._send_output(message_body, encode_chunked=encode_chunked)
  File "/Users/andyschwarz/Documents/Privat/OverCloud/backend/.venv/lib/python3.11/site-packages/botocore/awsrequest.py", line 123, in _send_output
    self.send(msg)
  File "/Users/andyschwarz/Documents/Privat/OverCloud/backend/.venv/lib/python3.11/site-packages/botocore/awsrequest.py", line 223, in send
    return super().send(str)
           ^^^^^^^^^^^^^^^^^
  File "/opt/homebrew/Cellar/python@3.11/3.11.15/Frameworks/Python.framework/Versions/3.11/lib/python3.11/http/client.py", line 1016, in send
    self.connect()
  File "/Users/andyschwarz/Documents/Privat/OverCloud/backend/.venv/lib/python3.11/site-packages/urllib3/connection.py", line 331, in connect
    self.sock = self._new_conn()
                ^^^^^^^^^^^^^^^^
  File "/Users/andyschwarz/Documents/Privat/OverCloud/backend/.venv/lib/python3.11/site-packages/urllib3/connection.py", line 219, in _new_conn
    raise NewConnectionError(
urllib3.exceptions.NewConnectionError: AWSHTTPConnection(host='localhost', port=8001): Failed to establish a new connection: [Errno 61] Connection refused

The above exception was the direct cause of the following exception:

Traceback (most recent call last):
  File "/Users/andyschwarz/Documents/Privat/OverCloud/backend/.venv/lib/python3.11/site-packages/starlette/middleware/errors.py", line 164, in __call__
    await self.app(scope, receive, _send)
  File "/Users/andyschwarz/Documents/Privat/OverCloud/backend/.venv/lib/python3.11/site-packages/starlette/middleware/base.py", line 191, in __call__
    with recv_stream, send_stream, collapse_excgroups():
  File "/opt/homebrew/Cellar/python@3.11/3.11.15/Frameworks/Python.framework/Versions/3.11/lib/python3.11/contextlib.py", line 158, in __exit__
    self.gen.throw(typ, value, traceback)
  File "/Users/andyschwarz/Documents/Privat/OverCloud/backend/.venv/lib/python3.11/site-packages/starlette/_utils.py", line 87, in collapse_excgroups
    raise exc
  File "/Users/andyschwarz/Documents/Privat/OverCloud/backend/.venv/lib/python3.11/site-packages/starlette/middleware/base.py", line 193, in __call__
    response = await self.dispatch_func(request, call_next)
               ^^^^^^^^^^^^^^^^^^^^^^^^^^^^^^^^^^^^^^^^^^^^
  File "/Users/andyschwarz/Documents/Privat/OverCloud/backend/app/main.py", line 61, in add_security_headers
    response = await call_next(request)
               ^^^^^^^^^^^^^^^^^^^^^^^^
  File "/Users/andyschwarz/Documents/Privat/OverCloud/backend/.venv/lib/python3.11/site-packages/starlette/middleware/base.py", line 168, in call_next
    raise app_exc from app_exc.__cause__ or app_exc.__context__
  File "/Users/andyschwarz/Documents/Privat/OverCloud/backend/.venv/lib/python3.11/site-packages/starlette/middleware/base.py", line 144, in coro
    await self.app(scope, receive_or_disconnect, send_no_error)
  File "/Users/andyschwarz/Documents/Privat/OverCloud/backend/.venv/lib/python3.11/site-packages/starlette/middleware/cors.py", line 88, in __call__
    await self.app(scope, receive, send)
  File "/Users/andyschwarz/Documents/Privat/OverCloud/backend/.venv/lib/python3.11/site-packages/starlette/middleware/exceptions.py", line 63, in __call__
    await wrap_app_handling_exceptions(self.app, conn)(scope, receive, send)
  File "/Users/andyschwarz/Documents/Privat/OverCloud/backend/.venv/lib/python3.11/site-packages/starlette/_exception_handler.py", line 53, in wrapped_app
    raise exc
  File "/Users/andyschwarz/Documents/Privat/OverCloud/backend/.venv/lib/python3.11/site-packages/starlette/_exception_handler.py", line 42, in wrapped_app
    await app(scope, receive, sender)
  File "/Users/andyschwarz/Documents/Privat/OverCloud/backend/.venv/lib/python3.11/site-packages/fastapi/middleware/asyncexitstack.py", line 18, in __call__
    await self.app(scope, receive, send)
  File "/Users/andyschwarz/Documents/Privat/OverCloud/backend/.venv/lib/python3.11/site-packages/starlette/routing.py", line 660, in __call__
    await self.middleware_stack(scope, receive, send)
  File "/Users/andyschwarz/Documents/Privat/OverCloud/backend/.venv/lib/python3.11/site-packages/starlette/routing.py", line 680, in app
    await route.handle(scope, receive, send)
  File "/Users/andyschwarz/Documents/Privat/OverCloud/backend/.venv/lib/python3.11/site-packages/starlette/routing.py", line 276, in handle
    await self.app(scope, receive, send)
  File "/Users/andyschwarz/Documents/Privat/OverCloud/backend/.venv/lib/python3.11/site-packages/fastapi/routing.py", line 130, in app
    await wrap_app_handling_exceptions(app, request)(scope, receive, send)
  File "/Users/andyschwarz/Documents/Privat/OverCloud/backend/.venv/lib/python3.11/site-packages/starlette/_exception_handler.py", line 53, in wrapped_app
    raise exc
  File "/Users/andyschwarz/Documents/Privat/OverCloud/backend/.venv/lib/python3.11/site-packages/starlette/_exception_handler.py", line 42, in wrapped_app
    await app(scope, receive, sender)
  File "/Users/andyschwarz/Documents/Privat/OverCloud/backend/.venv/lib/python3.11/site-packages/fastapi/routing.py", line 116, in app
    response = await f(request)
               ^^^^^^^^^^^^^^^^
  File "/Users/andyschwarz/Documents/Privat/OverCloud/backend/.venv/lib/python3.11/site-packages/fastapi/routing.py", line 670, in app
    raw_response = await run_endpoint_function(
                   ^^^^^^^^^^^^^^^^^^^^^^^^^^^^
  File "/Users/andyschwarz/Documents/Privat/OverCloud/backend/.venv/lib/python3.11/site-packages/fastapi/routing.py", line 324, in run_endpoint_function
    return await dependant.call(**values)
           ^^^^^^^^^^^^^^^^^^^^^^^^^^^^^^
  File "/Users/andyschwarz/Documents/Privat/OverCloud/backend/.venv/lib/python3.11/site-packages/slowapi/extension.py", line 734, in async_wrapper
    response = await func(*args, **kwargs)  # type: ignore
               ^^^^^^^^^^^^^^^^^^^^^^^^^^^
  File "/Users/andyschwarz/Documents/Privat/OverCloud/backend/app/api/auth.py", line 323, in register
    existing_user = user_repo.get_by_email(user_create.email)
                    ^^^^^^^^^^^^^^^^^^^^^^^^^^^^^^^^^^^^^^^^^
  File "/Users/andyschwarz/Documents/Privat/OverCloud/backend/app/repositories/user.py", line 169, in get_by_email
    items, _ = self._query(
               ^^^^^^^^^^^^
  File "/Users/andyschwarz/Documents/Privat/OverCloud/backend/app/repositories/base.py", line 145, in _query
    response = self.table.query(**kwargs)
               ^^^^^^^^^^^^^^^^^^^^^^^^^^
  File "/Users/andyschwarz/Documents/Privat/OverCloud/backend/.venv/lib/python3.11/site-packages/boto3/resources/factory.py", line 581, in do_action
    response = action(self, *args, **kwargs)
               ^^^^^^^^^^^^^^^^^^^^^^^^^^^^^
  File "/Users/andyschwarz/Documents/Privat/OverCloud/backend/.venv/lib/python3.11/site-packages/boto3/resources/action.py", line 88, in __call__
    response = getattr(parent.meta.client, operation_name)(*args, **params)
               ^^^^^^^^^^^^^^^^^^^^^^^^^^^^^^^^^^^^^^^^^^^^^^^^^^^^^^^^^^^^
  File "/Users/andyschwarz/Documents/Privat/OverCloud/backend/.venv/lib/python3.11/site-packages/botocore/client.py", line 602, in _api_call
    return self._make_api_call(operation_name, kwargs)
           ^^^^^^^^^^^^^^^^^^^^^^^^^^^^^^^^^^^^^^^^^^^
  File "/Users/andyschwarz/Documents/Privat/OverCloud/backend/.venv/lib/python3.11/site-packages/botocore/context.py", line 123, in wrapper
    return func(*args, **kwargs)
           ^^^^^^^^^^^^^^^^^^^^^
  File "/Users/andyschwarz/Documents/Privat/OverCloud/backend/.venv/lib/python3.11/site-packages/botocore/client.py", line 1060, in _make_api_call
    http, parsed_response = self._make_request(
                            ^^^^^^^^^^^^^^^^^^^
  File "/Users/andyschwarz/Documents/Privat/OverCloud/backend/.venv/lib/python3.11/site-packages/botocore/client.py", line 1084, in _make_request
    return self._endpoint.make_request(operation_model, request_dict)
           ^^^^^^^^^^^^^^^^^^^^^^^^^^^^^^^^^^^^^^^^^^^^^^^^^^^^^^^^^^
  File "/Users/andyschwarz/Documents/Privat/OverCloud/backend/.venv/lib/python3.11/site-packages/botocore/endpoint.py", line 119, in make_request
    return self._send_request(request_dict, operation_model)
           ^^^^^^^^^^^^^^^^^^^^^^^^^^^^^^^^^^^^^^^^^^^^^^^^^
  File "/Users/andyschwarz/Documents/Privat/OverCloud/backend/.venv/lib/python3.11/site-packages/botocore/endpoint.py", line 200, in _send_request
    while self._needs_retry(
          ^^^^^^^^^^^^^^^^^^
  File "/Users/andyschwarz/Documents/Privat/OverCloud/backend/.venv/lib/python3.11/site-packages/botocore/endpoint.py", line 360, in _needs_retry
    responses = self._event_emitter.emit(
                ^^^^^^^^^^^^^^^^^^^^^^^^^
  File "/Users/andyschwarz/Documents/Privat/OverCloud/backend/.venv/lib/python3.11/site-packages/botocore/hooks.py", line 412, in emit
    return self._emitter.emit(aliased_event_name, **kwargs)
           ^^^^^^^^^^^^^^^^^^^^^^^^^^^^^^^^^^^^^^^^^^^^^^^^
  File "/Users/andyschwarz/Documents/Privat/OverCloud/backend/.venv/lib/python3.11/site-packages/botocore/hooks.py", line 256, in emit
    return self._emit(event_name, kwargs)
           ^^^^^^^^^^^^^^^^^^^^^^^^^^^^^^
  File "/Users/andyschwarz/Documents/Privat/OverCloud/backend/.venv/lib/python3.11/site-packages/botocore/hooks.py", line 239, in _emit
    response = handler(**kwargs)
               ^^^^^^^^^^^^^^^^^
  File "/Users/andyschwarz/Documents/Privat/OverCloud/backend/.venv/lib/python3.11/site-packages/botocore/retryhandler.py", line 207, in __call__
    if self._checker(**checker_kwargs):
       ^^^^^^^^^^^^^^^^^^^^^^^^^^^^^^^
  File "/Users/andyschwarz/Documents/Privat/OverCloud/backend/.venv/lib/python3.11/site-packages/botocore/retryhandler.py", line 284, in __call__
    should_retry = self._should_retry(
                   ^^^^^^^^^^^^^^^^^^^
  File "/Users/andyschwarz/Documents/Privat/OverCloud/backend/.venv/lib/python3.11/site-packages/botocore/retryhandler.py", line 320, in _should_retry
    return self._checker(attempt_number, response, caught_exception)
           ^^^^^^^^^^^^^^^^^^^^^^^^^^^^^^^^^^^^^^^^^^^^^^^^^^^^^^^^^
  File "/Users/andyschwarz/Documents/Privat/OverCloud/backend/.venv/lib/python3.11/site-packages/botocore/retryhandler.py", line 363, in __call__
    checker_response = checker(
                       ^^^^^^^^
  File "/Users/andyschwarz/Documents/Privat/OverCloud/backend/.venv/lib/python3.11/site-packages/botocore/retryhandler.py", line 247, in __call__
    return self._check_caught_exception(
           ^^^^^^^^^^^^^^^^^^^^^^^^^^^^^
  File "/Users/andyschwarz/Documents/Privat/OverCloud/backend/.venv/lib/python3.11/site-packages/botocore/retryhandler.py", line 416, in _check_caught_exception
    raise caught_exception
  File "/Users/andyschwarz/Documents/Privat/OverCloud/backend/.venv/lib/python3.11/site-packages/botocore/endpoint.py", line 279, in _do_get_response
    http_response = self._send(request)
                    ^^^^^^^^^^^^^^^^^^^
  File "/Users/andyschwarz/Documents/Privat/OverCloud/backend/.venv/lib/python3.11/site-packages/botocore/endpoint.py", line 383, in _send
    return self.http_session.send(request)
           ^^^^^^^^^^^^^^^^^^^^^^^^^^^^^^^
  File "/Users/andyschwarz/Documents/Privat/OverCloud/backend/.venv/lib/python3.11/site-packages/botocore/httpsession.py", line 506, in send
    raise EndpointConnectionError(endpoint_url=request.url, error=e)
botocore.exceptions.EndpointConnectionError: Could not connect to the endpoint URL: "http://localhost:8001/"
------------------------------ Captured log setup ------------------------------
ERROR    app.main:main.py:112 Unhandled exception: Could not connect to the endpoint URL: "http://localhost:8001/"
Traceback (most recent call last):
  File "/Users/andyschwarz/Documents/Privat/OverCloud/backend/.venv/lib/python3.11/site-packages/urllib3/connection.py", line 204, in _new_conn
    sock = connection.create_connection(
           ^^^^^^^^^^^^^^^^^^^^^^^^^^^^^
  File "/Users/andyschwarz/Documents/Privat/OverCloud/backend/.venv/lib/python3.11/site-packages/urllib3/util/connection.py", line 85, in create_connection
    raise err
  File "/Users/andyschwarz/Documents/Privat/OverCloud/backend/.venv/lib/python3.11/site-packages/urllib3/util/connection.py", line 73, in create_connection
    sock.connect(sa)
ConnectionRefusedError: [Errno 61] Connection refused

The above exception was the direct cause of the following exception:

Traceback (most recent call last):
  File "/Users/andyschwarz/Documents/Privat/OverCloud/backend/.venv/lib/python3.11/site-packages/botocore/httpsession.py", line 477, in send
    urllib_response = conn.urlopen(
                      ^^^^^^^^^^^^^
  File "/Users/andyschwarz/Documents/Privat/OverCloud/backend/.venv/lib/python3.11/site-packages/urllib3/connectionpool.py", line 841, in urlopen
    retries = retries.increment(
              ^^^^^^^^^^^^^^^^^^
  File "/Users/andyschwarz/Documents/Privat/OverCloud/backend/.venv/lib/python3.11/site-packages/urllib3/util/retry.py", line 465, in increment
    raise reraise(type(error), error, _stacktrace)
          ^^^^^^^^^^^^^^^^^^^^^^^^^^^^^^^^^^^^^^^^
  File "/Users/andyschwarz/Documents/Privat/OverCloud/backend/.venv/lib/python3.11/site-packages/urllib3/util/util.py", line 39, in reraise
    raise value
  File "/Users/andyschwarz/Documents/Privat/OverCloud/backend/.venv/lib/python3.11/site-packages/urllib3/connectionpool.py", line 787, in urlopen
    response = self._make_request(
               ^^^^^^^^^^^^^^^^^^^
  File "/Users/andyschwarz/Documents/Privat/OverCloud/backend/.venv/lib/python3.11/site-packages/urllib3/connectionpool.py", line 493, in _make_request
    conn.request(
  File "/Users/andyschwarz/Documents/Privat/OverCloud/backend/.venv/lib/python3.11/site-packages/botocore/awsrequest.py", line 96, in request
    rval = super().request(method, url, body, headers, *args, **kwargs)
           ^^^^^^^^^^^^^^^^^^^^^^^^^^^^^^^^^^^^^^^^^^^^^^^^^^^^^^^^^^^^
  File "/Users/andyschwarz/Documents/Privat/OverCloud/backend/.venv/lib/python3.11/site-packages/urllib3/connection.py", line 500, in request
    self.endheaders()
  File "/opt/homebrew/Cellar/python@3.11/3.11.15/Frameworks/Python.framework/Versions/3.11/lib/python3.11/http/client.py", line 1318, in endheaders
    self._send_output(message_body, encode_chunked=encode_chunked)
  File "/Users/andyschwarz/Documents/Privat/OverCloud/backend/.venv/lib/python3.11/site-packages/botocore/awsrequest.py", line 123, in _send_output
    self.send(msg)
  File "/Users/andyschwarz/Documents/Privat/OverCloud/backend/.venv/lib/python3.11/site-packages/botocore/awsrequest.py", line 223, in send
    return super().send(str)
           ^^^^^^^^^^^^^^^^^
  File "/opt/homebrew/Cellar/python@3.11/3.11.15/Frameworks/Python.framework/Versions/3.11/lib/python3.11/http/client.py", line 1016, in send
    self.connect()
  File "/Users/andyschwarz/Documents/Privat/OverCloud/backend/.venv/lib/python3.11/site-packages/urllib3/connection.py", line 331, in connect
    self.sock = self._new_conn()
                ^^^^^^^^^^^^^^^^
  File "/Users/andyschwarz/Documents/Privat/OverCloud/backend/.venv/lib/python3.11/site-packages/urllib3/connection.py", line 219, in _new_conn
    raise NewConnectionError(
urllib3.exceptions.NewConnectionError: AWSHTTPConnection(host='localhost', port=8001): Failed to establish a new connection: [Errno 61] Connection refused

The above exception was the direct cause of the following exception:

Traceback (most recent call last):
  File "/Users/andyschwarz/Documents/Privat/OverCloud/backend/.venv/lib/python3.11/site-packages/starlette/middleware/errors.py", line 164, in __call__
    await self.app(scope, receive, _send)
  File "/Users/andyschwarz/Documents/Privat/OverCloud/backend/.venv/lib/python3.11/site-packages/starlette/middleware/base.py", line 191, in __call__
    with recv_stream, send_stream, collapse_excgroups():
  File "/opt/homebrew/Cellar/python@3.11/3.11.15/Frameworks/Python.framework/Versions/3.11/lib/python3.11/contextlib.py", line 158, in __exit__
    self.gen.throw(typ, value, traceback)
  File "/Users/andyschwarz/Documents/Privat/OverCloud/backend/.venv/lib/python3.11/site-packages/starlette/_utils.py", line 87, in collapse_excgroups
    raise exc
  File "/Users/andyschwarz/Documents/Privat/OverCloud/backend/.venv/lib/python3.11/site-packages/starlette/middleware/base.py", line 193, in __call__
    response = await self.dispatch_func(request, call_next)
               ^^^^^^^^^^^^^^^^^^^^^^^^^^^^^^^^^^^^^^^^^^^^
  File "/Users/andyschwarz/Documents/Privat/OverCloud/backend/app/main.py", line 61, in add_security_headers
    response = await call_next(request)
               ^^^^^^^^^^^^^^^^^^^^^^^^
  File "/Users/andyschwarz/Documents/Privat/OverCloud/backend/.venv/lib/python3.11/site-packages/starlette/middleware/base.py", line 168, in call_next
    raise app_exc from app_exc.__cause__ or app_exc.__context__
  File "/Users/andyschwarz/Documents/Privat/OverCloud/backend/.venv/lib/python3.11/site-packages/starlette/middleware/base.py", line 144, in coro
    await self.app(scope, receive_or_disconnect, send_no_error)
  File "/Users/andyschwarz/Documents/Privat/OverCloud/backend/.venv/lib/python3.11/site-packages/starlette/middleware/cors.py", line 88, in __call__
    await self.app(scope, receive, send)
  File "/Users/andyschwarz/Documents/Privat/OverCloud/backend/.venv/lib/python3.11/site-packages/starlette/middleware/exceptions.py", line 63, in __call__
    await wrap_app_handling_exceptions(self.app, conn)(scope, receive, send)
  File "/Users/andyschwarz/Documents/Privat/OverCloud/backend/.venv/lib/python3.11/site-packages/starlette/_exception_handler.py", line 53, in wrapped_app
    raise exc
  File "/Users/andyschwarz/Documents/Privat/OverCloud/backend/.venv/lib/python3.11/site-packages/starlette/_exception_handler.py", line 42, in wrapped_app
    await app(scope, receive, sender)
  File "/Users/andyschwarz/Documents/Privat/OverCloud/backend/.venv/lib/python3.11/site-packages/fastapi/middleware/asyncexitstack.py", line 18, in __call__
    await self.app(scope, receive, send)
  File "/Users/andyschwarz/Documents/Privat/OverCloud/backend/.venv/lib/python3.11/site-packages/starlette/routing.py", line 660, in __call__
    await self.middleware_stack(scope, receive, send)
  File "/Users/andyschwarz/Documents/Privat/OverCloud/backend/.venv/lib/python3.11/site-packages/starlette/routing.py", line 680, in app
    await route.handle(scope, receive, send)
  File "/Users/andyschwarz/Documents/Privat/OverCloud/backend/.venv/lib/python3.11/site-packages/starlette/routing.py", line 276, in handle
    await self.app(scope, receive, send)
  File "/Users/andyschwarz/Documents/Privat/OverCloud/backend/.venv/lib/python3.11/site-packages/fastapi/routing.py", line 130, in app
    await wrap_app_handling_exceptions(app, request)(scope, receive, send)
  File "/Users/andyschwarz/Documents/Privat/OverCloud/backend/.venv/lib/python3.11/site-packages/starlette/_exception_handler.py", line 53, in wrapped_app
    raise exc
  File "/Users/andyschwarz/Documents/Privat/OverCloud/backend/.venv/lib/python3.11/site-packages/starlette/_exception_handler.py", line 42, in wrapped_app
    await app(scope, receive, sender)
  File "/Users/andyschwarz/Documents/Privat/OverCloud/backend/.venv/lib/python3.11/site-packages/fastapi/routing.py", line 116, in app
    response = await f(request)
               ^^^^^^^^^^^^^^^^
  File "/Users/andyschwarz/Documents/Privat/OverCloud/backend/.venv/lib/python3.11/site-packages/fastapi/routing.py", line 670, in app
    raw_response = await run_endpoint_function(
                   ^^^^^^^^^^^^^^^^^^^^^^^^^^^^
  File "/Users/andyschwarz/Documents/Privat/OverCloud/backend/.venv/lib/python3.11/site-packages/fastapi/routing.py", line 324, in run_endpoint_function
    return await dependant.call(**values)
           ^^^^^^^^^^^^^^^^^^^^^^^^^^^^^^
  File "/Users/andyschwarz/Documents/Privat/OverCloud/backend/.venv/lib/python3.11/site-packages/slowapi/extension.py", line 734, in async_wrapper
    response = await func(*args, **kwargs)  # type: ignore
               ^^^^^^^^^^^^^^^^^^^^^^^^^^^
  File "/Users/andyschwarz/Documents/Privat/OverCloud/backend/app/api/auth.py", line 323, in register
    existing_user = user_repo.get_by_email(user_create.email)
                    ^^^^^^^^^^^^^^^^^^^^^^^^^^^^^^^^^^^^^^^^^
  File "/Users/andyschwarz/Documents/Privat/OverCloud/backend/app/repositories/user.py", line 169, in get_by_email
    items, _ = self._query(
               ^^^^^^^^^^^^
  File "/Users/andyschwarz/Documents/Privat/OverCloud/backend/app/repositories/base.py", line 145, in _query
    response = self.table.query(**kwargs)
               ^^^^^^^^^^^^^^^^^^^^^^^^^^
  File "/Users/andyschwarz/Documents/Privat/OverCloud/backend/.venv/lib/python3.11/site-packages/boto3/resources/factory.py", line 581, in do_action
    response = action(self, *args, **kwargs)
               ^^^^^^^^^^^^^^^^^^^^^^^^^^^^^
  File "/Users/andyschwarz/Documents/Privat/OverCloud/backend/.venv/lib/python3.11/site-packages/boto3/resources/action.py", line 88, in __call__
    response = getattr(parent.meta.client, operation_name)(*args, **params)
               ^^^^^^^^^^^^^^^^^^^^^^^^^^^^^^^^^^^^^^^^^^^^^^^^^^^^^^^^^^^^
  File "/Users/andyschwarz/Documents/Privat/OverCloud/backend/.venv/lib/python3.11/site-packages/botocore/client.py", line 602, in _api_call
    return self._make_api_call(operation_name, kwargs)
           ^^^^^^^^^^^^^^^^^^^^^^^^^^^^^^^^^^^^^^^^^^^
  File "/Users/andyschwarz/Documents/Privat/OverCloud/backend/.venv/lib/python3.11/site-packages/botocore/context.py", line 123, in wrapper
    return func(*args, **kwargs)
           ^^^^^^^^^^^^^^^^^^^^^
  File "/Users/andyschwarz/Documents/Privat/OverCloud/backend/.venv/lib/python3.11/site-packages/botocore/client.py", line 1060, in _make_api_call
    http, parsed_response = self._make_request(
                            ^^^^^^^^^^^^^^^^^^^
  File "/Users/andyschwarz/Documents/Privat/OverCloud/backend/.venv/lib/python3.11/site-packages/botocore/client.py", line 1084, in _make_request
    return self._endpoint.make_request(operation_model, request_dict)
           ^^^^^^^^^^^^^^^^^^^^^^^^^^^^^^^^^^^^^^^^^^^^^^^^^^^^^^^^^^
  File "/Users/andyschwarz/Documents/Privat/OverCloud/backend/.venv/lib/python3.11/site-packages/botocore/endpoint.py", line 119, in make_request
    return self._send_request(request_dict, operation_model)
           ^^^^^^^^^^^^^^^^^^^^^^^^^^^^^^^^^^^^^^^^^^^^^^^^^
  File "/Users/andyschwarz/Documents/Privat/OverCloud/backend/.venv/lib/python3.11/site-packages/botocore/endpoint.py", line 200, in _send_request
    while self._needs_retry(
          ^^^^^^^^^^^^^^^^^^
  File "/Users/andyschwarz/Documents/Privat/OverCloud/backend/.venv/lib/python3.11/site-packages/botocore/endpoint.py", line 360, in _needs_retry
    responses = self._event_emitter.emit(
                ^^^^^^^^^^^^^^^^^^^^^^^^^
  File "/Users/andyschwarz/Documents/Privat/OverCloud/backend/.venv/lib/python3.11/site-packages/botocore/hooks.py", line 412, in emit
    return self._emitter.emit(aliased_event_name, **kwargs)
           ^^^^^^^^^^^^^^^^^^^^^^^^^^^^^^^^^^^^^^^^^^^^^^^^
  File "/Users/andyschwarz/Documents/Privat/OverCloud/backend/.venv/lib/python3.11/site-packages/botocore/hooks.py", line 256, in emit
    return self._emit(event_name, kwargs)
           ^^^^^^^^^^^^^^^^^^^^^^^^^^^^^^
  File "/Users/andyschwarz/Documents/Privat/OverCloud/backend/.venv/lib/python3.11/site-packages/botocore/hooks.py", line 239, in _emit
    response = handler(**kwargs)
               ^^^^^^^^^^^^^^^^^
  File "/Users/andyschwarz/Documents/Privat/OverCloud/backend/.venv/lib/python3.11/site-packages/botocore/retryhandler.py", line 207, in __call__
    if self._checker(**checker_kwargs):
       ^^^^^^^^^^^^^^^^^^^^^^^^^^^^^^^
  File "/Users/andyschwarz/Documents/Privat/OverCloud/backend/.venv/lib/python3.11/site-packages/botocore/retryhandler.py", line 284, in __call__
    should_retry = self._should_retry(
                   ^^^^^^^^^^^^^^^^^^^
  File "/Users/andyschwarz/Documents/Privat/OverCloud/backend/.venv/lib/python3.11/site-packages/botocore/retryhandler.py", line 320, in _should_retry
    return self._checker(attempt_number, response, caught_exception)
           ^^^^^^^^^^^^^^^^^^^^^^^^^^^^^^^^^^^^^^^^^^^^^^^^^^^^^^^^^
  File "/Users/andyschwarz/Documents/Privat/OverCloud/backend/.venv/lib/python3.11/site-packages/botocore/retryhandler.py", line 363, in __call__
    checker_response = checker(
                       ^^^^^^^^
  File "/Users/andyschwarz/Documents/Privat/OverCloud/backend/.venv/lib/python3.11/site-packages/botocore/retryhandler.py", line 247, in __call__
    return self._check_caught_exception(
           ^^^^^^^^^^^^^^^^^^^^^^^^^^^^^
  File "/Users/andyschwarz/Documents/Privat/OverCloud/backend/.venv/lib/python3.11/site-packages/botocore/retryhandler.py", line 416, in _check_caught_exception
    raise caught_exception
  File "/Users/andyschwarz/Documents/Privat/OverCloud/backend/.venv/lib/python3.11/site-packages/botocore/endpoint.py", line 279, in _do_get_response
    http_response = self._send(request)
                    ^^^^^^^^^^^^^^^^^^^
  File "/Users/andyschwarz/Documents/Privat/OverCloud/backend/.venv/lib/python3.11/site-packages/botocore/endpoint.py", line 383, in _send
    return self.http_session.send(request)
           ^^^^^^^^^^^^^^^^^^^^^^^^^^^^^^^
  File "/Users/andyschwarz/Documents/Privat/OverCloud/backend/.venv/lib/python3.11/site-packages/botocore/httpsession.py", line 506, in send
    raise EndpointConnectionError(endpoint_url=request.url, error=e)
botocore.exceptions.EndpointConnectionError: Could not connect to the endpoint URL: "http://localhost:8001/"
___ ERROR at setup of TestIDORPrevention.test_user_cannot_delete_other_user ____
.venv/lib/python3.11/site-packages/urllib3/connection.py:204: in _new_conn
    sock = connection.create_connection(
.venv/lib/python3.11/site-packages/urllib3/util/connection.py:85: in create_connection
    raise err
.venv/lib/python3.11/site-packages/urllib3/util/connection.py:73: in create_connection
    sock.connect(sa)
E   ConnectionRefusedError: [Errno 61] Connection refused

The above exception was the direct cause of the following exception:
.venv/lib/python3.11/site-packages/botocore/httpsession.py:477: in send
    urllib_response = conn.urlopen(
.venv/lib/python3.11/site-packages/urllib3/connectionpool.py:841: in urlopen
    retries = retries.increment(
.venv/lib/python3.11/site-packages/urllib3/util/retry.py:465: in increment
    raise reraise(type(error), error, _stacktrace)
          ^^^^^^^^^^^^^^^^^^^^^^^^^^^^^^^^^^^^^^^^
.venv/lib/python3.11/site-packages/urllib3/util/util.py:39: in reraise
    raise value
.venv/lib/python3.11/site-packages/urllib3/connectionpool.py:787: in urlopen
    response = self._make_request(
.venv/lib/python3.11/site-packages/urllib3/connectionpool.py:493: in _make_request
    conn.request(
.venv/lib/python3.11/site-packages/botocore/awsrequest.py:96: in request
    rval = super().request(method, url, body, headers, *args, **kwargs)
           ^^^^^^^^^^^^^^^^^^^^^^^^^^^^^^^^^^^^^^^^^^^^^^^^^^^^^^^^^^^^
.venv/lib/python3.11/site-packages/urllib3/connection.py:500: in request
    self.endheaders()
/opt/homebrew/Cellar/python@3.11/3.11.15/Frameworks/Python.framework/Versions/3.11/lib/python3.11/http/client.py:1318: in endheaders
    self._send_output(message_body, encode_chunked=encode_chunked)
.venv/lib/python3.11/site-packages/botocore/awsrequest.py:123: in _send_output
    self.send(msg)
.venv/lib/python3.11/site-packages/botocore/awsrequest.py:223: in send
    return super().send(str)
           ^^^^^^^^^^^^^^^^^
/opt/homebrew/Cellar/python@3.11/3.11.15/Frameworks/Python.framework/Versions/3.11/lib/python3.11/http/client.py:1016: in send
    self.connect()
.venv/lib/python3.11/site-packages/urllib3/connection.py:331: in connect
    self.sock = self._new_conn()
                ^^^^^^^^^^^^^^^^
.venv/lib/python3.11/site-packages/urllib3/connection.py:219: in _new_conn
    raise NewConnectionError(
E   urllib3.exceptions.NewConnectionError: AWSHTTPConnection(host='localhost', port=8001): Failed to establish a new connection: [Errno 61] Connection refused

The above exception was the direct cause of the following exception:
tests/integration/test_idor_prevention.py:30: in test_users
    response_a = client.post("/api/v1/auth/register", json={
.venv/lib/python3.11/site-packages/starlette/testclient.py:546: in post
    return super().post(
.venv/lib/python3.11/site-packages/httpx/_client.py:1144: in post
    return self.request(
.venv/lib/python3.11/site-packages/starlette/testclient.py:445: in request
    return super().request(
.venv/lib/python3.11/site-packages/httpx/_client.py:825: in request
    return self.send(request, auth=auth, follow_redirects=follow_redirects)
           ^^^^^^^^^^^^^^^^^^^^^^^^^^^^^^^^^^^^^^^^^^^^^^^^^^^^^^^^^^^^^^^^
.venv/lib/python3.11/site-packages/httpx/_client.py:914: in send
    response = self._send_handling_auth(
.venv/lib/python3.11/site-packages/httpx/_client.py:942: in _send_handling_auth
    response = self._send_handling_redirects(
.venv/lib/python3.11/site-packages/httpx/_client.py:979: in _send_handling_redirects
    response = self._send_single_request(request)
               ^^^^^^^^^^^^^^^^^^^^^^^^^^^^^^^^^^
.venv/lib/python3.11/site-packages/httpx/_client.py:1014: in _send_single_request
    response = transport.handle_request(request)
               ^^^^^^^^^^^^^^^^^^^^^^^^^^^^^^^^^
.venv/lib/python3.11/site-packages/starlette/testclient.py:348: in handle_request
    raise exc
.venv/lib/python3.11/site-packages/starlette/testclient.py:345: in handle_request
    portal.call(self.app, scope, receive, send)
.venv/lib/python3.11/site-packages/anyio/from_thread.py:334: in call
    return cast(T_Retval, self.start_task_soon(func, *args).result())
                          ^^^^^^^^^^^^^^^^^^^^^^^^^^^^^^^^^^^^^^^^^^
/opt/homebrew/Cellar/python@3.11/3.11.15/Frameworks/Python.framework/Versions/3.11/lib/python3.11/concurrent/futures/_base.py:456: in result
    return self.__get_result()
           ^^^^^^^^^^^^^^^^^^^
/opt/homebrew/Cellar/python@3.11/3.11.15/Frameworks/Python.framework/Versions/3.11/lib/python3.11/concurrent/futures/_base.py:401: in __get_result
    raise self._exception
.venv/lib/python3.11/site-packages/anyio/from_thread.py:259: in _call_func
    retval = await retval_or_awaitable
             ^^^^^^^^^^^^^^^^^^^^^^^^^
.venv/lib/python3.11/site-packages/fastapi/applications.py:1160: in __call__
    await super().__call__(scope, receive, send)
.venv/lib/python3.11/site-packages/starlette/applications.py:90: in __call__
    await self.middleware_stack(scope, receive, send)
.venv/lib/python3.11/site-packages/starlette/middleware/errors.py:176: in __call__
    response = await self.handler(request, exc)
               ^^^^^^^^^^^^^^^^^^^^^^^^^^^^^^^^
app/main.py:129: in generic_exception_handler
    raise exc
.venv/lib/python3.11/site-packages/starlette/middleware/errors.py:164: in __call__
    await self.app(scope, receive, _send)
.venv/lib/python3.11/site-packages/starlette/middleware/base.py:191: in __call__
    with recv_stream, send_stream, collapse_excgroups():
/opt/homebrew/Cellar/python@3.11/3.11.15/Frameworks/Python.framework/Versions/3.11/lib/python3.11/contextlib.py:158: in __exit__
    self.gen.throw(typ, value, traceback)
.venv/lib/python3.11/site-packages/starlette/_utils.py:87: in collapse_excgroups
    raise exc
.venv/lib/python3.11/site-packages/starlette/middleware/base.py:193: in __call__
    response = await self.dispatch_func(request, call_next)
               ^^^^^^^^^^^^^^^^^^^^^^^^^^^^^^^^^^^^^^^^^^^^
app/main.py:61: in add_security_headers
    response = await call_next(request)
               ^^^^^^^^^^^^^^^^^^^^^^^^
.venv/lib/python3.11/site-packages/starlette/middleware/base.py:168: in call_next
    raise app_exc from app_exc.__cause__ or app_exc.__context__
.venv/lib/python3.11/site-packages/starlette/middleware/base.py:144: in coro
    await self.app(scope, receive_or_disconnect, send_no_error)
.venv/lib/python3.11/site-packages/starlette/middleware/cors.py:88: in __call__
    await self.app(scope, receive, send)
.venv/lib/python3.11/site-packages/starlette/middleware/exceptions.py:63: in __call__
    await wrap_app_handling_exceptions(self.app, conn)(scope, receive, send)
.venv/lib/python3.11/site-packages/starlette/_exception_handler.py:53: in wrapped_app
    raise exc
.venv/lib/python3.11/site-packages/starlette/_exception_handler.py:42: in wrapped_app
    await app(scope, receive, sender)
.venv/lib/python3.11/site-packages/fastapi/middleware/asyncexitstack.py:18: in __call__
    await self.app(scope, receive, send)
.venv/lib/python3.11/site-packages/starlette/routing.py:660: in __call__
    await self.middleware_stack(scope, receive, send)
.venv/lib/python3.11/site-packages/starlette/routing.py:680: in app
    await route.handle(scope, receive, send)
.venv/lib/python3.11/site-packages/starlette/routing.py:276: in handle
    await self.app(scope, receive, send)
.venv/lib/python3.11/site-packages/fastapi/routing.py:130: in app
    await wrap_app_handling_exceptions(app, request)(scope, receive, send)
.venv/lib/python3.11/site-packages/starlette/_exception_handler.py:53: in wrapped_app
    raise exc
.venv/lib/python3.11/site-packages/starlette/_exception_handler.py:42: in wrapped_app
    await app(scope, receive, sender)
.venv/lib/python3.11/site-packages/fastapi/routing.py:116: in app
    response = await f(request)
               ^^^^^^^^^^^^^^^^
.venv/lib/python3.11/site-packages/fastapi/routing.py:670: in app
    raw_response = await run_endpoint_function(
.venv/lib/python3.11/site-packages/fastapi/routing.py:324: in run_endpoint_function
    return await dependant.call(**values)
           ^^^^^^^^^^^^^^^^^^^^^^^^^^^^^^
.venv/lib/python3.11/site-packages/slowapi/extension.py:734: in async_wrapper
    response = await func(*args, **kwargs)  # type: ignore
               ^^^^^^^^^^^^^^^^^^^^^^^^^^^
app/api/auth.py:323: in register
    existing_user = user_repo.get_by_email(user_create.email)
                    ^^^^^^^^^^^^^^^^^^^^^^^^^^^^^^^^^^^^^^^^^
app/repositories/user.py:169: in get_by_email
    items, _ = self._query(
app/repositories/base.py:145: in _query
    response = self.table.query(**kwargs)
               ^^^^^^^^^^^^^^^^^^^^^^^^^^
.venv/lib/python3.11/site-packages/boto3/resources/factory.py:581: in do_action
    response = action(self, *args, **kwargs)
               ^^^^^^^^^^^^^^^^^^^^^^^^^^^^^
.venv/lib/python3.11/site-packages/boto3/resources/action.py:88: in __call__
    response = getattr(parent.meta.client, operation_name)(*args, **params)
               ^^^^^^^^^^^^^^^^^^^^^^^^^^^^^^^^^^^^^^^^^^^^^^^^^^^^^^^^^^^^
.venv/lib/python3.11/site-packages/botocore/client.py:602: in _api_call
    return self._make_api_call(operation_name, kwargs)
           ^^^^^^^^^^^^^^^^^^^^^^^^^^^^^^^^^^^^^^^^^^^
.venv/lib/python3.11/site-packages/botocore/context.py:123: in wrapper
    return func(*args, **kwargs)
           ^^^^^^^^^^^^^^^^^^^^^
.venv/lib/python3.11/site-packages/botocore/client.py:1060: in _make_api_call
    http, parsed_response = self._make_request(
.venv/lib/python3.11/site-packages/botocore/client.py:1084: in _make_request
    return self._endpoint.make_request(operation_model, request_dict)
           ^^^^^^^^^^^^^^^^^^^^^^^^^^^^^^^^^^^^^^^^^^^^^^^^^^^^^^^^^^
.venv/lib/python3.11/site-packages/botocore/endpoint.py:119: in make_request
    return self._send_request(request_dict, operation_model)
           ^^^^^^^^^^^^^^^^^^^^^^^^^^^^^^^^^^^^^^^^^^^^^^^^^
.venv/lib/python3.11/site-packages/botocore/endpoint.py:200: in _send_request
    while self._needs_retry(
.venv/lib/python3.11/site-packages/botocore/endpoint.py:360: in _needs_retry
    responses = self._event_emitter.emit(
.venv/lib/python3.11/site-packages/botocore/hooks.py:412: in emit
    return self._emitter.emit(aliased_event_name, **kwargs)
           ^^^^^^^^^^^^^^^^^^^^^^^^^^^^^^^^^^^^^^^^^^^^^^^^
.venv/lib/python3.11/site-packages/botocore/hooks.py:256: in emit
    return self._emit(event_name, kwargs)
           ^^^^^^^^^^^^^^^^^^^^^^^^^^^^^^
.venv/lib/python3.11/site-packages/botocore/hooks.py:239: in _emit
    response = handler(**kwargs)
               ^^^^^^^^^^^^^^^^^
.venv/lib/python3.11/site-packages/botocore/retryhandler.py:207: in __call__
    if self._checker(**checker_kwargs):
       ^^^^^^^^^^^^^^^^^^^^^^^^^^^^^^^
.venv/lib/python3.11/site-packages/botocore/retryhandler.py:284: in __call__
    should_retry = self._should_retry(
.venv/lib/python3.11/site-packages/botocore/retryhandler.py:320: in _should_retry
    return self._checker(attempt_number, response, caught_exception)
           ^^^^^^^^^^^^^^^^^^^^^^^^^^^^^^^^^^^^^^^^^^^^^^^^^^^^^^^^^
.venv/lib/python3.11/site-packages/botocore/retryhandler.py:363: in __call__
    checker_response = checker(
.venv/lib/python3.11/site-packages/botocore/retryhandler.py:247: in __call__
    return self._check_caught_exception(
.venv/lib/python3.11/site-packages/botocore/retryhandler.py:416: in _check_caught_exception
    raise caught_exception
.venv/lib/python3.11/site-packages/botocore/endpoint.py:279: in _do_get_response
    http_response = self._send(request)
                    ^^^^^^^^^^^^^^^^^^^
.venv/lib/python3.11/site-packages/botocore/endpoint.py:383: in _send
    return self.http_session.send(request)
           ^^^^^^^^^^^^^^^^^^^^^^^^^^^^^^^
.venv/lib/python3.11/site-packages/botocore/httpsession.py:506: in send
    raise EndpointConnectionError(endpoint_url=request.url, error=e)
E   botocore.exceptions.EndpointConnectionError: Could not connect to the endpoint URL: "http://localhost:8001/"
---------------------------- Captured stdout setup -----------------------------
2026-05-17 20:08:53 - app.main - ERROR - Unhandled exception: Could not connect to the endpoint URL: "http://localhost:8001/"
Traceback (most recent call last):
  File "/Users/andyschwarz/Documents/Privat/OverCloud/backend/.venv/lib/python3.11/site-packages/urllib3/connection.py", line 204, in _new_conn
    sock = connection.create_connection(
           ^^^^^^^^^^^^^^^^^^^^^^^^^^^^^
  File "/Users/andyschwarz/Documents/Privat/OverCloud/backend/.venv/lib/python3.11/site-packages/urllib3/util/connection.py", line 85, in create_connection
    raise err
  File "/Users/andyschwarz/Documents/Privat/OverCloud/backend/.venv/lib/python3.11/site-packages/urllib3/util/connection.py", line 73, in create_connection
    sock.connect(sa)
ConnectionRefusedError: [Errno 61] Connection refused

The above exception was the direct cause of the following exception:

Traceback (most recent call last):
  File "/Users/andyschwarz/Documents/Privat/OverCloud/backend/.venv/lib/python3.11/site-packages/botocore/httpsession.py", line 477, in send
    urllib_response = conn.urlopen(
                      ^^^^^^^^^^^^^
  File "/Users/andyschwarz/Documents/Privat/OverCloud/backend/.venv/lib/python3.11/site-packages/urllib3/connectionpool.py", line 841, in urlopen
    retries = retries.increment(
              ^^^^^^^^^^^^^^^^^^
  File "/Users/andyschwarz/Documents/Privat/OverCloud/backend/.venv/lib/python3.11/site-packages/urllib3/util/retry.py", line 465, in increment
    raise reraise(type(error), error, _stacktrace)
          ^^^^^^^^^^^^^^^^^^^^^^^^^^^^^^^^^^^^^^^^
  File "/Users/andyschwarz/Documents/Privat/OverCloud/backend/.venv/lib/python3.11/site-packages/urllib3/util/util.py", line 39, in reraise
    raise value
  File "/Users/andyschwarz/Documents/Privat/OverCloud/backend/.venv/lib/python3.11/site-packages/urllib3/connectionpool.py", line 787, in urlopen
    response = self._make_request(
               ^^^^^^^^^^^^^^^^^^^
  File "/Users/andyschwarz/Documents/Privat/OverCloud/backend/.venv/lib/python3.11/site-packages/urllib3/connectionpool.py", line 493, in _make_request
    conn.request(
  File "/Users/andyschwarz/Documents/Privat/OverCloud/backend/.venv/lib/python3.11/site-packages/botocore/awsrequest.py", line 96, in request
    rval = super().request(method, url, body, headers, *args, **kwargs)
           ^^^^^^^^^^^^^^^^^^^^^^^^^^^^^^^^^^^^^^^^^^^^^^^^^^^^^^^^^^^^
  File "/Users/andyschwarz/Documents/Privat/OverCloud/backend/.venv/lib/python3.11/site-packages/urllib3/connection.py", line 500, in request
    self.endheaders()
  File "/opt/homebrew/Cellar/python@3.11/3.11.15/Frameworks/Python.framework/Versions/3.11/lib/python3.11/http/client.py", line 1318, in endheaders
    self._send_output(message_body, encode_chunked=encode_chunked)
  File "/Users/andyschwarz/Documents/Privat/OverCloud/backend/.venv/lib/python3.11/site-packages/botocore/awsrequest.py", line 123, in _send_output
    self.send(msg)
  File "/Users/andyschwarz/Documents/Privat/OverCloud/backend/.venv/lib/python3.11/site-packages/botocore/awsrequest.py", line 223, in send
    return super().send(str)
           ^^^^^^^^^^^^^^^^^
  File "/opt/homebrew/Cellar/python@3.11/3.11.15/Frameworks/Python.framework/Versions/3.11/lib/python3.11/http/client.py", line 1016, in send
    self.connect()
  File "/Users/andyschwarz/Documents/Privat/OverCloud/backend/.venv/lib/python3.11/site-packages/urllib3/connection.py", line 331, in connect
    self.sock = self._new_conn()
                ^^^^^^^^^^^^^^^^
  File "/Users/andyschwarz/Documents/Privat/OverCloud/backend/.venv/lib/python3.11/site-packages/urllib3/connection.py", line 219, in _new_conn
    raise NewConnectionError(
urllib3.exceptions.NewConnectionError: AWSHTTPConnection(host='localhost', port=8001): Failed to establish a new connection: [Errno 61] Connection refused

The above exception was the direct cause of the following exception:

Traceback (most recent call last):
  File "/Users/andyschwarz/Documents/Privat/OverCloud/backend/.venv/lib/python3.11/site-packages/starlette/middleware/errors.py", line 164, in __call__
    await self.app(scope, receive, _send)
  File "/Users/andyschwarz/Documents/Privat/OverCloud/backend/.venv/lib/python3.11/site-packages/starlette/middleware/base.py", line 191, in __call__
    with recv_stream, send_stream, collapse_excgroups():
  File "/opt/homebrew/Cellar/python@3.11/3.11.15/Frameworks/Python.framework/Versions/3.11/lib/python3.11/contextlib.py", line 158, in __exit__
    self.gen.throw(typ, value, traceback)
  File "/Users/andyschwarz/Documents/Privat/OverCloud/backend/.venv/lib/python3.11/site-packages/starlette/_utils.py", line 87, in collapse_excgroups
    raise exc
  File "/Users/andyschwarz/Documents/Privat/OverCloud/backend/.venv/lib/python3.11/site-packages/starlette/middleware/base.py", line 193, in __call__
    response = await self.dispatch_func(request, call_next)
               ^^^^^^^^^^^^^^^^^^^^^^^^^^^^^^^^^^^^^^^^^^^^
  File "/Users/andyschwarz/Documents/Privat/OverCloud/backend/app/main.py", line 61, in add_security_headers
    response = await call_next(request)
               ^^^^^^^^^^^^^^^^^^^^^^^^
  File "/Users/andyschwarz/Documents/Privat/OverCloud/backend/.venv/lib/python3.11/site-packages/starlette/middleware/base.py", line 168, in call_next
    raise app_exc from app_exc.__cause__ or app_exc.__context__
  File "/Users/andyschwarz/Documents/Privat/OverCloud/backend/.venv/lib/python3.11/site-packages/starlette/middleware/base.py", line 144, in coro
    await self.app(scope, receive_or_disconnect, send_no_error)
  File "/Users/andyschwarz/Documents/Privat/OverCloud/backend/.venv/lib/python3.11/site-packages/starlette/middleware/cors.py", line 88, in __call__
    await self.app(scope, receive, send)
  File "/Users/andyschwarz/Documents/Privat/OverCloud/backend/.venv/lib/python3.11/site-packages/starlette/middleware/exceptions.py", line 63, in __call__
    await wrap_app_handling_exceptions(self.app, conn)(scope, receive, send)
  File "/Users/andyschwarz/Documents/Privat/OverCloud/backend/.venv/lib/python3.11/site-packages/starlette/_exception_handler.py", line 53, in wrapped_app
    raise exc
  File "/Users/andyschwarz/Documents/Privat/OverCloud/backend/.venv/lib/python3.11/site-packages/starlette/_exception_handler.py", line 42, in wrapped_app
    await app(scope, receive, sender)
  File "/Users/andyschwarz/Documents/Privat/OverCloud/backend/.venv/lib/python3.11/site-packages/fastapi/middleware/asyncexitstack.py", line 18, in __call__
    await self.app(scope, receive, send)
  File "/Users/andyschwarz/Documents/Privat/OverCloud/backend/.venv/lib/python3.11/site-packages/starlette/routing.py", line 660, in __call__
    await self.middleware_stack(scope, receive, send)
  File "/Users/andyschwarz/Documents/Privat/OverCloud/backend/.venv/lib/python3.11/site-packages/starlette/routing.py", line 680, in app
    await route.handle(scope, receive, send)
  File "/Users/andyschwarz/Documents/Privat/OverCloud/backend/.venv/lib/python3.11/site-packages/starlette/routing.py", line 276, in handle
    await self.app(scope, receive, send)
  File "/Users/andyschwarz/Documents/Privat/OverCloud/backend/.venv/lib/python3.11/site-packages/fastapi/routing.py", line 130, in app
    await wrap_app_handling_exceptions(app, request)(scope, receive, send)
  File "/Users/andyschwarz/Documents/Privat/OverCloud/backend/.venv/lib/python3.11/site-packages/starlette/_exception_handler.py", line 53, in wrapped_app
    raise exc
  File "/Users/andyschwarz/Documents/Privat/OverCloud/backend/.venv/lib/python3.11/site-packages/starlette/_exception_handler.py", line 42, in wrapped_app
    await app(scope, receive, sender)
  File "/Users/andyschwarz/Documents/Privat/OverCloud/backend/.venv/lib/python3.11/site-packages/fastapi/routing.py", line 116, in app
    response = await f(request)
               ^^^^^^^^^^^^^^^^
  File "/Users/andyschwarz/Documents/Privat/OverCloud/backend/.venv/lib/python3.11/site-packages/fastapi/routing.py", line 670, in app
    raw_response = await run_endpoint_function(
                   ^^^^^^^^^^^^^^^^^^^^^^^^^^^^
  File "/Users/andyschwarz/Documents/Privat/OverCloud/backend/.venv/lib/python3.11/site-packages/fastapi/routing.py", line 324, in run_endpoint_function
    return await dependant.call(**values)
           ^^^^^^^^^^^^^^^^^^^^^^^^^^^^^^
  File "/Users/andyschwarz/Documents/Privat/OverCloud/backend/.venv/lib/python3.11/site-packages/slowapi/extension.py", line 734, in async_wrapper
    response = await func(*args, **kwargs)  # type: ignore
               ^^^^^^^^^^^^^^^^^^^^^^^^^^^
  File "/Users/andyschwarz/Documents/Privat/OverCloud/backend/app/api/auth.py", line 323, in register
    existing_user = user_repo.get_by_email(user_create.email)
                    ^^^^^^^^^^^^^^^^^^^^^^^^^^^^^^^^^^^^^^^^^
  File "/Users/andyschwarz/Documents/Privat/OverCloud/backend/app/repositories/user.py", line 169, in get_by_email
    items, _ = self._query(
               ^^^^^^^^^^^^
  File "/Users/andyschwarz/Documents/Privat/OverCloud/backend/app/repositories/base.py", line 145, in _query
    response = self.table.query(**kwargs)
               ^^^^^^^^^^^^^^^^^^^^^^^^^^
  File "/Users/andyschwarz/Documents/Privat/OverCloud/backend/.venv/lib/python3.11/site-packages/boto3/resources/factory.py", line 581, in do_action
    response = action(self, *args, **kwargs)
               ^^^^^^^^^^^^^^^^^^^^^^^^^^^^^
  File "/Users/andyschwarz/Documents/Privat/OverCloud/backend/.venv/lib/python3.11/site-packages/boto3/resources/action.py", line 88, in __call__
    response = getattr(parent.meta.client, operation_name)(*args, **params)
               ^^^^^^^^^^^^^^^^^^^^^^^^^^^^^^^^^^^^^^^^^^^^^^^^^^^^^^^^^^^^
  File "/Users/andyschwarz/Documents/Privat/OverCloud/backend/.venv/lib/python3.11/site-packages/botocore/client.py", line 602, in _api_call
    return self._make_api_call(operation_name, kwargs)
           ^^^^^^^^^^^^^^^^^^^^^^^^^^^^^^^^^^^^^^^^^^^
  File "/Users/andyschwarz/Documents/Privat/OverCloud/backend/.venv/lib/python3.11/site-packages/botocore/context.py", line 123, in wrapper
    return func(*args, **kwargs)
           ^^^^^^^^^^^^^^^^^^^^^
  File "/Users/andyschwarz/Documents/Privat/OverCloud/backend/.venv/lib/python3.11/site-packages/botocore/client.py", line 1060, in _make_api_call
    http, parsed_response = self._make_request(
                            ^^^^^^^^^^^^^^^^^^^
  File "/Users/andyschwarz/Documents/Privat/OverCloud/backend/.venv/lib/python3.11/site-packages/botocore/client.py", line 1084, in _make_request
    return self._endpoint.make_request(operation_model, request_dict)
           ^^^^^^^^^^^^^^^^^^^^^^^^^^^^^^^^^^^^^^^^^^^^^^^^^^^^^^^^^^
  File "/Users/andyschwarz/Documents/Privat/OverCloud/backend/.venv/lib/python3.11/site-packages/botocore/endpoint.py", line 119, in make_request
    return self._send_request(request_dict, operation_model)
           ^^^^^^^^^^^^^^^^^^^^^^^^^^^^^^^^^^^^^^^^^^^^^^^^^
  File "/Users/andyschwarz/Documents/Privat/OverCloud/backend/.venv/lib/python3.11/site-packages/botocore/endpoint.py", line 200, in _send_request
    while self._needs_retry(
          ^^^^^^^^^^^^^^^^^^
  File "/Users/andyschwarz/Documents/Privat/OverCloud/backend/.venv/lib/python3.11/site-packages/botocore/endpoint.py", line 360, in _needs_retry
    responses = self._event_emitter.emit(
                ^^^^^^^^^^^^^^^^^^^^^^^^^
  File "/Users/andyschwarz/Documents/Privat/OverCloud/backend/.venv/lib/python3.11/site-packages/botocore/hooks.py", line 412, in emit
    return self._emitter.emit(aliased_event_name, **kwargs)
           ^^^^^^^^^^^^^^^^^^^^^^^^^^^^^^^^^^^^^^^^^^^^^^^^
  File "/Users/andyschwarz/Documents/Privat/OverCloud/backend/.venv/lib/python3.11/site-packages/botocore/hooks.py", line 256, in emit
    return self._emit(event_name, kwargs)
           ^^^^^^^^^^^^^^^^^^^^^^^^^^^^^^
  File "/Users/andyschwarz/Documents/Privat/OverCloud/backend/.venv/lib/python3.11/site-packages/botocore/hooks.py", line 239, in _emit
    response = handler(**kwargs)
               ^^^^^^^^^^^^^^^^^
  File "/Users/andyschwarz/Documents/Privat/OverCloud/backend/.venv/lib/python3.11/site-packages/botocore/retryhandler.py", line 207, in __call__
    if self._checker(**checker_kwargs):
       ^^^^^^^^^^^^^^^^^^^^^^^^^^^^^^^
  File "/Users/andyschwarz/Documents/Privat/OverCloud/backend/.venv/lib/python3.11/site-packages/botocore/retryhandler.py", line 284, in __call__
    should_retry = self._should_retry(
                   ^^^^^^^^^^^^^^^^^^^
  File "/Users/andyschwarz/Documents/Privat/OverCloud/backend/.venv/lib/python3.11/site-packages/botocore/retryhandler.py", line 320, in _should_retry
    return self._checker(attempt_number, response, caught_exception)
           ^^^^^^^^^^^^^^^^^^^^^^^^^^^^^^^^^^^^^^^^^^^^^^^^^^^^^^^^^
  File "/Users/andyschwarz/Documents/Privat/OverCloud/backend/.venv/lib/python3.11/site-packages/botocore/retryhandler.py", line 363, in __call__
    checker_response = checker(
                       ^^^^^^^^
  File "/Users/andyschwarz/Documents/Privat/OverCloud/backend/.venv/lib/python3.11/site-packages/botocore/retryhandler.py", line 247, in __call__
    return self._check_caught_exception(
           ^^^^^^^^^^^^^^^^^^^^^^^^^^^^^
  File "/Users/andyschwarz/Documents/Privat/OverCloud/backend/.venv/lib/python3.11/site-packages/botocore/retryhandler.py", line 416, in _check_caught_exception
    raise caught_exception
  File "/Users/andyschwarz/Documents/Privat/OverCloud/backend/.venv/lib/python3.11/site-packages/botocore/endpoint.py", line 279, in _do_get_response
    http_response = self._send(request)
                    ^^^^^^^^^^^^^^^^^^^
  File "/Users/andyschwarz/Documents/Privat/OverCloud/backend/.venv/lib/python3.11/site-packages/botocore/endpoint.py", line 383, in _send
    return self.http_session.send(request)
           ^^^^^^^^^^^^^^^^^^^^^^^^^^^^^^^
  File "/Users/andyschwarz/Documents/Privat/OverCloud/backend/.venv/lib/python3.11/site-packages/botocore/httpsession.py", line 506, in send
    raise EndpointConnectionError(endpoint_url=request.url, error=e)
botocore.exceptions.EndpointConnectionError: Could not connect to the endpoint URL: "http://localhost:8001/"
------------------------------ Captured log setup ------------------------------
ERROR    app.main:main.py:112 Unhandled exception: Could not connect to the endpoint URL: "http://localhost:8001/"
Traceback (most recent call last):
  File "/Users/andyschwarz/Documents/Privat/OverCloud/backend/.venv/lib/python3.11/site-packages/urllib3/connection.py", line 204, in _new_conn
    sock = connection.create_connection(
           ^^^^^^^^^^^^^^^^^^^^^^^^^^^^^
  File "/Users/andyschwarz/Documents/Privat/OverCloud/backend/.venv/lib/python3.11/site-packages/urllib3/util/connection.py", line 85, in create_connection
    raise err
  File "/Users/andyschwarz/Documents/Privat/OverCloud/backend/.venv/lib/python3.11/site-packages/urllib3/util/connection.py", line 73, in create_connection
    sock.connect(sa)
ConnectionRefusedError: [Errno 61] Connection refused

The above exception was the direct cause of the following exception:

Traceback (most recent call last):
  File "/Users/andyschwarz/Documents/Privat/OverCloud/backend/.venv/lib/python3.11/site-packages/botocore/httpsession.py", line 477, in send
    urllib_response = conn.urlopen(
                      ^^^^^^^^^^^^^
  File "/Users/andyschwarz/Documents/Privat/OverCloud/backend/.venv/lib/python3.11/site-packages/urllib3/connectionpool.py", line 841, in urlopen
    retries = retries.increment(
              ^^^^^^^^^^^^^^^^^^
  File "/Users/andyschwarz/Documents/Privat/OverCloud/backend/.venv/lib/python3.11/site-packages/urllib3/util/retry.py", line 465, in increment
    raise reraise(type(error), error, _stacktrace)
          ^^^^^^^^^^^^^^^^^^^^^^^^^^^^^^^^^^^^^^^^
  File "/Users/andyschwarz/Documents/Privat/OverCloud/backend/.venv/lib/python3.11/site-packages/urllib3/util/util.py", line 39, in reraise
    raise value
  File "/Users/andyschwarz/Documents/Privat/OverCloud/backend/.venv/lib/python3.11/site-packages/urllib3/connectionpool.py", line 787, in urlopen
    response = self._make_request(
               ^^^^^^^^^^^^^^^^^^^
  File "/Users/andyschwarz/Documents/Privat/OverCloud/backend/.venv/lib/python3.11/site-packages/urllib3/connectionpool.py", line 493, in _make_request
    conn.request(
  File "/Users/andyschwarz/Documents/Privat/OverCloud/backend/.venv/lib/python3.11/site-packages/botocore/awsrequest.py", line 96, in request
    rval = super().request(method, url, body, headers, *args, **kwargs)
           ^^^^^^^^^^^^^^^^^^^^^^^^^^^^^^^^^^^^^^^^^^^^^^^^^^^^^^^^^^^^
  File "/Users/andyschwarz/Documents/Privat/OverCloud/backend/.venv/lib/python3.11/site-packages/urllib3/connection.py", line 500, in request
    self.endheaders()
  File "/opt/homebrew/Cellar/python@3.11/3.11.15/Frameworks/Python.framework/Versions/3.11/lib/python3.11/http/client.py", line 1318, in endheaders
    self._send_output(message_body, encode_chunked=encode_chunked)
  File "/Users/andyschwarz/Documents/Privat/OverCloud/backend/.venv/lib/python3.11/site-packages/botocore/awsrequest.py", line 123, in _send_output
    self.send(msg)
  File "/Users/andyschwarz/Documents/Privat/OverCloud/backend/.venv/lib/python3.11/site-packages/botocore/awsrequest.py", line 223, in send
    return super().send(str)
           ^^^^^^^^^^^^^^^^^
  File "/opt/homebrew/Cellar/python@3.11/3.11.15/Frameworks/Python.framework/Versions/3.11/lib/python3.11/http/client.py", line 1016, in send
    self.connect()
  File "/Users/andyschwarz/Documents/Privat/OverCloud/backend/.venv/lib/python3.11/site-packages/urllib3/connection.py", line 331, in connect
    self.sock = self._new_conn()
                ^^^^^^^^^^^^^^^^
  File "/Users/andyschwarz/Documents/Privat/OverCloud/backend/.venv/lib/python3.11/site-packages/urllib3/connection.py", line 219, in _new_conn
    raise NewConnectionError(
urllib3.exceptions.NewConnectionError: AWSHTTPConnection(host='localhost', port=8001): Failed to establish a new connection: [Errno 61] Connection refused

The above exception was the direct cause of the following exception:

Traceback (most recent call last):
  File "/Users/andyschwarz/Documents/Privat/OverCloud/backend/.venv/lib/python3.11/site-packages/starlette/middleware/errors.py", line 164, in __call__
    await self.app(scope, receive, _send)
  File "/Users/andyschwarz/Documents/Privat/OverCloud/backend/.venv/lib/python3.11/site-packages/starlette/middleware/base.py", line 191, in __call__
    with recv_stream, send_stream, collapse_excgroups():
  File "/opt/homebrew/Cellar/python@3.11/3.11.15/Frameworks/Python.framework/Versions/3.11/lib/python3.11/contextlib.py", line 158, in __exit__
    self.gen.throw(typ, value, traceback)
  File "/Users/andyschwarz/Documents/Privat/OverCloud/backend/.venv/lib/python3.11/site-packages/starlette/_utils.py", line 87, in collapse_excgroups
    raise exc
  File "/Users/andyschwarz/Documents/Privat/OverCloud/backend/.venv/lib/python3.11/site-packages/starlette/middleware/base.py", line 193, in __call__
    response = await self.dispatch_func(request, call_next)
               ^^^^^^^^^^^^^^^^^^^^^^^^^^^^^^^^^^^^^^^^^^^^
  File "/Users/andyschwarz/Documents/Privat/OverCloud/backend/app/main.py", line 61, in add_security_headers
    response = await call_next(request)
               ^^^^^^^^^^^^^^^^^^^^^^^^
  File "/Users/andyschwarz/Documents/Privat/OverCloud/backend/.venv/lib/python3.11/site-packages/starlette/middleware/base.py", line 168, in call_next
    raise app_exc from app_exc.__cause__ or app_exc.__context__
  File "/Users/andyschwarz/Documents/Privat/OverCloud/backend/.venv/lib/python3.11/site-packages/starlette/middleware/base.py", line 144, in coro
    await self.app(scope, receive_or_disconnect, send_no_error)
  File "/Users/andyschwarz/Documents/Privat/OverCloud/backend/.venv/lib/python3.11/site-packages/starlette/middleware/cors.py", line 88, in __call__
    await self.app(scope, receive, send)
  File "/Users/andyschwarz/Documents/Privat/OverCloud/backend/.venv/lib/python3.11/site-packages/starlette/middleware/exceptions.py", line 63, in __call__
    await wrap_app_handling_exceptions(self.app, conn)(scope, receive, send)
  File "/Users/andyschwarz/Documents/Privat/OverCloud/backend/.venv/lib/python3.11/site-packages/starlette/_exception_handler.py", line 53, in wrapped_app
    raise exc
  File "/Users/andyschwarz/Documents/Privat/OverCloud/backend/.venv/lib/python3.11/site-packages/starlette/_exception_handler.py", line 42, in wrapped_app
    await app(scope, receive, sender)
  File "/Users/andyschwarz/Documents/Privat/OverCloud/backend/.venv/lib/python3.11/site-packages/fastapi/middleware/asyncexitstack.py", line 18, in __call__
    await self.app(scope, receive, send)
  File "/Users/andyschwarz/Documents/Privat/OverCloud/backend/.venv/lib/python3.11/site-packages/starlette/routing.py", line 660, in __call__
    await self.middleware_stack(scope, receive, send)
  File "/Users/andyschwarz/Documents/Privat/OverCloud/backend/.venv/lib/python3.11/site-packages/starlette/routing.py", line 680, in app
    await route.handle(scope, receive, send)
  File "/Users/andyschwarz/Documents/Privat/OverCloud/backend/.venv/lib/python3.11/site-packages/starlette/routing.py", line 276, in handle
    await self.app(scope, receive, send)
  File "/Users/andyschwarz/Documents/Privat/OverCloud/backend/.venv/lib/python3.11/site-packages/fastapi/routing.py", line 130, in app
    await wrap_app_handling_exceptions(app, request)(scope, receive, send)
  File "/Users/andyschwarz/Documents/Privat/OverCloud/backend/.venv/lib/python3.11/site-packages/starlette/_exception_handler.py", line 53, in wrapped_app
    raise exc
  File "/Users/andyschwarz/Documents/Privat/OverCloud/backend/.venv/lib/python3.11/site-packages/starlette/_exception_handler.py", line 42, in wrapped_app
    await app(scope, receive, sender)
  File "/Users/andyschwarz/Documents/Privat/OverCloud/backend/.venv/lib/python3.11/site-packages/fastapi/routing.py", line 116, in app
    response = await f(request)
               ^^^^^^^^^^^^^^^^
  File "/Users/andyschwarz/Documents/Privat/OverCloud/backend/.venv/lib/python3.11/site-packages/fastapi/routing.py", line 670, in app
    raw_response = await run_endpoint_function(
                   ^^^^^^^^^^^^^^^^^^^^^^^^^^^^
  File "/Users/andyschwarz/Documents/Privat/OverCloud/backend/.venv/lib/python3.11/site-packages/fastapi/routing.py", line 324, in run_endpoint_function
    return await dependant.call(**values)
           ^^^^^^^^^^^^^^^^^^^^^^^^^^^^^^
  File "/Users/andyschwarz/Documents/Privat/OverCloud/backend/.venv/lib/python3.11/site-packages/slowapi/extension.py", line 734, in async_wrapper
    response = await func(*args, **kwargs)  # type: ignore
               ^^^^^^^^^^^^^^^^^^^^^^^^^^^
  File "/Users/andyschwarz/Documents/Privat/OverCloud/backend/app/api/auth.py", line 323, in register
    existing_user = user_repo.get_by_email(user_create.email)
                    ^^^^^^^^^^^^^^^^^^^^^^^^^^^^^^^^^^^^^^^^^
  File "/Users/andyschwarz/Documents/Privat/OverCloud/backend/app/repositories/user.py", line 169, in get_by_email
    items, _ = self._query(
               ^^^^^^^^^^^^
  File "/Users/andyschwarz/Documents/Privat/OverCloud/backend/app/repositories/base.py", line 145, in _query
    response = self.table.query(**kwargs)
               ^^^^^^^^^^^^^^^^^^^^^^^^^^
  File "/Users/andyschwarz/Documents/Privat/OverCloud/backend/.venv/lib/python3.11/site-packages/boto3/resources/factory.py", line 581, in do_action
    response = action(self, *args, **kwargs)
               ^^^^^^^^^^^^^^^^^^^^^^^^^^^^^
  File "/Users/andyschwarz/Documents/Privat/OverCloud/backend/.venv/lib/python3.11/site-packages/boto3/resources/action.py", line 88, in __call__
    response = getattr(parent.meta.client, operation_name)(*args, **params)
               ^^^^^^^^^^^^^^^^^^^^^^^^^^^^^^^^^^^^^^^^^^^^^^^^^^^^^^^^^^^^
  File "/Users/andyschwarz/Documents/Privat/OverCloud/backend/.venv/lib/python3.11/site-packages/botocore/client.py", line 602, in _api_call
    return self._make_api_call(operation_name, kwargs)
           ^^^^^^^^^^^^^^^^^^^^^^^^^^^^^^^^^^^^^^^^^^^
  File "/Users/andyschwarz/Documents/Privat/OverCloud/backend/.venv/lib/python3.11/site-packages/botocore/context.py", line 123, in wrapper
    return func(*args, **kwargs)
           ^^^^^^^^^^^^^^^^^^^^^
  File "/Users/andyschwarz/Documents/Privat/OverCloud/backend/.venv/lib/python3.11/site-packages/botocore/client.py", line 1060, in _make_api_call
    http, parsed_response = self._make_request(
                            ^^^^^^^^^^^^^^^^^^^
  File "/Users/andyschwarz/Documents/Privat/OverCloud/backend/.venv/lib/python3.11/site-packages/botocore/client.py", line 1084, in _make_request
    return self._endpoint.make_request(operation_model, request_dict)
           ^^^^^^^^^^^^^^^^^^^^^^^^^^^^^^^^^^^^^^^^^^^^^^^^^^^^^^^^^^
  File "/Users/andyschwarz/Documents/Privat/OverCloud/backend/.venv/lib/python3.11/site-packages/botocore/endpoint.py", line 119, in make_request
    return self._send_request(request_dict, operation_model)
           ^^^^^^^^^^^^^^^^^^^^^^^^^^^^^^^^^^^^^^^^^^^^^^^^^
  File "/Users/andyschwarz/Documents/Privat/OverCloud/backend/.venv/lib/python3.11/site-packages/botocore/endpoint.py", line 200, in _send_request
    while self._needs_retry(
          ^^^^^^^^^^^^^^^^^^
  File "/Users/andyschwarz/Documents/Privat/OverCloud/backend/.venv/lib/python3.11/site-packages/botocore/endpoint.py", line 360, in _needs_retry
    responses = self._event_emitter.emit(
                ^^^^^^^^^^^^^^^^^^^^^^^^^
  File "/Users/andyschwarz/Documents/Privat/OverCloud/backend/.venv/lib/python3.11/site-packages/botocore/hooks.py", line 412, in emit
    return self._emitter.emit(aliased_event_name, **kwargs)
           ^^^^^^^^^^^^^^^^^^^^^^^^^^^^^^^^^^^^^^^^^^^^^^^^
  File "/Users/andyschwarz/Documents/Privat/OverCloud/backend/.venv/lib/python3.11/site-packages/botocore/hooks.py", line 256, in emit
    return self._emit(event_name, kwargs)
           ^^^^^^^^^^^^^^^^^^^^^^^^^^^^^^
  File "/Users/andyschwarz/Documents/Privat/OverCloud/backend/.venv/lib/python3.11/site-packages/botocore/hooks.py", line 239, in _emit
    response = handler(**kwargs)
               ^^^^^^^^^^^^^^^^^
  File "/Users/andyschwarz/Documents/Privat/OverCloud/backend/.venv/lib/python3.11/site-packages/botocore/retryhandler.py", line 207, in __call__
    if self._checker(**checker_kwargs):
       ^^^^^^^^^^^^^^^^^^^^^^^^^^^^^^^
  File "/Users/andyschwarz/Documents/Privat/OverCloud/backend/.venv/lib/python3.11/site-packages/botocore/retryhandler.py", line 284, in __call__
    should_retry = self._should_retry(
                   ^^^^^^^^^^^^^^^^^^^
  File "/Users/andyschwarz/Documents/Privat/OverCloud/backend/.venv/lib/python3.11/site-packages/botocore/retryhandler.py", line 320, in _should_retry
    return self._checker(attempt_number, response, caught_exception)
           ^^^^^^^^^^^^^^^^^^^^^^^^^^^^^^^^^^^^^^^^^^^^^^^^^^^^^^^^^
  File "/Users/andyschwarz/Documents/Privat/OverCloud/backend/.venv/lib/python3.11/site-packages/botocore/retryhandler.py", line 363, in __call__
    checker_response = checker(
                       ^^^^^^^^
  File "/Users/andyschwarz/Documents/Privat/OverCloud/backend/.venv/lib/python3.11/site-packages/botocore/retryhandler.py", line 247, in __call__
    return self._check_caught_exception(
           ^^^^^^^^^^^^^^^^^^^^^^^^^^^^^
  File "/Users/andyschwarz/Documents/Privat/OverCloud/backend/.venv/lib/python3.11/site-packages/botocore/retryhandler.py", line 416, in _check_caught_exception
    raise caught_exception
  File "/Users/andyschwarz/Documents/Privat/OverCloud/backend/.venv/lib/python3.11/site-packages/botocore/endpoint.py", line 279, in _do_get_response
    http_response = self._send(request)
                    ^^^^^^^^^^^^^^^^^^^
  File "/Users/andyschwarz/Documents/Privat/OverCloud/backend/.venv/lib/python3.11/site-packages/botocore/endpoint.py", line 383, in _send
    return self.http_session.send(request)
           ^^^^^^^^^^^^^^^^^^^^^^^^^^^^^^^
  File "/Users/andyschwarz/Documents/Privat/OverCloud/backend/.venv/lib/python3.11/site-packages/botocore/httpsession.py", line 506, in send
    raise EndpointConnectionError(endpoint_url=request.url, error=e)
botocore.exceptions.EndpointConnectionError: Could not connect to the endpoint URL: "http://localhost:8001/"
_ ERROR at setup of TestIDORPrevention.test_user_cannot_view_other_user_organisations _
.venv/lib/python3.11/site-packages/urllib3/connection.py:204: in _new_conn
    sock = connection.create_connection(
.venv/lib/python3.11/site-packages/urllib3/util/connection.py:85: in create_connection
    raise err
.venv/lib/python3.11/site-packages/urllib3/util/connection.py:73: in create_connection
    sock.connect(sa)
E   ConnectionRefusedError: [Errno 61] Connection refused

The above exception was the direct cause of the following exception:
.venv/lib/python3.11/site-packages/botocore/httpsession.py:477: in send
    urllib_response = conn.urlopen(
.venv/lib/python3.11/site-packages/urllib3/connectionpool.py:841: in urlopen
    retries = retries.increment(
.venv/lib/python3.11/site-packages/urllib3/util/retry.py:465: in increment
    raise reraise(type(error), error, _stacktrace)
          ^^^^^^^^^^^^^^^^^^^^^^^^^^^^^^^^^^^^^^^^
.venv/lib/python3.11/site-packages/urllib3/util/util.py:39: in reraise
    raise value
.venv/lib/python3.11/site-packages/urllib3/connectionpool.py:787: in urlopen
    response = self._make_request(
.venv/lib/python3.11/site-packages/urllib3/connectionpool.py:493: in _make_request
    conn.request(
.venv/lib/python3.11/site-packages/botocore/awsrequest.py:96: in request
    rval = super().request(method, url, body, headers, *args, **kwargs)
           ^^^^^^^^^^^^^^^^^^^^^^^^^^^^^^^^^^^^^^^^^^^^^^^^^^^^^^^^^^^^
.venv/lib/python3.11/site-packages/urllib3/connection.py:500: in request
    self.endheaders()
/opt/homebrew/Cellar/python@3.11/3.11.15/Frameworks/Python.framework/Versions/3.11/lib/python3.11/http/client.py:1318: in endheaders
    self._send_output(message_body, encode_chunked=encode_chunked)
.venv/lib/python3.11/site-packages/botocore/awsrequest.py:123: in _send_output
    self.send(msg)
.venv/lib/python3.11/site-packages/botocore/awsrequest.py:223: in send
    return super().send(str)
           ^^^^^^^^^^^^^^^^^
/opt/homebrew/Cellar/python@3.11/3.11.15/Frameworks/Python.framework/Versions/3.11/lib/python3.11/http/client.py:1016: in send
    self.connect()
.venv/lib/python3.11/site-packages/urllib3/connection.py:331: in connect
    self.sock = self._new_conn()
                ^^^^^^^^^^^^^^^^
.venv/lib/python3.11/site-packages/urllib3/connection.py:219: in _new_conn
    raise NewConnectionError(
E   urllib3.exceptions.NewConnectionError: AWSHTTPConnection(host='localhost', port=8001): Failed to establish a new connection: [Errno 61] Connection refused

The above exception was the direct cause of the following exception:
tests/integration/test_idor_prevention.py:30: in test_users
    response_a = client.post("/api/v1/auth/register", json={
.venv/lib/python3.11/site-packages/starlette/testclient.py:546: in post
    return super().post(
.venv/lib/python3.11/site-packages/httpx/_client.py:1144: in post
    return self.request(
.venv/lib/python3.11/site-packages/starlette/testclient.py:445: in request
    return super().request(
.venv/lib/python3.11/site-packages/httpx/_client.py:825: in request
    return self.send(request, auth=auth, follow_redirects=follow_redirects)
           ^^^^^^^^^^^^^^^^^^^^^^^^^^^^^^^^^^^^^^^^^^^^^^^^^^^^^^^^^^^^^^^^
.venv/lib/python3.11/site-packages/httpx/_client.py:914: in send
    response = self._send_handling_auth(
.venv/lib/python3.11/site-packages/httpx/_client.py:942: in _send_handling_auth
    response = self._send_handling_redirects(
.venv/lib/python3.11/site-packages/httpx/_client.py:979: in _send_handling_redirects
    response = self._send_single_request(request)
               ^^^^^^^^^^^^^^^^^^^^^^^^^^^^^^^^^^
.venv/lib/python3.11/site-packages/httpx/_client.py:1014: in _send_single_request
    response = transport.handle_request(request)
               ^^^^^^^^^^^^^^^^^^^^^^^^^^^^^^^^^
.venv/lib/python3.11/site-packages/starlette/testclient.py:348: in handle_request
    raise exc
.venv/lib/python3.11/site-packages/starlette/testclient.py:345: in handle_request
    portal.call(self.app, scope, receive, send)
.venv/lib/python3.11/site-packages/anyio/from_thread.py:334: in call
    return cast(T_Retval, self.start_task_soon(func, *args).result())
                          ^^^^^^^^^^^^^^^^^^^^^^^^^^^^^^^^^^^^^^^^^^
/opt/homebrew/Cellar/python@3.11/3.11.15/Frameworks/Python.framework/Versions/3.11/lib/python3.11/concurrent/futures/_base.py:456: in result
    return self.__get_result()
           ^^^^^^^^^^^^^^^^^^^
/opt/homebrew/Cellar/python@3.11/3.11.15/Frameworks/Python.framework/Versions/3.11/lib/python3.11/concurrent/futures/_base.py:401: in __get_result
    raise self._exception
.venv/lib/python3.11/site-packages/anyio/from_thread.py:259: in _call_func
    retval = await retval_or_awaitable
             ^^^^^^^^^^^^^^^^^^^^^^^^^
.venv/lib/python3.11/site-packages/fastapi/applications.py:1160: in __call__
    await super().__call__(scope, receive, send)
.venv/lib/python3.11/site-packages/starlette/applications.py:90: in __call__
    await self.middleware_stack(scope, receive, send)
.venv/lib/python3.11/site-packages/starlette/middleware/errors.py:176: in __call__
    response = await self.handler(request, exc)
               ^^^^^^^^^^^^^^^^^^^^^^^^^^^^^^^^
app/main.py:129: in generic_exception_handler
    raise exc
.venv/lib/python3.11/site-packages/starlette/middleware/errors.py:164: in __call__
    await self.app(scope, receive, _send)
.venv/lib/python3.11/site-packages/starlette/middleware/base.py:191: in __call__
    with recv_stream, send_stream, collapse_excgroups():
/opt/homebrew/Cellar/python@3.11/3.11.15/Frameworks/Python.framework/Versions/3.11/lib/python3.11/contextlib.py:158: in __exit__
    self.gen.throw(typ, value, traceback)
.venv/lib/python3.11/site-packages/starlette/_utils.py:87: in collapse_excgroups
    raise exc
.venv/lib/python3.11/site-packages/starlette/middleware/base.py:193: in __call__
    response = await self.dispatch_func(request, call_next)
               ^^^^^^^^^^^^^^^^^^^^^^^^^^^^^^^^^^^^^^^^^^^^
app/main.py:61: in add_security_headers
    response = await call_next(request)
               ^^^^^^^^^^^^^^^^^^^^^^^^
.venv/lib/python3.11/site-packages/starlette/middleware/base.py:168: in call_next
    raise app_exc from app_exc.__cause__ or app_exc.__context__
.venv/lib/python3.11/site-packages/starlette/middleware/base.py:144: in coro
    await self.app(scope, receive_or_disconnect, send_no_error)
.venv/lib/python3.11/site-packages/starlette/middleware/cors.py:88: in __call__
    await self.app(scope, receive, send)
.venv/lib/python3.11/site-packages/starlette/middleware/exceptions.py:63: in __call__
    await wrap_app_handling_exceptions(self.app, conn)(scope, receive, send)
.venv/lib/python3.11/site-packages/starlette/_exception_handler.py:53: in wrapped_app
    raise exc
.venv/lib/python3.11/site-packages/starlette/_exception_handler.py:42: in wrapped_app
    await app(scope, receive, sender)
.venv/lib/python3.11/site-packages/fastapi/middleware/asyncexitstack.py:18: in __call__
    await self.app(scope, receive, send)
.venv/lib/python3.11/site-packages/starlette/routing.py:660: in __call__
    await self.middleware_stack(scope, receive, send)
.venv/lib/python3.11/site-packages/starlette/routing.py:680: in app
    await route.handle(scope, receive, send)
.venv/lib/python3.11/site-packages/starlette/routing.py:276: in handle
    await self.app(scope, receive, send)
.venv/lib/python3.11/site-packages/fastapi/routing.py:130: in app
    await wrap_app_handling_exceptions(app, request)(scope, receive, send)
.venv/lib/python3.11/site-packages/starlette/_exception_handler.py:53: in wrapped_app
    raise exc
.venv/lib/python3.11/site-packages/starlette/_exception_handler.py:42: in wrapped_app
    await app(scope, receive, sender)
.venv/lib/python3.11/site-packages/fastapi/routing.py:116: in app
    response = await f(request)
               ^^^^^^^^^^^^^^^^
.venv/lib/python3.11/site-packages/fastapi/routing.py:670: in app
    raw_response = await run_endpoint_function(
.venv/lib/python3.11/site-packages/fastapi/routing.py:324: in run_endpoint_function
    return await dependant.call(**values)
           ^^^^^^^^^^^^^^^^^^^^^^^^^^^^^^
.venv/lib/python3.11/site-packages/slowapi/extension.py:734: in async_wrapper
    response = await func(*args, **kwargs)  # type: ignore
               ^^^^^^^^^^^^^^^^^^^^^^^^^^^
app/api/auth.py:323: in register
    existing_user = user_repo.get_by_email(user_create.email)
                    ^^^^^^^^^^^^^^^^^^^^^^^^^^^^^^^^^^^^^^^^^
app/repositories/user.py:169: in get_by_email
    items, _ = self._query(
app/repositories/base.py:145: in _query
    response = self.table.query(**kwargs)
               ^^^^^^^^^^^^^^^^^^^^^^^^^^
.venv/lib/python3.11/site-packages/boto3/resources/factory.py:581: in do_action
    response = action(self, *args, **kwargs)
               ^^^^^^^^^^^^^^^^^^^^^^^^^^^^^
.venv/lib/python3.11/site-packages/boto3/resources/action.py:88: in __call__
    response = getattr(parent.meta.client, operation_name)(*args, **params)
               ^^^^^^^^^^^^^^^^^^^^^^^^^^^^^^^^^^^^^^^^^^^^^^^^^^^^^^^^^^^^
.venv/lib/python3.11/site-packages/botocore/client.py:602: in _api_call
    return self._make_api_call(operation_name, kwargs)
           ^^^^^^^^^^^^^^^^^^^^^^^^^^^^^^^^^^^^^^^^^^^
.venv/lib/python3.11/site-packages/botocore/context.py:123: in wrapper
    return func(*args, **kwargs)
           ^^^^^^^^^^^^^^^^^^^^^
.venv/lib/python3.11/site-packages/botocore/client.py:1060: in _make_api_call
    http, parsed_response = self._make_request(
.venv/lib/python3.11/site-packages/botocore/client.py:1084: in _make_request
    return self._endpoint.make_request(operation_model, request_dict)
           ^^^^^^^^^^^^^^^^^^^^^^^^^^^^^^^^^^^^^^^^^^^^^^^^^^^^^^^^^^
.venv/lib/python3.11/site-packages/botocore/endpoint.py:119: in make_request
    return self._send_request(request_dict, operation_model)
           ^^^^^^^^^^^^^^^^^^^^^^^^^^^^^^^^^^^^^^^^^^^^^^^^^
.venv/lib/python3.11/site-packages/botocore/endpoint.py:200: in _send_request
    while self._needs_retry(
.venv/lib/python3.11/site-packages/botocore/endpoint.py:360: in _needs_retry
    responses = self._event_emitter.emit(
.venv/lib/python3.11/site-packages/botocore/hooks.py:412: in emit
    return self._emitter.emit(aliased_event_name, **kwargs)
           ^^^^^^^^^^^^^^^^^^^^^^^^^^^^^^^^^^^^^^^^^^^^^^^^
.venv/lib/python3.11/site-packages/botocore/hooks.py:256: in emit
    return self._emit(event_name, kwargs)
           ^^^^^^^^^^^^^^^^^^^^^^^^^^^^^^
.venv/lib/python3.11/site-packages/botocore/hooks.py:239: in _emit
    response = handler(**kwargs)
               ^^^^^^^^^^^^^^^^^
.venv/lib/python3.11/site-packages/botocore/retryhandler.py:207: in __call__
    if self._checker(**checker_kwargs):
       ^^^^^^^^^^^^^^^^^^^^^^^^^^^^^^^
.venv/lib/python3.11/site-packages/botocore/retryhandler.py:284: in __call__
    should_retry = self._should_retry(
.venv/lib/python3.11/site-packages/botocore/retryhandler.py:320: in _should_retry
    return self._checker(attempt_number, response, caught_exception)
           ^^^^^^^^^^^^^^^^^^^^^^^^^^^^^^^^^^^^^^^^^^^^^^^^^^^^^^^^^
.venv/lib/python3.11/site-packages/botocore/retryhandler.py:363: in __call__
    checker_response = checker(
.venv/lib/python3.11/site-packages/botocore/retryhandler.py:247: in __call__
    return self._check_caught_exception(
.venv/lib/python3.11/site-packages/botocore/retryhandler.py:416: in _check_caught_exception
    raise caught_exception
.venv/lib/python3.11/site-packages/botocore/endpoint.py:279: in _do_get_response
    http_response = self._send(request)
                    ^^^^^^^^^^^^^^^^^^^
.venv/lib/python3.11/site-packages/botocore/endpoint.py:383: in _send
    return self.http_session.send(request)
           ^^^^^^^^^^^^^^^^^^^^^^^^^^^^^^^
.venv/lib/python3.11/site-packages/botocore/httpsession.py:506: in send
    raise EndpointConnectionError(endpoint_url=request.url, error=e)
E   botocore.exceptions.EndpointConnectionError: Could not connect to the endpoint URL: "http://localhost:8001/"
---------------------------- Captured stdout setup -----------------------------
2026-05-17 20:09:19 - app.main - ERROR - Unhandled exception: Could not connect to the endpoint URL: "http://localhost:8001/"
Traceback (most recent call last):
  File "/Users/andyschwarz/Documents/Privat/OverCloud/backend/.venv/lib/python3.11/site-packages/urllib3/connection.py", line 204, in _new_conn
    sock = connection.create_connection(
           ^^^^^^^^^^^^^^^^^^^^^^^^^^^^^
  File "/Users/andyschwarz/Documents/Privat/OverCloud/backend/.venv/lib/python3.11/site-packages/urllib3/util/connection.py", line 85, in create_connection
    raise err
  File "/Users/andyschwarz/Documents/Privat/OverCloud/backend/.venv/lib/python3.11/site-packages/urllib3/util/connection.py", line 73, in create_connection
    sock.connect(sa)
ConnectionRefusedError: [Errno 61] Connection refused

The above exception was the direct cause of the following exception:

Traceback (most recent call last):
  File "/Users/andyschwarz/Documents/Privat/OverCloud/backend/.venv/lib/python3.11/site-packages/botocore/httpsession.py", line 477, in send
    urllib_response = conn.urlopen(
                      ^^^^^^^^^^^^^
  File "/Users/andyschwarz/Documents/Privat/OverCloud/backend/.venv/lib/python3.11/site-packages/urllib3/connectionpool.py", line 841, in urlopen
    retries = retries.increment(
              ^^^^^^^^^^^^^^^^^^
  File "/Users/andyschwarz/Documents/Privat/OverCloud/backend/.venv/lib/python3.11/site-packages/urllib3/util/retry.py", line 465, in increment
    raise reraise(type(error), error, _stacktrace)
          ^^^^^^^^^^^^^^^^^^^^^^^^^^^^^^^^^^^^^^^^
  File "/Users/andyschwarz/Documents/Privat/OverCloud/backend/.venv/lib/python3.11/site-packages/urllib3/util/util.py", line 39, in reraise
    raise value
  File "/Users/andyschwarz/Documents/Privat/OverCloud/backend/.venv/lib/python3.11/site-packages/urllib3/connectionpool.py", line 787, in urlopen
    response = self._make_request(
               ^^^^^^^^^^^^^^^^^^^
  File "/Users/andyschwarz/Documents/Privat/OverCloud/backend/.venv/lib/python3.11/site-packages/urllib3/connectionpool.py", line 493, in _make_request
    conn.request(
  File "/Users/andyschwarz/Documents/Privat/OverCloud/backend/.venv/lib/python3.11/site-packages/botocore/awsrequest.py", line 96, in request
    rval = super().request(method, url, body, headers, *args, **kwargs)
           ^^^^^^^^^^^^^^^^^^^^^^^^^^^^^^^^^^^^^^^^^^^^^^^^^^^^^^^^^^^^
  File "/Users/andyschwarz/Documents/Privat/OverCloud/backend/.venv/lib/python3.11/site-packages/urllib3/connection.py", line 500, in request
    self.endheaders()
  File "/opt/homebrew/Cellar/python@3.11/3.11.15/Frameworks/Python.framework/Versions/3.11/lib/python3.11/http/client.py", line 1318, in endheaders
    self._send_output(message_body, encode_chunked=encode_chunked)
  File "/Users/andyschwarz/Documents/Privat/OverCloud/backend/.venv/lib/python3.11/site-packages/botocore/awsrequest.py", line 123, in _send_output
    self.send(msg)
  File "/Users/andyschwarz/Documents/Privat/OverCloud/backend/.venv/lib/python3.11/site-packages/botocore/awsrequest.py", line 223, in send
    return super().send(str)
           ^^^^^^^^^^^^^^^^^
  File "/opt/homebrew/Cellar/python@3.11/3.11.15/Frameworks/Python.framework/Versions/3.11/lib/python3.11/http/client.py", line 1016, in send
    self.connect()
  File "/Users/andyschwarz/Documents/Privat/OverCloud/backend/.venv/lib/python3.11/site-packages/urllib3/connection.py", line 331, in connect
    self.sock = self._new_conn()
                ^^^^^^^^^^^^^^^^
  File "/Users/andyschwarz/Documents/Privat/OverCloud/backend/.venv/lib/python3.11/site-packages/urllib3/connection.py", line 219, in _new_conn
    raise NewConnectionError(
urllib3.exceptions.NewConnectionError: AWSHTTPConnection(host='localhost', port=8001): Failed to establish a new connection: [Errno 61] Connection refused

The above exception was the direct cause of the following exception:

Traceback (most recent call last):
  File "/Users/andyschwarz/Documents/Privat/OverCloud/backend/.venv/lib/python3.11/site-packages/starlette/middleware/errors.py", line 164, in __call__
    await self.app(scope, receive, _send)
  File "/Users/andyschwarz/Documents/Privat/OverCloud/backend/.venv/lib/python3.11/site-packages/starlette/middleware/base.py", line 191, in __call__
    with recv_stream, send_stream, collapse_excgroups():
  File "/opt/homebrew/Cellar/python@3.11/3.11.15/Frameworks/Python.framework/Versions/3.11/lib/python3.11/contextlib.py", line 158, in __exit__
    self.gen.throw(typ, value, traceback)
  File "/Users/andyschwarz/Documents/Privat/OverCloud/backend/.venv/lib/python3.11/site-packages/starlette/_utils.py", line 87, in collapse_excgroups
    raise exc
  File "/Users/andyschwarz/Documents/Privat/OverCloud/backend/.venv/lib/python3.11/site-packages/starlette/middleware/base.py", line 193, in __call__
    response = await self.dispatch_func(request, call_next)
               ^^^^^^^^^^^^^^^^^^^^^^^^^^^^^^^^^^^^^^^^^^^^
  File "/Users/andyschwarz/Documents/Privat/OverCloud/backend/app/main.py", line 61, in add_security_headers
    response = await call_next(request)
               ^^^^^^^^^^^^^^^^^^^^^^^^
  File "/Users/andyschwarz/Documents/Privat/OverCloud/backend/.venv/lib/python3.11/site-packages/starlette/middleware/base.py", line 168, in call_next
    raise app_exc from app_exc.__cause__ or app_exc.__context__
  File "/Users/andyschwarz/Documents/Privat/OverCloud/backend/.venv/lib/python3.11/site-packages/starlette/middleware/base.py", line 144, in coro
    await self.app(scope, receive_or_disconnect, send_no_error)
  File "/Users/andyschwarz/Documents/Privat/OverCloud/backend/.venv/lib/python3.11/site-packages/starlette/middleware/cors.py", line 88, in __call__
    await self.app(scope, receive, send)
  File "/Users/andyschwarz/Documents/Privat/OverCloud/backend/.venv/lib/python3.11/site-packages/starlette/middleware/exceptions.py", line 63, in __call__
    await wrap_app_handling_exceptions(self.app, conn)(scope, receive, send)
  File "/Users/andyschwarz/Documents/Privat/OverCloud/backend/.venv/lib/python3.11/site-packages/starlette/_exception_handler.py", line 53, in wrapped_app
    raise exc
  File "/Users/andyschwarz/Documents/Privat/OverCloud/backend/.venv/lib/python3.11/site-packages/starlette/_exception_handler.py", line 42, in wrapped_app
    await app(scope, receive, sender)
  File "/Users/andyschwarz/Documents/Privat/OverCloud/backend/.venv/lib/python3.11/site-packages/fastapi/middleware/asyncexitstack.py", line 18, in __call__
    await self.app(scope, receive, send)
  File "/Users/andyschwarz/Documents/Privat/OverCloud/backend/.venv/lib/python3.11/site-packages/starlette/routing.py", line 660, in __call__
    await self.middleware_stack(scope, receive, send)
  File "/Users/andyschwarz/Documents/Privat/OverCloud/backend/.venv/lib/python3.11/site-packages/starlette/routing.py", line 680, in app
    await route.handle(scope, receive, send)
  File "/Users/andyschwarz/Documents/Privat/OverCloud/backend/.venv/lib/python3.11/site-packages/starlette/routing.py", line 276, in handle
    await self.app(scope, receive, send)
  File "/Users/andyschwarz/Documents/Privat/OverCloud/backend/.venv/lib/python3.11/site-packages/fastapi/routing.py", line 130, in app
    await wrap_app_handling_exceptions(app, request)(scope, receive, send)
  File "/Users/andyschwarz/Documents/Privat/OverCloud/backend/.venv/lib/python3.11/site-packages/starlette/_exception_handler.py", line 53, in wrapped_app
    raise exc
  File "/Users/andyschwarz/Documents/Privat/OverCloud/backend/.venv/lib/python3.11/site-packages/starlette/_exception_handler.py", line 42, in wrapped_app
    await app(scope, receive, sender)
  File "/Users/andyschwarz/Documents/Privat/OverCloud/backend/.venv/lib/python3.11/site-packages/fastapi/routing.py", line 116, in app
    response = await f(request)
               ^^^^^^^^^^^^^^^^
  File "/Users/andyschwarz/Documents/Privat/OverCloud/backend/.venv/lib/python3.11/site-packages/fastapi/routing.py", line 670, in app
    raw_response = await run_endpoint_function(
                   ^^^^^^^^^^^^^^^^^^^^^^^^^^^^
  File "/Users/andyschwarz/Documents/Privat/OverCloud/backend/.venv/lib/python3.11/site-packages/fastapi/routing.py", line 324, in run_endpoint_function
    return await dependant.call(**values)
           ^^^^^^^^^^^^^^^^^^^^^^^^^^^^^^
  File "/Users/andyschwarz/Documents/Privat/OverCloud/backend/.venv/lib/python3.11/site-packages/slowapi/extension.py", line 734, in async_wrapper
    response = await func(*args, **kwargs)  # type: ignore
               ^^^^^^^^^^^^^^^^^^^^^^^^^^^
  File "/Users/andyschwarz/Documents/Privat/OverCloud/backend/app/api/auth.py", line 323, in register
    existing_user = user_repo.get_by_email(user_create.email)
                    ^^^^^^^^^^^^^^^^^^^^^^^^^^^^^^^^^^^^^^^^^
  File "/Users/andyschwarz/Documents/Privat/OverCloud/backend/app/repositories/user.py", line 169, in get_by_email
    items, _ = self._query(
               ^^^^^^^^^^^^
  File "/Users/andyschwarz/Documents/Privat/OverCloud/backend/app/repositories/base.py", line 145, in _query
    response = self.table.query(**kwargs)
               ^^^^^^^^^^^^^^^^^^^^^^^^^^
  File "/Users/andyschwarz/Documents/Privat/OverCloud/backend/.venv/lib/python3.11/site-packages/boto3/resources/factory.py", line 581, in do_action
    response = action(self, *args, **kwargs)
               ^^^^^^^^^^^^^^^^^^^^^^^^^^^^^
  File "/Users/andyschwarz/Documents/Privat/OverCloud/backend/.venv/lib/python3.11/site-packages/boto3/resources/action.py", line 88, in __call__
    response = getattr(parent.meta.client, operation_name)(*args, **params)
               ^^^^^^^^^^^^^^^^^^^^^^^^^^^^^^^^^^^^^^^^^^^^^^^^^^^^^^^^^^^^
  File "/Users/andyschwarz/Documents/Privat/OverCloud/backend/.venv/lib/python3.11/site-packages/botocore/client.py", line 602, in _api_call
    return self._make_api_call(operation_name, kwargs)
           ^^^^^^^^^^^^^^^^^^^^^^^^^^^^^^^^^^^^^^^^^^^
  File "/Users/andyschwarz/Documents/Privat/OverCloud/backend/.venv/lib/python3.11/site-packages/botocore/context.py", line 123, in wrapper
    return func(*args, **kwargs)
           ^^^^^^^^^^^^^^^^^^^^^
  File "/Users/andyschwarz/Documents/Privat/OverCloud/backend/.venv/lib/python3.11/site-packages/botocore/client.py", line 1060, in _make_api_call
    http, parsed_response = self._make_request(
                            ^^^^^^^^^^^^^^^^^^^
  File "/Users/andyschwarz/Documents/Privat/OverCloud/backend/.venv/lib/python3.11/site-packages/botocore/client.py", line 1084, in _make_request
    return self._endpoint.make_request(operation_model, request_dict)
           ^^^^^^^^^^^^^^^^^^^^^^^^^^^^^^^^^^^^^^^^^^^^^^^^^^^^^^^^^^
  File "/Users/andyschwarz/Documents/Privat/OverCloud/backend/.venv/lib/python3.11/site-packages/botocore/endpoint.py", line 119, in make_request
    return self._send_request(request_dict, operation_model)
           ^^^^^^^^^^^^^^^^^^^^^^^^^^^^^^^^^^^^^^^^^^^^^^^^^
  File "/Users/andyschwarz/Documents/Privat/OverCloud/backend/.venv/lib/python3.11/site-packages/botocore/endpoint.py", line 200, in _send_request
    while self._needs_retry(
          ^^^^^^^^^^^^^^^^^^
  File "/Users/andyschwarz/Documents/Privat/OverCloud/backend/.venv/lib/python3.11/site-packages/botocore/endpoint.py", line 360, in _needs_retry
    responses = self._event_emitter.emit(
                ^^^^^^^^^^^^^^^^^^^^^^^^^
  File "/Users/andyschwarz/Documents/Privat/OverCloud/backend/.venv/lib/python3.11/site-packages/botocore/hooks.py", line 412, in emit
    return self._emitter.emit(aliased_event_name, **kwargs)
           ^^^^^^^^^^^^^^^^^^^^^^^^^^^^^^^^^^^^^^^^^^^^^^^^
  File "/Users/andyschwarz/Documents/Privat/OverCloud/backend/.venv/lib/python3.11/site-packages/botocore/hooks.py", line 256, in emit
    return self._emit(event_name, kwargs)
           ^^^^^^^^^^^^^^^^^^^^^^^^^^^^^^
  File "/Users/andyschwarz/Documents/Privat/OverCloud/backend/.venv/lib/python3.11/site-packages/botocore/hooks.py", line 239, in _emit
    response = handler(**kwargs)
               ^^^^^^^^^^^^^^^^^
  File "/Users/andyschwarz/Documents/Privat/OverCloud/backend/.venv/lib/python3.11/site-packages/botocore/retryhandler.py", line 207, in __call__
    if self._checker(**checker_kwargs):
       ^^^^^^^^^^^^^^^^^^^^^^^^^^^^^^^
  File "/Users/andyschwarz/Documents/Privat/OverCloud/backend/.venv/lib/python3.11/site-packages/botocore/retryhandler.py", line 284, in __call__
    should_retry = self._should_retry(
                   ^^^^^^^^^^^^^^^^^^^
  File "/Users/andyschwarz/Documents/Privat/OverCloud/backend/.venv/lib/python3.11/site-packages/botocore/retryhandler.py", line 320, in _should_retry
    return self._checker(attempt_number, response, caught_exception)
           ^^^^^^^^^^^^^^^^^^^^^^^^^^^^^^^^^^^^^^^^^^^^^^^^^^^^^^^^^
  File "/Users/andyschwarz/Documents/Privat/OverCloud/backend/.venv/lib/python3.11/site-packages/botocore/retryhandler.py", line 363, in __call__
    checker_response = checker(
                       ^^^^^^^^
  File "/Users/andyschwarz/Documents/Privat/OverCloud/backend/.venv/lib/python3.11/site-packages/botocore/retryhandler.py", line 247, in __call__
    return self._check_caught_exception(
           ^^^^^^^^^^^^^^^^^^^^^^^^^^^^^
  File "/Users/andyschwarz/Documents/Privat/OverCloud/backend/.venv/lib/python3.11/site-packages/botocore/retryhandler.py", line 416, in _check_caught_exception
    raise caught_exception
  File "/Users/andyschwarz/Documents/Privat/OverCloud/backend/.venv/lib/python3.11/site-packages/botocore/endpoint.py", line 279, in _do_get_response
    http_response = self._send(request)
                    ^^^^^^^^^^^^^^^^^^^
  File "/Users/andyschwarz/Documents/Privat/OverCloud/backend/.venv/lib/python3.11/site-packages/botocore/endpoint.py", line 383, in _send
    return self.http_session.send(request)
           ^^^^^^^^^^^^^^^^^^^^^^^^^^^^^^^
  File "/Users/andyschwarz/Documents/Privat/OverCloud/backend/.venv/lib/python3.11/site-packages/botocore/httpsession.py", line 506, in send
    raise EndpointConnectionError(endpoint_url=request.url, error=e)
botocore.exceptions.EndpointConnectionError: Could not connect to the endpoint URL: "http://localhost:8001/"
------------------------------ Captured log setup ------------------------------
ERROR    app.main:main.py:112 Unhandled exception: Could not connect to the endpoint URL: "http://localhost:8001/"
Traceback (most recent call last):
  File "/Users/andyschwarz/Documents/Privat/OverCloud/backend/.venv/lib/python3.11/site-packages/urllib3/connection.py", line 204, in _new_conn
    sock = connection.create_connection(
           ^^^^^^^^^^^^^^^^^^^^^^^^^^^^^
  File "/Users/andyschwarz/Documents/Privat/OverCloud/backend/.venv/lib/python3.11/site-packages/urllib3/util/connection.py", line 85, in create_connection
    raise err
  File "/Users/andyschwarz/Documents/Privat/OverCloud/backend/.venv/lib/python3.11/site-packages/urllib3/util/connection.py", line 73, in create_connection
    sock.connect(sa)
ConnectionRefusedError: [Errno 61] Connection refused

The above exception was the direct cause of the following exception:

Traceback (most recent call last):
  File "/Users/andyschwarz/Documents/Privat/OverCloud/backend/.venv/lib/python3.11/site-packages/botocore/httpsession.py", line 477, in send
    urllib_response = conn.urlopen(
                      ^^^^^^^^^^^^^
  File "/Users/andyschwarz/Documents/Privat/OverCloud/backend/.venv/lib/python3.11/site-packages/urllib3/connectionpool.py", line 841, in urlopen
    retries = retries.increment(
              ^^^^^^^^^^^^^^^^^^
  File "/Users/andyschwarz/Documents/Privat/OverCloud/backend/.venv/lib/python3.11/site-packages/urllib3/util/retry.py", line 465, in increment
    raise reraise(type(error), error, _stacktrace)
          ^^^^^^^^^^^^^^^^^^^^^^^^^^^^^^^^^^^^^^^^
  File "/Users/andyschwarz/Documents/Privat/OverCloud/backend/.venv/lib/python3.11/site-packages/urllib3/util/util.py", line 39, in reraise
    raise value
  File "/Users/andyschwarz/Documents/Privat/OverCloud/backend/.venv/lib/python3.11/site-packages/urllib3/connectionpool.py", line 787, in urlopen
    response = self._make_request(
               ^^^^^^^^^^^^^^^^^^^
  File "/Users/andyschwarz/Documents/Privat/OverCloud/backend/.venv/lib/python3.11/site-packages/urllib3/connectionpool.py", line 493, in _make_request
    conn.request(
  File "/Users/andyschwarz/Documents/Privat/OverCloud/backend/.venv/lib/python3.11/site-packages/botocore/awsrequest.py", line 96, in request
    rval = super().request(method, url, body, headers, *args, **kwargs)
           ^^^^^^^^^^^^^^^^^^^^^^^^^^^^^^^^^^^^^^^^^^^^^^^^^^^^^^^^^^^^
  File "/Users/andyschwarz/Documents/Privat/OverCloud/backend/.venv/lib/python3.11/site-packages/urllib3/connection.py", line 500, in request
    self.endheaders()
  File "/opt/homebrew/Cellar/python@3.11/3.11.15/Frameworks/Python.framework/Versions/3.11/lib/python3.11/http/client.py", line 1318, in endheaders
    self._send_output(message_body, encode_chunked=encode_chunked)
  File "/Users/andyschwarz/Documents/Privat/OverCloud/backend/.venv/lib/python3.11/site-packages/botocore/awsrequest.py", line 123, in _send_output
    self.send(msg)
  File "/Users/andyschwarz/Documents/Privat/OverCloud/backend/.venv/lib/python3.11/site-packages/botocore/awsrequest.py", line 223, in send
    return super().send(str)
           ^^^^^^^^^^^^^^^^^
  File "/opt/homebrew/Cellar/python@3.11/3.11.15/Frameworks/Python.framework/Versions/3.11/lib/python3.11/http/client.py", line 1016, in send
    self.connect()
  File "/Users/andyschwarz/Documents/Privat/OverCloud/backend/.venv/lib/python3.11/site-packages/urllib3/connection.py", line 331, in connect
    self.sock = self._new_conn()
                ^^^^^^^^^^^^^^^^
  File "/Users/andyschwarz/Documents/Privat/OverCloud/backend/.venv/lib/python3.11/site-packages/urllib3/connection.py", line 219, in _new_conn
    raise NewConnectionError(
urllib3.exceptions.NewConnectionError: AWSHTTPConnection(host='localhost', port=8001): Failed to establish a new connection: [Errno 61] Connection refused

The above exception was the direct cause of the following exception:

Traceback (most recent call last):
  File "/Users/andyschwarz/Documents/Privat/OverCloud/backend/.venv/lib/python3.11/site-packages/starlette/middleware/errors.py", line 164, in __call__
    await self.app(scope, receive, _send)
  File "/Users/andyschwarz/Documents/Privat/OverCloud/backend/.venv/lib/python3.11/site-packages/starlette/middleware/base.py", line 191, in __call__
    with recv_stream, send_stream, collapse_excgroups():
  File "/opt/homebrew/Cellar/python@3.11/3.11.15/Frameworks/Python.framework/Versions/3.11/lib/python3.11/contextlib.py", line 158, in __exit__
    self.gen.throw(typ, value, traceback)
  File "/Users/andyschwarz/Documents/Privat/OverCloud/backend/.venv/lib/python3.11/site-packages/starlette/_utils.py", line 87, in collapse_excgroups
    raise exc
  File "/Users/andyschwarz/Documents/Privat/OverCloud/backend/.venv/lib/python3.11/site-packages/starlette/middleware/base.py", line 193, in __call__
    response = await self.dispatch_func(request, call_next)
               ^^^^^^^^^^^^^^^^^^^^^^^^^^^^^^^^^^^^^^^^^^^^
  File "/Users/andyschwarz/Documents/Privat/OverCloud/backend/app/main.py", line 61, in add_security_headers
    response = await call_next(request)
               ^^^^^^^^^^^^^^^^^^^^^^^^
  File "/Users/andyschwarz/Documents/Privat/OverCloud/backend/.venv/lib/python3.11/site-packages/starlette/middleware/base.py", line 168, in call_next
    raise app_exc from app_exc.__cause__ or app_exc.__context__
  File "/Users/andyschwarz/Documents/Privat/OverCloud/backend/.venv/lib/python3.11/site-packages/starlette/middleware/base.py", line 144, in coro
    await self.app(scope, receive_or_disconnect, send_no_error)
  File "/Users/andyschwarz/Documents/Privat/OverCloud/backend/.venv/lib/python3.11/site-packages/starlette/middleware/cors.py", line 88, in __call__
    await self.app(scope, receive, send)
  File "/Users/andyschwarz/Documents/Privat/OverCloud/backend/.venv/lib/python3.11/site-packages/starlette/middleware/exceptions.py", line 63, in __call__
    await wrap_app_handling_exceptions(self.app, conn)(scope, receive, send)
  File "/Users/andyschwarz/Documents/Privat/OverCloud/backend/.venv/lib/python3.11/site-packages/starlette/_exception_handler.py", line 53, in wrapped_app
    raise exc
  File "/Users/andyschwarz/Documents/Privat/OverCloud/backend/.venv/lib/python3.11/site-packages/starlette/_exception_handler.py", line 42, in wrapped_app
    await app(scope, receive, sender)
  File "/Users/andyschwarz/Documents/Privat/OverCloud/backend/.venv/lib/python3.11/site-packages/fastapi/middleware/asyncexitstack.py", line 18, in __call__
    await self.app(scope, receive, send)
  File "/Users/andyschwarz/Documents/Privat/OverCloud/backend/.venv/lib/python3.11/site-packages/starlette/routing.py", line 660, in __call__
    await self.middleware_stack(scope, receive, send)
  File "/Users/andyschwarz/Documents/Privat/OverCloud/backend/.venv/lib/python3.11/site-packages/starlette/routing.py", line 680, in app
    await route.handle(scope, receive, send)
  File "/Users/andyschwarz/Documents/Privat/OverCloud/backend/.venv/lib/python3.11/site-packages/starlette/routing.py", line 276, in handle
    await self.app(scope, receive, send)
  File "/Users/andyschwarz/Documents/Privat/OverCloud/backend/.venv/lib/python3.11/site-packages/fastapi/routing.py", line 130, in app
    await wrap_app_handling_exceptions(app, request)(scope, receive, send)
  File "/Users/andyschwarz/Documents/Privat/OverCloud/backend/.venv/lib/python3.11/site-packages/starlette/_exception_handler.py", line 53, in wrapped_app
    raise exc
  File "/Users/andyschwarz/Documents/Privat/OverCloud/backend/.venv/lib/python3.11/site-packages/starlette/_exception_handler.py", line 42, in wrapped_app
    await app(scope, receive, sender)
  File "/Users/andyschwarz/Documents/Privat/OverCloud/backend/.venv/lib/python3.11/site-packages/fastapi/routing.py", line 116, in app
    response = await f(request)
               ^^^^^^^^^^^^^^^^
  File "/Users/andyschwarz/Documents/Privat/OverCloud/backend/.venv/lib/python3.11/site-packages/fastapi/routing.py", line 670, in app
    raw_response = await run_endpoint_function(
                   ^^^^^^^^^^^^^^^^^^^^^^^^^^^^
  File "/Users/andyschwarz/Documents/Privat/OverCloud/backend/.venv/lib/python3.11/site-packages/fastapi/routing.py", line 324, in run_endpoint_function
    return await dependant.call(**values)
           ^^^^^^^^^^^^^^^^^^^^^^^^^^^^^^
  File "/Users/andyschwarz/Documents/Privat/OverCloud/backend/.venv/lib/python3.11/site-packages/slowapi/extension.py", line 734, in async_wrapper
    response = await func(*args, **kwargs)  # type: ignore
               ^^^^^^^^^^^^^^^^^^^^^^^^^^^
  File "/Users/andyschwarz/Documents/Privat/OverCloud/backend/app/api/auth.py", line 323, in register
    existing_user = user_repo.get_by_email(user_create.email)
                    ^^^^^^^^^^^^^^^^^^^^^^^^^^^^^^^^^^^^^^^^^
  File "/Users/andyschwarz/Documents/Privat/OverCloud/backend/app/repositories/user.py", line 169, in get_by_email
    items, _ = self._query(
               ^^^^^^^^^^^^
  File "/Users/andyschwarz/Documents/Privat/OverCloud/backend/app/repositories/base.py", line 145, in _query
    response = self.table.query(**kwargs)
               ^^^^^^^^^^^^^^^^^^^^^^^^^^
  File "/Users/andyschwarz/Documents/Privat/OverCloud/backend/.venv/lib/python3.11/site-packages/boto3/resources/factory.py", line 581, in do_action
    response = action(self, *args, **kwargs)
               ^^^^^^^^^^^^^^^^^^^^^^^^^^^^^
  File "/Users/andyschwarz/Documents/Privat/OverCloud/backend/.venv/lib/python3.11/site-packages/boto3/resources/action.py", line 88, in __call__
    response = getattr(parent.meta.client, operation_name)(*args, **params)
               ^^^^^^^^^^^^^^^^^^^^^^^^^^^^^^^^^^^^^^^^^^^^^^^^^^^^^^^^^^^^
  File "/Users/andyschwarz/Documents/Privat/OverCloud/backend/.venv/lib/python3.11/site-packages/botocore/client.py", line 602, in _api_call
    return self._make_api_call(operation_name, kwargs)
           ^^^^^^^^^^^^^^^^^^^^^^^^^^^^^^^^^^^^^^^^^^^
  File "/Users/andyschwarz/Documents/Privat/OverCloud/backend/.venv/lib/python3.11/site-packages/botocore/context.py", line 123, in wrapper
    return func(*args, **kwargs)
           ^^^^^^^^^^^^^^^^^^^^^
  File "/Users/andyschwarz/Documents/Privat/OverCloud/backend/.venv/lib/python3.11/site-packages/botocore/client.py", line 1060, in _make_api_call
    http, parsed_response = self._make_request(
                            ^^^^^^^^^^^^^^^^^^^
  File "/Users/andyschwarz/Documents/Privat/OverCloud/backend/.venv/lib/python3.11/site-packages/botocore/client.py", line 1084, in _make_request
    return self._endpoint.make_request(operation_model, request_dict)
           ^^^^^^^^^^^^^^^^^^^^^^^^^^^^^^^^^^^^^^^^^^^^^^^^^^^^^^^^^^
  File "/Users/andyschwarz/Documents/Privat/OverCloud/backend/.venv/lib/python3.11/site-packages/botocore/endpoint.py", line 119, in make_request
    return self._send_request(request_dict, operation_model)
           ^^^^^^^^^^^^^^^^^^^^^^^^^^^^^^^^^^^^^^^^^^^^^^^^^
  File "/Users/andyschwarz/Documents/Privat/OverCloud/backend/.venv/lib/python3.11/site-packages/botocore/endpoint.py", line 200, in _send_request
    while self._needs_retry(
          ^^^^^^^^^^^^^^^^^^
  File "/Users/andyschwarz/Documents/Privat/OverCloud/backend/.venv/lib/python3.11/site-packages/botocore/endpoint.py", line 360, in _needs_retry
    responses = self._event_emitter.emit(
                ^^^^^^^^^^^^^^^^^^^^^^^^^
  File "/Users/andyschwarz/Documents/Privat/OverCloud/backend/.venv/lib/python3.11/site-packages/botocore/hooks.py", line 412, in emit
    return self._emitter.emit(aliased_event_name, **kwargs)
           ^^^^^^^^^^^^^^^^^^^^^^^^^^^^^^^^^^^^^^^^^^^^^^^^
  File "/Users/andyschwarz/Documents/Privat/OverCloud/backend/.venv/lib/python3.11/site-packages/botocore/hooks.py", line 256, in emit
    return self._emit(event_name, kwargs)
           ^^^^^^^^^^^^^^^^^^^^^^^^^^^^^^
  File "/Users/andyschwarz/Documents/Privat/OverCloud/backend/.venv/lib/python3.11/site-packages/botocore/hooks.py", line 239, in _emit
    response = handler(**kwargs)
               ^^^^^^^^^^^^^^^^^
  File "/Users/andyschwarz/Documents/Privat/OverCloud/backend/.venv/lib/python3.11/site-packages/botocore/retryhandler.py", line 207, in __call__
    if self._checker(**checker_kwargs):
       ^^^^^^^^^^^^^^^^^^^^^^^^^^^^^^^
  File "/Users/andyschwarz/Documents/Privat/OverCloud/backend/.venv/lib/python3.11/site-packages/botocore/retryhandler.py", line 284, in __call__
    should_retry = self._should_retry(
                   ^^^^^^^^^^^^^^^^^^^
  File "/Users/andyschwarz/Documents/Privat/OverCloud/backend/.venv/lib/python3.11/site-packages/botocore/retryhandler.py", line 320, in _should_retry
    return self._checker(attempt_number, response, caught_exception)
           ^^^^^^^^^^^^^^^^^^^^^^^^^^^^^^^^^^^^^^^^^^^^^^^^^^^^^^^^^
  File "/Users/andyschwarz/Documents/Privat/OverCloud/backend/.venv/lib/python3.11/site-packages/botocore/retryhandler.py", line 363, in __call__
    checker_response = checker(
                       ^^^^^^^^
  File "/Users/andyschwarz/Documents/Privat/OverCloud/backend/.venv/lib/python3.11/site-packages/botocore/retryhandler.py", line 247, in __call__
    return self._check_caught_exception(
           ^^^^^^^^^^^^^^^^^^^^^^^^^^^^^
  File "/Users/andyschwarz/Documents/Privat/OverCloud/backend/.venv/lib/python3.11/site-packages/botocore/retryhandler.py", line 416, in _check_caught_exception
    raise caught_exception
  File "/Users/andyschwarz/Documents/Privat/OverCloud/backend/.venv/lib/python3.11/site-packages/botocore/endpoint.py", line 279, in _do_get_response
    http_response = self._send(request)
                    ^^^^^^^^^^^^^^^^^^^
  File "/Users/andyschwarz/Documents/Privat/OverCloud/backend/.venv/lib/python3.11/site-packages/botocore/endpoint.py", line 383, in _send
    return self.http_session.send(request)
           ^^^^^^^^^^^^^^^^^^^^^^^^^^^^^^^
  File "/Users/andyschwarz/Documents/Privat/OverCloud/backend/.venv/lib/python3.11/site-packages/botocore/httpsession.py", line 506, in send
    raise EndpointConnectionError(endpoint_url=request.url, error=e)
botocore.exceptions.EndpointConnectionError: Could not connect to the endpoint URL: "http://localhost:8001/"
__ ERROR at setup of TestIDORPrevention.test_user_can_view_own_organisations ___
.venv/lib/python3.11/site-packages/urllib3/connection.py:204: in _new_conn
    sock = connection.create_connection(
.venv/lib/python3.11/site-packages/urllib3/util/connection.py:85: in create_connection
    raise err
.venv/lib/python3.11/site-packages/urllib3/util/connection.py:73: in create_connection
    sock.connect(sa)
E   ConnectionRefusedError: [Errno 61] Connection refused

The above exception was the direct cause of the following exception:
.venv/lib/python3.11/site-packages/botocore/httpsession.py:477: in send
    urllib_response = conn.urlopen(
.venv/lib/python3.11/site-packages/urllib3/connectionpool.py:841: in urlopen
    retries = retries.increment(
.venv/lib/python3.11/site-packages/urllib3/util/retry.py:465: in increment
    raise reraise(type(error), error, _stacktrace)
          ^^^^^^^^^^^^^^^^^^^^^^^^^^^^^^^^^^^^^^^^
.venv/lib/python3.11/site-packages/urllib3/util/util.py:39: in reraise
    raise value
.venv/lib/python3.11/site-packages/urllib3/connectionpool.py:787: in urlopen
    response = self._make_request(
.venv/lib/python3.11/site-packages/urllib3/connectionpool.py:493: in _make_request
    conn.request(
.venv/lib/python3.11/site-packages/botocore/awsrequest.py:96: in request
    rval = super().request(method, url, body, headers, *args, **kwargs)
           ^^^^^^^^^^^^^^^^^^^^^^^^^^^^^^^^^^^^^^^^^^^^^^^^^^^^^^^^^^^^
.venv/lib/python3.11/site-packages/urllib3/connection.py:500: in request
    self.endheaders()
/opt/homebrew/Cellar/python@3.11/3.11.15/Frameworks/Python.framework/Versions/3.11/lib/python3.11/http/client.py:1318: in endheaders
    self._send_output(message_body, encode_chunked=encode_chunked)
.venv/lib/python3.11/site-packages/botocore/awsrequest.py:123: in _send_output
    self.send(msg)
.venv/lib/python3.11/site-packages/botocore/awsrequest.py:223: in send
    return super().send(str)
           ^^^^^^^^^^^^^^^^^
/opt/homebrew/Cellar/python@3.11/3.11.15/Frameworks/Python.framework/Versions/3.11/lib/python3.11/http/client.py:1016: in send
    self.connect()
.venv/lib/python3.11/site-packages/urllib3/connection.py:331: in connect
    self.sock = self._new_conn()
                ^^^^^^^^^^^^^^^^
.venv/lib/python3.11/site-packages/urllib3/connection.py:219: in _new_conn
    raise NewConnectionError(
E   urllib3.exceptions.NewConnectionError: AWSHTTPConnection(host='localhost', port=8001): Failed to establish a new connection: [Errno 61] Connection refused

The above exception was the direct cause of the following exception:
tests/integration/test_idor_prevention.py:30: in test_users
    response_a = client.post("/api/v1/auth/register", json={
.venv/lib/python3.11/site-packages/starlette/testclient.py:546: in post
    return super().post(
.venv/lib/python3.11/site-packages/httpx/_client.py:1144: in post
    return self.request(
.venv/lib/python3.11/site-packages/starlette/testclient.py:445: in request
    return super().request(
.venv/lib/python3.11/site-packages/httpx/_client.py:825: in request
    return self.send(request, auth=auth, follow_redirects=follow_redirects)
           ^^^^^^^^^^^^^^^^^^^^^^^^^^^^^^^^^^^^^^^^^^^^^^^^^^^^^^^^^^^^^^^^
.venv/lib/python3.11/site-packages/httpx/_client.py:914: in send
    response = self._send_handling_auth(
.venv/lib/python3.11/site-packages/httpx/_client.py:942: in _send_handling_auth
    response = self._send_handling_redirects(
.venv/lib/python3.11/site-packages/httpx/_client.py:979: in _send_handling_redirects
    response = self._send_single_request(request)
               ^^^^^^^^^^^^^^^^^^^^^^^^^^^^^^^^^^
.venv/lib/python3.11/site-packages/httpx/_client.py:1014: in _send_single_request
    response = transport.handle_request(request)
               ^^^^^^^^^^^^^^^^^^^^^^^^^^^^^^^^^
.venv/lib/python3.11/site-packages/starlette/testclient.py:348: in handle_request
    raise exc
.venv/lib/python3.11/site-packages/starlette/testclient.py:345: in handle_request
    portal.call(self.app, scope, receive, send)
.venv/lib/python3.11/site-packages/anyio/from_thread.py:334: in call
    return cast(T_Retval, self.start_task_soon(func, *args).result())
                          ^^^^^^^^^^^^^^^^^^^^^^^^^^^^^^^^^^^^^^^^^^
/opt/homebrew/Cellar/python@3.11/3.11.15/Frameworks/Python.framework/Versions/3.11/lib/python3.11/concurrent/futures/_base.py:456: in result
    return self.__get_result()
           ^^^^^^^^^^^^^^^^^^^
/opt/homebrew/Cellar/python@3.11/3.11.15/Frameworks/Python.framework/Versions/3.11/lib/python3.11/concurrent/futures/_base.py:401: in __get_result
    raise self._exception
.venv/lib/python3.11/site-packages/anyio/from_thread.py:259: in _call_func
    retval = await retval_or_awaitable
             ^^^^^^^^^^^^^^^^^^^^^^^^^
.venv/lib/python3.11/site-packages/fastapi/applications.py:1160: in __call__
    await super().__call__(scope, receive, send)
.venv/lib/python3.11/site-packages/starlette/applications.py:90: in __call__
    await self.middleware_stack(scope, receive, send)
.venv/lib/python3.11/site-packages/starlette/middleware/errors.py:176: in __call__
    response = await self.handler(request, exc)
               ^^^^^^^^^^^^^^^^^^^^^^^^^^^^^^^^
app/main.py:129: in generic_exception_handler
    raise exc
.venv/lib/python3.11/site-packages/starlette/middleware/errors.py:164: in __call__
    await self.app(scope, receive, _send)
.venv/lib/python3.11/site-packages/starlette/middleware/base.py:191: in __call__
    with recv_stream, send_stream, collapse_excgroups():
/opt/homebrew/Cellar/python@3.11/3.11.15/Frameworks/Python.framework/Versions/3.11/lib/python3.11/contextlib.py:158: in __exit__
    self.gen.throw(typ, value, traceback)
.venv/lib/python3.11/site-packages/starlette/_utils.py:87: in collapse_excgroups
    raise exc
.venv/lib/python3.11/site-packages/starlette/middleware/base.py:193: in __call__
    response = await self.dispatch_func(request, call_next)
               ^^^^^^^^^^^^^^^^^^^^^^^^^^^^^^^^^^^^^^^^^^^^
app/main.py:61: in add_security_headers
    response = await call_next(request)
               ^^^^^^^^^^^^^^^^^^^^^^^^
.venv/lib/python3.11/site-packages/starlette/middleware/base.py:168: in call_next
    raise app_exc from app_exc.__cause__ or app_exc.__context__
.venv/lib/python3.11/site-packages/starlette/middleware/base.py:144: in coro
    await self.app(scope, receive_or_disconnect, send_no_error)
.venv/lib/python3.11/site-packages/starlette/middleware/cors.py:88: in __call__
    await self.app(scope, receive, send)
.venv/lib/python3.11/site-packages/starlette/middleware/exceptions.py:63: in __call__
    await wrap_app_handling_exceptions(self.app, conn)(scope, receive, send)
.venv/lib/python3.11/site-packages/starlette/_exception_handler.py:53: in wrapped_app
    raise exc
.venv/lib/python3.11/site-packages/starlette/_exception_handler.py:42: in wrapped_app
    await app(scope, receive, sender)
.venv/lib/python3.11/site-packages/fastapi/middleware/asyncexitstack.py:18: in __call__
    await self.app(scope, receive, send)
.venv/lib/python3.11/site-packages/starlette/routing.py:660: in __call__
    await self.middleware_stack(scope, receive, send)
.venv/lib/python3.11/site-packages/starlette/routing.py:680: in app
    await route.handle(scope, receive, send)
.venv/lib/python3.11/site-packages/starlette/routing.py:276: in handle
    await self.app(scope, receive, send)
.venv/lib/python3.11/site-packages/fastapi/routing.py:130: in app
    await wrap_app_handling_exceptions(app, request)(scope, receive, send)
.venv/lib/python3.11/site-packages/starlette/_exception_handler.py:53: in wrapped_app
    raise exc
.venv/lib/python3.11/site-packages/starlette/_exception_handler.py:42: in wrapped_app
    await app(scope, receive, sender)
.venv/lib/python3.11/site-packages/fastapi/routing.py:116: in app
    response = await f(request)
               ^^^^^^^^^^^^^^^^
.venv/lib/python3.11/site-packages/fastapi/routing.py:670: in app
    raw_response = await run_endpoint_function(
.venv/lib/python3.11/site-packages/fastapi/routing.py:324: in run_endpoint_function
    return await dependant.call(**values)
           ^^^^^^^^^^^^^^^^^^^^^^^^^^^^^^
.venv/lib/python3.11/site-packages/slowapi/extension.py:734: in async_wrapper
    response = await func(*args, **kwargs)  # type: ignore
               ^^^^^^^^^^^^^^^^^^^^^^^^^^^
app/api/auth.py:323: in register
    existing_user = user_repo.get_by_email(user_create.email)
                    ^^^^^^^^^^^^^^^^^^^^^^^^^^^^^^^^^^^^^^^^^
app/repositories/user.py:169: in get_by_email
    items, _ = self._query(
app/repositories/base.py:145: in _query
    response = self.table.query(**kwargs)
               ^^^^^^^^^^^^^^^^^^^^^^^^^^
.venv/lib/python3.11/site-packages/boto3/resources/factory.py:581: in do_action
    response = action(self, *args, **kwargs)
               ^^^^^^^^^^^^^^^^^^^^^^^^^^^^^
.venv/lib/python3.11/site-packages/boto3/resources/action.py:88: in __call__
    response = getattr(parent.meta.client, operation_name)(*args, **params)
               ^^^^^^^^^^^^^^^^^^^^^^^^^^^^^^^^^^^^^^^^^^^^^^^^^^^^^^^^^^^^
.venv/lib/python3.11/site-packages/botocore/client.py:602: in _api_call
    return self._make_api_call(operation_name, kwargs)
           ^^^^^^^^^^^^^^^^^^^^^^^^^^^^^^^^^^^^^^^^^^^
.venv/lib/python3.11/site-packages/botocore/context.py:123: in wrapper
    return func(*args, **kwargs)
           ^^^^^^^^^^^^^^^^^^^^^
.venv/lib/python3.11/site-packages/botocore/client.py:1060: in _make_api_call
    http, parsed_response = self._make_request(
.venv/lib/python3.11/site-packages/botocore/client.py:1084: in _make_request
    return self._endpoint.make_request(operation_model, request_dict)
           ^^^^^^^^^^^^^^^^^^^^^^^^^^^^^^^^^^^^^^^^^^^^^^^^^^^^^^^^^^
.venv/lib/python3.11/site-packages/botocore/endpoint.py:119: in make_request
    return self._send_request(request_dict, operation_model)
           ^^^^^^^^^^^^^^^^^^^^^^^^^^^^^^^^^^^^^^^^^^^^^^^^^
.venv/lib/python3.11/site-packages/botocore/endpoint.py:200: in _send_request
    while self._needs_retry(
.venv/lib/python3.11/site-packages/botocore/endpoint.py:360: in _needs_retry
    responses = self._event_emitter.emit(
.venv/lib/python3.11/site-packages/botocore/hooks.py:412: in emit
    return self._emitter.emit(aliased_event_name, **kwargs)
           ^^^^^^^^^^^^^^^^^^^^^^^^^^^^^^^^^^^^^^^^^^^^^^^^
.venv/lib/python3.11/site-packages/botocore/hooks.py:256: in emit
    return self._emit(event_name, kwargs)
           ^^^^^^^^^^^^^^^^^^^^^^^^^^^^^^
.venv/lib/python3.11/site-packages/botocore/hooks.py:239: in _emit
    response = handler(**kwargs)
               ^^^^^^^^^^^^^^^^^
.venv/lib/python3.11/site-packages/botocore/retryhandler.py:207: in __call__
    if self._checker(**checker_kwargs):
       ^^^^^^^^^^^^^^^^^^^^^^^^^^^^^^^
.venv/lib/python3.11/site-packages/botocore/retryhandler.py:284: in __call__
    should_retry = self._should_retry(
.venv/lib/python3.11/site-packages/botocore/retryhandler.py:320: in _should_retry
    return self._checker(attempt_number, response, caught_exception)
           ^^^^^^^^^^^^^^^^^^^^^^^^^^^^^^^^^^^^^^^^^^^^^^^^^^^^^^^^^
.venv/lib/python3.11/site-packages/botocore/retryhandler.py:363: in __call__
    checker_response = checker(
.venv/lib/python3.11/site-packages/botocore/retryhandler.py:247: in __call__
    return self._check_caught_exception(
.venv/lib/python3.11/site-packages/botocore/retryhandler.py:416: in _check_caught_exception
    raise caught_exception
.venv/lib/python3.11/site-packages/botocore/endpoint.py:279: in _do_get_response
    http_response = self._send(request)
                    ^^^^^^^^^^^^^^^^^^^
.venv/lib/python3.11/site-packages/botocore/endpoint.py:383: in _send
    return self.http_session.send(request)
           ^^^^^^^^^^^^^^^^^^^^^^^^^^^^^^^
.venv/lib/python3.11/site-packages/botocore/httpsession.py:506: in send
    raise EndpointConnectionError(endpoint_url=request.url, error=e)
E   botocore.exceptions.EndpointConnectionError: Could not connect to the endpoint URL: "http://localhost:8001/"
---------------------------- Captured stdout setup -----------------------------
2026-05-17 20:09:45 - app.main - ERROR - Unhandled exception: Could not connect to the endpoint URL: "http://localhost:8001/"
Traceback (most recent call last):
  File "/Users/andyschwarz/Documents/Privat/OverCloud/backend/.venv/lib/python3.11/site-packages/urllib3/connection.py", line 204, in _new_conn
    sock = connection.create_connection(
           ^^^^^^^^^^^^^^^^^^^^^^^^^^^^^
  File "/Users/andyschwarz/Documents/Privat/OverCloud/backend/.venv/lib/python3.11/site-packages/urllib3/util/connection.py", line 85, in create_connection
    raise err
  File "/Users/andyschwarz/Documents/Privat/OverCloud/backend/.venv/lib/python3.11/site-packages/urllib3/util/connection.py", line 73, in create_connection
    sock.connect(sa)
ConnectionRefusedError: [Errno 61] Connection refused

The above exception was the direct cause of the following exception:

Traceback (most recent call last):
  File "/Users/andyschwarz/Documents/Privat/OverCloud/backend/.venv/lib/python3.11/site-packages/botocore/httpsession.py", line 477, in send
    urllib_response = conn.urlopen(
                      ^^^^^^^^^^^^^
  File "/Users/andyschwarz/Documents/Privat/OverCloud/backend/.venv/lib/python3.11/site-packages/urllib3/connectionpool.py", line 841, in urlopen
    retries = retries.increment(
              ^^^^^^^^^^^^^^^^^^
  File "/Users/andyschwarz/Documents/Privat/OverCloud/backend/.venv/lib/python3.11/site-packages/urllib3/util/retry.py", line 465, in increment
    raise reraise(type(error), error, _stacktrace)
          ^^^^^^^^^^^^^^^^^^^^^^^^^^^^^^^^^^^^^^^^
  File "/Users/andyschwarz/Documents/Privat/OverCloud/backend/.venv/lib/python3.11/site-packages/urllib3/util/util.py", line 39, in reraise
    raise value
  File "/Users/andyschwarz/Documents/Privat/OverCloud/backend/.venv/lib/python3.11/site-packages/urllib3/connectionpool.py", line 787, in urlopen
    response = self._make_request(
               ^^^^^^^^^^^^^^^^^^^
  File "/Users/andyschwarz/Documents/Privat/OverCloud/backend/.venv/lib/python3.11/site-packages/urllib3/connectionpool.py", line 493, in _make_request
    conn.request(
  File "/Users/andyschwarz/Documents/Privat/OverCloud/backend/.venv/lib/python3.11/site-packages/botocore/awsrequest.py", line 96, in request
    rval = super().request(method, url, body, headers, *args, **kwargs)
           ^^^^^^^^^^^^^^^^^^^^^^^^^^^^^^^^^^^^^^^^^^^^^^^^^^^^^^^^^^^^
  File "/Users/andyschwarz/Documents/Privat/OverCloud/backend/.venv/lib/python3.11/site-packages/urllib3/connection.py", line 500, in request
    self.endheaders()
  File "/opt/homebrew/Cellar/python@3.11/3.11.15/Frameworks/Python.framework/Versions/3.11/lib/python3.11/http/client.py", line 1318, in endheaders
    self._send_output(message_body, encode_chunked=encode_chunked)
  File "/Users/andyschwarz/Documents/Privat/OverCloud/backend/.venv/lib/python3.11/site-packages/botocore/awsrequest.py", line 123, in _send_output
    self.send(msg)
  File "/Users/andyschwarz/Documents/Privat/OverCloud/backend/.venv/lib/python3.11/site-packages/botocore/awsrequest.py", line 223, in send
    return super().send(str)
           ^^^^^^^^^^^^^^^^^
  File "/opt/homebrew/Cellar/python@3.11/3.11.15/Frameworks/Python.framework/Versions/3.11/lib/python3.11/http/client.py", line 1016, in send
    self.connect()
  File "/Users/andyschwarz/Documents/Privat/OverCloud/backend/.venv/lib/python3.11/site-packages/urllib3/connection.py", line 331, in connect
    self.sock = self._new_conn()
                ^^^^^^^^^^^^^^^^
  File "/Users/andyschwarz/Documents/Privat/OverCloud/backend/.venv/lib/python3.11/site-packages/urllib3/connection.py", line 219, in _new_conn
    raise NewConnectionError(
urllib3.exceptions.NewConnectionError: AWSHTTPConnection(host='localhost', port=8001): Failed to establish a new connection: [Errno 61] Connection refused

The above exception was the direct cause of the following exception:

Traceback (most recent call last):
  File "/Users/andyschwarz/Documents/Privat/OverCloud/backend/.venv/lib/python3.11/site-packages/starlette/middleware/errors.py", line 164, in __call__
    await self.app(scope, receive, _send)
  File "/Users/andyschwarz/Documents/Privat/OverCloud/backend/.venv/lib/python3.11/site-packages/starlette/middleware/base.py", line 191, in __call__
    with recv_stream, send_stream, collapse_excgroups():
  File "/opt/homebrew/Cellar/python@3.11/3.11.15/Frameworks/Python.framework/Versions/3.11/lib/python3.11/contextlib.py", line 158, in __exit__
    self.gen.throw(typ, value, traceback)
  File "/Users/andyschwarz/Documents/Privat/OverCloud/backend/.venv/lib/python3.11/site-packages/starlette/_utils.py", line 87, in collapse_excgroups
    raise exc
  File "/Users/andyschwarz/Documents/Privat/OverCloud/backend/.venv/lib/python3.11/site-packages/starlette/middleware/base.py", line 193, in __call__
    response = await self.dispatch_func(request, call_next)
               ^^^^^^^^^^^^^^^^^^^^^^^^^^^^^^^^^^^^^^^^^^^^
  File "/Users/andyschwarz/Documents/Privat/OverCloud/backend/app/main.py", line 61, in add_security_headers
    response = await call_next(request)
               ^^^^^^^^^^^^^^^^^^^^^^^^
  File "/Users/andyschwarz/Documents/Privat/OverCloud/backend/.venv/lib/python3.11/site-packages/starlette/middleware/base.py", line 168, in call_next
    raise app_exc from app_exc.__cause__ or app_exc.__context__
  File "/Users/andyschwarz/Documents/Privat/OverCloud/backend/.venv/lib/python3.11/site-packages/starlette/middleware/base.py", line 144, in coro
    await self.app(scope, receive_or_disconnect, send_no_error)
  File "/Users/andyschwarz/Documents/Privat/OverCloud/backend/.venv/lib/python3.11/site-packages/starlette/middleware/cors.py", line 88, in __call__
    await self.app(scope, receive, send)
  File "/Users/andyschwarz/Documents/Privat/OverCloud/backend/.venv/lib/python3.11/site-packages/starlette/middleware/exceptions.py", line 63, in __call__
    await wrap_app_handling_exceptions(self.app, conn)(scope, receive, send)
  File "/Users/andyschwarz/Documents/Privat/OverCloud/backend/.venv/lib/python3.11/site-packages/starlette/_exception_handler.py", line 53, in wrapped_app
    raise exc
  File "/Users/andyschwarz/Documents/Privat/OverCloud/backend/.venv/lib/python3.11/site-packages/starlette/_exception_handler.py", line 42, in wrapped_app
    await app(scope, receive, sender)
  File "/Users/andyschwarz/Documents/Privat/OverCloud/backend/.venv/lib/python3.11/site-packages/fastapi/middleware/asyncexitstack.py", line 18, in __call__
    await self.app(scope, receive, send)
  File "/Users/andyschwarz/Documents/Privat/OverCloud/backend/.venv/lib/python3.11/site-packages/starlette/routing.py", line 660, in __call__
    await self.middleware_stack(scope, receive, send)
  File "/Users/andyschwarz/Documents/Privat/OverCloud/backend/.venv/lib/python3.11/site-packages/starlette/routing.py", line 680, in app
    await route.handle(scope, receive, send)
  File "/Users/andyschwarz/Documents/Privat/OverCloud/backend/.venv/lib/python3.11/site-packages/starlette/routing.py", line 276, in handle
    await self.app(scope, receive, send)
  File "/Users/andyschwarz/Documents/Privat/OverCloud/backend/.venv/lib/python3.11/site-packages/fastapi/routing.py", line 130, in app
    await wrap_app_handling_exceptions(app, request)(scope, receive, send)
  File "/Users/andyschwarz/Documents/Privat/OverCloud/backend/.venv/lib/python3.11/site-packages/starlette/_exception_handler.py", line 53, in wrapped_app
    raise exc
  File "/Users/andyschwarz/Documents/Privat/OverCloud/backend/.venv/lib/python3.11/site-packages/starlette/_exception_handler.py", line 42, in wrapped_app
    await app(scope, receive, sender)
  File "/Users/andyschwarz/Documents/Privat/OverCloud/backend/.venv/lib/python3.11/site-packages/fastapi/routing.py", line 116, in app
    response = await f(request)
               ^^^^^^^^^^^^^^^^
  File "/Users/andyschwarz/Documents/Privat/OverCloud/backend/.venv/lib/python3.11/site-packages/fastapi/routing.py", line 670, in app
    raw_response = await run_endpoint_function(
                   ^^^^^^^^^^^^^^^^^^^^^^^^^^^^
  File "/Users/andyschwarz/Documents/Privat/OverCloud/backend/.venv/lib/python3.11/site-packages/fastapi/routing.py", line 324, in run_endpoint_function
    return await dependant.call(**values)
           ^^^^^^^^^^^^^^^^^^^^^^^^^^^^^^
  File "/Users/andyschwarz/Documents/Privat/OverCloud/backend/.venv/lib/python3.11/site-packages/slowapi/extension.py", line 734, in async_wrapper
    response = await func(*args, **kwargs)  # type: ignore
               ^^^^^^^^^^^^^^^^^^^^^^^^^^^
  File "/Users/andyschwarz/Documents/Privat/OverCloud/backend/app/api/auth.py", line 323, in register
    existing_user = user_repo.get_by_email(user_create.email)
                    ^^^^^^^^^^^^^^^^^^^^^^^^^^^^^^^^^^^^^^^^^
  File "/Users/andyschwarz/Documents/Privat/OverCloud/backend/app/repositories/user.py", line 169, in get_by_email
    items, _ = self._query(
               ^^^^^^^^^^^^
  File "/Users/andyschwarz/Documents/Privat/OverCloud/backend/app/repositories/base.py", line 145, in _query
    response = self.table.query(**kwargs)
               ^^^^^^^^^^^^^^^^^^^^^^^^^^
  File "/Users/andyschwarz/Documents/Privat/OverCloud/backend/.venv/lib/python3.11/site-packages/boto3/resources/factory.py", line 581, in do_action
    response = action(self, *args, **kwargs)
               ^^^^^^^^^^^^^^^^^^^^^^^^^^^^^
  File "/Users/andyschwarz/Documents/Privat/OverCloud/backend/.venv/lib/python3.11/site-packages/boto3/resources/action.py", line 88, in __call__
    response = getattr(parent.meta.client, operation_name)(*args, **params)
               ^^^^^^^^^^^^^^^^^^^^^^^^^^^^^^^^^^^^^^^^^^^^^^^^^^^^^^^^^^^^
  File "/Users/andyschwarz/Documents/Privat/OverCloud/backend/.venv/lib/python3.11/site-packages/botocore/client.py", line 602, in _api_call
    return self._make_api_call(operation_name, kwargs)
           ^^^^^^^^^^^^^^^^^^^^^^^^^^^^^^^^^^^^^^^^^^^
  File "/Users/andyschwarz/Documents/Privat/OverCloud/backend/.venv/lib/python3.11/site-packages/botocore/context.py", line 123, in wrapper
    return func(*args, **kwargs)
           ^^^^^^^^^^^^^^^^^^^^^
  File "/Users/andyschwarz/Documents/Privat/OverCloud/backend/.venv/lib/python3.11/site-packages/botocore/client.py", line 1060, in _make_api_call
    http, parsed_response = self._make_request(
                            ^^^^^^^^^^^^^^^^^^^
  File "/Users/andyschwarz/Documents/Privat/OverCloud/backend/.venv/lib/python3.11/site-packages/botocore/client.py", line 1084, in _make_request
    return self._endpoint.make_request(operation_model, request_dict)
           ^^^^^^^^^^^^^^^^^^^^^^^^^^^^^^^^^^^^^^^^^^^^^^^^^^^^^^^^^^
  File "/Users/andyschwarz/Documents/Privat/OverCloud/backend/.venv/lib/python3.11/site-packages/botocore/endpoint.py", line 119, in make_request
    return self._send_request(request_dict, operation_model)
           ^^^^^^^^^^^^^^^^^^^^^^^^^^^^^^^^^^^^^^^^^^^^^^^^^
  File "/Users/andyschwarz/Documents/Privat/OverCloud/backend/.venv/lib/python3.11/site-packages/botocore/endpoint.py", line 200, in _send_request
    while self._needs_retry(
          ^^^^^^^^^^^^^^^^^^
  File "/Users/andyschwarz/Documents/Privat/OverCloud/backend/.venv/lib/python3.11/site-packages/botocore/endpoint.py", line 360, in _needs_retry
    responses = self._event_emitter.emit(
                ^^^^^^^^^^^^^^^^^^^^^^^^^
  File "/Users/andyschwarz/Documents/Privat/OverCloud/backend/.venv/lib/python3.11/site-packages/botocore/hooks.py", line 412, in emit
    return self._emitter.emit(aliased_event_name, **kwargs)
           ^^^^^^^^^^^^^^^^^^^^^^^^^^^^^^^^^^^^^^^^^^^^^^^^
  File "/Users/andyschwarz/Documents/Privat/OverCloud/backend/.venv/lib/python3.11/site-packages/botocore/hooks.py", line 256, in emit
    return self._emit(event_name, kwargs)
           ^^^^^^^^^^^^^^^^^^^^^^^^^^^^^^
  File "/Users/andyschwarz/Documents/Privat/OverCloud/backend/.venv/lib/python3.11/site-packages/botocore/hooks.py", line 239, in _emit
    response = handler(**kwargs)
               ^^^^^^^^^^^^^^^^^
  File "/Users/andyschwarz/Documents/Privat/OverCloud/backend/.venv/lib/python3.11/site-packages/botocore/retryhandler.py", line 207, in __call__
    if self._checker(**checker_kwargs):
       ^^^^^^^^^^^^^^^^^^^^^^^^^^^^^^^
  File "/Users/andyschwarz/Documents/Privat/OverCloud/backend/.venv/lib/python3.11/site-packages/botocore/retryhandler.py", line 284, in __call__
    should_retry = self._should_retry(
                   ^^^^^^^^^^^^^^^^^^^
  File "/Users/andyschwarz/Documents/Privat/OverCloud/backend/.venv/lib/python3.11/site-packages/botocore/retryhandler.py", line 320, in _should_retry
    return self._checker(attempt_number, response, caught_exception)
           ^^^^^^^^^^^^^^^^^^^^^^^^^^^^^^^^^^^^^^^^^^^^^^^^^^^^^^^^^
  File "/Users/andyschwarz/Documents/Privat/OverCloud/backend/.venv/lib/python3.11/site-packages/botocore/retryhandler.py", line 363, in __call__
    checker_response = checker(
                       ^^^^^^^^
  File "/Users/andyschwarz/Documents/Privat/OverCloud/backend/.venv/lib/python3.11/site-packages/botocore/retryhandler.py", line 247, in __call__
    return self._check_caught_exception(
           ^^^^^^^^^^^^^^^^^^^^^^^^^^^^^
  File "/Users/andyschwarz/Documents/Privat/OverCloud/backend/.venv/lib/python3.11/site-packages/botocore/retryhandler.py", line 416, in _check_caught_exception
    raise caught_exception
  File "/Users/andyschwarz/Documents/Privat/OverCloud/backend/.venv/lib/python3.11/site-packages/botocore/endpoint.py", line 279, in _do_get_response
    http_response = self._send(request)
                    ^^^^^^^^^^^^^^^^^^^
  File "/Users/andyschwarz/Documents/Privat/OverCloud/backend/.venv/lib/python3.11/site-packages/botocore/endpoint.py", line 383, in _send
    return self.http_session.send(request)
           ^^^^^^^^^^^^^^^^^^^^^^^^^^^^^^^
  File "/Users/andyschwarz/Documents/Privat/OverCloud/backend/.venv/lib/python3.11/site-packages/botocore/httpsession.py", line 506, in send
    raise EndpointConnectionError(endpoint_url=request.url, error=e)
botocore.exceptions.EndpointConnectionError: Could not connect to the endpoint URL: "http://localhost:8001/"
------------------------------ Captured log setup ------------------------------
ERROR    app.main:main.py:112 Unhandled exception: Could not connect to the endpoint URL: "http://localhost:8001/"
Traceback (most recent call last):
  File "/Users/andyschwarz/Documents/Privat/OverCloud/backend/.venv/lib/python3.11/site-packages/urllib3/connection.py", line 204, in _new_conn
    sock = connection.create_connection(
           ^^^^^^^^^^^^^^^^^^^^^^^^^^^^^
  File "/Users/andyschwarz/Documents/Privat/OverCloud/backend/.venv/lib/python3.11/site-packages/urllib3/util/connection.py", line 85, in create_connection
    raise err
  File "/Users/andyschwarz/Documents/Privat/OverCloud/backend/.venv/lib/python3.11/site-packages/urllib3/util/connection.py", line 73, in create_connection
    sock.connect(sa)
ConnectionRefusedError: [Errno 61] Connection refused

The above exception was the direct cause of the following exception:

Traceback (most recent call last):
  File "/Users/andyschwarz/Documents/Privat/OverCloud/backend/.venv/lib/python3.11/site-packages/botocore/httpsession.py", line 477, in send
    urllib_response = conn.urlopen(
                      ^^^^^^^^^^^^^
  File "/Users/andyschwarz/Documents/Privat/OverCloud/backend/.venv/lib/python3.11/site-packages/urllib3/connectionpool.py", line 841, in urlopen
    retries = retries.increment(
              ^^^^^^^^^^^^^^^^^^
  File "/Users/andyschwarz/Documents/Privat/OverCloud/backend/.venv/lib/python3.11/site-packages/urllib3/util/retry.py", line 465, in increment
    raise reraise(type(error), error, _stacktrace)
          ^^^^^^^^^^^^^^^^^^^^^^^^^^^^^^^^^^^^^^^^
  File "/Users/andyschwarz/Documents/Privat/OverCloud/backend/.venv/lib/python3.11/site-packages/urllib3/util/util.py", line 39, in reraise
    raise value
  File "/Users/andyschwarz/Documents/Privat/OverCloud/backend/.venv/lib/python3.11/site-packages/urllib3/connectionpool.py", line 787, in urlopen
    response = self._make_request(
               ^^^^^^^^^^^^^^^^^^^
  File "/Users/andyschwarz/Documents/Privat/OverCloud/backend/.venv/lib/python3.11/site-packages/urllib3/connectionpool.py", line 493, in _make_request
    conn.request(
  File "/Users/andyschwarz/Documents/Privat/OverCloud/backend/.venv/lib/python3.11/site-packages/botocore/awsrequest.py", line 96, in request
    rval = super().request(method, url, body, headers, *args, **kwargs)
           ^^^^^^^^^^^^^^^^^^^^^^^^^^^^^^^^^^^^^^^^^^^^^^^^^^^^^^^^^^^^
  File "/Users/andyschwarz/Documents/Privat/OverCloud/backend/.venv/lib/python3.11/site-packages/urllib3/connection.py", line 500, in request
    self.endheaders()
  File "/opt/homebrew/Cellar/python@3.11/3.11.15/Frameworks/Python.framework/Versions/3.11/lib/python3.11/http/client.py", line 1318, in endheaders
    self._send_output(message_body, encode_chunked=encode_chunked)
  File "/Users/andyschwarz/Documents/Privat/OverCloud/backend/.venv/lib/python3.11/site-packages/botocore/awsrequest.py", line 123, in _send_output
    self.send(msg)
  File "/Users/andyschwarz/Documents/Privat/OverCloud/backend/.venv/lib/python3.11/site-packages/botocore/awsrequest.py", line 223, in send
    return super().send(str)
           ^^^^^^^^^^^^^^^^^
  File "/opt/homebrew/Cellar/python@3.11/3.11.15/Frameworks/Python.framework/Versions/3.11/lib/python3.11/http/client.py", line 1016, in send
    self.connect()
  File "/Users/andyschwarz/Documents/Privat/OverCloud/backend/.venv/lib/python3.11/site-packages/urllib3/connection.py", line 331, in connect
    self.sock = self._new_conn()
                ^^^^^^^^^^^^^^^^
  File "/Users/andyschwarz/Documents/Privat/OverCloud/backend/.venv/lib/python3.11/site-packages/urllib3/connection.py", line 219, in _new_conn
    raise NewConnectionError(
urllib3.exceptions.NewConnectionError: AWSHTTPConnection(host='localhost', port=8001): Failed to establish a new connection: [Errno 61] Connection refused

The above exception was the direct cause of the following exception:

Traceback (most recent call last):
  File "/Users/andyschwarz/Documents/Privat/OverCloud/backend/.venv/lib/python3.11/site-packages/starlette/middleware/errors.py", line 164, in __call__
    await self.app(scope, receive, _send)
  File "/Users/andyschwarz/Documents/Privat/OverCloud/backend/.venv/lib/python3.11/site-packages/starlette/middleware/base.py", line 191, in __call__
    with recv_stream, send_stream, collapse_excgroups():
  File "/opt/homebrew/Cellar/python@3.11/3.11.15/Frameworks/Python.framework/Versions/3.11/lib/python3.11/contextlib.py", line 158, in __exit__
    self.gen.throw(typ, value, traceback)
  File "/Users/andyschwarz/Documents/Privat/OverCloud/backend/.venv/lib/python3.11/site-packages/starlette/_utils.py", line 87, in collapse_excgroups
    raise exc
  File "/Users/andyschwarz/Documents/Privat/OverCloud/backend/.venv/lib/python3.11/site-packages/starlette/middleware/base.py", line 193, in __call__
    response = await self.dispatch_func(request, call_next)
               ^^^^^^^^^^^^^^^^^^^^^^^^^^^^^^^^^^^^^^^^^^^^
  File "/Users/andyschwarz/Documents/Privat/OverCloud/backend/app/main.py", line 61, in add_security_headers
    response = await call_next(request)
               ^^^^^^^^^^^^^^^^^^^^^^^^
  File "/Users/andyschwarz/Documents/Privat/OverCloud/backend/.venv/lib/python3.11/site-packages/starlette/middleware/base.py", line 168, in call_next
    raise app_exc from app_exc.__cause__ or app_exc.__context__
  File "/Users/andyschwarz/Documents/Privat/OverCloud/backend/.venv/lib/python3.11/site-packages/starlette/middleware/base.py", line 144, in coro
    await self.app(scope, receive_or_disconnect, send_no_error)
  File "/Users/andyschwarz/Documents/Privat/OverCloud/backend/.venv/lib/python3.11/site-packages/starlette/middleware/cors.py", line 88, in __call__
    await self.app(scope, receive, send)
  File "/Users/andyschwarz/Documents/Privat/OverCloud/backend/.venv/lib/python3.11/site-packages/starlette/middleware/exceptions.py", line 63, in __call__
    await wrap_app_handling_exceptions(self.app, conn)(scope, receive, send)
  File "/Users/andyschwarz/Documents/Privat/OverCloud/backend/.venv/lib/python3.11/site-packages/starlette/_exception_handler.py", line 53, in wrapped_app
    raise exc
  File "/Users/andyschwarz/Documents/Privat/OverCloud/backend/.venv/lib/python3.11/site-packages/starlette/_exception_handler.py", line 42, in wrapped_app
    await app(scope, receive, sender)
  File "/Users/andyschwarz/Documents/Privat/OverCloud/backend/.venv/lib/python3.11/site-packages/fastapi/middleware/asyncexitstack.py", line 18, in __call__
    await self.app(scope, receive, send)
  File "/Users/andyschwarz/Documents/Privat/OverCloud/backend/.venv/lib/python3.11/site-packages/starlette/routing.py", line 660, in __call__
    await self.middleware_stack(scope, receive, send)
  File "/Users/andyschwarz/Documents/Privat/OverCloud/backend/.venv/lib/python3.11/site-packages/starlette/routing.py", line 680, in app
    await route.handle(scope, receive, send)
  File "/Users/andyschwarz/Documents/Privat/OverCloud/backend/.venv/lib/python3.11/site-packages/starlette/routing.py", line 276, in handle
    await self.app(scope, receive, send)
  File "/Users/andyschwarz/Documents/Privat/OverCloud/backend/.venv/lib/python3.11/site-packages/fastapi/routing.py", line 130, in app
    await wrap_app_handling_exceptions(app, request)(scope, receive, send)
  File "/Users/andyschwarz/Documents/Privat/OverCloud/backend/.venv/lib/python3.11/site-packages/starlette/_exception_handler.py", line 53, in wrapped_app
    raise exc
  File "/Users/andyschwarz/Documents/Privat/OverCloud/backend/.venv/lib/python3.11/site-packages/starlette/_exception_handler.py", line 42, in wrapped_app
    await app(scope, receive, sender)
  File "/Users/andyschwarz/Documents/Privat/OverCloud/backend/.venv/lib/python3.11/site-packages/fastapi/routing.py", line 116, in app
    response = await f(request)
               ^^^^^^^^^^^^^^^^
  File "/Users/andyschwarz/Documents/Privat/OverCloud/backend/.venv/lib/python3.11/site-packages/fastapi/routing.py", line 670, in app
    raw_response = await run_endpoint_function(
                   ^^^^^^^^^^^^^^^^^^^^^^^^^^^^
  File "/Users/andyschwarz/Documents/Privat/OverCloud/backend/.venv/lib/python3.11/site-packages/fastapi/routing.py", line 324, in run_endpoint_function
    return await dependant.call(**values)
           ^^^^^^^^^^^^^^^^^^^^^^^^^^^^^^
  File "/Users/andyschwarz/Documents/Privat/OverCloud/backend/.venv/lib/python3.11/site-packages/slowapi/extension.py", line 734, in async_wrapper
    response = await func(*args, **kwargs)  # type: ignore
               ^^^^^^^^^^^^^^^^^^^^^^^^^^^
  File "/Users/andyschwarz/Documents/Privat/OverCloud/backend/app/api/auth.py", line 323, in register
    existing_user = user_repo.get_by_email(user_create.email)
                    ^^^^^^^^^^^^^^^^^^^^^^^^^^^^^^^^^^^^^^^^^
  File "/Users/andyschwarz/Documents/Privat/OverCloud/backend/app/repositories/user.py", line 169, in get_by_email
    items, _ = self._query(
               ^^^^^^^^^^^^
  File "/Users/andyschwarz/Documents/Privat/OverCloud/backend/app/repositories/base.py", line 145, in _query
    response = self.table.query(**kwargs)
               ^^^^^^^^^^^^^^^^^^^^^^^^^^
  File "/Users/andyschwarz/Documents/Privat/OverCloud/backend/.venv/lib/python3.11/site-packages/boto3/resources/factory.py", line 581, in do_action
    response = action(self, *args, **kwargs)
               ^^^^^^^^^^^^^^^^^^^^^^^^^^^^^
  File "/Users/andyschwarz/Documents/Privat/OverCloud/backend/.venv/lib/python3.11/site-packages/boto3/resources/action.py", line 88, in __call__
    response = getattr(parent.meta.client, operation_name)(*args, **params)
               ^^^^^^^^^^^^^^^^^^^^^^^^^^^^^^^^^^^^^^^^^^^^^^^^^^^^^^^^^^^^
  File "/Users/andyschwarz/Documents/Privat/OverCloud/backend/.venv/lib/python3.11/site-packages/botocore/client.py", line 602, in _api_call
    return self._make_api_call(operation_name, kwargs)
           ^^^^^^^^^^^^^^^^^^^^^^^^^^^^^^^^^^^^^^^^^^^
  File "/Users/andyschwarz/Documents/Privat/OverCloud/backend/.venv/lib/python3.11/site-packages/botocore/context.py", line 123, in wrapper
    return func(*args, **kwargs)
           ^^^^^^^^^^^^^^^^^^^^^
  File "/Users/andyschwarz/Documents/Privat/OverCloud/backend/.venv/lib/python3.11/site-packages/botocore/client.py", line 1060, in _make_api_call
    http, parsed_response = self._make_request(
                            ^^^^^^^^^^^^^^^^^^^
  File "/Users/andyschwarz/Documents/Privat/OverCloud/backend/.venv/lib/python3.11/site-packages/botocore/client.py", line 1084, in _make_request
    return self._endpoint.make_request(operation_model, request_dict)
           ^^^^^^^^^^^^^^^^^^^^^^^^^^^^^^^^^^^^^^^^^^^^^^^^^^^^^^^^^^
  File "/Users/andyschwarz/Documents/Privat/OverCloud/backend/.venv/lib/python3.11/site-packages/botocore/endpoint.py", line 119, in make_request
    return self._send_request(request_dict, operation_model)
           ^^^^^^^^^^^^^^^^^^^^^^^^^^^^^^^^^^^^^^^^^^^^^^^^^
  File "/Users/andyschwarz/Documents/Privat/OverCloud/backend/.venv/lib/python3.11/site-packages/botocore/endpoint.py", line 200, in _send_request
    while self._needs_retry(
          ^^^^^^^^^^^^^^^^^^
  File "/Users/andyschwarz/Documents/Privat/OverCloud/backend/.venv/lib/python3.11/site-packages/botocore/endpoint.py", line 360, in _needs_retry
    responses = self._event_emitter.emit(
                ^^^^^^^^^^^^^^^^^^^^^^^^^
  File "/Users/andyschwarz/Documents/Privat/OverCloud/backend/.venv/lib/python3.11/site-packages/botocore/hooks.py", line 412, in emit
    return self._emitter.emit(aliased_event_name, **kwargs)
           ^^^^^^^^^^^^^^^^^^^^^^^^^^^^^^^^^^^^^^^^^^^^^^^^
  File "/Users/andyschwarz/Documents/Privat/OverCloud/backend/.venv/lib/python3.11/site-packages/botocore/hooks.py", line 256, in emit
    return self._emit(event_name, kwargs)
           ^^^^^^^^^^^^^^^^^^^^^^^^^^^^^^
  File "/Users/andyschwarz/Documents/Privat/OverCloud/backend/.venv/lib/python3.11/site-packages/botocore/hooks.py", line 239, in _emit
    response = handler(**kwargs)
               ^^^^^^^^^^^^^^^^^
  File "/Users/andyschwarz/Documents/Privat/OverCloud/backend/.venv/lib/python3.11/site-packages/botocore/retryhandler.py", line 207, in __call__
    if self._checker(**checker_kwargs):
       ^^^^^^^^^^^^^^^^^^^^^^^^^^^^^^^
  File "/Users/andyschwarz/Documents/Privat/OverCloud/backend/.venv/lib/python3.11/site-packages/botocore/retryhandler.py", line 284, in __call__
    should_retry = self._should_retry(
                   ^^^^^^^^^^^^^^^^^^^
  File "/Users/andyschwarz/Documents/Privat/OverCloud/backend/.venv/lib/python3.11/site-packages/botocore/retryhandler.py", line 320, in _should_retry
    return self._checker(attempt_number, response, caught_exception)
           ^^^^^^^^^^^^^^^^^^^^^^^^^^^^^^^^^^^^^^^^^^^^^^^^^^^^^^^^^
  File "/Users/andyschwarz/Documents/Privat/OverCloud/backend/.venv/lib/python3.11/site-packages/botocore/retryhandler.py", line 363, in __call__
    checker_response = checker(
                       ^^^^^^^^
  File "/Users/andyschwarz/Documents/Privat/OverCloud/backend/.venv/lib/python3.11/site-packages/botocore/retryhandler.py", line 247, in __call__
    return self._check_caught_exception(
           ^^^^^^^^^^^^^^^^^^^^^^^^^^^^^
  File "/Users/andyschwarz/Documents/Privat/OverCloud/backend/.venv/lib/python3.11/site-packages/botocore/retryhandler.py", line 416, in _check_caught_exception
    raise caught_exception
  File "/Users/andyschwarz/Documents/Privat/OverCloud/backend/.venv/lib/python3.11/site-packages/botocore/endpoint.py", line 279, in _do_get_response
    http_response = self._send(request)
                    ^^^^^^^^^^^^^^^^^^^
  File "/Users/andyschwarz/Documents/Privat/OverCloud/backend/.venv/lib/python3.11/site-packages/botocore/endpoint.py", line 383, in _send
    return self.http_session.send(request)
           ^^^^^^^^^^^^^^^^^^^^^^^^^^^^^^^
  File "/Users/andyschwarz/Documents/Privat/OverCloud/backend/.venv/lib/python3.11/site-packages/botocore/httpsession.py", line 506, in send
    raise EndpointConnectionError(endpoint_url=request.url, error=e)
botocore.exceptions.EndpointConnectionError: Could not connect to the endpoint URL: "http://localhost:8001/"
___ ERROR at setup of TestSuperAdminAccess.test_superadmin_can_view_any_user ___
.venv/lib/python3.11/site-packages/urllib3/connection.py:204: in _new_conn
    sock = connection.create_connection(
.venv/lib/python3.11/site-packages/urllib3/util/connection.py:85: in create_connection
    raise err
.venv/lib/python3.11/site-packages/urllib3/util/connection.py:73: in create_connection
    sock.connect(sa)
E   ConnectionRefusedError: [Errno 61] Connection refused

The above exception was the direct cause of the following exception:
.venv/lib/python3.11/site-packages/botocore/httpsession.py:477: in send
    urllib_response = conn.urlopen(
.venv/lib/python3.11/site-packages/urllib3/connectionpool.py:841: in urlopen
    retries = retries.increment(
.venv/lib/python3.11/site-packages/urllib3/util/retry.py:465: in increment
    raise reraise(type(error), error, _stacktrace)
          ^^^^^^^^^^^^^^^^^^^^^^^^^^^^^^^^^^^^^^^^
.venv/lib/python3.11/site-packages/urllib3/util/util.py:39: in reraise
    raise value
.venv/lib/python3.11/site-packages/urllib3/connectionpool.py:787: in urlopen
    response = self._make_request(
.venv/lib/python3.11/site-packages/urllib3/connectionpool.py:493: in _make_request
    conn.request(
.venv/lib/python3.11/site-packages/botocore/awsrequest.py:96: in request
    rval = super().request(method, url, body, headers, *args, **kwargs)
           ^^^^^^^^^^^^^^^^^^^^^^^^^^^^^^^^^^^^^^^^^^^^^^^^^^^^^^^^^^^^
.venv/lib/python3.11/site-packages/urllib3/connection.py:500: in request
    self.endheaders()
/opt/homebrew/Cellar/python@3.11/3.11.15/Frameworks/Python.framework/Versions/3.11/lib/python3.11/http/client.py:1318: in endheaders
    self._send_output(message_body, encode_chunked=encode_chunked)
.venv/lib/python3.11/site-packages/botocore/awsrequest.py:123: in _send_output
    self.send(msg)
.venv/lib/python3.11/site-packages/botocore/awsrequest.py:223: in send
    return super().send(str)
           ^^^^^^^^^^^^^^^^^
/opt/homebrew/Cellar/python@3.11/3.11.15/Frameworks/Python.framework/Versions/3.11/lib/python3.11/http/client.py:1016: in send
    self.connect()
.venv/lib/python3.11/site-packages/urllib3/connection.py:331: in connect
    self.sock = self._new_conn()
                ^^^^^^^^^^^^^^^^
.venv/lib/python3.11/site-packages/urllib3/connection.py:219: in _new_conn
    raise NewConnectionError(
E   urllib3.exceptions.NewConnectionError: AWSHTTPConnection(host='localhost', port=8001): Failed to establish a new connection: [Errno 61] Connection refused

The above exception was the direct cause of the following exception:
tests/integration/test_idor_prevention.py:30: in test_users
    response_a = client.post("/api/v1/auth/register", json={
.venv/lib/python3.11/site-packages/starlette/testclient.py:546: in post
    return super().post(
.venv/lib/python3.11/site-packages/httpx/_client.py:1144: in post
    return self.request(
.venv/lib/python3.11/site-packages/starlette/testclient.py:445: in request
    return super().request(
.venv/lib/python3.11/site-packages/httpx/_client.py:825: in request
    return self.send(request, auth=auth, follow_redirects=follow_redirects)
           ^^^^^^^^^^^^^^^^^^^^^^^^^^^^^^^^^^^^^^^^^^^^^^^^^^^^^^^^^^^^^^^^
.venv/lib/python3.11/site-packages/httpx/_client.py:914: in send
    response = self._send_handling_auth(
.venv/lib/python3.11/site-packages/httpx/_client.py:942: in _send_handling_auth
    response = self._send_handling_redirects(
.venv/lib/python3.11/site-packages/httpx/_client.py:979: in _send_handling_redirects
    response = self._send_single_request(request)
               ^^^^^^^^^^^^^^^^^^^^^^^^^^^^^^^^^^
.venv/lib/python3.11/site-packages/httpx/_client.py:1014: in _send_single_request
    response = transport.handle_request(request)
               ^^^^^^^^^^^^^^^^^^^^^^^^^^^^^^^^^
.venv/lib/python3.11/site-packages/starlette/testclient.py:348: in handle_request
    raise exc
.venv/lib/python3.11/site-packages/starlette/testclient.py:345: in handle_request
    portal.call(self.app, scope, receive, send)
.venv/lib/python3.11/site-packages/anyio/from_thread.py:334: in call
    return cast(T_Retval, self.start_task_soon(func, *args).result())
                          ^^^^^^^^^^^^^^^^^^^^^^^^^^^^^^^^^^^^^^^^^^
/opt/homebrew/Cellar/python@3.11/3.11.15/Frameworks/Python.framework/Versions/3.11/lib/python3.11/concurrent/futures/_base.py:456: in result
    return self.__get_result()
           ^^^^^^^^^^^^^^^^^^^
/opt/homebrew/Cellar/python@3.11/3.11.15/Frameworks/Python.framework/Versions/3.11/lib/python3.11/concurrent/futures/_base.py:401: in __get_result
    raise self._exception
.venv/lib/python3.11/site-packages/anyio/from_thread.py:259: in _call_func
    retval = await retval_or_awaitable
             ^^^^^^^^^^^^^^^^^^^^^^^^^
.venv/lib/python3.11/site-packages/fastapi/applications.py:1160: in __call__
    await super().__call__(scope, receive, send)
.venv/lib/python3.11/site-packages/starlette/applications.py:90: in __call__
    await self.middleware_stack(scope, receive, send)
.venv/lib/python3.11/site-packages/starlette/middleware/errors.py:176: in __call__
    response = await self.handler(request, exc)
               ^^^^^^^^^^^^^^^^^^^^^^^^^^^^^^^^
app/main.py:129: in generic_exception_handler
    raise exc
.venv/lib/python3.11/site-packages/starlette/middleware/errors.py:164: in __call__
    await self.app(scope, receive, _send)
.venv/lib/python3.11/site-packages/starlette/middleware/base.py:191: in __call__
    with recv_stream, send_stream, collapse_excgroups():
/opt/homebrew/Cellar/python@3.11/3.11.15/Frameworks/Python.framework/Versions/3.11/lib/python3.11/contextlib.py:158: in __exit__
    self.gen.throw(typ, value, traceback)
.venv/lib/python3.11/site-packages/starlette/_utils.py:87: in collapse_excgroups
    raise exc
.venv/lib/python3.11/site-packages/starlette/middleware/base.py:193: in __call__
    response = await self.dispatch_func(request, call_next)
               ^^^^^^^^^^^^^^^^^^^^^^^^^^^^^^^^^^^^^^^^^^^^
app/main.py:61: in add_security_headers
    response = await call_next(request)
               ^^^^^^^^^^^^^^^^^^^^^^^^
.venv/lib/python3.11/site-packages/starlette/middleware/base.py:168: in call_next
    raise app_exc from app_exc.__cause__ or app_exc.__context__
.venv/lib/python3.11/site-packages/starlette/middleware/base.py:144: in coro
    await self.app(scope, receive_or_disconnect, send_no_error)
.venv/lib/python3.11/site-packages/starlette/middleware/cors.py:88: in __call__
    await self.app(scope, receive, send)
.venv/lib/python3.11/site-packages/starlette/middleware/exceptions.py:63: in __call__
    await wrap_app_handling_exceptions(self.app, conn)(scope, receive, send)
.venv/lib/python3.11/site-packages/starlette/_exception_handler.py:53: in wrapped_app
    raise exc
.venv/lib/python3.11/site-packages/starlette/_exception_handler.py:42: in wrapped_app
    await app(scope, receive, sender)
.venv/lib/python3.11/site-packages/fastapi/middleware/asyncexitstack.py:18: in __call__
    await self.app(scope, receive, send)
.venv/lib/python3.11/site-packages/starlette/routing.py:660: in __call__
    await self.middleware_stack(scope, receive, send)
.venv/lib/python3.11/site-packages/starlette/routing.py:680: in app
    await route.handle(scope, receive, send)
.venv/lib/python3.11/site-packages/starlette/routing.py:276: in handle
    await self.app(scope, receive, send)
.venv/lib/python3.11/site-packages/fastapi/routing.py:130: in app
    await wrap_app_handling_exceptions(app, request)(scope, receive, send)
.venv/lib/python3.11/site-packages/starlette/_exception_handler.py:53: in wrapped_app
    raise exc
.venv/lib/python3.11/site-packages/starlette/_exception_handler.py:42: in wrapped_app
    await app(scope, receive, sender)
.venv/lib/python3.11/site-packages/fastapi/routing.py:116: in app
    response = await f(request)
               ^^^^^^^^^^^^^^^^
.venv/lib/python3.11/site-packages/fastapi/routing.py:670: in app
    raw_response = await run_endpoint_function(
.venv/lib/python3.11/site-packages/fastapi/routing.py:324: in run_endpoint_function
    return await dependant.call(**values)
           ^^^^^^^^^^^^^^^^^^^^^^^^^^^^^^
.venv/lib/python3.11/site-packages/slowapi/extension.py:734: in async_wrapper
    response = await func(*args, **kwargs)  # type: ignore
               ^^^^^^^^^^^^^^^^^^^^^^^^^^^
app/api/auth.py:323: in register
    existing_user = user_repo.get_by_email(user_create.email)
                    ^^^^^^^^^^^^^^^^^^^^^^^^^^^^^^^^^^^^^^^^^
app/repositories/user.py:169: in get_by_email
    items, _ = self._query(
app/repositories/base.py:145: in _query
    response = self.table.query(**kwargs)
               ^^^^^^^^^^^^^^^^^^^^^^^^^^
.venv/lib/python3.11/site-packages/boto3/resources/factory.py:581: in do_action
    response = action(self, *args, **kwargs)
               ^^^^^^^^^^^^^^^^^^^^^^^^^^^^^
.venv/lib/python3.11/site-packages/boto3/resources/action.py:88: in __call__
    response = getattr(parent.meta.client, operation_name)(*args, **params)
               ^^^^^^^^^^^^^^^^^^^^^^^^^^^^^^^^^^^^^^^^^^^^^^^^^^^^^^^^^^^^
.venv/lib/python3.11/site-packages/botocore/client.py:602: in _api_call
    return self._make_api_call(operation_name, kwargs)
           ^^^^^^^^^^^^^^^^^^^^^^^^^^^^^^^^^^^^^^^^^^^
.venv/lib/python3.11/site-packages/botocore/context.py:123: in wrapper
    return func(*args, **kwargs)
           ^^^^^^^^^^^^^^^^^^^^^
.venv/lib/python3.11/site-packages/botocore/client.py:1060: in _make_api_call
    http, parsed_response = self._make_request(
.venv/lib/python3.11/site-packages/botocore/client.py:1084: in _make_request
    return self._endpoint.make_request(operation_model, request_dict)
           ^^^^^^^^^^^^^^^^^^^^^^^^^^^^^^^^^^^^^^^^^^^^^^^^^^^^^^^^^^
.venv/lib/python3.11/site-packages/botocore/endpoint.py:119: in make_request
    return self._send_request(request_dict, operation_model)
           ^^^^^^^^^^^^^^^^^^^^^^^^^^^^^^^^^^^^^^^^^^^^^^^^^
.venv/lib/python3.11/site-packages/botocore/endpoint.py:200: in _send_request
    while self._needs_retry(
.venv/lib/python3.11/site-packages/botocore/endpoint.py:360: in _needs_retry
    responses = self._event_emitter.emit(
.venv/lib/python3.11/site-packages/botocore/hooks.py:412: in emit
    return self._emitter.emit(aliased_event_name, **kwargs)
           ^^^^^^^^^^^^^^^^^^^^^^^^^^^^^^^^^^^^^^^^^^^^^^^^
.venv/lib/python3.11/site-packages/botocore/hooks.py:256: in emit
    return self._emit(event_name, kwargs)
           ^^^^^^^^^^^^^^^^^^^^^^^^^^^^^^
.venv/lib/python3.11/site-packages/botocore/hooks.py:239: in _emit
    response = handler(**kwargs)
               ^^^^^^^^^^^^^^^^^
.venv/lib/python3.11/site-packages/botocore/retryhandler.py:207: in __call__
    if self._checker(**checker_kwargs):
       ^^^^^^^^^^^^^^^^^^^^^^^^^^^^^^^
.venv/lib/python3.11/site-packages/botocore/retryhandler.py:284: in __call__
    should_retry = self._should_retry(
.venv/lib/python3.11/site-packages/botocore/retryhandler.py:320: in _should_retry
    return self._checker(attempt_number, response, caught_exception)
           ^^^^^^^^^^^^^^^^^^^^^^^^^^^^^^^^^^^^^^^^^^^^^^^^^^^^^^^^^
.venv/lib/python3.11/site-packages/botocore/retryhandler.py:363: in __call__
    checker_response = checker(
.venv/lib/python3.11/site-packages/botocore/retryhandler.py:247: in __call__
    return self._check_caught_exception(
.venv/lib/python3.11/site-packages/botocore/retryhandler.py:416: in _check_caught_exception
    raise caught_exception
.venv/lib/python3.11/site-packages/botocore/endpoint.py:279: in _do_get_response
    http_response = self._send(request)
                    ^^^^^^^^^^^^^^^^^^^
.venv/lib/python3.11/site-packages/botocore/endpoint.py:383: in _send
    return self.http_session.send(request)
           ^^^^^^^^^^^^^^^^^^^^^^^^^^^^^^^
.venv/lib/python3.11/site-packages/botocore/httpsession.py:506: in send
    raise EndpointConnectionError(endpoint_url=request.url, error=e)
E   botocore.exceptions.EndpointConnectionError: Could not connect to the endpoint URL: "http://localhost:8001/"
---------------------------- Captured stdout setup -----------------------------
2026-05-17 20:10:12 - app.main - ERROR - Unhandled exception: Could not connect to the endpoint URL: "http://localhost:8001/"
Traceback (most recent call last):
  File "/Users/andyschwarz/Documents/Privat/OverCloud/backend/.venv/lib/python3.11/site-packages/urllib3/connection.py", line 204, in _new_conn
    sock = connection.create_connection(
           ^^^^^^^^^^^^^^^^^^^^^^^^^^^^^
  File "/Users/andyschwarz/Documents/Privat/OverCloud/backend/.venv/lib/python3.11/site-packages/urllib3/util/connection.py", line 85, in create_connection
    raise err
  File "/Users/andyschwarz/Documents/Privat/OverCloud/backend/.venv/lib/python3.11/site-packages/urllib3/util/connection.py", line 73, in create_connection
    sock.connect(sa)
ConnectionRefusedError: [Errno 61] Connection refused

The above exception was the direct cause of the following exception:

Traceback (most recent call last):
  File "/Users/andyschwarz/Documents/Privat/OverCloud/backend/.venv/lib/python3.11/site-packages/botocore/httpsession.py", line 477, in send
    urllib_response = conn.urlopen(
                      ^^^^^^^^^^^^^
  File "/Users/andyschwarz/Documents/Privat/OverCloud/backend/.venv/lib/python3.11/site-packages/urllib3/connectionpool.py", line 841, in urlopen
    retries = retries.increment(
              ^^^^^^^^^^^^^^^^^^
  File "/Users/andyschwarz/Documents/Privat/OverCloud/backend/.venv/lib/python3.11/site-packages/urllib3/util/retry.py", line 465, in increment
    raise reraise(type(error), error, _stacktrace)
          ^^^^^^^^^^^^^^^^^^^^^^^^^^^^^^^^^^^^^^^^
  File "/Users/andyschwarz/Documents/Privat/OverCloud/backend/.venv/lib/python3.11/site-packages/urllib3/util/util.py", line 39, in reraise
    raise value
  File "/Users/andyschwarz/Documents/Privat/OverCloud/backend/.venv/lib/python3.11/site-packages/urllib3/connectionpool.py", line 787, in urlopen
    response = self._make_request(
               ^^^^^^^^^^^^^^^^^^^
  File "/Users/andyschwarz/Documents/Privat/OverCloud/backend/.venv/lib/python3.11/site-packages/urllib3/connectionpool.py", line 493, in _make_request
    conn.request(
  File "/Users/andyschwarz/Documents/Privat/OverCloud/backend/.venv/lib/python3.11/site-packages/botocore/awsrequest.py", line 96, in request
    rval = super().request(method, url, body, headers, *args, **kwargs)
           ^^^^^^^^^^^^^^^^^^^^^^^^^^^^^^^^^^^^^^^^^^^^^^^^^^^^^^^^^^^^
  File "/Users/andyschwarz/Documents/Privat/OverCloud/backend/.venv/lib/python3.11/site-packages/urllib3/connection.py", line 500, in request
    self.endheaders()
  File "/opt/homebrew/Cellar/python@3.11/3.11.15/Frameworks/Python.framework/Versions/3.11/lib/python3.11/http/client.py", line 1318, in endheaders
    self._send_output(message_body, encode_chunked=encode_chunked)
  File "/Users/andyschwarz/Documents/Privat/OverCloud/backend/.venv/lib/python3.11/site-packages/botocore/awsrequest.py", line 123, in _send_output
    self.send(msg)
  File "/Users/andyschwarz/Documents/Privat/OverCloud/backend/.venv/lib/python3.11/site-packages/botocore/awsrequest.py", line 223, in send
    return super().send(str)
           ^^^^^^^^^^^^^^^^^
  File "/opt/homebrew/Cellar/python@3.11/3.11.15/Frameworks/Python.framework/Versions/3.11/lib/python3.11/http/client.py", line 1016, in send
    self.connect()
  File "/Users/andyschwarz/Documents/Privat/OverCloud/backend/.venv/lib/python3.11/site-packages/urllib3/connection.py", line 331, in connect
    self.sock = self._new_conn()
                ^^^^^^^^^^^^^^^^
  File "/Users/andyschwarz/Documents/Privat/OverCloud/backend/.venv/lib/python3.11/site-packages/urllib3/connection.py", line 219, in _new_conn
    raise NewConnectionError(
urllib3.exceptions.NewConnectionError: AWSHTTPConnection(host='localhost', port=8001): Failed to establish a new connection: [Errno 61] Connection refused

The above exception was the direct cause of the following exception:

Traceback (most recent call last):
  File "/Users/andyschwarz/Documents/Privat/OverCloud/backend/.venv/lib/python3.11/site-packages/starlette/middleware/errors.py", line 164, in __call__
    await self.app(scope, receive, _send)
  File "/Users/andyschwarz/Documents/Privat/OverCloud/backend/.venv/lib/python3.11/site-packages/starlette/middleware/base.py", line 191, in __call__
    with recv_stream, send_stream, collapse_excgroups():
  File "/opt/homebrew/Cellar/python@3.11/3.11.15/Frameworks/Python.framework/Versions/3.11/lib/python3.11/contextlib.py", line 158, in __exit__
    self.gen.throw(typ, value, traceback)
  File "/Users/andyschwarz/Documents/Privat/OverCloud/backend/.venv/lib/python3.11/site-packages/starlette/_utils.py", line 87, in collapse_excgroups
    raise exc
  File "/Users/andyschwarz/Documents/Privat/OverCloud/backend/.venv/lib/python3.11/site-packages/starlette/middleware/base.py", line 193, in __call__
    response = await self.dispatch_func(request, call_next)
               ^^^^^^^^^^^^^^^^^^^^^^^^^^^^^^^^^^^^^^^^^^^^
  File "/Users/andyschwarz/Documents/Privat/OverCloud/backend/app/main.py", line 61, in add_security_headers
    response = await call_next(request)
               ^^^^^^^^^^^^^^^^^^^^^^^^
  File "/Users/andyschwarz/Documents/Privat/OverCloud/backend/.venv/lib/python3.11/site-packages/starlette/middleware/base.py", line 168, in call_next
    raise app_exc from app_exc.__cause__ or app_exc.__context__
  File "/Users/andyschwarz/Documents/Privat/OverCloud/backend/.venv/lib/python3.11/site-packages/starlette/middleware/base.py", line 144, in coro
    await self.app(scope, receive_or_disconnect, send_no_error)
  File "/Users/andyschwarz/Documents/Privat/OverCloud/backend/.venv/lib/python3.11/site-packages/starlette/middleware/cors.py", line 88, in __call__
    await self.app(scope, receive, send)
  File "/Users/andyschwarz/Documents/Privat/OverCloud/backend/.venv/lib/python3.11/site-packages/starlette/middleware/exceptions.py", line 63, in __call__
    await wrap_app_handling_exceptions(self.app, conn)(scope, receive, send)
  File "/Users/andyschwarz/Documents/Privat/OverCloud/backend/.venv/lib/python3.11/site-packages/starlette/_exception_handler.py", line 53, in wrapped_app
    raise exc
  File "/Users/andyschwarz/Documents/Privat/OverCloud/backend/.venv/lib/python3.11/site-packages/starlette/_exception_handler.py", line 42, in wrapped_app
    await app(scope, receive, sender)
  File "/Users/andyschwarz/Documents/Privat/OverCloud/backend/.venv/lib/python3.11/site-packages/fastapi/middleware/asyncexitstack.py", line 18, in __call__
    await self.app(scope, receive, send)
  File "/Users/andyschwarz/Documents/Privat/OverCloud/backend/.venv/lib/python3.11/site-packages/starlette/routing.py", line 660, in __call__
    await self.middleware_stack(scope, receive, send)
  File "/Users/andyschwarz/Documents/Privat/OverCloud/backend/.venv/lib/python3.11/site-packages/starlette/routing.py", line 680, in app
    await route.handle(scope, receive, send)
  File "/Users/andyschwarz/Documents/Privat/OverCloud/backend/.venv/lib/python3.11/site-packages/starlette/routing.py", line 276, in handle
    await self.app(scope, receive, send)
  File "/Users/andyschwarz/Documents/Privat/OverCloud/backend/.venv/lib/python3.11/site-packages/fastapi/routing.py", line 130, in app
    await wrap_app_handling_exceptions(app, request)(scope, receive, send)
  File "/Users/andyschwarz/Documents/Privat/OverCloud/backend/.venv/lib/python3.11/site-packages/starlette/_exception_handler.py", line 53, in wrapped_app
    raise exc
  File "/Users/andyschwarz/Documents/Privat/OverCloud/backend/.venv/lib/python3.11/site-packages/starlette/_exception_handler.py", line 42, in wrapped_app
    await app(scope, receive, sender)
  File "/Users/andyschwarz/Documents/Privat/OverCloud/backend/.venv/lib/python3.11/site-packages/fastapi/routing.py", line 116, in app
    response = await f(request)
               ^^^^^^^^^^^^^^^^
  File "/Users/andyschwarz/Documents/Privat/OverCloud/backend/.venv/lib/python3.11/site-packages/fastapi/routing.py", line 670, in app
    raw_response = await run_endpoint_function(
                   ^^^^^^^^^^^^^^^^^^^^^^^^^^^^
  File "/Users/andyschwarz/Documents/Privat/OverCloud/backend/.venv/lib/python3.11/site-packages/fastapi/routing.py", line 324, in run_endpoint_function
    return await dependant.call(**values)
           ^^^^^^^^^^^^^^^^^^^^^^^^^^^^^^
  File "/Users/andyschwarz/Documents/Privat/OverCloud/backend/.venv/lib/python3.11/site-packages/slowapi/extension.py", line 734, in async_wrapper
    response = await func(*args, **kwargs)  # type: ignore
               ^^^^^^^^^^^^^^^^^^^^^^^^^^^
  File "/Users/andyschwarz/Documents/Privat/OverCloud/backend/app/api/auth.py", line 323, in register
    existing_user = user_repo.get_by_email(user_create.email)
                    ^^^^^^^^^^^^^^^^^^^^^^^^^^^^^^^^^^^^^^^^^
  File "/Users/andyschwarz/Documents/Privat/OverCloud/backend/app/repositories/user.py", line 169, in get_by_email
    items, _ = self._query(
               ^^^^^^^^^^^^
  File "/Users/andyschwarz/Documents/Privat/OverCloud/backend/app/repositories/base.py", line 145, in _query
    response = self.table.query(**kwargs)
               ^^^^^^^^^^^^^^^^^^^^^^^^^^
  File "/Users/andyschwarz/Documents/Privat/OverCloud/backend/.venv/lib/python3.11/site-packages/boto3/resources/factory.py", line 581, in do_action
    response = action(self, *args, **kwargs)
               ^^^^^^^^^^^^^^^^^^^^^^^^^^^^^
  File "/Users/andyschwarz/Documents/Privat/OverCloud/backend/.venv/lib/python3.11/site-packages/boto3/resources/action.py", line 88, in __call__
    response = getattr(parent.meta.client, operation_name)(*args, **params)
               ^^^^^^^^^^^^^^^^^^^^^^^^^^^^^^^^^^^^^^^^^^^^^^^^^^^^^^^^^^^^
  File "/Users/andyschwarz/Documents/Privat/OverCloud/backend/.venv/lib/python3.11/site-packages/botocore/client.py", line 602, in _api_call
    return self._make_api_call(operation_name, kwargs)
           ^^^^^^^^^^^^^^^^^^^^^^^^^^^^^^^^^^^^^^^^^^^
  File "/Users/andyschwarz/Documents/Privat/OverCloud/backend/.venv/lib/python3.11/site-packages/botocore/context.py", line 123, in wrapper
    return func(*args, **kwargs)
           ^^^^^^^^^^^^^^^^^^^^^
  File "/Users/andyschwarz/Documents/Privat/OverCloud/backend/.venv/lib/python3.11/site-packages/botocore/client.py", line 1060, in _make_api_call
    http, parsed_response = self._make_request(
                            ^^^^^^^^^^^^^^^^^^^
  File "/Users/andyschwarz/Documents/Privat/OverCloud/backend/.venv/lib/python3.11/site-packages/botocore/client.py", line 1084, in _make_request
    return self._endpoint.make_request(operation_model, request_dict)
           ^^^^^^^^^^^^^^^^^^^^^^^^^^^^^^^^^^^^^^^^^^^^^^^^^^^^^^^^^^
  File "/Users/andyschwarz/Documents/Privat/OverCloud/backend/.venv/lib/python3.11/site-packages/botocore/endpoint.py", line 119, in make_request
    return self._send_request(request_dict, operation_model)
           ^^^^^^^^^^^^^^^^^^^^^^^^^^^^^^^^^^^^^^^^^^^^^^^^^
  File "/Users/andyschwarz/Documents/Privat/OverCloud/backend/.venv/lib/python3.11/site-packages/botocore/endpoint.py", line 200, in _send_request
    while self._needs_retry(
          ^^^^^^^^^^^^^^^^^^
  File "/Users/andyschwarz/Documents/Privat/OverCloud/backend/.venv/lib/python3.11/site-packages/botocore/endpoint.py", line 360, in _needs_retry
    responses = self._event_emitter.emit(
                ^^^^^^^^^^^^^^^^^^^^^^^^^
  File "/Users/andyschwarz/Documents/Privat/OverCloud/backend/.venv/lib/python3.11/site-packages/botocore/hooks.py", line 412, in emit
    return self._emitter.emit(aliased_event_name, **kwargs)
           ^^^^^^^^^^^^^^^^^^^^^^^^^^^^^^^^^^^^^^^^^^^^^^^^
  File "/Users/andyschwarz/Documents/Privat/OverCloud/backend/.venv/lib/python3.11/site-packages/botocore/hooks.py", line 256, in emit
    return self._emit(event_name, kwargs)
           ^^^^^^^^^^^^^^^^^^^^^^^^^^^^^^
  File "/Users/andyschwarz/Documents/Privat/OverCloud/backend/.venv/lib/python3.11/site-packages/botocore/hooks.py", line 239, in _emit
    response = handler(**kwargs)
               ^^^^^^^^^^^^^^^^^
  File "/Users/andyschwarz/Documents/Privat/OverCloud/backend/.venv/lib/python3.11/site-packages/botocore/retryhandler.py", line 207, in __call__
    if self._checker(**checker_kwargs):
       ^^^^^^^^^^^^^^^^^^^^^^^^^^^^^^^
  File "/Users/andyschwarz/Documents/Privat/OverCloud/backend/.venv/lib/python3.11/site-packages/botocore/retryhandler.py", line 284, in __call__
    should_retry = self._should_retry(
                   ^^^^^^^^^^^^^^^^^^^
  File "/Users/andyschwarz/Documents/Privat/OverCloud/backend/.venv/lib/python3.11/site-packages/botocore/retryhandler.py", line 320, in _should_retry
    return self._checker(attempt_number, response, caught_exception)
           ^^^^^^^^^^^^^^^^^^^^^^^^^^^^^^^^^^^^^^^^^^^^^^^^^^^^^^^^^
  File "/Users/andyschwarz/Documents/Privat/OverCloud/backend/.venv/lib/python3.11/site-packages/botocore/retryhandler.py", line 363, in __call__
    checker_response = checker(
                       ^^^^^^^^
  File "/Users/andyschwarz/Documents/Privat/OverCloud/backend/.venv/lib/python3.11/site-packages/botocore/retryhandler.py", line 247, in __call__
    return self._check_caught_exception(
           ^^^^^^^^^^^^^^^^^^^^^^^^^^^^^
  File "/Users/andyschwarz/Documents/Privat/OverCloud/backend/.venv/lib/python3.11/site-packages/botocore/retryhandler.py", line 416, in _check_caught_exception
    raise caught_exception
  File "/Users/andyschwarz/Documents/Privat/OverCloud/backend/.venv/lib/python3.11/site-packages/botocore/endpoint.py", line 279, in _do_get_response
    http_response = self._send(request)
                    ^^^^^^^^^^^^^^^^^^^
  File "/Users/andyschwarz/Documents/Privat/OverCloud/backend/.venv/lib/python3.11/site-packages/botocore/endpoint.py", line 383, in _send
    return self.http_session.send(request)
           ^^^^^^^^^^^^^^^^^^^^^^^^^^^^^^^
  File "/Users/andyschwarz/Documents/Privat/OverCloud/backend/.venv/lib/python3.11/site-packages/botocore/httpsession.py", line 506, in send
    raise EndpointConnectionError(endpoint_url=request.url, error=e)
botocore.exceptions.EndpointConnectionError: Could not connect to the endpoint URL: "http://localhost:8001/"
------------------------------ Captured log setup ------------------------------
ERROR    app.main:main.py:112 Unhandled exception: Could not connect to the endpoint URL: "http://localhost:8001/"
Traceback (most recent call last):
  File "/Users/andyschwarz/Documents/Privat/OverCloud/backend/.venv/lib/python3.11/site-packages/urllib3/connection.py", line 204, in _new_conn
    sock = connection.create_connection(
           ^^^^^^^^^^^^^^^^^^^^^^^^^^^^^
  File "/Users/andyschwarz/Documents/Privat/OverCloud/backend/.venv/lib/python3.11/site-packages/urllib3/util/connection.py", line 85, in create_connection
    raise err
  File "/Users/andyschwarz/Documents/Privat/OverCloud/backend/.venv/lib/python3.11/site-packages/urllib3/util/connection.py", line 73, in create_connection
    sock.connect(sa)
ConnectionRefusedError: [Errno 61] Connection refused

The above exception was the direct cause of the following exception:

Traceback (most recent call last):
  File "/Users/andyschwarz/Documents/Privat/OverCloud/backend/.venv/lib/python3.11/site-packages/botocore/httpsession.py", line 477, in send
    urllib_response = conn.urlopen(
                      ^^^^^^^^^^^^^
  File "/Users/andyschwarz/Documents/Privat/OverCloud/backend/.venv/lib/python3.11/site-packages/urllib3/connectionpool.py", line 841, in urlopen
    retries = retries.increment(
              ^^^^^^^^^^^^^^^^^^
  File "/Users/andyschwarz/Documents/Privat/OverCloud/backend/.venv/lib/python3.11/site-packages/urllib3/util/retry.py", line 465, in increment
    raise reraise(type(error), error, _stacktrace)
          ^^^^^^^^^^^^^^^^^^^^^^^^^^^^^^^^^^^^^^^^
  File "/Users/andyschwarz/Documents/Privat/OverCloud/backend/.venv/lib/python3.11/site-packages/urllib3/util/util.py", line 39, in reraise
    raise value
  File "/Users/andyschwarz/Documents/Privat/OverCloud/backend/.venv/lib/python3.11/site-packages/urllib3/connectionpool.py", line 787, in urlopen
    response = self._make_request(
               ^^^^^^^^^^^^^^^^^^^
  File "/Users/andyschwarz/Documents/Privat/OverCloud/backend/.venv/lib/python3.11/site-packages/urllib3/connectionpool.py", line 493, in _make_request
    conn.request(
  File "/Users/andyschwarz/Documents/Privat/OverCloud/backend/.venv/lib/python3.11/site-packages/botocore/awsrequest.py", line 96, in request
    rval = super().request(method, url, body, headers, *args, **kwargs)
           ^^^^^^^^^^^^^^^^^^^^^^^^^^^^^^^^^^^^^^^^^^^^^^^^^^^^^^^^^^^^
  File "/Users/andyschwarz/Documents/Privat/OverCloud/backend/.venv/lib/python3.11/site-packages/urllib3/connection.py", line 500, in request
    self.endheaders()
  File "/opt/homebrew/Cellar/python@3.11/3.11.15/Frameworks/Python.framework/Versions/3.11/lib/python3.11/http/client.py", line 1318, in endheaders
    self._send_output(message_body, encode_chunked=encode_chunked)
  File "/Users/andyschwarz/Documents/Privat/OverCloud/backend/.venv/lib/python3.11/site-packages/botocore/awsrequest.py", line 123, in _send_output
    self.send(msg)
  File "/Users/andyschwarz/Documents/Privat/OverCloud/backend/.venv/lib/python3.11/site-packages/botocore/awsrequest.py", line 223, in send
    return super().send(str)
           ^^^^^^^^^^^^^^^^^
  File "/opt/homebrew/Cellar/python@3.11/3.11.15/Frameworks/Python.framework/Versions/3.11/lib/python3.11/http/client.py", line 1016, in send
    self.connect()
  File "/Users/andyschwarz/Documents/Privat/OverCloud/backend/.venv/lib/python3.11/site-packages/urllib3/connection.py", line 331, in connect
    self.sock = self._new_conn()
                ^^^^^^^^^^^^^^^^
  File "/Users/andyschwarz/Documents/Privat/OverCloud/backend/.venv/lib/python3.11/site-packages/urllib3/connection.py", line 219, in _new_conn
    raise NewConnectionError(
urllib3.exceptions.NewConnectionError: AWSHTTPConnection(host='localhost', port=8001): Failed to establish a new connection: [Errno 61] Connection refused

The above exception was the direct cause of the following exception:

Traceback (most recent call last):
  File "/Users/andyschwarz/Documents/Privat/OverCloud/backend/.venv/lib/python3.11/site-packages/starlette/middleware/errors.py", line 164, in __call__
    await self.app(scope, receive, _send)
  File "/Users/andyschwarz/Documents/Privat/OverCloud/backend/.venv/lib/python3.11/site-packages/starlette/middleware/base.py", line 191, in __call__
    with recv_stream, send_stream, collapse_excgroups():
  File "/opt/homebrew/Cellar/python@3.11/3.11.15/Frameworks/Python.framework/Versions/3.11/lib/python3.11/contextlib.py", line 158, in __exit__
    self.gen.throw(typ, value, traceback)
  File "/Users/andyschwarz/Documents/Privat/OverCloud/backend/.venv/lib/python3.11/site-packages/starlette/_utils.py", line 87, in collapse_excgroups
    raise exc
  File "/Users/andyschwarz/Documents/Privat/OverCloud/backend/.venv/lib/python3.11/site-packages/starlette/middleware/base.py", line 193, in __call__
    response = await self.dispatch_func(request, call_next)
               ^^^^^^^^^^^^^^^^^^^^^^^^^^^^^^^^^^^^^^^^^^^^
  File "/Users/andyschwarz/Documents/Privat/OverCloud/backend/app/main.py", line 61, in add_security_headers
    response = await call_next(request)
               ^^^^^^^^^^^^^^^^^^^^^^^^
  File "/Users/andyschwarz/Documents/Privat/OverCloud/backend/.venv/lib/python3.11/site-packages/starlette/middleware/base.py", line 168, in call_next
    raise app_exc from app_exc.__cause__ or app_exc.__context__
  File "/Users/andyschwarz/Documents/Privat/OverCloud/backend/.venv/lib/python3.11/site-packages/starlette/middleware/base.py", line 144, in coro
    await self.app(scope, receive_or_disconnect, send_no_error)
  File "/Users/andyschwarz/Documents/Privat/OverCloud/backend/.venv/lib/python3.11/site-packages/starlette/middleware/cors.py", line 88, in __call__
    await self.app(scope, receive, send)
  File "/Users/andyschwarz/Documents/Privat/OverCloud/backend/.venv/lib/python3.11/site-packages/starlette/middleware/exceptions.py", line 63, in __call__
    await wrap_app_handling_exceptions(self.app, conn)(scope, receive, send)
  File "/Users/andyschwarz/Documents/Privat/OverCloud/backend/.venv/lib/python3.11/site-packages/starlette/_exception_handler.py", line 53, in wrapped_app
    raise exc
  File "/Users/andyschwarz/Documents/Privat/OverCloud/backend/.venv/lib/python3.11/site-packages/starlette/_exception_handler.py", line 42, in wrapped_app
    await app(scope, receive, sender)
  File "/Users/andyschwarz/Documents/Privat/OverCloud/backend/.venv/lib/python3.11/site-packages/fastapi/middleware/asyncexitstack.py", line 18, in __call__
    await self.app(scope, receive, send)
  File "/Users/andyschwarz/Documents/Privat/OverCloud/backend/.venv/lib/python3.11/site-packages/starlette/routing.py", line 660, in __call__
    await self.middleware_stack(scope, receive, send)
  File "/Users/andyschwarz/Documents/Privat/OverCloud/backend/.venv/lib/python3.11/site-packages/starlette/routing.py", line 680, in app
    await route.handle(scope, receive, send)
  File "/Users/andyschwarz/Documents/Privat/OverCloud/backend/.venv/lib/python3.11/site-packages/starlette/routing.py", line 276, in handle
    await self.app(scope, receive, send)
  File "/Users/andyschwarz/Documents/Privat/OverCloud/backend/.venv/lib/python3.11/site-packages/fastapi/routing.py", line 130, in app
    await wrap_app_handling_exceptions(app, request)(scope, receive, send)
  File "/Users/andyschwarz/Documents/Privat/OverCloud/backend/.venv/lib/python3.11/site-packages/starlette/_exception_handler.py", line 53, in wrapped_app
    raise exc
  File "/Users/andyschwarz/Documents/Privat/OverCloud/backend/.venv/lib/python3.11/site-packages/starlette/_exception_handler.py", line 42, in wrapped_app
    await app(scope, receive, sender)
  File "/Users/andyschwarz/Documents/Privat/OverCloud/backend/.venv/lib/python3.11/site-packages/fastapi/routing.py", line 116, in app
    response = await f(request)
               ^^^^^^^^^^^^^^^^
  File "/Users/andyschwarz/Documents/Privat/OverCloud/backend/.venv/lib/python3.11/site-packages/fastapi/routing.py", line 670, in app
    raw_response = await run_endpoint_function(
                   ^^^^^^^^^^^^^^^^^^^^^^^^^^^^
  File "/Users/andyschwarz/Documents/Privat/OverCloud/backend/.venv/lib/python3.11/site-packages/fastapi/routing.py", line 324, in run_endpoint_function
    return await dependant.call(**values)
           ^^^^^^^^^^^^^^^^^^^^^^^^^^^^^^
  File "/Users/andyschwarz/Documents/Privat/OverCloud/backend/.venv/lib/python3.11/site-packages/slowapi/extension.py", line 734, in async_wrapper
    response = await func(*args, **kwargs)  # type: ignore
               ^^^^^^^^^^^^^^^^^^^^^^^^^^^
  File "/Users/andyschwarz/Documents/Privat/OverCloud/backend/app/api/auth.py", line 323, in register
    existing_user = user_repo.get_by_email(user_create.email)
                    ^^^^^^^^^^^^^^^^^^^^^^^^^^^^^^^^^^^^^^^^^
  File "/Users/andyschwarz/Documents/Privat/OverCloud/backend/app/repositories/user.py", line 169, in get_by_email
    items, _ = self._query(
               ^^^^^^^^^^^^
  File "/Users/andyschwarz/Documents/Privat/OverCloud/backend/app/repositories/base.py", line 145, in _query
    response = self.table.query(**kwargs)
               ^^^^^^^^^^^^^^^^^^^^^^^^^^
  File "/Users/andyschwarz/Documents/Privat/OverCloud/backend/.venv/lib/python3.11/site-packages/boto3/resources/factory.py", line 581, in do_action
    response = action(self, *args, **kwargs)
               ^^^^^^^^^^^^^^^^^^^^^^^^^^^^^
  File "/Users/andyschwarz/Documents/Privat/OverCloud/backend/.venv/lib/python3.11/site-packages/boto3/resources/action.py", line 88, in __call__
    response = getattr(parent.meta.client, operation_name)(*args, **params)
               ^^^^^^^^^^^^^^^^^^^^^^^^^^^^^^^^^^^^^^^^^^^^^^^^^^^^^^^^^^^^
  File "/Users/andyschwarz/Documents/Privat/OverCloud/backend/.venv/lib/python3.11/site-packages/botocore/client.py", line 602, in _api_call
    return self._make_api_call(operation_name, kwargs)
           ^^^^^^^^^^^^^^^^^^^^^^^^^^^^^^^^^^^^^^^^^^^
  File "/Users/andyschwarz/Documents/Privat/OverCloud/backend/.venv/lib/python3.11/site-packages/botocore/context.py", line 123, in wrapper
    return func(*args, **kwargs)
           ^^^^^^^^^^^^^^^^^^^^^
  File "/Users/andyschwarz/Documents/Privat/OverCloud/backend/.venv/lib/python3.11/site-packages/botocore/client.py", line 1060, in _make_api_call
    http, parsed_response = self._make_request(
                            ^^^^^^^^^^^^^^^^^^^
  File "/Users/andyschwarz/Documents/Privat/OverCloud/backend/.venv/lib/python3.11/site-packages/botocore/client.py", line 1084, in _make_request
    return self._endpoint.make_request(operation_model, request_dict)
           ^^^^^^^^^^^^^^^^^^^^^^^^^^^^^^^^^^^^^^^^^^^^^^^^^^^^^^^^^^
  File "/Users/andyschwarz/Documents/Privat/OverCloud/backend/.venv/lib/python3.11/site-packages/botocore/endpoint.py", line 119, in make_request
    return self._send_request(request_dict, operation_model)
           ^^^^^^^^^^^^^^^^^^^^^^^^^^^^^^^^^^^^^^^^^^^^^^^^^
  File "/Users/andyschwarz/Documents/Privat/OverCloud/backend/.venv/lib/python3.11/site-packages/botocore/endpoint.py", line 200, in _send_request
    while self._needs_retry(
          ^^^^^^^^^^^^^^^^^^
  File "/Users/andyschwarz/Documents/Privat/OverCloud/backend/.venv/lib/python3.11/site-packages/botocore/endpoint.py", line 360, in _needs_retry
    responses = self._event_emitter.emit(
                ^^^^^^^^^^^^^^^^^^^^^^^^^
  File "/Users/andyschwarz/Documents/Privat/OverCloud/backend/.venv/lib/python3.11/site-packages/botocore/hooks.py", line 412, in emit
    return self._emitter.emit(aliased_event_name, **kwargs)
           ^^^^^^^^^^^^^^^^^^^^^^^^^^^^^^^^^^^^^^^^^^^^^^^^
  File "/Users/andyschwarz/Documents/Privat/OverCloud/backend/.venv/lib/python3.11/site-packages/botocore/hooks.py", line 256, in emit
    return self._emit(event_name, kwargs)
           ^^^^^^^^^^^^^^^^^^^^^^^^^^^^^^
  File "/Users/andyschwarz/Documents/Privat/OverCloud/backend/.venv/lib/python3.11/site-packages/botocore/hooks.py", line 239, in _emit
    response = handler(**kwargs)
               ^^^^^^^^^^^^^^^^^
  File "/Users/andyschwarz/Documents/Privat/OverCloud/backend/.venv/lib/python3.11/site-packages/botocore/retryhandler.py", line 207, in __call__
    if self._checker(**checker_kwargs):
       ^^^^^^^^^^^^^^^^^^^^^^^^^^^^^^^
  File "/Users/andyschwarz/Documents/Privat/OverCloud/backend/.venv/lib/python3.11/site-packages/botocore/retryhandler.py", line 284, in __call__
    should_retry = self._should_retry(
                   ^^^^^^^^^^^^^^^^^^^
  File "/Users/andyschwarz/Documents/Privat/OverCloud/backend/.venv/lib/python3.11/site-packages/botocore/retryhandler.py", line 320, in _should_retry
    return self._checker(attempt_number, response, caught_exception)
           ^^^^^^^^^^^^^^^^^^^^^^^^^^^^^^^^^^^^^^^^^^^^^^^^^^^^^^^^^
  File "/Users/andyschwarz/Documents/Privat/OverCloud/backend/.venv/lib/python3.11/site-packages/botocore/retryhandler.py", line 363, in __call__
    checker_response = checker(
                       ^^^^^^^^
  File "/Users/andyschwarz/Documents/Privat/OverCloud/backend/.venv/lib/python3.11/site-packages/botocore/retryhandler.py", line 247, in __call__
    return self._check_caught_exception(
           ^^^^^^^^^^^^^^^^^^^^^^^^^^^^^
  File "/Users/andyschwarz/Documents/Privat/OverCloud/backend/.venv/lib/python3.11/site-packages/botocore/retryhandler.py", line 416, in _check_caught_exception
    raise caught_exception
  File "/Users/andyschwarz/Documents/Privat/OverCloud/backend/.venv/lib/python3.11/site-packages/botocore/endpoint.py", line 279, in _do_get_response
    http_response = self._send(request)
                    ^^^^^^^^^^^^^^^^^^^
  File "/Users/andyschwarz/Documents/Privat/OverCloud/backend/.venv/lib/python3.11/site-packages/botocore/endpoint.py", line 383, in _send
    return self.http_session.send(request)
           ^^^^^^^^^^^^^^^^^^^^^^^^^^^^^^^
  File "/Users/andyschwarz/Documents/Privat/OverCloud/backend/.venv/lib/python3.11/site-packages/botocore/httpsession.py", line 506, in send
    raise EndpointConnectionError(endpoint_url=request.url, error=e)
botocore.exceptions.EndpointConnectionError: Could not connect to the endpoint URL: "http://localhost:8001/"
__ ERROR at setup of TestSuperAdminAccess.test_superadmin_can_update_any_user __
.venv/lib/python3.11/site-packages/urllib3/connection.py:204: in _new_conn
    sock = connection.create_connection(
.venv/lib/python3.11/site-packages/urllib3/util/connection.py:85: in create_connection
    raise err
.venv/lib/python3.11/site-packages/urllib3/util/connection.py:73: in create_connection
    sock.connect(sa)
E   ConnectionRefusedError: [Errno 61] Connection refused

The above exception was the direct cause of the following exception:
.venv/lib/python3.11/site-packages/botocore/httpsession.py:477: in send
    urllib_response = conn.urlopen(
.venv/lib/python3.11/site-packages/urllib3/connectionpool.py:841: in urlopen
    retries = retries.increment(
.venv/lib/python3.11/site-packages/urllib3/util/retry.py:465: in increment
    raise reraise(type(error), error, _stacktrace)
          ^^^^^^^^^^^^^^^^^^^^^^^^^^^^^^^^^^^^^^^^
.venv/lib/python3.11/site-packages/urllib3/util/util.py:39: in reraise
    raise value
.venv/lib/python3.11/site-packages/urllib3/connectionpool.py:787: in urlopen
    response = self._make_request(
.venv/lib/python3.11/site-packages/urllib3/connectionpool.py:493: in _make_request
    conn.request(
.venv/lib/python3.11/site-packages/botocore/awsrequest.py:96: in request
    rval = super().request(method, url, body, headers, *args, **kwargs)
           ^^^^^^^^^^^^^^^^^^^^^^^^^^^^^^^^^^^^^^^^^^^^^^^^^^^^^^^^^^^^
.venv/lib/python3.11/site-packages/urllib3/connection.py:500: in request
    self.endheaders()
/opt/homebrew/Cellar/python@3.11/3.11.15/Frameworks/Python.framework/Versions/3.11/lib/python3.11/http/client.py:1318: in endheaders
    self._send_output(message_body, encode_chunked=encode_chunked)
.venv/lib/python3.11/site-packages/botocore/awsrequest.py:123: in _send_output
    self.send(msg)
.venv/lib/python3.11/site-packages/botocore/awsrequest.py:223: in send
    return super().send(str)
           ^^^^^^^^^^^^^^^^^
/opt/homebrew/Cellar/python@3.11/3.11.15/Frameworks/Python.framework/Versions/3.11/lib/python3.11/http/client.py:1016: in send
    self.connect()
.venv/lib/python3.11/site-packages/urllib3/connection.py:331: in connect
    self.sock = self._new_conn()
                ^^^^^^^^^^^^^^^^
.venv/lib/python3.11/site-packages/urllib3/connection.py:219: in _new_conn
    raise NewConnectionError(
E   urllib3.exceptions.NewConnectionError: AWSHTTPConnection(host='localhost', port=8001): Failed to establish a new connection: [Errno 61] Connection refused

The above exception was the direct cause of the following exception:
tests/integration/test_idor_prevention.py:30: in test_users
    response_a = client.post("/api/v1/auth/register", json={
.venv/lib/python3.11/site-packages/starlette/testclient.py:546: in post
    return super().post(
.venv/lib/python3.11/site-packages/httpx/_client.py:1144: in post
    return self.request(
.venv/lib/python3.11/site-packages/starlette/testclient.py:445: in request
    return super().request(
.venv/lib/python3.11/site-packages/httpx/_client.py:825: in request
    return self.send(request, auth=auth, follow_redirects=follow_redirects)
           ^^^^^^^^^^^^^^^^^^^^^^^^^^^^^^^^^^^^^^^^^^^^^^^^^^^^^^^^^^^^^^^^
.venv/lib/python3.11/site-packages/httpx/_client.py:914: in send
    response = self._send_handling_auth(
.venv/lib/python3.11/site-packages/httpx/_client.py:942: in _send_handling_auth
    response = self._send_handling_redirects(
.venv/lib/python3.11/site-packages/httpx/_client.py:979: in _send_handling_redirects
    response = self._send_single_request(request)
               ^^^^^^^^^^^^^^^^^^^^^^^^^^^^^^^^^^
.venv/lib/python3.11/site-packages/httpx/_client.py:1014: in _send_single_request
    response = transport.handle_request(request)
               ^^^^^^^^^^^^^^^^^^^^^^^^^^^^^^^^^
.venv/lib/python3.11/site-packages/starlette/testclient.py:348: in handle_request
    raise exc
.venv/lib/python3.11/site-packages/starlette/testclient.py:345: in handle_request
    portal.call(self.app, scope, receive, send)
.venv/lib/python3.11/site-packages/anyio/from_thread.py:334: in call
    return cast(T_Retval, self.start_task_soon(func, *args).result())
                          ^^^^^^^^^^^^^^^^^^^^^^^^^^^^^^^^^^^^^^^^^^
/opt/homebrew/Cellar/python@3.11/3.11.15/Frameworks/Python.framework/Versions/3.11/lib/python3.11/concurrent/futures/_base.py:456: in result
    return self.__get_result()
           ^^^^^^^^^^^^^^^^^^^
/opt/homebrew/Cellar/python@3.11/3.11.15/Frameworks/Python.framework/Versions/3.11/lib/python3.11/concurrent/futures/_base.py:401: in __get_result
    raise self._exception
.venv/lib/python3.11/site-packages/anyio/from_thread.py:259: in _call_func
    retval = await retval_or_awaitable
             ^^^^^^^^^^^^^^^^^^^^^^^^^
.venv/lib/python3.11/site-packages/fastapi/applications.py:1160: in __call__
    await super().__call__(scope, receive, send)
.venv/lib/python3.11/site-packages/starlette/applications.py:90: in __call__
    await self.middleware_stack(scope, receive, send)
.venv/lib/python3.11/site-packages/starlette/middleware/errors.py:176: in __call__
    response = await self.handler(request, exc)
               ^^^^^^^^^^^^^^^^^^^^^^^^^^^^^^^^
app/main.py:129: in generic_exception_handler
    raise exc
.venv/lib/python3.11/site-packages/starlette/middleware/errors.py:164: in __call__
    await self.app(scope, receive, _send)
.venv/lib/python3.11/site-packages/starlette/middleware/base.py:191: in __call__
    with recv_stream, send_stream, collapse_excgroups():
/opt/homebrew/Cellar/python@3.11/3.11.15/Frameworks/Python.framework/Versions/3.11/lib/python3.11/contextlib.py:158: in __exit__
    self.gen.throw(typ, value, traceback)
.venv/lib/python3.11/site-packages/starlette/_utils.py:87: in collapse_excgroups
    raise exc
.venv/lib/python3.11/site-packages/starlette/middleware/base.py:193: in __call__
    response = await self.dispatch_func(request, call_next)
               ^^^^^^^^^^^^^^^^^^^^^^^^^^^^^^^^^^^^^^^^^^^^
app/main.py:61: in add_security_headers
    response = await call_next(request)
               ^^^^^^^^^^^^^^^^^^^^^^^^
.venv/lib/python3.11/site-packages/starlette/middleware/base.py:168: in call_next
    raise app_exc from app_exc.__cause__ or app_exc.__context__
.venv/lib/python3.11/site-packages/starlette/middleware/base.py:144: in coro
    await self.app(scope, receive_or_disconnect, send_no_error)
.venv/lib/python3.11/site-packages/starlette/middleware/cors.py:88: in __call__
    await self.app(scope, receive, send)
.venv/lib/python3.11/site-packages/starlette/middleware/exceptions.py:63: in __call__
    await wrap_app_handling_exceptions(self.app, conn)(scope, receive, send)
.venv/lib/python3.11/site-packages/starlette/_exception_handler.py:53: in wrapped_app
    raise exc
.venv/lib/python3.11/site-packages/starlette/_exception_handler.py:42: in wrapped_app
    await app(scope, receive, sender)
.venv/lib/python3.11/site-packages/fastapi/middleware/asyncexitstack.py:18: in __call__
    await self.app(scope, receive, send)
.venv/lib/python3.11/site-packages/starlette/routing.py:660: in __call__
    await self.middleware_stack(scope, receive, send)
.venv/lib/python3.11/site-packages/starlette/routing.py:680: in app
    await route.handle(scope, receive, send)
.venv/lib/python3.11/site-packages/starlette/routing.py:276: in handle
    await self.app(scope, receive, send)
.venv/lib/python3.11/site-packages/fastapi/routing.py:130: in app
    await wrap_app_handling_exceptions(app, request)(scope, receive, send)
.venv/lib/python3.11/site-packages/starlette/_exception_handler.py:53: in wrapped_app
    raise exc
.venv/lib/python3.11/site-packages/starlette/_exception_handler.py:42: in wrapped_app
    await app(scope, receive, sender)
.venv/lib/python3.11/site-packages/fastapi/routing.py:116: in app
    response = await f(request)
               ^^^^^^^^^^^^^^^^
.venv/lib/python3.11/site-packages/fastapi/routing.py:670: in app
    raw_response = await run_endpoint_function(
.venv/lib/python3.11/site-packages/fastapi/routing.py:324: in run_endpoint_function
    return await dependant.call(**values)
           ^^^^^^^^^^^^^^^^^^^^^^^^^^^^^^
.venv/lib/python3.11/site-packages/slowapi/extension.py:734: in async_wrapper
    response = await func(*args, **kwargs)  # type: ignore
               ^^^^^^^^^^^^^^^^^^^^^^^^^^^
app/api/auth.py:323: in register
    existing_user = user_repo.get_by_email(user_create.email)
                    ^^^^^^^^^^^^^^^^^^^^^^^^^^^^^^^^^^^^^^^^^
app/repositories/user.py:169: in get_by_email
    items, _ = self._query(
app/repositories/base.py:145: in _query
    response = self.table.query(**kwargs)
               ^^^^^^^^^^^^^^^^^^^^^^^^^^
.venv/lib/python3.11/site-packages/boto3/resources/factory.py:581: in do_action
    response = action(self, *args, **kwargs)
               ^^^^^^^^^^^^^^^^^^^^^^^^^^^^^
.venv/lib/python3.11/site-packages/boto3/resources/action.py:88: in __call__
    response = getattr(parent.meta.client, operation_name)(*args, **params)
               ^^^^^^^^^^^^^^^^^^^^^^^^^^^^^^^^^^^^^^^^^^^^^^^^^^^^^^^^^^^^
.venv/lib/python3.11/site-packages/botocore/client.py:602: in _api_call
    return self._make_api_call(operation_name, kwargs)
           ^^^^^^^^^^^^^^^^^^^^^^^^^^^^^^^^^^^^^^^^^^^
.venv/lib/python3.11/site-packages/botocore/context.py:123: in wrapper
    return func(*args, **kwargs)
           ^^^^^^^^^^^^^^^^^^^^^
.venv/lib/python3.11/site-packages/botocore/client.py:1060: in _make_api_call
    http, parsed_response = self._make_request(
.venv/lib/python3.11/site-packages/botocore/client.py:1084: in _make_request
    return self._endpoint.make_request(operation_model, request_dict)
           ^^^^^^^^^^^^^^^^^^^^^^^^^^^^^^^^^^^^^^^^^^^^^^^^^^^^^^^^^^
.venv/lib/python3.11/site-packages/botocore/endpoint.py:119: in make_request
    return self._send_request(request_dict, operation_model)
           ^^^^^^^^^^^^^^^^^^^^^^^^^^^^^^^^^^^^^^^^^^^^^^^^^
.venv/lib/python3.11/site-packages/botocore/endpoint.py:200: in _send_request
    while self._needs_retry(
.venv/lib/python3.11/site-packages/botocore/endpoint.py:360: in _needs_retry
    responses = self._event_emitter.emit(
.venv/lib/python3.11/site-packages/botocore/hooks.py:412: in emit
    return self._emitter.emit(aliased_event_name, **kwargs)
           ^^^^^^^^^^^^^^^^^^^^^^^^^^^^^^^^^^^^^^^^^^^^^^^^
.venv/lib/python3.11/site-packages/botocore/hooks.py:256: in emit
    return self._emit(event_name, kwargs)
           ^^^^^^^^^^^^^^^^^^^^^^^^^^^^^^
.venv/lib/python3.11/site-packages/botocore/hooks.py:239: in _emit
    response = handler(**kwargs)
               ^^^^^^^^^^^^^^^^^
.venv/lib/python3.11/site-packages/botocore/retryhandler.py:207: in __call__
    if self._checker(**checker_kwargs):
       ^^^^^^^^^^^^^^^^^^^^^^^^^^^^^^^
.venv/lib/python3.11/site-packages/botocore/retryhandler.py:284: in __call__
    should_retry = self._should_retry(
.venv/lib/python3.11/site-packages/botocore/retryhandler.py:320: in _should_retry
    return self._checker(attempt_number, response, caught_exception)
           ^^^^^^^^^^^^^^^^^^^^^^^^^^^^^^^^^^^^^^^^^^^^^^^^^^^^^^^^^
.venv/lib/python3.11/site-packages/botocore/retryhandler.py:363: in __call__
    checker_response = checker(
.venv/lib/python3.11/site-packages/botocore/retryhandler.py:247: in __call__
    return self._check_caught_exception(
.venv/lib/python3.11/site-packages/botocore/retryhandler.py:416: in _check_caught_exception
    raise caught_exception
.venv/lib/python3.11/site-packages/botocore/endpoint.py:279: in _do_get_response
    http_response = self._send(request)
                    ^^^^^^^^^^^^^^^^^^^
.venv/lib/python3.11/site-packages/botocore/endpoint.py:383: in _send
    return self.http_session.send(request)
           ^^^^^^^^^^^^^^^^^^^^^^^^^^^^^^^
.venv/lib/python3.11/site-packages/botocore/httpsession.py:506: in send
    raise EndpointConnectionError(endpoint_url=request.url, error=e)
E   botocore.exceptions.EndpointConnectionError: Could not connect to the endpoint URL: "http://localhost:8001/"
---------------------------- Captured stdout setup -----------------------------
2026-05-17 20:10:38 - app.main - ERROR - Unhandled exception: Could not connect to the endpoint URL: "http://localhost:8001/"
Traceback (most recent call last):
  File "/Users/andyschwarz/Documents/Privat/OverCloud/backend/.venv/lib/python3.11/site-packages/urllib3/connection.py", line 204, in _new_conn
    sock = connection.create_connection(
           ^^^^^^^^^^^^^^^^^^^^^^^^^^^^^
  File "/Users/andyschwarz/Documents/Privat/OverCloud/backend/.venv/lib/python3.11/site-packages/urllib3/util/connection.py", line 85, in create_connection
    raise err
  File "/Users/andyschwarz/Documents/Privat/OverCloud/backend/.venv/lib/python3.11/site-packages/urllib3/util/connection.py", line 73, in create_connection
    sock.connect(sa)
ConnectionRefusedError: [Errno 61] Connection refused

The above exception was the direct cause of the following exception:

Traceback (most recent call last):
  File "/Users/andyschwarz/Documents/Privat/OverCloud/backend/.venv/lib/python3.11/site-packages/botocore/httpsession.py", line 477, in send
    urllib_response = conn.urlopen(
                      ^^^^^^^^^^^^^
  File "/Users/andyschwarz/Documents/Privat/OverCloud/backend/.venv/lib/python3.11/site-packages/urllib3/connectionpool.py", line 841, in urlopen
    retries = retries.increment(
              ^^^^^^^^^^^^^^^^^^
  File "/Users/andyschwarz/Documents/Privat/OverCloud/backend/.venv/lib/python3.11/site-packages/urllib3/util/retry.py", line 465, in increment
    raise reraise(type(error), error, _stacktrace)
          ^^^^^^^^^^^^^^^^^^^^^^^^^^^^^^^^^^^^^^^^
  File "/Users/andyschwarz/Documents/Privat/OverCloud/backend/.venv/lib/python3.11/site-packages/urllib3/util/util.py", line 39, in reraise
    raise value
  File "/Users/andyschwarz/Documents/Privat/OverCloud/backend/.venv/lib/python3.11/site-packages/urllib3/connectionpool.py", line 787, in urlopen
    response = self._make_request(
               ^^^^^^^^^^^^^^^^^^^
  File "/Users/andyschwarz/Documents/Privat/OverCloud/backend/.venv/lib/python3.11/site-packages/urllib3/connectionpool.py", line 493, in _make_request
    conn.request(
  File "/Users/andyschwarz/Documents/Privat/OverCloud/backend/.venv/lib/python3.11/site-packages/botocore/awsrequest.py", line 96, in request
    rval = super().request(method, url, body, headers, *args, **kwargs)
           ^^^^^^^^^^^^^^^^^^^^^^^^^^^^^^^^^^^^^^^^^^^^^^^^^^^^^^^^^^^^
  File "/Users/andyschwarz/Documents/Privat/OverCloud/backend/.venv/lib/python3.11/site-packages/urllib3/connection.py", line 500, in request
    self.endheaders()
  File "/opt/homebrew/Cellar/python@3.11/3.11.15/Frameworks/Python.framework/Versions/3.11/lib/python3.11/http/client.py", line 1318, in endheaders
    self._send_output(message_body, encode_chunked=encode_chunked)
  File "/Users/andyschwarz/Documents/Privat/OverCloud/backend/.venv/lib/python3.11/site-packages/botocore/awsrequest.py", line 123, in _send_output
    self.send(msg)
  File "/Users/andyschwarz/Documents/Privat/OverCloud/backend/.venv/lib/python3.11/site-packages/botocore/awsrequest.py", line 223, in send
    return super().send(str)
           ^^^^^^^^^^^^^^^^^
  File "/opt/homebrew/Cellar/python@3.11/3.11.15/Frameworks/Python.framework/Versions/3.11/lib/python3.11/http/client.py", line 1016, in send
    self.connect()
  File "/Users/andyschwarz/Documents/Privat/OverCloud/backend/.venv/lib/python3.11/site-packages/urllib3/connection.py", line 331, in connect
    self.sock = self._new_conn()
                ^^^^^^^^^^^^^^^^
  File "/Users/andyschwarz/Documents/Privat/OverCloud/backend/.venv/lib/python3.11/site-packages/urllib3/connection.py", line 219, in _new_conn
    raise NewConnectionError(
urllib3.exceptions.NewConnectionError: AWSHTTPConnection(host='localhost', port=8001): Failed to establish a new connection: [Errno 61] Connection refused

The above exception was the direct cause of the following exception:

Traceback (most recent call last):
  File "/Users/andyschwarz/Documents/Privat/OverCloud/backend/.venv/lib/python3.11/site-packages/starlette/middleware/errors.py", line 164, in __call__
    await self.app(scope, receive, _send)
  File "/Users/andyschwarz/Documents/Privat/OverCloud/backend/.venv/lib/python3.11/site-packages/starlette/middleware/base.py", line 191, in __call__
    with recv_stream, send_stream, collapse_excgroups():
  File "/opt/homebrew/Cellar/python@3.11/3.11.15/Frameworks/Python.framework/Versions/3.11/lib/python3.11/contextlib.py", line 158, in __exit__
    self.gen.throw(typ, value, traceback)
  File "/Users/andyschwarz/Documents/Privat/OverCloud/backend/.venv/lib/python3.11/site-packages/starlette/_utils.py", line 87, in collapse_excgroups
    raise exc
  File "/Users/andyschwarz/Documents/Privat/OverCloud/backend/.venv/lib/python3.11/site-packages/starlette/middleware/base.py", line 193, in __call__
    response = await self.dispatch_func(request, call_next)
               ^^^^^^^^^^^^^^^^^^^^^^^^^^^^^^^^^^^^^^^^^^^^
  File "/Users/andyschwarz/Documents/Privat/OverCloud/backend/app/main.py", line 61, in add_security_headers
    response = await call_next(request)
               ^^^^^^^^^^^^^^^^^^^^^^^^
  File "/Users/andyschwarz/Documents/Privat/OverCloud/backend/.venv/lib/python3.11/site-packages/starlette/middleware/base.py", line 168, in call_next
    raise app_exc from app_exc.__cause__ or app_exc.__context__
  File "/Users/andyschwarz/Documents/Privat/OverCloud/backend/.venv/lib/python3.11/site-packages/starlette/middleware/base.py", line 144, in coro
    await self.app(scope, receive_or_disconnect, send_no_error)
  File "/Users/andyschwarz/Documents/Privat/OverCloud/backend/.venv/lib/python3.11/site-packages/starlette/middleware/cors.py", line 88, in __call__
    await self.app(scope, receive, send)
  File "/Users/andyschwarz/Documents/Privat/OverCloud/backend/.venv/lib/python3.11/site-packages/starlette/middleware/exceptions.py", line 63, in __call__
    await wrap_app_handling_exceptions(self.app, conn)(scope, receive, send)
  File "/Users/andyschwarz/Documents/Privat/OverCloud/backend/.venv/lib/python3.11/site-packages/starlette/_exception_handler.py", line 53, in wrapped_app
    raise exc
  File "/Users/andyschwarz/Documents/Privat/OverCloud/backend/.venv/lib/python3.11/site-packages/starlette/_exception_handler.py", line 42, in wrapped_app
    await app(scope, receive, sender)
  File "/Users/andyschwarz/Documents/Privat/OverCloud/backend/.venv/lib/python3.11/site-packages/fastapi/middleware/asyncexitstack.py", line 18, in __call__
    await self.app(scope, receive, send)
  File "/Users/andyschwarz/Documents/Privat/OverCloud/backend/.venv/lib/python3.11/site-packages/starlette/routing.py", line 660, in __call__
    await self.middleware_stack(scope, receive, send)
  File "/Users/andyschwarz/Documents/Privat/OverCloud/backend/.venv/lib/python3.11/site-packages/starlette/routing.py", line 680, in app
    await route.handle(scope, receive, send)
  File "/Users/andyschwarz/Documents/Privat/OverCloud/backend/.venv/lib/python3.11/site-packages/starlette/routing.py", line 276, in handle
    await self.app(scope, receive, send)
  File "/Users/andyschwarz/Documents/Privat/OverCloud/backend/.venv/lib/python3.11/site-packages/fastapi/routing.py", line 130, in app
    await wrap_app_handling_exceptions(app, request)(scope, receive, send)
  File "/Users/andyschwarz/Documents/Privat/OverCloud/backend/.venv/lib/python3.11/site-packages/starlette/_exception_handler.py", line 53, in wrapped_app
    raise exc
  File "/Users/andyschwarz/Documents/Privat/OverCloud/backend/.venv/lib/python3.11/site-packages/starlette/_exception_handler.py", line 42, in wrapped_app
    await app(scope, receive, sender)
  File "/Users/andyschwarz/Documents/Privat/OverCloud/backend/.venv/lib/python3.11/site-packages/fastapi/routing.py", line 116, in app
    response = await f(request)
               ^^^^^^^^^^^^^^^^
  File "/Users/andyschwarz/Documents/Privat/OverCloud/backend/.venv/lib/python3.11/site-packages/fastapi/routing.py", line 670, in app
    raw_response = await run_endpoint_function(
                   ^^^^^^^^^^^^^^^^^^^^^^^^^^^^
  File "/Users/andyschwarz/Documents/Privat/OverCloud/backend/.venv/lib/python3.11/site-packages/fastapi/routing.py", line 324, in run_endpoint_function
    return await dependant.call(**values)
           ^^^^^^^^^^^^^^^^^^^^^^^^^^^^^^
  File "/Users/andyschwarz/Documents/Privat/OverCloud/backend/.venv/lib/python3.11/site-packages/slowapi/extension.py", line 734, in async_wrapper
    response = await func(*args, **kwargs)  # type: ignore
               ^^^^^^^^^^^^^^^^^^^^^^^^^^^
  File "/Users/andyschwarz/Documents/Privat/OverCloud/backend/app/api/auth.py", line 323, in register
    existing_user = user_repo.get_by_email(user_create.email)
                    ^^^^^^^^^^^^^^^^^^^^^^^^^^^^^^^^^^^^^^^^^
  File "/Users/andyschwarz/Documents/Privat/OverCloud/backend/app/repositories/user.py", line 169, in get_by_email
    items, _ = self._query(
               ^^^^^^^^^^^^
  File "/Users/andyschwarz/Documents/Privat/OverCloud/backend/app/repositories/base.py", line 145, in _query
    response = self.table.query(**kwargs)
               ^^^^^^^^^^^^^^^^^^^^^^^^^^
  File "/Users/andyschwarz/Documents/Privat/OverCloud/backend/.venv/lib/python3.11/site-packages/boto3/resources/factory.py", line 581, in do_action
    response = action(self, *args, **kwargs)
               ^^^^^^^^^^^^^^^^^^^^^^^^^^^^^
  File "/Users/andyschwarz/Documents/Privat/OverCloud/backend/.venv/lib/python3.11/site-packages/boto3/resources/action.py", line 88, in __call__
    response = getattr(parent.meta.client, operation_name)(*args, **params)
               ^^^^^^^^^^^^^^^^^^^^^^^^^^^^^^^^^^^^^^^^^^^^^^^^^^^^^^^^^^^^
  File "/Users/andyschwarz/Documents/Privat/OverCloud/backend/.venv/lib/python3.11/site-packages/botocore/client.py", line 602, in _api_call
    return self._make_api_call(operation_name, kwargs)
           ^^^^^^^^^^^^^^^^^^^^^^^^^^^^^^^^^^^^^^^^^^^
  File "/Users/andyschwarz/Documents/Privat/OverCloud/backend/.venv/lib/python3.11/site-packages/botocore/context.py", line 123, in wrapper
    return func(*args, **kwargs)
           ^^^^^^^^^^^^^^^^^^^^^
  File "/Users/andyschwarz/Documents/Privat/OverCloud/backend/.venv/lib/python3.11/site-packages/botocore/client.py", line 1060, in _make_api_call
    http, parsed_response = self._make_request(
                            ^^^^^^^^^^^^^^^^^^^
  File "/Users/andyschwarz/Documents/Privat/OverCloud/backend/.venv/lib/python3.11/site-packages/botocore/client.py", line 1084, in _make_request
    return self._endpoint.make_request(operation_model, request_dict)
           ^^^^^^^^^^^^^^^^^^^^^^^^^^^^^^^^^^^^^^^^^^^^^^^^^^^^^^^^^^
  File "/Users/andyschwarz/Documents/Privat/OverCloud/backend/.venv/lib/python3.11/site-packages/botocore/endpoint.py", line 119, in make_request
    return self._send_request(request_dict, operation_model)
           ^^^^^^^^^^^^^^^^^^^^^^^^^^^^^^^^^^^^^^^^^^^^^^^^^
  File "/Users/andyschwarz/Documents/Privat/OverCloud/backend/.venv/lib/python3.11/site-packages/botocore/endpoint.py", line 200, in _send_request
    while self._needs_retry(
          ^^^^^^^^^^^^^^^^^^
  File "/Users/andyschwarz/Documents/Privat/OverCloud/backend/.venv/lib/python3.11/site-packages/botocore/endpoint.py", line 360, in _needs_retry
    responses = self._event_emitter.emit(
                ^^^^^^^^^^^^^^^^^^^^^^^^^
  File "/Users/andyschwarz/Documents/Privat/OverCloud/backend/.venv/lib/python3.11/site-packages/botocore/hooks.py", line 412, in emit
    return self._emitter.emit(aliased_event_name, **kwargs)
           ^^^^^^^^^^^^^^^^^^^^^^^^^^^^^^^^^^^^^^^^^^^^^^^^
  File "/Users/andyschwarz/Documents/Privat/OverCloud/backend/.venv/lib/python3.11/site-packages/botocore/hooks.py", line 256, in emit
    return self._emit(event_name, kwargs)
           ^^^^^^^^^^^^^^^^^^^^^^^^^^^^^^
  File "/Users/andyschwarz/Documents/Privat/OverCloud/backend/.venv/lib/python3.11/site-packages/botocore/hooks.py", line 239, in _emit
    response = handler(**kwargs)
               ^^^^^^^^^^^^^^^^^
  File "/Users/andyschwarz/Documents/Privat/OverCloud/backend/.venv/lib/python3.11/site-packages/botocore/retryhandler.py", line 207, in __call__
    if self._checker(**checker_kwargs):
       ^^^^^^^^^^^^^^^^^^^^^^^^^^^^^^^
  File "/Users/andyschwarz/Documents/Privat/OverCloud/backend/.venv/lib/python3.11/site-packages/botocore/retryhandler.py", line 284, in __call__
    should_retry = self._should_retry(
                   ^^^^^^^^^^^^^^^^^^^
  File "/Users/andyschwarz/Documents/Privat/OverCloud/backend/.venv/lib/python3.11/site-packages/botocore/retryhandler.py", line 320, in _should_retry
    return self._checker(attempt_number, response, caught_exception)
           ^^^^^^^^^^^^^^^^^^^^^^^^^^^^^^^^^^^^^^^^^^^^^^^^^^^^^^^^^
  File "/Users/andyschwarz/Documents/Privat/OverCloud/backend/.venv/lib/python3.11/site-packages/botocore/retryhandler.py", line 363, in __call__
    checker_response = checker(
                       ^^^^^^^^
  File "/Users/andyschwarz/Documents/Privat/OverCloud/backend/.venv/lib/python3.11/site-packages/botocore/retryhandler.py", line 247, in __call__
    return self._check_caught_exception(
           ^^^^^^^^^^^^^^^^^^^^^^^^^^^^^
  File "/Users/andyschwarz/Documents/Privat/OverCloud/backend/.venv/lib/python3.11/site-packages/botocore/retryhandler.py", line 416, in _check_caught_exception
    raise caught_exception
  File "/Users/andyschwarz/Documents/Privat/OverCloud/backend/.venv/lib/python3.11/site-packages/botocore/endpoint.py", line 279, in _do_get_response
    http_response = self._send(request)
                    ^^^^^^^^^^^^^^^^^^^
  File "/Users/andyschwarz/Documents/Privat/OverCloud/backend/.venv/lib/python3.11/site-packages/botocore/endpoint.py", line 383, in _send
    return self.http_session.send(request)
           ^^^^^^^^^^^^^^^^^^^^^^^^^^^^^^^
  File "/Users/andyschwarz/Documents/Privat/OverCloud/backend/.venv/lib/python3.11/site-packages/botocore/httpsession.py", line 506, in send
    raise EndpointConnectionError(endpoint_url=request.url, error=e)
botocore.exceptions.EndpointConnectionError: Could not connect to the endpoint URL: "http://localhost:8001/"
------------------------------ Captured log setup ------------------------------
ERROR    app.main:main.py:112 Unhandled exception: Could not connect to the endpoint URL: "http://localhost:8001/"
Traceback (most recent call last):
  File "/Users/andyschwarz/Documents/Privat/OverCloud/backend/.venv/lib/python3.11/site-packages/urllib3/connection.py", line 204, in _new_conn
    sock = connection.create_connection(
           ^^^^^^^^^^^^^^^^^^^^^^^^^^^^^
  File "/Users/andyschwarz/Documents/Privat/OverCloud/backend/.venv/lib/python3.11/site-packages/urllib3/util/connection.py", line 85, in create_connection
    raise err
  File "/Users/andyschwarz/Documents/Privat/OverCloud/backend/.venv/lib/python3.11/site-packages/urllib3/util/connection.py", line 73, in create_connection
    sock.connect(sa)
ConnectionRefusedError: [Errno 61] Connection refused

The above exception was the direct cause of the following exception:

Traceback (most recent call last):
  File "/Users/andyschwarz/Documents/Privat/OverCloud/backend/.venv/lib/python3.11/site-packages/botocore/httpsession.py", line 477, in send
    urllib_response = conn.urlopen(
                      ^^^^^^^^^^^^^
  File "/Users/andyschwarz/Documents/Privat/OverCloud/backend/.venv/lib/python3.11/site-packages/urllib3/connectionpool.py", line 841, in urlopen
    retries = retries.increment(
              ^^^^^^^^^^^^^^^^^^
  File "/Users/andyschwarz/Documents/Privat/OverCloud/backend/.venv/lib/python3.11/site-packages/urllib3/util/retry.py", line 465, in increment
    raise reraise(type(error), error, _stacktrace)
          ^^^^^^^^^^^^^^^^^^^^^^^^^^^^^^^^^^^^^^^^
  File "/Users/andyschwarz/Documents/Privat/OverCloud/backend/.venv/lib/python3.11/site-packages/urllib3/util/util.py", line 39, in reraise
    raise value
  File "/Users/andyschwarz/Documents/Privat/OverCloud/backend/.venv/lib/python3.11/site-packages/urllib3/connectionpool.py", line 787, in urlopen
    response = self._make_request(
               ^^^^^^^^^^^^^^^^^^^
  File "/Users/andyschwarz/Documents/Privat/OverCloud/backend/.venv/lib/python3.11/site-packages/urllib3/connectionpool.py", line 493, in _make_request
    conn.request(
  File "/Users/andyschwarz/Documents/Privat/OverCloud/backend/.venv/lib/python3.11/site-packages/botocore/awsrequest.py", line 96, in request
    rval = super().request(method, url, body, headers, *args, **kwargs)
           ^^^^^^^^^^^^^^^^^^^^^^^^^^^^^^^^^^^^^^^^^^^^^^^^^^^^^^^^^^^^
  File "/Users/andyschwarz/Documents/Privat/OverCloud/backend/.venv/lib/python3.11/site-packages/urllib3/connection.py", line 500, in request
    self.endheaders()
  File "/opt/homebrew/Cellar/python@3.11/3.11.15/Frameworks/Python.framework/Versions/3.11/lib/python3.11/http/client.py", line 1318, in endheaders
    self._send_output(message_body, encode_chunked=encode_chunked)
  File "/Users/andyschwarz/Documents/Privat/OverCloud/backend/.venv/lib/python3.11/site-packages/botocore/awsrequest.py", line 123, in _send_output
    self.send(msg)
  File "/Users/andyschwarz/Documents/Privat/OverCloud/backend/.venv/lib/python3.11/site-packages/botocore/awsrequest.py", line 223, in send
    return super().send(str)
           ^^^^^^^^^^^^^^^^^
  File "/opt/homebrew/Cellar/python@3.11/3.11.15/Frameworks/Python.framework/Versions/3.11/lib/python3.11/http/client.py", line 1016, in send
    self.connect()
  File "/Users/andyschwarz/Documents/Privat/OverCloud/backend/.venv/lib/python3.11/site-packages/urllib3/connection.py", line 331, in connect
    self.sock = self._new_conn()
                ^^^^^^^^^^^^^^^^
  File "/Users/andyschwarz/Documents/Privat/OverCloud/backend/.venv/lib/python3.11/site-packages/urllib3/connection.py", line 219, in _new_conn
    raise NewConnectionError(
urllib3.exceptions.NewConnectionError: AWSHTTPConnection(host='localhost', port=8001): Failed to establish a new connection: [Errno 61] Connection refused

The above exception was the direct cause of the following exception:

Traceback (most recent call last):
  File "/Users/andyschwarz/Documents/Privat/OverCloud/backend/.venv/lib/python3.11/site-packages/starlette/middleware/errors.py", line 164, in __call__
    await self.app(scope, receive, _send)
  File "/Users/andyschwarz/Documents/Privat/OverCloud/backend/.venv/lib/python3.11/site-packages/starlette/middleware/base.py", line 191, in __call__
    with recv_stream, send_stream, collapse_excgroups():
  File "/opt/homebrew/Cellar/python@3.11/3.11.15/Frameworks/Python.framework/Versions/3.11/lib/python3.11/contextlib.py", line 158, in __exit__
    self.gen.throw(typ, value, traceback)
  File "/Users/andyschwarz/Documents/Privat/OverCloud/backend/.venv/lib/python3.11/site-packages/starlette/_utils.py", line 87, in collapse_excgroups
    raise exc
  File "/Users/andyschwarz/Documents/Privat/OverCloud/backend/.venv/lib/python3.11/site-packages/starlette/middleware/base.py", line 193, in __call__
    response = await self.dispatch_func(request, call_next)
               ^^^^^^^^^^^^^^^^^^^^^^^^^^^^^^^^^^^^^^^^^^^^
  File "/Users/andyschwarz/Documents/Privat/OverCloud/backend/app/main.py", line 61, in add_security_headers
    response = await call_next(request)
               ^^^^^^^^^^^^^^^^^^^^^^^^
  File "/Users/andyschwarz/Documents/Privat/OverCloud/backend/.venv/lib/python3.11/site-packages/starlette/middleware/base.py", line 168, in call_next
    raise app_exc from app_exc.__cause__ or app_exc.__context__
  File "/Users/andyschwarz/Documents/Privat/OverCloud/backend/.venv/lib/python3.11/site-packages/starlette/middleware/base.py", line 144, in coro
    await self.app(scope, receive_or_disconnect, send_no_error)
  File "/Users/andyschwarz/Documents/Privat/OverCloud/backend/.venv/lib/python3.11/site-packages/starlette/middleware/cors.py", line 88, in __call__
    await self.app(scope, receive, send)
  File "/Users/andyschwarz/Documents/Privat/OverCloud/backend/.venv/lib/python3.11/site-packages/starlette/middleware/exceptions.py", line 63, in __call__
    await wrap_app_handling_exceptions(self.app, conn)(scope, receive, send)
  File "/Users/andyschwarz/Documents/Privat/OverCloud/backend/.venv/lib/python3.11/site-packages/starlette/_exception_handler.py", line 53, in wrapped_app
    raise exc
  File "/Users/andyschwarz/Documents/Privat/OverCloud/backend/.venv/lib/python3.11/site-packages/starlette/_exception_handler.py", line 42, in wrapped_app
    await app(scope, receive, sender)
  File "/Users/andyschwarz/Documents/Privat/OverCloud/backend/.venv/lib/python3.11/site-packages/fastapi/middleware/asyncexitstack.py", line 18, in __call__
    await self.app(scope, receive, send)
  File "/Users/andyschwarz/Documents/Privat/OverCloud/backend/.venv/lib/python3.11/site-packages/starlette/routing.py", line 660, in __call__
    await self.middleware_stack(scope, receive, send)
  File "/Users/andyschwarz/Documents/Privat/OverCloud/backend/.venv/lib/python3.11/site-packages/starlette/routing.py", line 680, in app
    await route.handle(scope, receive, send)
  File "/Users/andyschwarz/Documents/Privat/OverCloud/backend/.venv/lib/python3.11/site-packages/starlette/routing.py", line 276, in handle
    await self.app(scope, receive, send)
  File "/Users/andyschwarz/Documents/Privat/OverCloud/backend/.venv/lib/python3.11/site-packages/fastapi/routing.py", line 130, in app
    await wrap_app_handling_exceptions(app, request)(scope, receive, send)
  File "/Users/andyschwarz/Documents/Privat/OverCloud/backend/.venv/lib/python3.11/site-packages/starlette/_exception_handler.py", line 53, in wrapped_app
    raise exc
  File "/Users/andyschwarz/Documents/Privat/OverCloud/backend/.venv/lib/python3.11/site-packages/starlette/_exception_handler.py", line 42, in wrapped_app
    await app(scope, receive, sender)
  File "/Users/andyschwarz/Documents/Privat/OverCloud/backend/.venv/lib/python3.11/site-packages/fastapi/routing.py", line 116, in app
    response = await f(request)
               ^^^^^^^^^^^^^^^^
  File "/Users/andyschwarz/Documents/Privat/OverCloud/backend/.venv/lib/python3.11/site-packages/fastapi/routing.py", line 670, in app
    raw_response = await run_endpoint_function(
                   ^^^^^^^^^^^^^^^^^^^^^^^^^^^^
  File "/Users/andyschwarz/Documents/Privat/OverCloud/backend/.venv/lib/python3.11/site-packages/fastapi/routing.py", line 324, in run_endpoint_function
    return await dependant.call(**values)
           ^^^^^^^^^^^^^^^^^^^^^^^^^^^^^^
  File "/Users/andyschwarz/Documents/Privat/OverCloud/backend/.venv/lib/python3.11/site-packages/slowapi/extension.py", line 734, in async_wrapper
    response = await func(*args, **kwargs)  # type: ignore
               ^^^^^^^^^^^^^^^^^^^^^^^^^^^
  File "/Users/andyschwarz/Documents/Privat/OverCloud/backend/app/api/auth.py", line 323, in register
    existing_user = user_repo.get_by_email(user_create.email)
                    ^^^^^^^^^^^^^^^^^^^^^^^^^^^^^^^^^^^^^^^^^
  File "/Users/andyschwarz/Documents/Privat/OverCloud/backend/app/repositories/user.py", line 169, in get_by_email
    items, _ = self._query(
               ^^^^^^^^^^^^
  File "/Users/andyschwarz/Documents/Privat/OverCloud/backend/app/repositories/base.py", line 145, in _query
    response = self.table.query(**kwargs)
               ^^^^^^^^^^^^^^^^^^^^^^^^^^
  File "/Users/andyschwarz/Documents/Privat/OverCloud/backend/.venv/lib/python3.11/site-packages/boto3/resources/factory.py", line 581, in do_action
    response = action(self, *args, **kwargs)
               ^^^^^^^^^^^^^^^^^^^^^^^^^^^^^
  File "/Users/andyschwarz/Documents/Privat/OverCloud/backend/.venv/lib/python3.11/site-packages/boto3/resources/action.py", line 88, in __call__
    response = getattr(parent.meta.client, operation_name)(*args, **params)
               ^^^^^^^^^^^^^^^^^^^^^^^^^^^^^^^^^^^^^^^^^^^^^^^^^^^^^^^^^^^^
  File "/Users/andyschwarz/Documents/Privat/OverCloud/backend/.venv/lib/python3.11/site-packages/botocore/client.py", line 602, in _api_call
    return self._make_api_call(operation_name, kwargs)
           ^^^^^^^^^^^^^^^^^^^^^^^^^^^^^^^^^^^^^^^^^^^
  File "/Users/andyschwarz/Documents/Privat/OverCloud/backend/.venv/lib/python3.11/site-packages/botocore/context.py", line 123, in wrapper
    return func(*args, **kwargs)
           ^^^^^^^^^^^^^^^^^^^^^
  File "/Users/andyschwarz/Documents/Privat/OverCloud/backend/.venv/lib/python3.11/site-packages/botocore/client.py", line 1060, in _make_api_call
    http, parsed_response = self._make_request(
                            ^^^^^^^^^^^^^^^^^^^
  File "/Users/andyschwarz/Documents/Privat/OverCloud/backend/.venv/lib/python3.11/site-packages/botocore/client.py", line 1084, in _make_request
    return self._endpoint.make_request(operation_model, request_dict)
           ^^^^^^^^^^^^^^^^^^^^^^^^^^^^^^^^^^^^^^^^^^^^^^^^^^^^^^^^^^
  File "/Users/andyschwarz/Documents/Privat/OverCloud/backend/.venv/lib/python3.11/site-packages/botocore/endpoint.py", line 119, in make_request
    return self._send_request(request_dict, operation_model)
           ^^^^^^^^^^^^^^^^^^^^^^^^^^^^^^^^^^^^^^^^^^^^^^^^^
  File "/Users/andyschwarz/Documents/Privat/OverCloud/backend/.venv/lib/python3.11/site-packages/botocore/endpoint.py", line 200, in _send_request
    while self._needs_retry(
          ^^^^^^^^^^^^^^^^^^
  File "/Users/andyschwarz/Documents/Privat/OverCloud/backend/.venv/lib/python3.11/site-packages/botocore/endpoint.py", line 360, in _needs_retry
    responses = self._event_emitter.emit(
                ^^^^^^^^^^^^^^^^^^^^^^^^^
  File "/Users/andyschwarz/Documents/Privat/OverCloud/backend/.venv/lib/python3.11/site-packages/botocore/hooks.py", line 412, in emit
    return self._emitter.emit(aliased_event_name, **kwargs)
           ^^^^^^^^^^^^^^^^^^^^^^^^^^^^^^^^^^^^^^^^^^^^^^^^
  File "/Users/andyschwarz/Documents/Privat/OverCloud/backend/.venv/lib/python3.11/site-packages/botocore/hooks.py", line 256, in emit
    return self._emit(event_name, kwargs)
           ^^^^^^^^^^^^^^^^^^^^^^^^^^^^^^
  File "/Users/andyschwarz/Documents/Privat/OverCloud/backend/.venv/lib/python3.11/site-packages/botocore/hooks.py", line 239, in _emit
    response = handler(**kwargs)
               ^^^^^^^^^^^^^^^^^
  File "/Users/andyschwarz/Documents/Privat/OverCloud/backend/.venv/lib/python3.11/site-packages/botocore/retryhandler.py", line 207, in __call__
    if self._checker(**checker_kwargs):
       ^^^^^^^^^^^^^^^^^^^^^^^^^^^^^^^
  File "/Users/andyschwarz/Documents/Privat/OverCloud/backend/.venv/lib/python3.11/site-packages/botocore/retryhandler.py", line 284, in __call__
    should_retry = self._should_retry(
                   ^^^^^^^^^^^^^^^^^^^
  File "/Users/andyschwarz/Documents/Privat/OverCloud/backend/.venv/lib/python3.11/site-packages/botocore/retryhandler.py", line 320, in _should_retry
    return self._checker(attempt_number, response, caught_exception)
           ^^^^^^^^^^^^^^^^^^^^^^^^^^^^^^^^^^^^^^^^^^^^^^^^^^^^^^^^^
  File "/Users/andyschwarz/Documents/Privat/OverCloud/backend/.venv/lib/python3.11/site-packages/botocore/retryhandler.py", line 363, in __call__
    checker_response = checker(
                       ^^^^^^^^
  File "/Users/andyschwarz/Documents/Privat/OverCloud/backend/.venv/lib/python3.11/site-packages/botocore/retryhandler.py", line 247, in __call__
    return self._check_caught_exception(
           ^^^^^^^^^^^^^^^^^^^^^^^^^^^^^
  File "/Users/andyschwarz/Documents/Privat/OverCloud/backend/.venv/lib/python3.11/site-packages/botocore/retryhandler.py", line 416, in _check_caught_exception
    raise caught_exception
  File "/Users/andyschwarz/Documents/Privat/OverCloud/backend/.venv/lib/python3.11/site-packages/botocore/endpoint.py", line 279, in _do_get_response
    http_response = self._send(request)
                    ^^^^^^^^^^^^^^^^^^^
  File "/Users/andyschwarz/Documents/Privat/OverCloud/backend/.venv/lib/python3.11/site-packages/botocore/endpoint.py", line 383, in _send
    return self.http_session.send(request)
           ^^^^^^^^^^^^^^^^^^^^^^^^^^^^^^^
  File "/Users/andyschwarz/Documents/Privat/OverCloud/backend/.venv/lib/python3.11/site-packages/botocore/httpsession.py", line 506, in send
    raise EndpointConnectionError(endpoint_url=request.url, error=e)
botocore.exceptions.EndpointConnectionError: Could not connect to the endpoint URL: "http://localhost:8001/"
______________ ERROR at setup of test_login_returns_refresh_token ______________
.venv/lib/python3.11/site-packages/urllib3/connection.py:204: in _new_conn
    sock = connection.create_connection(
.venv/lib/python3.11/site-packages/urllib3/util/connection.py:85: in create_connection
    raise err
.venv/lib/python3.11/site-packages/urllib3/util/connection.py:73: in create_connection
    sock.connect(sa)
E   ConnectionRefusedError: [Errno 61] Connection refused

The above exception was the direct cause of the following exception:
.venv/lib/python3.11/site-packages/botocore/httpsession.py:477: in send
    urllib_response = conn.urlopen(
.venv/lib/python3.11/site-packages/urllib3/connectionpool.py:841: in urlopen
    retries = retries.increment(
.venv/lib/python3.11/site-packages/urllib3/util/retry.py:465: in increment
    raise reraise(type(error), error, _stacktrace)
          ^^^^^^^^^^^^^^^^^^^^^^^^^^^^^^^^^^^^^^^^
.venv/lib/python3.11/site-packages/urllib3/util/util.py:39: in reraise
    raise value
.venv/lib/python3.11/site-packages/urllib3/connectionpool.py:787: in urlopen
    response = self._make_request(
.venv/lib/python3.11/site-packages/urllib3/connectionpool.py:493: in _make_request
    conn.request(
.venv/lib/python3.11/site-packages/botocore/awsrequest.py:96: in request
    rval = super().request(method, url, body, headers, *args, **kwargs)
           ^^^^^^^^^^^^^^^^^^^^^^^^^^^^^^^^^^^^^^^^^^^^^^^^^^^^^^^^^^^^
.venv/lib/python3.11/site-packages/urllib3/connection.py:500: in request
    self.endheaders()
/opt/homebrew/Cellar/python@3.11/3.11.15/Frameworks/Python.framework/Versions/3.11/lib/python3.11/http/client.py:1318: in endheaders
    self._send_output(message_body, encode_chunked=encode_chunked)
.venv/lib/python3.11/site-packages/botocore/awsrequest.py:123: in _send_output
    self.send(msg)
.venv/lib/python3.11/site-packages/botocore/awsrequest.py:223: in send
    return super().send(str)
           ^^^^^^^^^^^^^^^^^
/opt/homebrew/Cellar/python@3.11/3.11.15/Frameworks/Python.framework/Versions/3.11/lib/python3.11/http/client.py:1016: in send
    self.connect()
.venv/lib/python3.11/site-packages/urllib3/connection.py:331: in connect
    self.sock = self._new_conn()
                ^^^^^^^^^^^^^^^^
.venv/lib/python3.11/site-packages/urllib3/connection.py:219: in _new_conn
    raise NewConnectionError(
E   urllib3.exceptions.NewConnectionError: AWSHTTPConnection(host='localhost', port=8001): Failed to establish a new connection: [Errno 61] Connection refused

The above exception was the direct cause of the following exception:
tests/integration/test_refresh_token_flow.py:24: in test_user
    response = client.post(
.venv/lib/python3.11/site-packages/starlette/testclient.py:546: in post
    return super().post(
.venv/lib/python3.11/site-packages/httpx/_client.py:1144: in post
    return self.request(
.venv/lib/python3.11/site-packages/starlette/testclient.py:445: in request
    return super().request(
.venv/lib/python3.11/site-packages/httpx/_client.py:825: in request
    return self.send(request, auth=auth, follow_redirects=follow_redirects)
           ^^^^^^^^^^^^^^^^^^^^^^^^^^^^^^^^^^^^^^^^^^^^^^^^^^^^^^^^^^^^^^^^
.venv/lib/python3.11/site-packages/httpx/_client.py:914: in send
    response = self._send_handling_auth(
.venv/lib/python3.11/site-packages/httpx/_client.py:942: in _send_handling_auth
    response = self._send_handling_redirects(
.venv/lib/python3.11/site-packages/httpx/_client.py:979: in _send_handling_redirects
    response = self._send_single_request(request)
               ^^^^^^^^^^^^^^^^^^^^^^^^^^^^^^^^^^
.venv/lib/python3.11/site-packages/httpx/_client.py:1014: in _send_single_request
    response = transport.handle_request(request)
               ^^^^^^^^^^^^^^^^^^^^^^^^^^^^^^^^^
.venv/lib/python3.11/site-packages/starlette/testclient.py:348: in handle_request
    raise exc
.venv/lib/python3.11/site-packages/starlette/testclient.py:345: in handle_request
    portal.call(self.app, scope, receive, send)
.venv/lib/python3.11/site-packages/anyio/from_thread.py:334: in call
    return cast(T_Retval, self.start_task_soon(func, *args).result())
                          ^^^^^^^^^^^^^^^^^^^^^^^^^^^^^^^^^^^^^^^^^^
/opt/homebrew/Cellar/python@3.11/3.11.15/Frameworks/Python.framework/Versions/3.11/lib/python3.11/concurrent/futures/_base.py:456: in result
    return self.__get_result()
           ^^^^^^^^^^^^^^^^^^^
/opt/homebrew/Cellar/python@3.11/3.11.15/Frameworks/Python.framework/Versions/3.11/lib/python3.11/concurrent/futures/_base.py:401: in __get_result
    raise self._exception
.venv/lib/python3.11/site-packages/anyio/from_thread.py:259: in _call_func
    retval = await retval_or_awaitable
             ^^^^^^^^^^^^^^^^^^^^^^^^^
.venv/lib/python3.11/site-packages/fastapi/applications.py:1160: in __call__
    await super().__call__(scope, receive, send)
.venv/lib/python3.11/site-packages/starlette/applications.py:90: in __call__
    await self.middleware_stack(scope, receive, send)
.venv/lib/python3.11/site-packages/starlette/middleware/errors.py:176: in __call__
    response = await self.handler(request, exc)
               ^^^^^^^^^^^^^^^^^^^^^^^^^^^^^^^^
app/main.py:129: in generic_exception_handler
    raise exc
.venv/lib/python3.11/site-packages/starlette/middleware/errors.py:164: in __call__
    await self.app(scope, receive, _send)
.venv/lib/python3.11/site-packages/starlette/middleware/base.py:191: in __call__
    with recv_stream, send_stream, collapse_excgroups():
/opt/homebrew/Cellar/python@3.11/3.11.15/Frameworks/Python.framework/Versions/3.11/lib/python3.11/contextlib.py:158: in __exit__
    self.gen.throw(typ, value, traceback)
.venv/lib/python3.11/site-packages/starlette/_utils.py:87: in collapse_excgroups
    raise exc
.venv/lib/python3.11/site-packages/starlette/middleware/base.py:193: in __call__
    response = await self.dispatch_func(request, call_next)
               ^^^^^^^^^^^^^^^^^^^^^^^^^^^^^^^^^^^^^^^^^^^^
app/main.py:61: in add_security_headers
    response = await call_next(request)
               ^^^^^^^^^^^^^^^^^^^^^^^^
.venv/lib/python3.11/site-packages/starlette/middleware/base.py:168: in call_next
    raise app_exc from app_exc.__cause__ or app_exc.__context__
.venv/lib/python3.11/site-packages/starlette/middleware/base.py:144: in coro
    await self.app(scope, receive_or_disconnect, send_no_error)
.venv/lib/python3.11/site-packages/starlette/middleware/cors.py:88: in __call__
    await self.app(scope, receive, send)
.venv/lib/python3.11/site-packages/starlette/middleware/exceptions.py:63: in __call__
    await wrap_app_handling_exceptions(self.app, conn)(scope, receive, send)
.venv/lib/python3.11/site-packages/starlette/_exception_handler.py:53: in wrapped_app
    raise exc
.venv/lib/python3.11/site-packages/starlette/_exception_handler.py:42: in wrapped_app
    await app(scope, receive, sender)
.venv/lib/python3.11/site-packages/fastapi/middleware/asyncexitstack.py:18: in __call__
    await self.app(scope, receive, send)
.venv/lib/python3.11/site-packages/starlette/routing.py:660: in __call__
    await self.middleware_stack(scope, receive, send)
.venv/lib/python3.11/site-packages/starlette/routing.py:680: in app
    await route.handle(scope, receive, send)
.venv/lib/python3.11/site-packages/starlette/routing.py:276: in handle
    await self.app(scope, receive, send)
.venv/lib/python3.11/site-packages/fastapi/routing.py:130: in app
    await wrap_app_handling_exceptions(app, request)(scope, receive, send)
.venv/lib/python3.11/site-packages/starlette/_exception_handler.py:53: in wrapped_app
    raise exc
.venv/lib/python3.11/site-packages/starlette/_exception_handler.py:42: in wrapped_app
    await app(scope, receive, sender)
.venv/lib/python3.11/site-packages/fastapi/routing.py:116: in app
    response = await f(request)
               ^^^^^^^^^^^^^^^^
.venv/lib/python3.11/site-packages/fastapi/routing.py:670: in app
    raw_response = await run_endpoint_function(
.venv/lib/python3.11/site-packages/fastapi/routing.py:324: in run_endpoint_function
    return await dependant.call(**values)
           ^^^^^^^^^^^^^^^^^^^^^^^^^^^^^^
.venv/lib/python3.11/site-packages/slowapi/extension.py:734: in async_wrapper
    response = await func(*args, **kwargs)  # type: ignore
               ^^^^^^^^^^^^^^^^^^^^^^^^^^^
app/api/auth.py:323: in register
    existing_user = user_repo.get_by_email(user_create.email)
                    ^^^^^^^^^^^^^^^^^^^^^^^^^^^^^^^^^^^^^^^^^
app/repositories/user.py:169: in get_by_email
    items, _ = self._query(
app/repositories/base.py:145: in _query
    response = self.table.query(**kwargs)
               ^^^^^^^^^^^^^^^^^^^^^^^^^^
.venv/lib/python3.11/site-packages/boto3/resources/factory.py:581: in do_action
    response = action(self, *args, **kwargs)
               ^^^^^^^^^^^^^^^^^^^^^^^^^^^^^
.venv/lib/python3.11/site-packages/boto3/resources/action.py:88: in __call__
    response = getattr(parent.meta.client, operation_name)(*args, **params)
               ^^^^^^^^^^^^^^^^^^^^^^^^^^^^^^^^^^^^^^^^^^^^^^^^^^^^^^^^^^^^
.venv/lib/python3.11/site-packages/botocore/client.py:602: in _api_call
    return self._make_api_call(operation_name, kwargs)
           ^^^^^^^^^^^^^^^^^^^^^^^^^^^^^^^^^^^^^^^^^^^
.venv/lib/python3.11/site-packages/botocore/context.py:123: in wrapper
    return func(*args, **kwargs)
           ^^^^^^^^^^^^^^^^^^^^^
.venv/lib/python3.11/site-packages/botocore/client.py:1060: in _make_api_call
    http, parsed_response = self._make_request(
.venv/lib/python3.11/site-packages/botocore/client.py:1084: in _make_request
    return self._endpoint.make_request(operation_model, request_dict)
           ^^^^^^^^^^^^^^^^^^^^^^^^^^^^^^^^^^^^^^^^^^^^^^^^^^^^^^^^^^
.venv/lib/python3.11/site-packages/botocore/endpoint.py:119: in make_request
    return self._send_request(request_dict, operation_model)
           ^^^^^^^^^^^^^^^^^^^^^^^^^^^^^^^^^^^^^^^^^^^^^^^^^
.venv/lib/python3.11/site-packages/botocore/endpoint.py:200: in _send_request
    while self._needs_retry(
.venv/lib/python3.11/site-packages/botocore/endpoint.py:360: in _needs_retry
    responses = self._event_emitter.emit(
.venv/lib/python3.11/site-packages/botocore/hooks.py:412: in emit
    return self._emitter.emit(aliased_event_name, **kwargs)
           ^^^^^^^^^^^^^^^^^^^^^^^^^^^^^^^^^^^^^^^^^^^^^^^^
.venv/lib/python3.11/site-packages/botocore/hooks.py:256: in emit
    return self._emit(event_name, kwargs)
           ^^^^^^^^^^^^^^^^^^^^^^^^^^^^^^
.venv/lib/python3.11/site-packages/botocore/hooks.py:239: in _emit
    response = handler(**kwargs)
               ^^^^^^^^^^^^^^^^^
.venv/lib/python3.11/site-packages/botocore/retryhandler.py:207: in __call__
    if self._checker(**checker_kwargs):
       ^^^^^^^^^^^^^^^^^^^^^^^^^^^^^^^
.venv/lib/python3.11/site-packages/botocore/retryhandler.py:284: in __call__
    should_retry = self._should_retry(
.venv/lib/python3.11/site-packages/botocore/retryhandler.py:320: in _should_retry
    return self._checker(attempt_number, response, caught_exception)
           ^^^^^^^^^^^^^^^^^^^^^^^^^^^^^^^^^^^^^^^^^^^^^^^^^^^^^^^^^
.venv/lib/python3.11/site-packages/botocore/retryhandler.py:363: in __call__
    checker_response = checker(
.venv/lib/python3.11/site-packages/botocore/retryhandler.py:247: in __call__
    return self._check_caught_exception(
.venv/lib/python3.11/site-packages/botocore/retryhandler.py:416: in _check_caught_exception
    raise caught_exception
.venv/lib/python3.11/site-packages/botocore/endpoint.py:279: in _do_get_response
    http_response = self._send(request)
                    ^^^^^^^^^^^^^^^^^^^
.venv/lib/python3.11/site-packages/botocore/endpoint.py:383: in _send
    return self.http_session.send(request)
           ^^^^^^^^^^^^^^^^^^^^^^^^^^^^^^^
.venv/lib/python3.11/site-packages/botocore/httpsession.py:506: in send
    raise EndpointConnectionError(endpoint_url=request.url, error=e)
E   botocore.exceptions.EndpointConnectionError: Could not connect to the endpoint URL: "http://localhost:8001/"
---------------------------- Captured stdout setup -----------------------------
2026-05-17 20:11:18 - app.main - ERROR - Unhandled exception: Could not connect to the endpoint URL: "http://localhost:8001/"
Traceback (most recent call last):
  File "/Users/andyschwarz/Documents/Privat/OverCloud/backend/.venv/lib/python3.11/site-packages/urllib3/connection.py", line 204, in _new_conn
    sock = connection.create_connection(
           ^^^^^^^^^^^^^^^^^^^^^^^^^^^^^
  File "/Users/andyschwarz/Documents/Privat/OverCloud/backend/.venv/lib/python3.11/site-packages/urllib3/util/connection.py", line 85, in create_connection
    raise err
  File "/Users/andyschwarz/Documents/Privat/OverCloud/backend/.venv/lib/python3.11/site-packages/urllib3/util/connection.py", line 73, in create_connection
    sock.connect(sa)
ConnectionRefusedError: [Errno 61] Connection refused

The above exception was the direct cause of the following exception:

Traceback (most recent call last):
  File "/Users/andyschwarz/Documents/Privat/OverCloud/backend/.venv/lib/python3.11/site-packages/botocore/httpsession.py", line 477, in send
    urllib_response = conn.urlopen(
                      ^^^^^^^^^^^^^
  File "/Users/andyschwarz/Documents/Privat/OverCloud/backend/.venv/lib/python3.11/site-packages/urllib3/connectionpool.py", line 841, in urlopen
    retries = retries.increment(
              ^^^^^^^^^^^^^^^^^^
  File "/Users/andyschwarz/Documents/Privat/OverCloud/backend/.venv/lib/python3.11/site-packages/urllib3/util/retry.py", line 465, in increment
    raise reraise(type(error), error, _stacktrace)
          ^^^^^^^^^^^^^^^^^^^^^^^^^^^^^^^^^^^^^^^^
  File "/Users/andyschwarz/Documents/Privat/OverCloud/backend/.venv/lib/python3.11/site-packages/urllib3/util/util.py", line 39, in reraise
    raise value
  File "/Users/andyschwarz/Documents/Privat/OverCloud/backend/.venv/lib/python3.11/site-packages/urllib3/connectionpool.py", line 787, in urlopen
    response = self._make_request(
               ^^^^^^^^^^^^^^^^^^^
  File "/Users/andyschwarz/Documents/Privat/OverCloud/backend/.venv/lib/python3.11/site-packages/urllib3/connectionpool.py", line 493, in _make_request
    conn.request(
  File "/Users/andyschwarz/Documents/Privat/OverCloud/backend/.venv/lib/python3.11/site-packages/botocore/awsrequest.py", line 96, in request
    rval = super().request(method, url, body, headers, *args, **kwargs)
           ^^^^^^^^^^^^^^^^^^^^^^^^^^^^^^^^^^^^^^^^^^^^^^^^^^^^^^^^^^^^
  File "/Users/andyschwarz/Documents/Privat/OverCloud/backend/.venv/lib/python3.11/site-packages/urllib3/connection.py", line 500, in request
    self.endheaders()
  File "/opt/homebrew/Cellar/python@3.11/3.11.15/Frameworks/Python.framework/Versions/3.11/lib/python3.11/http/client.py", line 1318, in endheaders
    self._send_output(message_body, encode_chunked=encode_chunked)
  File "/Users/andyschwarz/Documents/Privat/OverCloud/backend/.venv/lib/python3.11/site-packages/botocore/awsrequest.py", line 123, in _send_output
    self.send(msg)
  File "/Users/andyschwarz/Documents/Privat/OverCloud/backend/.venv/lib/python3.11/site-packages/botocore/awsrequest.py", line 223, in send
    return super().send(str)
           ^^^^^^^^^^^^^^^^^
  File "/opt/homebrew/Cellar/python@3.11/3.11.15/Frameworks/Python.framework/Versions/3.11/lib/python3.11/http/client.py", line 1016, in send
    self.connect()
  File "/Users/andyschwarz/Documents/Privat/OverCloud/backend/.venv/lib/python3.11/site-packages/urllib3/connection.py", line 331, in connect
    self.sock = self._new_conn()
                ^^^^^^^^^^^^^^^^
  File "/Users/andyschwarz/Documents/Privat/OverCloud/backend/.venv/lib/python3.11/site-packages/urllib3/connection.py", line 219, in _new_conn
    raise NewConnectionError(
urllib3.exceptions.NewConnectionError: AWSHTTPConnection(host='localhost', port=8001): Failed to establish a new connection: [Errno 61] Connection refused

The above exception was the direct cause of the following exception:

Traceback (most recent call last):
  File "/Users/andyschwarz/Documents/Privat/OverCloud/backend/.venv/lib/python3.11/site-packages/starlette/middleware/errors.py", line 164, in __call__
    await self.app(scope, receive, _send)
  File "/Users/andyschwarz/Documents/Privat/OverCloud/backend/.venv/lib/python3.11/site-packages/starlette/middleware/base.py", line 191, in __call__
    with recv_stream, send_stream, collapse_excgroups():
  File "/opt/homebrew/Cellar/python@3.11/3.11.15/Frameworks/Python.framework/Versions/3.11/lib/python3.11/contextlib.py", line 158, in __exit__
    self.gen.throw(typ, value, traceback)
  File "/Users/andyschwarz/Documents/Privat/OverCloud/backend/.venv/lib/python3.11/site-packages/starlette/_utils.py", line 87, in collapse_excgroups
    raise exc
  File "/Users/andyschwarz/Documents/Privat/OverCloud/backend/.venv/lib/python3.11/site-packages/starlette/middleware/base.py", line 193, in __call__
    response = await self.dispatch_func(request, call_next)
               ^^^^^^^^^^^^^^^^^^^^^^^^^^^^^^^^^^^^^^^^^^^^
  File "/Users/andyschwarz/Documents/Privat/OverCloud/backend/app/main.py", line 61, in add_security_headers
    response = await call_next(request)
               ^^^^^^^^^^^^^^^^^^^^^^^^
  File "/Users/andyschwarz/Documents/Privat/OverCloud/backend/.venv/lib/python3.11/site-packages/starlette/middleware/base.py", line 168, in call_next
    raise app_exc from app_exc.__cause__ or app_exc.__context__
  File "/Users/andyschwarz/Documents/Privat/OverCloud/backend/.venv/lib/python3.11/site-packages/starlette/middleware/base.py", line 144, in coro
    await self.app(scope, receive_or_disconnect, send_no_error)
  File "/Users/andyschwarz/Documents/Privat/OverCloud/backend/.venv/lib/python3.11/site-packages/starlette/middleware/cors.py", line 88, in __call__
    await self.app(scope, receive, send)
  File "/Users/andyschwarz/Documents/Privat/OverCloud/backend/.venv/lib/python3.11/site-packages/starlette/middleware/exceptions.py", line 63, in __call__
    await wrap_app_handling_exceptions(self.app, conn)(scope, receive, send)
  File "/Users/andyschwarz/Documents/Privat/OverCloud/backend/.venv/lib/python3.11/site-packages/starlette/_exception_handler.py", line 53, in wrapped_app
    raise exc
  File "/Users/andyschwarz/Documents/Privat/OverCloud/backend/.venv/lib/python3.11/site-packages/starlette/_exception_handler.py", line 42, in wrapped_app
    await app(scope, receive, sender)
  File "/Users/andyschwarz/Documents/Privat/OverCloud/backend/.venv/lib/python3.11/site-packages/fastapi/middleware/asyncexitstack.py", line 18, in __call__
    await self.app(scope, receive, send)
  File "/Users/andyschwarz/Documents/Privat/OverCloud/backend/.venv/lib/python3.11/site-packages/starlette/routing.py", line 660, in __call__
    await self.middleware_stack(scope, receive, send)
  File "/Users/andyschwarz/Documents/Privat/OverCloud/backend/.venv/lib/python3.11/site-packages/starlette/routing.py", line 680, in app
    await route.handle(scope, receive, send)
  File "/Users/andyschwarz/Documents/Privat/OverCloud/backend/.venv/lib/python3.11/site-packages/starlette/routing.py", line 276, in handle
    await self.app(scope, receive, send)
  File "/Users/andyschwarz/Documents/Privat/OverCloud/backend/.venv/lib/python3.11/site-packages/fastapi/routing.py", line 130, in app
    await wrap_app_handling_exceptions(app, request)(scope, receive, send)
  File "/Users/andyschwarz/Documents/Privat/OverCloud/backend/.venv/lib/python3.11/site-packages/starlette/_exception_handler.py", line 53, in wrapped_app
    raise exc
  File "/Users/andyschwarz/Documents/Privat/OverCloud/backend/.venv/lib/python3.11/site-packages/starlette/_exception_handler.py", line 42, in wrapped_app
    await app(scope, receive, sender)
  File "/Users/andyschwarz/Documents/Privat/OverCloud/backend/.venv/lib/python3.11/site-packages/fastapi/routing.py", line 116, in app
    response = await f(request)
               ^^^^^^^^^^^^^^^^
  File "/Users/andyschwarz/Documents/Privat/OverCloud/backend/.venv/lib/python3.11/site-packages/fastapi/routing.py", line 670, in app
    raw_response = await run_endpoint_function(
                   ^^^^^^^^^^^^^^^^^^^^^^^^^^^^
  File "/Users/andyschwarz/Documents/Privat/OverCloud/backend/.venv/lib/python3.11/site-packages/fastapi/routing.py", line 324, in run_endpoint_function
    return await dependant.call(**values)
           ^^^^^^^^^^^^^^^^^^^^^^^^^^^^^^
  File "/Users/andyschwarz/Documents/Privat/OverCloud/backend/.venv/lib/python3.11/site-packages/slowapi/extension.py", line 734, in async_wrapper
    response = await func(*args, **kwargs)  # type: ignore
               ^^^^^^^^^^^^^^^^^^^^^^^^^^^
  File "/Users/andyschwarz/Documents/Privat/OverCloud/backend/app/api/auth.py", line 323, in register
    existing_user = user_repo.get_by_email(user_create.email)
                    ^^^^^^^^^^^^^^^^^^^^^^^^^^^^^^^^^^^^^^^^^
  File "/Users/andyschwarz/Documents/Privat/OverCloud/backend/app/repositories/user.py", line 169, in get_by_email
    items, _ = self._query(
               ^^^^^^^^^^^^
  File "/Users/andyschwarz/Documents/Privat/OverCloud/backend/app/repositories/base.py", line 145, in _query
    response = self.table.query(**kwargs)
               ^^^^^^^^^^^^^^^^^^^^^^^^^^
  File "/Users/andyschwarz/Documents/Privat/OverCloud/backend/.venv/lib/python3.11/site-packages/boto3/resources/factory.py", line 581, in do_action
    response = action(self, *args, **kwargs)
               ^^^^^^^^^^^^^^^^^^^^^^^^^^^^^
  File "/Users/andyschwarz/Documents/Privat/OverCloud/backend/.venv/lib/python3.11/site-packages/boto3/resources/action.py", line 88, in __call__
    response = getattr(parent.meta.client, operation_name)(*args, **params)
               ^^^^^^^^^^^^^^^^^^^^^^^^^^^^^^^^^^^^^^^^^^^^^^^^^^^^^^^^^^^^
  File "/Users/andyschwarz/Documents/Privat/OverCloud/backend/.venv/lib/python3.11/site-packages/botocore/client.py", line 602, in _api_call
    return self._make_api_call(operation_name, kwargs)
           ^^^^^^^^^^^^^^^^^^^^^^^^^^^^^^^^^^^^^^^^^^^
  File "/Users/andyschwarz/Documents/Privat/OverCloud/backend/.venv/lib/python3.11/site-packages/botocore/context.py", line 123, in wrapper
    return func(*args, **kwargs)
           ^^^^^^^^^^^^^^^^^^^^^
  File "/Users/andyschwarz/Documents/Privat/OverCloud/backend/.venv/lib/python3.11/site-packages/botocore/client.py", line 1060, in _make_api_call
    http, parsed_response = self._make_request(
                            ^^^^^^^^^^^^^^^^^^^
  File "/Users/andyschwarz/Documents/Privat/OverCloud/backend/.venv/lib/python3.11/site-packages/botocore/client.py", line 1084, in _make_request
    return self._endpoint.make_request(operation_model, request_dict)
           ^^^^^^^^^^^^^^^^^^^^^^^^^^^^^^^^^^^^^^^^^^^^^^^^^^^^^^^^^^
  File "/Users/andyschwarz/Documents/Privat/OverCloud/backend/.venv/lib/python3.11/site-packages/botocore/endpoint.py", line 119, in make_request
    return self._send_request(request_dict, operation_model)
           ^^^^^^^^^^^^^^^^^^^^^^^^^^^^^^^^^^^^^^^^^^^^^^^^^
  File "/Users/andyschwarz/Documents/Privat/OverCloud/backend/.venv/lib/python3.11/site-packages/botocore/endpoint.py", line 200, in _send_request
    while self._needs_retry(
          ^^^^^^^^^^^^^^^^^^
  File "/Users/andyschwarz/Documents/Privat/OverCloud/backend/.venv/lib/python3.11/site-packages/botocore/endpoint.py", line 360, in _needs_retry
    responses = self._event_emitter.emit(
                ^^^^^^^^^^^^^^^^^^^^^^^^^
  File "/Users/andyschwarz/Documents/Privat/OverCloud/backend/.venv/lib/python3.11/site-packages/botocore/hooks.py", line 412, in emit
    return self._emitter.emit(aliased_event_name, **kwargs)
           ^^^^^^^^^^^^^^^^^^^^^^^^^^^^^^^^^^^^^^^^^^^^^^^^
  File "/Users/andyschwarz/Documents/Privat/OverCloud/backend/.venv/lib/python3.11/site-packages/botocore/hooks.py", line 256, in emit
    return self._emit(event_name, kwargs)
           ^^^^^^^^^^^^^^^^^^^^^^^^^^^^^^
  File "/Users/andyschwarz/Documents/Privat/OverCloud/backend/.venv/lib/python3.11/site-packages/botocore/hooks.py", line 239, in _emit
    response = handler(**kwargs)
               ^^^^^^^^^^^^^^^^^
  File "/Users/andyschwarz/Documents/Privat/OverCloud/backend/.venv/lib/python3.11/site-packages/botocore/retryhandler.py", line 207, in __call__
    if self._checker(**checker_kwargs):
       ^^^^^^^^^^^^^^^^^^^^^^^^^^^^^^^
  File "/Users/andyschwarz/Documents/Privat/OverCloud/backend/.venv/lib/python3.11/site-packages/botocore/retryhandler.py", line 284, in __call__
    should_retry = self._should_retry(
                   ^^^^^^^^^^^^^^^^^^^
  File "/Users/andyschwarz/Documents/Privat/OverCloud/backend/.venv/lib/python3.11/site-packages/botocore/retryhandler.py", line 320, in _should_retry
    return self._checker(attempt_number, response, caught_exception)
           ^^^^^^^^^^^^^^^^^^^^^^^^^^^^^^^^^^^^^^^^^^^^^^^^^^^^^^^^^
  File "/Users/andyschwarz/Documents/Privat/OverCloud/backend/.venv/lib/python3.11/site-packages/botocore/retryhandler.py", line 363, in __call__
    checker_response = checker(
                       ^^^^^^^^
  File "/Users/andyschwarz/Documents/Privat/OverCloud/backend/.venv/lib/python3.11/site-packages/botocore/retryhandler.py", line 247, in __call__
    return self._check_caught_exception(
           ^^^^^^^^^^^^^^^^^^^^^^^^^^^^^
  File "/Users/andyschwarz/Documents/Privat/OverCloud/backend/.venv/lib/python3.11/site-packages/botocore/retryhandler.py", line 416, in _check_caught_exception
    raise caught_exception
  File "/Users/andyschwarz/Documents/Privat/OverCloud/backend/.venv/lib/python3.11/site-packages/botocore/endpoint.py", line 279, in _do_get_response
    http_response = self._send(request)
                    ^^^^^^^^^^^^^^^^^^^
  File "/Users/andyschwarz/Documents/Privat/OverCloud/backend/.venv/lib/python3.11/site-packages/botocore/endpoint.py", line 383, in _send
    return self.http_session.send(request)
           ^^^^^^^^^^^^^^^^^^^^^^^^^^^^^^^
  File "/Users/andyschwarz/Documents/Privat/OverCloud/backend/.venv/lib/python3.11/site-packages/botocore/httpsession.py", line 506, in send
    raise EndpointConnectionError(endpoint_url=request.url, error=e)
botocore.exceptions.EndpointConnectionError: Could not connect to the endpoint URL: "http://localhost:8001/"
------------------------------ Captured log setup ------------------------------
ERROR    app.main:main.py:112 Unhandled exception: Could not connect to the endpoint URL: "http://localhost:8001/"
Traceback (most recent call last):
  File "/Users/andyschwarz/Documents/Privat/OverCloud/backend/.venv/lib/python3.11/site-packages/urllib3/connection.py", line 204, in _new_conn
    sock = connection.create_connection(
           ^^^^^^^^^^^^^^^^^^^^^^^^^^^^^
  File "/Users/andyschwarz/Documents/Privat/OverCloud/backend/.venv/lib/python3.11/site-packages/urllib3/util/connection.py", line 85, in create_connection
    raise err
  File "/Users/andyschwarz/Documents/Privat/OverCloud/backend/.venv/lib/python3.11/site-packages/urllib3/util/connection.py", line 73, in create_connection
    sock.connect(sa)
ConnectionRefusedError: [Errno 61] Connection refused

The above exception was the direct cause of the following exception:

Traceback (most recent call last):
  File "/Users/andyschwarz/Documents/Privat/OverCloud/backend/.venv/lib/python3.11/site-packages/botocore/httpsession.py", line 477, in send
    urllib_response = conn.urlopen(
                      ^^^^^^^^^^^^^
  File "/Users/andyschwarz/Documents/Privat/OverCloud/backend/.venv/lib/python3.11/site-packages/urllib3/connectionpool.py", line 841, in urlopen
    retries = retries.increment(
              ^^^^^^^^^^^^^^^^^^
  File "/Users/andyschwarz/Documents/Privat/OverCloud/backend/.venv/lib/python3.11/site-packages/urllib3/util/retry.py", line 465, in increment
    raise reraise(type(error), error, _stacktrace)
          ^^^^^^^^^^^^^^^^^^^^^^^^^^^^^^^^^^^^^^^^
  File "/Users/andyschwarz/Documents/Privat/OverCloud/backend/.venv/lib/python3.11/site-packages/urllib3/util/util.py", line 39, in reraise
    raise value
  File "/Users/andyschwarz/Documents/Privat/OverCloud/backend/.venv/lib/python3.11/site-packages/urllib3/connectionpool.py", line 787, in urlopen
    response = self._make_request(
               ^^^^^^^^^^^^^^^^^^^
  File "/Users/andyschwarz/Documents/Privat/OverCloud/backend/.venv/lib/python3.11/site-packages/urllib3/connectionpool.py", line 493, in _make_request
    conn.request(
  File "/Users/andyschwarz/Documents/Privat/OverCloud/backend/.venv/lib/python3.11/site-packages/botocore/awsrequest.py", line 96, in request
    rval = super().request(method, url, body, headers, *args, **kwargs)
           ^^^^^^^^^^^^^^^^^^^^^^^^^^^^^^^^^^^^^^^^^^^^^^^^^^^^^^^^^^^^
  File "/Users/andyschwarz/Documents/Privat/OverCloud/backend/.venv/lib/python3.11/site-packages/urllib3/connection.py", line 500, in request
    self.endheaders()
  File "/opt/homebrew/Cellar/python@3.11/3.11.15/Frameworks/Python.framework/Versions/3.11/lib/python3.11/http/client.py", line 1318, in endheaders
    self._send_output(message_body, encode_chunked=encode_chunked)
  File "/Users/andyschwarz/Documents/Privat/OverCloud/backend/.venv/lib/python3.11/site-packages/botocore/awsrequest.py", line 123, in _send_output
    self.send(msg)
  File "/Users/andyschwarz/Documents/Privat/OverCloud/backend/.venv/lib/python3.11/site-packages/botocore/awsrequest.py", line 223, in send
    return super().send(str)
           ^^^^^^^^^^^^^^^^^
  File "/opt/homebrew/Cellar/python@3.11/3.11.15/Frameworks/Python.framework/Versions/3.11/lib/python3.11/http/client.py", line 1016, in send
    self.connect()
  File "/Users/andyschwarz/Documents/Privat/OverCloud/backend/.venv/lib/python3.11/site-packages/urllib3/connection.py", line 331, in connect
    self.sock = self._new_conn()
                ^^^^^^^^^^^^^^^^
  File "/Users/andyschwarz/Documents/Privat/OverCloud/backend/.venv/lib/python3.11/site-packages/urllib3/connection.py", line 219, in _new_conn
    raise NewConnectionError(
urllib3.exceptions.NewConnectionError: AWSHTTPConnection(host='localhost', port=8001): Failed to establish a new connection: [Errno 61] Connection refused

The above exception was the direct cause of the following exception:

Traceback (most recent call last):
  File "/Users/andyschwarz/Documents/Privat/OverCloud/backend/.venv/lib/python3.11/site-packages/starlette/middleware/errors.py", line 164, in __call__
    await self.app(scope, receive, _send)
  File "/Users/andyschwarz/Documents/Privat/OverCloud/backend/.venv/lib/python3.11/site-packages/starlette/middleware/base.py", line 191, in __call__
    with recv_stream, send_stream, collapse_excgroups():
  File "/opt/homebrew/Cellar/python@3.11/3.11.15/Frameworks/Python.framework/Versions/3.11/lib/python3.11/contextlib.py", line 158, in __exit__
    self.gen.throw(typ, value, traceback)
  File "/Users/andyschwarz/Documents/Privat/OverCloud/backend/.venv/lib/python3.11/site-packages/starlette/_utils.py", line 87, in collapse_excgroups
    raise exc
  File "/Users/andyschwarz/Documents/Privat/OverCloud/backend/.venv/lib/python3.11/site-packages/starlette/middleware/base.py", line 193, in __call__
    response = await self.dispatch_func(request, call_next)
               ^^^^^^^^^^^^^^^^^^^^^^^^^^^^^^^^^^^^^^^^^^^^
  File "/Users/andyschwarz/Documents/Privat/OverCloud/backend/app/main.py", line 61, in add_security_headers
    response = await call_next(request)
               ^^^^^^^^^^^^^^^^^^^^^^^^
  File "/Users/andyschwarz/Documents/Privat/OverCloud/backend/.venv/lib/python3.11/site-packages/starlette/middleware/base.py", line 168, in call_next
    raise app_exc from app_exc.__cause__ or app_exc.__context__
  File "/Users/andyschwarz/Documents/Privat/OverCloud/backend/.venv/lib/python3.11/site-packages/starlette/middleware/base.py", line 144, in coro
    await self.app(scope, receive_or_disconnect, send_no_error)
  File "/Users/andyschwarz/Documents/Privat/OverCloud/backend/.venv/lib/python3.11/site-packages/starlette/middleware/cors.py", line 88, in __call__
    await self.app(scope, receive, send)
  File "/Users/andyschwarz/Documents/Privat/OverCloud/backend/.venv/lib/python3.11/site-packages/starlette/middleware/exceptions.py", line 63, in __call__
    await wrap_app_handling_exceptions(self.app, conn)(scope, receive, send)
  File "/Users/andyschwarz/Documents/Privat/OverCloud/backend/.venv/lib/python3.11/site-packages/starlette/_exception_handler.py", line 53, in wrapped_app
    raise exc
  File "/Users/andyschwarz/Documents/Privat/OverCloud/backend/.venv/lib/python3.11/site-packages/starlette/_exception_handler.py", line 42, in wrapped_app
    await app(scope, receive, sender)
  File "/Users/andyschwarz/Documents/Privat/OverCloud/backend/.venv/lib/python3.11/site-packages/fastapi/middleware/asyncexitstack.py", line 18, in __call__
    await self.app(scope, receive, send)
  File "/Users/andyschwarz/Documents/Privat/OverCloud/backend/.venv/lib/python3.11/site-packages/starlette/routing.py", line 660, in __call__
    await self.middleware_stack(scope, receive, send)
  File "/Users/andyschwarz/Documents/Privat/OverCloud/backend/.venv/lib/python3.11/site-packages/starlette/routing.py", line 680, in app
    await route.handle(scope, receive, send)
  File "/Users/andyschwarz/Documents/Privat/OverCloud/backend/.venv/lib/python3.11/site-packages/starlette/routing.py", line 276, in handle
    await self.app(scope, receive, send)
  File "/Users/andyschwarz/Documents/Privat/OverCloud/backend/.venv/lib/python3.11/site-packages/fastapi/routing.py", line 130, in app
    await wrap_app_handling_exceptions(app, request)(scope, receive, send)
  File "/Users/andyschwarz/Documents/Privat/OverCloud/backend/.venv/lib/python3.11/site-packages/starlette/_exception_handler.py", line 53, in wrapped_app
    raise exc
  File "/Users/andyschwarz/Documents/Privat/OverCloud/backend/.venv/lib/python3.11/site-packages/starlette/_exception_handler.py", line 42, in wrapped_app
    await app(scope, receive, sender)
  File "/Users/andyschwarz/Documents/Privat/OverCloud/backend/.venv/lib/python3.11/site-packages/fastapi/routing.py", line 116, in app
    response = await f(request)
               ^^^^^^^^^^^^^^^^
  File "/Users/andyschwarz/Documents/Privat/OverCloud/backend/.venv/lib/python3.11/site-packages/fastapi/routing.py", line 670, in app
    raw_response = await run_endpoint_function(
                   ^^^^^^^^^^^^^^^^^^^^^^^^^^^^
  File "/Users/andyschwarz/Documents/Privat/OverCloud/backend/.venv/lib/python3.11/site-packages/fastapi/routing.py", line 324, in run_endpoint_function
    return await dependant.call(**values)
           ^^^^^^^^^^^^^^^^^^^^^^^^^^^^^^
  File "/Users/andyschwarz/Documents/Privat/OverCloud/backend/.venv/lib/python3.11/site-packages/slowapi/extension.py", line 734, in async_wrapper
    response = await func(*args, **kwargs)  # type: ignore
               ^^^^^^^^^^^^^^^^^^^^^^^^^^^
  File "/Users/andyschwarz/Documents/Privat/OverCloud/backend/app/api/auth.py", line 323, in register
    existing_user = user_repo.get_by_email(user_create.email)
                    ^^^^^^^^^^^^^^^^^^^^^^^^^^^^^^^^^^^^^^^^^
  File "/Users/andyschwarz/Documents/Privat/OverCloud/backend/app/repositories/user.py", line 169, in get_by_email
    items, _ = self._query(
               ^^^^^^^^^^^^
  File "/Users/andyschwarz/Documents/Privat/OverCloud/backend/app/repositories/base.py", line 145, in _query
    response = self.table.query(**kwargs)
               ^^^^^^^^^^^^^^^^^^^^^^^^^^
  File "/Users/andyschwarz/Documents/Privat/OverCloud/backend/.venv/lib/python3.11/site-packages/boto3/resources/factory.py", line 581, in do_action
    response = action(self, *args, **kwargs)
               ^^^^^^^^^^^^^^^^^^^^^^^^^^^^^
  File "/Users/andyschwarz/Documents/Privat/OverCloud/backend/.venv/lib/python3.11/site-packages/boto3/resources/action.py", line 88, in __call__
    response = getattr(parent.meta.client, operation_name)(*args, **params)
               ^^^^^^^^^^^^^^^^^^^^^^^^^^^^^^^^^^^^^^^^^^^^^^^^^^^^^^^^^^^^
  File "/Users/andyschwarz/Documents/Privat/OverCloud/backend/.venv/lib/python3.11/site-packages/botocore/client.py", line 602, in _api_call
    return self._make_api_call(operation_name, kwargs)
           ^^^^^^^^^^^^^^^^^^^^^^^^^^^^^^^^^^^^^^^^^^^
  File "/Users/andyschwarz/Documents/Privat/OverCloud/backend/.venv/lib/python3.11/site-packages/botocore/context.py", line 123, in wrapper
    return func(*args, **kwargs)
           ^^^^^^^^^^^^^^^^^^^^^
  File "/Users/andyschwarz/Documents/Privat/OverCloud/backend/.venv/lib/python3.11/site-packages/botocore/client.py", line 1060, in _make_api_call
    http, parsed_response = self._make_request(
                            ^^^^^^^^^^^^^^^^^^^
  File "/Users/andyschwarz/Documents/Privat/OverCloud/backend/.venv/lib/python3.11/site-packages/botocore/client.py", line 1084, in _make_request
    return self._endpoint.make_request(operation_model, request_dict)
           ^^^^^^^^^^^^^^^^^^^^^^^^^^^^^^^^^^^^^^^^^^^^^^^^^^^^^^^^^^
  File "/Users/andyschwarz/Documents/Privat/OverCloud/backend/.venv/lib/python3.11/site-packages/botocore/endpoint.py", line 119, in make_request
    return self._send_request(request_dict, operation_model)
           ^^^^^^^^^^^^^^^^^^^^^^^^^^^^^^^^^^^^^^^^^^^^^^^^^
  File "/Users/andyschwarz/Documents/Privat/OverCloud/backend/.venv/lib/python3.11/site-packages/botocore/endpoint.py", line 200, in _send_request
    while self._needs_retry(
          ^^^^^^^^^^^^^^^^^^
  File "/Users/andyschwarz/Documents/Privat/OverCloud/backend/.venv/lib/python3.11/site-packages/botocore/endpoint.py", line 360, in _needs_retry
    responses = self._event_emitter.emit(
                ^^^^^^^^^^^^^^^^^^^^^^^^^
  File "/Users/andyschwarz/Documents/Privat/OverCloud/backend/.venv/lib/python3.11/site-packages/botocore/hooks.py", line 412, in emit
    return self._emitter.emit(aliased_event_name, **kwargs)
           ^^^^^^^^^^^^^^^^^^^^^^^^^^^^^^^^^^^^^^^^^^^^^^^^
  File "/Users/andyschwarz/Documents/Privat/OverCloud/backend/.venv/lib/python3.11/site-packages/botocore/hooks.py", line 256, in emit
    return self._emit(event_name, kwargs)
           ^^^^^^^^^^^^^^^^^^^^^^^^^^^^^^
  File "/Users/andyschwarz/Documents/Privat/OverCloud/backend/.venv/lib/python3.11/site-packages/botocore/hooks.py", line 239, in _emit
    response = handler(**kwargs)
               ^^^^^^^^^^^^^^^^^
  File "/Users/andyschwarz/Documents/Privat/OverCloud/backend/.venv/lib/python3.11/site-packages/botocore/retryhandler.py", line 207, in __call__
    if self._checker(**checker_kwargs):
       ^^^^^^^^^^^^^^^^^^^^^^^^^^^^^^^
  File "/Users/andyschwarz/Documents/Privat/OverCloud/backend/.venv/lib/python3.11/site-packages/botocore/retryhandler.py", line 284, in __call__
    should_retry = self._should_retry(
                   ^^^^^^^^^^^^^^^^^^^
  File "/Users/andyschwarz/Documents/Privat/OverCloud/backend/.venv/lib/python3.11/site-packages/botocore/retryhandler.py", line 320, in _should_retry
    return self._checker(attempt_number, response, caught_exception)
           ^^^^^^^^^^^^^^^^^^^^^^^^^^^^^^^^^^^^^^^^^^^^^^^^^^^^^^^^^
  File "/Users/andyschwarz/Documents/Privat/OverCloud/backend/.venv/lib/python3.11/site-packages/botocore/retryhandler.py", line 363, in __call__
    checker_response = checker(
                       ^^^^^^^^
  File "/Users/andyschwarz/Documents/Privat/OverCloud/backend/.venv/lib/python3.11/site-packages/botocore/retryhandler.py", line 247, in __call__
    return self._check_caught_exception(
           ^^^^^^^^^^^^^^^^^^^^^^^^^^^^^
  File "/Users/andyschwarz/Documents/Privat/OverCloud/backend/.venv/lib/python3.11/site-packages/botocore/retryhandler.py", line 416, in _check_caught_exception
    raise caught_exception
  File "/Users/andyschwarz/Documents/Privat/OverCloud/backend/.venv/lib/python3.11/site-packages/botocore/endpoint.py", line 279, in _do_get_response
    http_response = self._send(request)
                    ^^^^^^^^^^^^^^^^^^^
  File "/Users/andyschwarz/Documents/Privat/OverCloud/backend/.venv/lib/python3.11/site-packages/botocore/endpoint.py", line 383, in _send
    return self.http_session.send(request)
           ^^^^^^^^^^^^^^^^^^^^^^^^^^^^^^^
  File "/Users/andyschwarz/Documents/Privat/OverCloud/backend/.venv/lib/python3.11/site-packages/botocore/httpsession.py", line 506, in send
    raise EndpointConnectionError(endpoint_url=request.url, error=e)
botocore.exceptions.EndpointConnectionError: Could not connect to the endpoint URL: "http://localhost:8001/"
___________ ERROR at setup of test_refresh_endpoint_with_valid_token ___________
.venv/lib/python3.11/site-packages/urllib3/connection.py:204: in _new_conn
    sock = connection.create_connection(
.venv/lib/python3.11/site-packages/urllib3/util/connection.py:85: in create_connection
    raise err
.venv/lib/python3.11/site-packages/urllib3/util/connection.py:73: in create_connection
    sock.connect(sa)
E   ConnectionRefusedError: [Errno 61] Connection refused

The above exception was the direct cause of the following exception:
.venv/lib/python3.11/site-packages/botocore/httpsession.py:477: in send
    urllib_response = conn.urlopen(
.venv/lib/python3.11/site-packages/urllib3/connectionpool.py:841: in urlopen
    retries = retries.increment(
.venv/lib/python3.11/site-packages/urllib3/util/retry.py:465: in increment
    raise reraise(type(error), error, _stacktrace)
          ^^^^^^^^^^^^^^^^^^^^^^^^^^^^^^^^^^^^^^^^
.venv/lib/python3.11/site-packages/urllib3/util/util.py:39: in reraise
    raise value
.venv/lib/python3.11/site-packages/urllib3/connectionpool.py:787: in urlopen
    response = self._make_request(
.venv/lib/python3.11/site-packages/urllib3/connectionpool.py:493: in _make_request
    conn.request(
.venv/lib/python3.11/site-packages/botocore/awsrequest.py:96: in request
    rval = super().request(method, url, body, headers, *args, **kwargs)
           ^^^^^^^^^^^^^^^^^^^^^^^^^^^^^^^^^^^^^^^^^^^^^^^^^^^^^^^^^^^^
.venv/lib/python3.11/site-packages/urllib3/connection.py:500: in request
    self.endheaders()
/opt/homebrew/Cellar/python@3.11/3.11.15/Frameworks/Python.framework/Versions/3.11/lib/python3.11/http/client.py:1318: in endheaders
    self._send_output(message_body, encode_chunked=encode_chunked)
.venv/lib/python3.11/site-packages/botocore/awsrequest.py:123: in _send_output
    self.send(msg)
.venv/lib/python3.11/site-packages/botocore/awsrequest.py:223: in send
    return super().send(str)
           ^^^^^^^^^^^^^^^^^
/opt/homebrew/Cellar/python@3.11/3.11.15/Frameworks/Python.framework/Versions/3.11/lib/python3.11/http/client.py:1016: in send
    self.connect()
.venv/lib/python3.11/site-packages/urllib3/connection.py:331: in connect
    self.sock = self._new_conn()
                ^^^^^^^^^^^^^^^^
.venv/lib/python3.11/site-packages/urllib3/connection.py:219: in _new_conn
    raise NewConnectionError(
E   urllib3.exceptions.NewConnectionError: AWSHTTPConnection(host='localhost', port=8001): Failed to establish a new connection: [Errno 61] Connection refused

The above exception was the direct cause of the following exception:
tests/integration/test_refresh_token_flow.py:24: in test_user
    response = client.post(
.venv/lib/python3.11/site-packages/starlette/testclient.py:546: in post
    return super().post(
.venv/lib/python3.11/site-packages/httpx/_client.py:1144: in post
    return self.request(
.venv/lib/python3.11/site-packages/starlette/testclient.py:445: in request
    return super().request(
.venv/lib/python3.11/site-packages/httpx/_client.py:825: in request
    return self.send(request, auth=auth, follow_redirects=follow_redirects)
           ^^^^^^^^^^^^^^^^^^^^^^^^^^^^^^^^^^^^^^^^^^^^^^^^^^^^^^^^^^^^^^^^
.venv/lib/python3.11/site-packages/httpx/_client.py:914: in send
    response = self._send_handling_auth(
.venv/lib/python3.11/site-packages/httpx/_client.py:942: in _send_handling_auth
    response = self._send_handling_redirects(
.venv/lib/python3.11/site-packages/httpx/_client.py:979: in _send_handling_redirects
    response = self._send_single_request(request)
               ^^^^^^^^^^^^^^^^^^^^^^^^^^^^^^^^^^
.venv/lib/python3.11/site-packages/httpx/_client.py:1014: in _send_single_request
    response = transport.handle_request(request)
               ^^^^^^^^^^^^^^^^^^^^^^^^^^^^^^^^^
.venv/lib/python3.11/site-packages/starlette/testclient.py:348: in handle_request
    raise exc
.venv/lib/python3.11/site-packages/starlette/testclient.py:345: in handle_request
    portal.call(self.app, scope, receive, send)
.venv/lib/python3.11/site-packages/anyio/from_thread.py:334: in call
    return cast(T_Retval, self.start_task_soon(func, *args).result())
                          ^^^^^^^^^^^^^^^^^^^^^^^^^^^^^^^^^^^^^^^^^^
/opt/homebrew/Cellar/python@3.11/3.11.15/Frameworks/Python.framework/Versions/3.11/lib/python3.11/concurrent/futures/_base.py:456: in result
    return self.__get_result()
           ^^^^^^^^^^^^^^^^^^^
/opt/homebrew/Cellar/python@3.11/3.11.15/Frameworks/Python.framework/Versions/3.11/lib/python3.11/concurrent/futures/_base.py:401: in __get_result
    raise self._exception
.venv/lib/python3.11/site-packages/anyio/from_thread.py:259: in _call_func
    retval = await retval_or_awaitable
             ^^^^^^^^^^^^^^^^^^^^^^^^^
.venv/lib/python3.11/site-packages/fastapi/applications.py:1160: in __call__
    await super().__call__(scope, receive, send)
.venv/lib/python3.11/site-packages/starlette/applications.py:90: in __call__
    await self.middleware_stack(scope, receive, send)
.venv/lib/python3.11/site-packages/starlette/middleware/errors.py:176: in __call__
    response = await self.handler(request, exc)
               ^^^^^^^^^^^^^^^^^^^^^^^^^^^^^^^^
app/main.py:129: in generic_exception_handler
    raise exc
.venv/lib/python3.11/site-packages/starlette/middleware/errors.py:164: in __call__
    await self.app(scope, receive, _send)
.venv/lib/python3.11/site-packages/starlette/middleware/base.py:191: in __call__
    with recv_stream, send_stream, collapse_excgroups():
/opt/homebrew/Cellar/python@3.11/3.11.15/Frameworks/Python.framework/Versions/3.11/lib/python3.11/contextlib.py:158: in __exit__
    self.gen.throw(typ, value, traceback)
.venv/lib/python3.11/site-packages/starlette/_utils.py:87: in collapse_excgroups
    raise exc
.venv/lib/python3.11/site-packages/starlette/middleware/base.py:193: in __call__
    response = await self.dispatch_func(request, call_next)
               ^^^^^^^^^^^^^^^^^^^^^^^^^^^^^^^^^^^^^^^^^^^^
app/main.py:61: in add_security_headers
    response = await call_next(request)
               ^^^^^^^^^^^^^^^^^^^^^^^^
.venv/lib/python3.11/site-packages/starlette/middleware/base.py:168: in call_next
    raise app_exc from app_exc.__cause__ or app_exc.__context__
.venv/lib/python3.11/site-packages/starlette/middleware/base.py:144: in coro
    await self.app(scope, receive_or_disconnect, send_no_error)
.venv/lib/python3.11/site-packages/starlette/middleware/cors.py:88: in __call__
    await self.app(scope, receive, send)
.venv/lib/python3.11/site-packages/starlette/middleware/exceptions.py:63: in __call__
    await wrap_app_handling_exceptions(self.app, conn)(scope, receive, send)
.venv/lib/python3.11/site-packages/starlette/_exception_handler.py:53: in wrapped_app
    raise exc
.venv/lib/python3.11/site-packages/starlette/_exception_handler.py:42: in wrapped_app
    await app(scope, receive, sender)
.venv/lib/python3.11/site-packages/fastapi/middleware/asyncexitstack.py:18: in __call__
    await self.app(scope, receive, send)
.venv/lib/python3.11/site-packages/starlette/routing.py:660: in __call__
    await self.middleware_stack(scope, receive, send)
.venv/lib/python3.11/site-packages/starlette/routing.py:680: in app
    await route.handle(scope, receive, send)
.venv/lib/python3.11/site-packages/starlette/routing.py:276: in handle
    await self.app(scope, receive, send)
.venv/lib/python3.11/site-packages/fastapi/routing.py:130: in app
    await wrap_app_handling_exceptions(app, request)(scope, receive, send)
.venv/lib/python3.11/site-packages/starlette/_exception_handler.py:53: in wrapped_app
    raise exc
.venv/lib/python3.11/site-packages/starlette/_exception_handler.py:42: in wrapped_app
    await app(scope, receive, sender)
.venv/lib/python3.11/site-packages/fastapi/routing.py:116: in app
    response = await f(request)
               ^^^^^^^^^^^^^^^^
.venv/lib/python3.11/site-packages/fastapi/routing.py:670: in app
    raw_response = await run_endpoint_function(
.venv/lib/python3.11/site-packages/fastapi/routing.py:324: in run_endpoint_function
    return await dependant.call(**values)
           ^^^^^^^^^^^^^^^^^^^^^^^^^^^^^^
.venv/lib/python3.11/site-packages/slowapi/extension.py:734: in async_wrapper
    response = await func(*args, **kwargs)  # type: ignore
               ^^^^^^^^^^^^^^^^^^^^^^^^^^^
app/api/auth.py:323: in register
    existing_user = user_repo.get_by_email(user_create.email)
                    ^^^^^^^^^^^^^^^^^^^^^^^^^^^^^^^^^^^^^^^^^
app/repositories/user.py:169: in get_by_email
    items, _ = self._query(
app/repositories/base.py:145: in _query
    response = self.table.query(**kwargs)
               ^^^^^^^^^^^^^^^^^^^^^^^^^^
.venv/lib/python3.11/site-packages/boto3/resources/factory.py:581: in do_action
    response = action(self, *args, **kwargs)
               ^^^^^^^^^^^^^^^^^^^^^^^^^^^^^
.venv/lib/python3.11/site-packages/boto3/resources/action.py:88: in __call__
    response = getattr(parent.meta.client, operation_name)(*args, **params)
               ^^^^^^^^^^^^^^^^^^^^^^^^^^^^^^^^^^^^^^^^^^^^^^^^^^^^^^^^^^^^
.venv/lib/python3.11/site-packages/botocore/client.py:602: in _api_call
    return self._make_api_call(operation_name, kwargs)
           ^^^^^^^^^^^^^^^^^^^^^^^^^^^^^^^^^^^^^^^^^^^
.venv/lib/python3.11/site-packages/botocore/context.py:123: in wrapper
    return func(*args, **kwargs)
           ^^^^^^^^^^^^^^^^^^^^^
.venv/lib/python3.11/site-packages/botocore/client.py:1060: in _make_api_call
    http, parsed_response = self._make_request(
.venv/lib/python3.11/site-packages/botocore/client.py:1084: in _make_request
    return self._endpoint.make_request(operation_model, request_dict)
           ^^^^^^^^^^^^^^^^^^^^^^^^^^^^^^^^^^^^^^^^^^^^^^^^^^^^^^^^^^
.venv/lib/python3.11/site-packages/botocore/endpoint.py:119: in make_request
    return self._send_request(request_dict, operation_model)
           ^^^^^^^^^^^^^^^^^^^^^^^^^^^^^^^^^^^^^^^^^^^^^^^^^
.venv/lib/python3.11/site-packages/botocore/endpoint.py:200: in _send_request
    while self._needs_retry(
.venv/lib/python3.11/site-packages/botocore/endpoint.py:360: in _needs_retry
    responses = self._event_emitter.emit(
.venv/lib/python3.11/site-packages/botocore/hooks.py:412: in emit
    return self._emitter.emit(aliased_event_name, **kwargs)
           ^^^^^^^^^^^^^^^^^^^^^^^^^^^^^^^^^^^^^^^^^^^^^^^^
.venv/lib/python3.11/site-packages/botocore/hooks.py:256: in emit
    return self._emit(event_name, kwargs)
           ^^^^^^^^^^^^^^^^^^^^^^^^^^^^^^
.venv/lib/python3.11/site-packages/botocore/hooks.py:239: in _emit
    response = handler(**kwargs)
               ^^^^^^^^^^^^^^^^^
.venv/lib/python3.11/site-packages/botocore/retryhandler.py:207: in __call__
    if self._checker(**checker_kwargs):
       ^^^^^^^^^^^^^^^^^^^^^^^^^^^^^^^
.venv/lib/python3.11/site-packages/botocore/retryhandler.py:284: in __call__
    should_retry = self._should_retry(
.venv/lib/python3.11/site-packages/botocore/retryhandler.py:320: in _should_retry
    return self._checker(attempt_number, response, caught_exception)
           ^^^^^^^^^^^^^^^^^^^^^^^^^^^^^^^^^^^^^^^^^^^^^^^^^^^^^^^^^
.venv/lib/python3.11/site-packages/botocore/retryhandler.py:363: in __call__
    checker_response = checker(
.venv/lib/python3.11/site-packages/botocore/retryhandler.py:247: in __call__
    return self._check_caught_exception(
.venv/lib/python3.11/site-packages/botocore/retryhandler.py:416: in _check_caught_exception
    raise caught_exception
.venv/lib/python3.11/site-packages/botocore/endpoint.py:279: in _do_get_response
    http_response = self._send(request)
                    ^^^^^^^^^^^^^^^^^^^
.venv/lib/python3.11/site-packages/botocore/endpoint.py:383: in _send
    return self.http_session.send(request)
           ^^^^^^^^^^^^^^^^^^^^^^^^^^^^^^^
.venv/lib/python3.11/site-packages/botocore/httpsession.py:506: in send
    raise EndpointConnectionError(endpoint_url=request.url, error=e)
E   botocore.exceptions.EndpointConnectionError: Could not connect to the endpoint URL: "http://localhost:8001/"
---------------------------- Captured stdout setup -----------------------------
2026-05-17 20:11:44 - app.main - ERROR - Unhandled exception: Could not connect to the endpoint URL: "http://localhost:8001/"
Traceback (most recent call last):
  File "/Users/andyschwarz/Documents/Privat/OverCloud/backend/.venv/lib/python3.11/site-packages/urllib3/connection.py", line 204, in _new_conn
    sock = connection.create_connection(
           ^^^^^^^^^^^^^^^^^^^^^^^^^^^^^
  File "/Users/andyschwarz/Documents/Privat/OverCloud/backend/.venv/lib/python3.11/site-packages/urllib3/util/connection.py", line 85, in create_connection
    raise err
  File "/Users/andyschwarz/Documents/Privat/OverCloud/backend/.venv/lib/python3.11/site-packages/urllib3/util/connection.py", line 73, in create_connection
    sock.connect(sa)
ConnectionRefusedError: [Errno 61] Connection refused

The above exception was the direct cause of the following exception:

Traceback (most recent call last):
  File "/Users/andyschwarz/Documents/Privat/OverCloud/backend/.venv/lib/python3.11/site-packages/botocore/httpsession.py", line 477, in send
    urllib_response = conn.urlopen(
                      ^^^^^^^^^^^^^
  File "/Users/andyschwarz/Documents/Privat/OverCloud/backend/.venv/lib/python3.11/site-packages/urllib3/connectionpool.py", line 841, in urlopen
    retries = retries.increment(
              ^^^^^^^^^^^^^^^^^^
  File "/Users/andyschwarz/Documents/Privat/OverCloud/backend/.venv/lib/python3.11/site-packages/urllib3/util/retry.py", line 465, in increment
    raise reraise(type(error), error, _stacktrace)
          ^^^^^^^^^^^^^^^^^^^^^^^^^^^^^^^^^^^^^^^^
  File "/Users/andyschwarz/Documents/Privat/OverCloud/backend/.venv/lib/python3.11/site-packages/urllib3/util/util.py", line 39, in reraise
    raise value
  File "/Users/andyschwarz/Documents/Privat/OverCloud/backend/.venv/lib/python3.11/site-packages/urllib3/connectionpool.py", line 787, in urlopen
    response = self._make_request(
               ^^^^^^^^^^^^^^^^^^^
  File "/Users/andyschwarz/Documents/Privat/OverCloud/backend/.venv/lib/python3.11/site-packages/urllib3/connectionpool.py", line 493, in _make_request
    conn.request(
  File "/Users/andyschwarz/Documents/Privat/OverCloud/backend/.venv/lib/python3.11/site-packages/botocore/awsrequest.py", line 96, in request
    rval = super().request(method, url, body, headers, *args, **kwargs)
           ^^^^^^^^^^^^^^^^^^^^^^^^^^^^^^^^^^^^^^^^^^^^^^^^^^^^^^^^^^^^
  File "/Users/andyschwarz/Documents/Privat/OverCloud/backend/.venv/lib/python3.11/site-packages/urllib3/connection.py", line 500, in request
    self.endheaders()
  File "/opt/homebrew/Cellar/python@3.11/3.11.15/Frameworks/Python.framework/Versions/3.11/lib/python3.11/http/client.py", line 1318, in endheaders
    self._send_output(message_body, encode_chunked=encode_chunked)
  File "/Users/andyschwarz/Documents/Privat/OverCloud/backend/.venv/lib/python3.11/site-packages/botocore/awsrequest.py", line 123, in _send_output
    self.send(msg)
  File "/Users/andyschwarz/Documents/Privat/OverCloud/backend/.venv/lib/python3.11/site-packages/botocore/awsrequest.py", line 223, in send
    return super().send(str)
           ^^^^^^^^^^^^^^^^^
  File "/opt/homebrew/Cellar/python@3.11/3.11.15/Frameworks/Python.framework/Versions/3.11/lib/python3.11/http/client.py", line 1016, in send
    self.connect()
  File "/Users/andyschwarz/Documents/Privat/OverCloud/backend/.venv/lib/python3.11/site-packages/urllib3/connection.py", line 331, in connect
    self.sock = self._new_conn()
                ^^^^^^^^^^^^^^^^
  File "/Users/andyschwarz/Documents/Privat/OverCloud/backend/.venv/lib/python3.11/site-packages/urllib3/connection.py", line 219, in _new_conn
    raise NewConnectionError(
urllib3.exceptions.NewConnectionError: AWSHTTPConnection(host='localhost', port=8001): Failed to establish a new connection: [Errno 61] Connection refused

The above exception was the direct cause of the following exception:

Traceback (most recent call last):
  File "/Users/andyschwarz/Documents/Privat/OverCloud/backend/.venv/lib/python3.11/site-packages/starlette/middleware/errors.py", line 164, in __call__
    await self.app(scope, receive, _send)
  File "/Users/andyschwarz/Documents/Privat/OverCloud/backend/.venv/lib/python3.11/site-packages/starlette/middleware/base.py", line 191, in __call__
    with recv_stream, send_stream, collapse_excgroups():
  File "/opt/homebrew/Cellar/python@3.11/3.11.15/Frameworks/Python.framework/Versions/3.11/lib/python3.11/contextlib.py", line 158, in __exit__
    self.gen.throw(typ, value, traceback)
  File "/Users/andyschwarz/Documents/Privat/OverCloud/backend/.venv/lib/python3.11/site-packages/starlette/_utils.py", line 87, in collapse_excgroups
    raise exc
  File "/Users/andyschwarz/Documents/Privat/OverCloud/backend/.venv/lib/python3.11/site-packages/starlette/middleware/base.py", line 193, in __call__
    response = await self.dispatch_func(request, call_next)
               ^^^^^^^^^^^^^^^^^^^^^^^^^^^^^^^^^^^^^^^^^^^^
  File "/Users/andyschwarz/Documents/Privat/OverCloud/backend/app/main.py", line 61, in add_security_headers
    response = await call_next(request)
               ^^^^^^^^^^^^^^^^^^^^^^^^
  File "/Users/andyschwarz/Documents/Privat/OverCloud/backend/.venv/lib/python3.11/site-packages/starlette/middleware/base.py", line 168, in call_next
    raise app_exc from app_exc.__cause__ or app_exc.__context__
  File "/Users/andyschwarz/Documents/Privat/OverCloud/backend/.venv/lib/python3.11/site-packages/starlette/middleware/base.py", line 144, in coro
    await self.app(scope, receive_or_disconnect, send_no_error)
  File "/Users/andyschwarz/Documents/Privat/OverCloud/backend/.venv/lib/python3.11/site-packages/starlette/middleware/cors.py", line 88, in __call__
    await self.app(scope, receive, send)
  File "/Users/andyschwarz/Documents/Privat/OverCloud/backend/.venv/lib/python3.11/site-packages/starlette/middleware/exceptions.py", line 63, in __call__
    await wrap_app_handling_exceptions(self.app, conn)(scope, receive, send)
  File "/Users/andyschwarz/Documents/Privat/OverCloud/backend/.venv/lib/python3.11/site-packages/starlette/_exception_handler.py", line 53, in wrapped_app
    raise exc
  File "/Users/andyschwarz/Documents/Privat/OverCloud/backend/.venv/lib/python3.11/site-packages/starlette/_exception_handler.py", line 42, in wrapped_app
    await app(scope, receive, sender)
  File "/Users/andyschwarz/Documents/Privat/OverCloud/backend/.venv/lib/python3.11/site-packages/fastapi/middleware/asyncexitstack.py", line 18, in __call__
    await self.app(scope, receive, send)
  File "/Users/andyschwarz/Documents/Privat/OverCloud/backend/.venv/lib/python3.11/site-packages/starlette/routing.py", line 660, in __call__
    await self.middleware_stack(scope, receive, send)
  File "/Users/andyschwarz/Documents/Privat/OverCloud/backend/.venv/lib/python3.11/site-packages/starlette/routing.py", line 680, in app
    await route.handle(scope, receive, send)
  File "/Users/andyschwarz/Documents/Privat/OverCloud/backend/.venv/lib/python3.11/site-packages/starlette/routing.py", line 276, in handle
    await self.app(scope, receive, send)
  File "/Users/andyschwarz/Documents/Privat/OverCloud/backend/.venv/lib/python3.11/site-packages/fastapi/routing.py", line 130, in app
    await wrap_app_handling_exceptions(app, request)(scope, receive, send)
  File "/Users/andyschwarz/Documents/Privat/OverCloud/backend/.venv/lib/python3.11/site-packages/starlette/_exception_handler.py", line 53, in wrapped_app
    raise exc
  File "/Users/andyschwarz/Documents/Privat/OverCloud/backend/.venv/lib/python3.11/site-packages/starlette/_exception_handler.py", line 42, in wrapped_app
    await app(scope, receive, sender)
  File "/Users/andyschwarz/Documents/Privat/OverCloud/backend/.venv/lib/python3.11/site-packages/fastapi/routing.py", line 116, in app
    response = await f(request)
               ^^^^^^^^^^^^^^^^
  File "/Users/andyschwarz/Documents/Privat/OverCloud/backend/.venv/lib/python3.11/site-packages/fastapi/routing.py", line 670, in app
    raw_response = await run_endpoint_function(
                   ^^^^^^^^^^^^^^^^^^^^^^^^^^^^
  File "/Users/andyschwarz/Documents/Privat/OverCloud/backend/.venv/lib/python3.11/site-packages/fastapi/routing.py", line 324, in run_endpoint_function
    return await dependant.call(**values)
           ^^^^^^^^^^^^^^^^^^^^^^^^^^^^^^
  File "/Users/andyschwarz/Documents/Privat/OverCloud/backend/.venv/lib/python3.11/site-packages/slowapi/extension.py", line 734, in async_wrapper
    response = await func(*args, **kwargs)  # type: ignore
               ^^^^^^^^^^^^^^^^^^^^^^^^^^^
  File "/Users/andyschwarz/Documents/Privat/OverCloud/backend/app/api/auth.py", line 323, in register
    existing_user = user_repo.get_by_email(user_create.email)
                    ^^^^^^^^^^^^^^^^^^^^^^^^^^^^^^^^^^^^^^^^^
  File "/Users/andyschwarz/Documents/Privat/OverCloud/backend/app/repositories/user.py", line 169, in get_by_email
    items, _ = self._query(
               ^^^^^^^^^^^^
  File "/Users/andyschwarz/Documents/Privat/OverCloud/backend/app/repositories/base.py", line 145, in _query
    response = self.table.query(**kwargs)
               ^^^^^^^^^^^^^^^^^^^^^^^^^^
  File "/Users/andyschwarz/Documents/Privat/OverCloud/backend/.venv/lib/python3.11/site-packages/boto3/resources/factory.py", line 581, in do_action
    response = action(self, *args, **kwargs)
               ^^^^^^^^^^^^^^^^^^^^^^^^^^^^^
  File "/Users/andyschwarz/Documents/Privat/OverCloud/backend/.venv/lib/python3.11/site-packages/boto3/resources/action.py", line 88, in __call__
    response = getattr(parent.meta.client, operation_name)(*args, **params)
               ^^^^^^^^^^^^^^^^^^^^^^^^^^^^^^^^^^^^^^^^^^^^^^^^^^^^^^^^^^^^
  File "/Users/andyschwarz/Documents/Privat/OverCloud/backend/.venv/lib/python3.11/site-packages/botocore/client.py", line 602, in _api_call
    return self._make_api_call(operation_name, kwargs)
           ^^^^^^^^^^^^^^^^^^^^^^^^^^^^^^^^^^^^^^^^^^^
  File "/Users/andyschwarz/Documents/Privat/OverCloud/backend/.venv/lib/python3.11/site-packages/botocore/context.py", line 123, in wrapper
    return func(*args, **kwargs)
           ^^^^^^^^^^^^^^^^^^^^^
  File "/Users/andyschwarz/Documents/Privat/OverCloud/backend/.venv/lib/python3.11/site-packages/botocore/client.py", line 1060, in _make_api_call
    http, parsed_response = self._make_request(
                            ^^^^^^^^^^^^^^^^^^^
  File "/Users/andyschwarz/Documents/Privat/OverCloud/backend/.venv/lib/python3.11/site-packages/botocore/client.py", line 1084, in _make_request
    return self._endpoint.make_request(operation_model, request_dict)
           ^^^^^^^^^^^^^^^^^^^^^^^^^^^^^^^^^^^^^^^^^^^^^^^^^^^^^^^^^^
  File "/Users/andyschwarz/Documents/Privat/OverCloud/backend/.venv/lib/python3.11/site-packages/botocore/endpoint.py", line 119, in make_request
    return self._send_request(request_dict, operation_model)
           ^^^^^^^^^^^^^^^^^^^^^^^^^^^^^^^^^^^^^^^^^^^^^^^^^
  File "/Users/andyschwarz/Documents/Privat/OverCloud/backend/.venv/lib/python3.11/site-packages/botocore/endpoint.py", line 200, in _send_request
    while self._needs_retry(
          ^^^^^^^^^^^^^^^^^^
  File "/Users/andyschwarz/Documents/Privat/OverCloud/backend/.venv/lib/python3.11/site-packages/botocore/endpoint.py", line 360, in _needs_retry
    responses = self._event_emitter.emit(
                ^^^^^^^^^^^^^^^^^^^^^^^^^
  File "/Users/andyschwarz/Documents/Privat/OverCloud/backend/.venv/lib/python3.11/site-packages/botocore/hooks.py", line 412, in emit
    return self._emitter.emit(aliased_event_name, **kwargs)
           ^^^^^^^^^^^^^^^^^^^^^^^^^^^^^^^^^^^^^^^^^^^^^^^^
  File "/Users/andyschwarz/Documents/Privat/OverCloud/backend/.venv/lib/python3.11/site-packages/botocore/hooks.py", line 256, in emit
    return self._emit(event_name, kwargs)
           ^^^^^^^^^^^^^^^^^^^^^^^^^^^^^^
  File "/Users/andyschwarz/Documents/Privat/OverCloud/backend/.venv/lib/python3.11/site-packages/botocore/hooks.py", line 239, in _emit
    response = handler(**kwargs)
               ^^^^^^^^^^^^^^^^^
  File "/Users/andyschwarz/Documents/Privat/OverCloud/backend/.venv/lib/python3.11/site-packages/botocore/retryhandler.py", line 207, in __call__
    if self._checker(**checker_kwargs):
       ^^^^^^^^^^^^^^^^^^^^^^^^^^^^^^^
  File "/Users/andyschwarz/Documents/Privat/OverCloud/backend/.venv/lib/python3.11/site-packages/botocore/retryhandler.py", line 284, in __call__
    should_retry = self._should_retry(
                   ^^^^^^^^^^^^^^^^^^^
  File "/Users/andyschwarz/Documents/Privat/OverCloud/backend/.venv/lib/python3.11/site-packages/botocore/retryhandler.py", line 320, in _should_retry
    return self._checker(attempt_number, response, caught_exception)
           ^^^^^^^^^^^^^^^^^^^^^^^^^^^^^^^^^^^^^^^^^^^^^^^^^^^^^^^^^
  File "/Users/andyschwarz/Documents/Privat/OverCloud/backend/.venv/lib/python3.11/site-packages/botocore/retryhandler.py", line 363, in __call__
    checker_response = checker(
                       ^^^^^^^^
  File "/Users/andyschwarz/Documents/Privat/OverCloud/backend/.venv/lib/python3.11/site-packages/botocore/retryhandler.py", line 247, in __call__
    return self._check_caught_exception(
           ^^^^^^^^^^^^^^^^^^^^^^^^^^^^^
  File "/Users/andyschwarz/Documents/Privat/OverCloud/backend/.venv/lib/python3.11/site-packages/botocore/retryhandler.py", line 416, in _check_caught_exception
    raise caught_exception
  File "/Users/andyschwarz/Documents/Privat/OverCloud/backend/.venv/lib/python3.11/site-packages/botocore/endpoint.py", line 279, in _do_get_response
    http_response = self._send(request)
                    ^^^^^^^^^^^^^^^^^^^
  File "/Users/andyschwarz/Documents/Privat/OverCloud/backend/.venv/lib/python3.11/site-packages/botocore/endpoint.py", line 383, in _send
    return self.http_session.send(request)
           ^^^^^^^^^^^^^^^^^^^^^^^^^^^^^^^
  File "/Users/andyschwarz/Documents/Privat/OverCloud/backend/.venv/lib/python3.11/site-packages/botocore/httpsession.py", line 506, in send
    raise EndpointConnectionError(endpoint_url=request.url, error=e)
botocore.exceptions.EndpointConnectionError: Could not connect to the endpoint URL: "http://localhost:8001/"
------------------------------ Captured log setup ------------------------------
ERROR    app.main:main.py:112 Unhandled exception: Could not connect to the endpoint URL: "http://localhost:8001/"
Traceback (most recent call last):
  File "/Users/andyschwarz/Documents/Privat/OverCloud/backend/.venv/lib/python3.11/site-packages/urllib3/connection.py", line 204, in _new_conn
    sock = connection.create_connection(
           ^^^^^^^^^^^^^^^^^^^^^^^^^^^^^
  File "/Users/andyschwarz/Documents/Privat/OverCloud/backend/.venv/lib/python3.11/site-packages/urllib3/util/connection.py", line 85, in create_connection
    raise err
  File "/Users/andyschwarz/Documents/Privat/OverCloud/backend/.venv/lib/python3.11/site-packages/urllib3/util/connection.py", line 73, in create_connection
    sock.connect(sa)
ConnectionRefusedError: [Errno 61] Connection refused

The above exception was the direct cause of the following exception:

Traceback (most recent call last):
  File "/Users/andyschwarz/Documents/Privat/OverCloud/backend/.venv/lib/python3.11/site-packages/botocore/httpsession.py", line 477, in send
    urllib_response = conn.urlopen(
                      ^^^^^^^^^^^^^
  File "/Users/andyschwarz/Documents/Privat/OverCloud/backend/.venv/lib/python3.11/site-packages/urllib3/connectionpool.py", line 841, in urlopen
    retries = retries.increment(
              ^^^^^^^^^^^^^^^^^^
  File "/Users/andyschwarz/Documents/Privat/OverCloud/backend/.venv/lib/python3.11/site-packages/urllib3/util/retry.py", line 465, in increment
    raise reraise(type(error), error, _stacktrace)
          ^^^^^^^^^^^^^^^^^^^^^^^^^^^^^^^^^^^^^^^^
  File "/Users/andyschwarz/Documents/Privat/OverCloud/backend/.venv/lib/python3.11/site-packages/urllib3/util/util.py", line 39, in reraise
    raise value
  File "/Users/andyschwarz/Documents/Privat/OverCloud/backend/.venv/lib/python3.11/site-packages/urllib3/connectionpool.py", line 787, in urlopen
    response = self._make_request(
               ^^^^^^^^^^^^^^^^^^^
  File "/Users/andyschwarz/Documents/Privat/OverCloud/backend/.venv/lib/python3.11/site-packages/urllib3/connectionpool.py", line 493, in _make_request
    conn.request(
  File "/Users/andyschwarz/Documents/Privat/OverCloud/backend/.venv/lib/python3.11/site-packages/botocore/awsrequest.py", line 96, in request
    rval = super().request(method, url, body, headers, *args, **kwargs)
           ^^^^^^^^^^^^^^^^^^^^^^^^^^^^^^^^^^^^^^^^^^^^^^^^^^^^^^^^^^^^
  File "/Users/andyschwarz/Documents/Privat/OverCloud/backend/.venv/lib/python3.11/site-packages/urllib3/connection.py", line 500, in request
    self.endheaders()
  File "/opt/homebrew/Cellar/python@3.11/3.11.15/Frameworks/Python.framework/Versions/3.11/lib/python3.11/http/client.py", line 1318, in endheaders
    self._send_output(message_body, encode_chunked=encode_chunked)
  File "/Users/andyschwarz/Documents/Privat/OverCloud/backend/.venv/lib/python3.11/site-packages/botocore/awsrequest.py", line 123, in _send_output
    self.send(msg)
  File "/Users/andyschwarz/Documents/Privat/OverCloud/backend/.venv/lib/python3.11/site-packages/botocore/awsrequest.py", line 223, in send
    return super().send(str)
           ^^^^^^^^^^^^^^^^^
  File "/opt/homebrew/Cellar/python@3.11/3.11.15/Frameworks/Python.framework/Versions/3.11/lib/python3.11/http/client.py", line 1016, in send
    self.connect()
  File "/Users/andyschwarz/Documents/Privat/OverCloud/backend/.venv/lib/python3.11/site-packages/urllib3/connection.py", line 331, in connect
    self.sock = self._new_conn()
                ^^^^^^^^^^^^^^^^
  File "/Users/andyschwarz/Documents/Privat/OverCloud/backend/.venv/lib/python3.11/site-packages/urllib3/connection.py", line 219, in _new_conn
    raise NewConnectionError(
urllib3.exceptions.NewConnectionError: AWSHTTPConnection(host='localhost', port=8001): Failed to establish a new connection: [Errno 61] Connection refused

The above exception was the direct cause of the following exception:

Traceback (most recent call last):
  File "/Users/andyschwarz/Documents/Privat/OverCloud/backend/.venv/lib/python3.11/site-packages/starlette/middleware/errors.py", line 164, in __call__
    await self.app(scope, receive, _send)
  File "/Users/andyschwarz/Documents/Privat/OverCloud/backend/.venv/lib/python3.11/site-packages/starlette/middleware/base.py", line 191, in __call__
    with recv_stream, send_stream, collapse_excgroups():
  File "/opt/homebrew/Cellar/python@3.11/3.11.15/Frameworks/Python.framework/Versions/3.11/lib/python3.11/contextlib.py", line 158, in __exit__
    self.gen.throw(typ, value, traceback)
  File "/Users/andyschwarz/Documents/Privat/OverCloud/backend/.venv/lib/python3.11/site-packages/starlette/_utils.py", line 87, in collapse_excgroups
    raise exc
  File "/Users/andyschwarz/Documents/Privat/OverCloud/backend/.venv/lib/python3.11/site-packages/starlette/middleware/base.py", line 193, in __call__
    response = await self.dispatch_func(request, call_next)
               ^^^^^^^^^^^^^^^^^^^^^^^^^^^^^^^^^^^^^^^^^^^^
  File "/Users/andyschwarz/Documents/Privat/OverCloud/backend/app/main.py", line 61, in add_security_headers
    response = await call_next(request)
               ^^^^^^^^^^^^^^^^^^^^^^^^
  File "/Users/andyschwarz/Documents/Privat/OverCloud/backend/.venv/lib/python3.11/site-packages/starlette/middleware/base.py", line 168, in call_next
    raise app_exc from app_exc.__cause__ or app_exc.__context__
  File "/Users/andyschwarz/Documents/Privat/OverCloud/backend/.venv/lib/python3.11/site-packages/starlette/middleware/base.py", line 144, in coro
    await self.app(scope, receive_or_disconnect, send_no_error)
  File "/Users/andyschwarz/Documents/Privat/OverCloud/backend/.venv/lib/python3.11/site-packages/starlette/middleware/cors.py", line 88, in __call__
    await self.app(scope, receive, send)
  File "/Users/andyschwarz/Documents/Privat/OverCloud/backend/.venv/lib/python3.11/site-packages/starlette/middleware/exceptions.py", line 63, in __call__
    await wrap_app_handling_exceptions(self.app, conn)(scope, receive, send)
  File "/Users/andyschwarz/Documents/Privat/OverCloud/backend/.venv/lib/python3.11/site-packages/starlette/_exception_handler.py", line 53, in wrapped_app
    raise exc
  File "/Users/andyschwarz/Documents/Privat/OverCloud/backend/.venv/lib/python3.11/site-packages/starlette/_exception_handler.py", line 42, in wrapped_app
    await app(scope, receive, sender)
  File "/Users/andyschwarz/Documents/Privat/OverCloud/backend/.venv/lib/python3.11/site-packages/fastapi/middleware/asyncexitstack.py", line 18, in __call__
    await self.app(scope, receive, send)
  File "/Users/andyschwarz/Documents/Privat/OverCloud/backend/.venv/lib/python3.11/site-packages/starlette/routing.py", line 660, in __call__
    await self.middleware_stack(scope, receive, send)
  File "/Users/andyschwarz/Documents/Privat/OverCloud/backend/.venv/lib/python3.11/site-packages/starlette/routing.py", line 680, in app
    await route.handle(scope, receive, send)
  File "/Users/andyschwarz/Documents/Privat/OverCloud/backend/.venv/lib/python3.11/site-packages/starlette/routing.py", line 276, in handle
    await self.app(scope, receive, send)
  File "/Users/andyschwarz/Documents/Privat/OverCloud/backend/.venv/lib/python3.11/site-packages/fastapi/routing.py", line 130, in app
    await wrap_app_handling_exceptions(app, request)(scope, receive, send)
  File "/Users/andyschwarz/Documents/Privat/OverCloud/backend/.venv/lib/python3.11/site-packages/starlette/_exception_handler.py", line 53, in wrapped_app
    raise exc
  File "/Users/andyschwarz/Documents/Privat/OverCloud/backend/.venv/lib/python3.11/site-packages/starlette/_exception_handler.py", line 42, in wrapped_app
    await app(scope, receive, sender)
  File "/Users/andyschwarz/Documents/Privat/OverCloud/backend/.venv/lib/python3.11/site-packages/fastapi/routing.py", line 116, in app
    response = await f(request)
               ^^^^^^^^^^^^^^^^
  File "/Users/andyschwarz/Documents/Privat/OverCloud/backend/.venv/lib/python3.11/site-packages/fastapi/routing.py", line 670, in app
    raw_response = await run_endpoint_function(
                   ^^^^^^^^^^^^^^^^^^^^^^^^^^^^
  File "/Users/andyschwarz/Documents/Privat/OverCloud/backend/.venv/lib/python3.11/site-packages/fastapi/routing.py", line 324, in run_endpoint_function
    return await dependant.call(**values)
           ^^^^^^^^^^^^^^^^^^^^^^^^^^^^^^
  File "/Users/andyschwarz/Documents/Privat/OverCloud/backend/.venv/lib/python3.11/site-packages/slowapi/extension.py", line 734, in async_wrapper
    response = await func(*args, **kwargs)  # type: ignore
               ^^^^^^^^^^^^^^^^^^^^^^^^^^^
  File "/Users/andyschwarz/Documents/Privat/OverCloud/backend/app/api/auth.py", line 323, in register
    existing_user = user_repo.get_by_email(user_create.email)
                    ^^^^^^^^^^^^^^^^^^^^^^^^^^^^^^^^^^^^^^^^^
  File "/Users/andyschwarz/Documents/Privat/OverCloud/backend/app/repositories/user.py", line 169, in get_by_email
    items, _ = self._query(
               ^^^^^^^^^^^^
  File "/Users/andyschwarz/Documents/Privat/OverCloud/backend/app/repositories/base.py", line 145, in _query
    response = self.table.query(**kwargs)
               ^^^^^^^^^^^^^^^^^^^^^^^^^^
  File "/Users/andyschwarz/Documents/Privat/OverCloud/backend/.venv/lib/python3.11/site-packages/boto3/resources/factory.py", line 581, in do_action
    response = action(self, *args, **kwargs)
               ^^^^^^^^^^^^^^^^^^^^^^^^^^^^^
  File "/Users/andyschwarz/Documents/Privat/OverCloud/backend/.venv/lib/python3.11/site-packages/boto3/resources/action.py", line 88, in __call__
    response = getattr(parent.meta.client, operation_name)(*args, **params)
               ^^^^^^^^^^^^^^^^^^^^^^^^^^^^^^^^^^^^^^^^^^^^^^^^^^^^^^^^^^^^
  File "/Users/andyschwarz/Documents/Privat/OverCloud/backend/.venv/lib/python3.11/site-packages/botocore/client.py", line 602, in _api_call
    return self._make_api_call(operation_name, kwargs)
           ^^^^^^^^^^^^^^^^^^^^^^^^^^^^^^^^^^^^^^^^^^^
  File "/Users/andyschwarz/Documents/Privat/OverCloud/backend/.venv/lib/python3.11/site-packages/botocore/context.py", line 123, in wrapper
    return func(*args, **kwargs)
           ^^^^^^^^^^^^^^^^^^^^^
  File "/Users/andyschwarz/Documents/Privat/OverCloud/backend/.venv/lib/python3.11/site-packages/botocore/client.py", line 1060, in _make_api_call
    http, parsed_response = self._make_request(
                            ^^^^^^^^^^^^^^^^^^^
  File "/Users/andyschwarz/Documents/Privat/OverCloud/backend/.venv/lib/python3.11/site-packages/botocore/client.py", line 1084, in _make_request
    return self._endpoint.make_request(operation_model, request_dict)
           ^^^^^^^^^^^^^^^^^^^^^^^^^^^^^^^^^^^^^^^^^^^^^^^^^^^^^^^^^^
  File "/Users/andyschwarz/Documents/Privat/OverCloud/backend/.venv/lib/python3.11/site-packages/botocore/endpoint.py", line 119, in make_request
    return self._send_request(request_dict, operation_model)
           ^^^^^^^^^^^^^^^^^^^^^^^^^^^^^^^^^^^^^^^^^^^^^^^^^
  File "/Users/andyschwarz/Documents/Privat/OverCloud/backend/.venv/lib/python3.11/site-packages/botocore/endpoint.py", line 200, in _send_request
    while self._needs_retry(
          ^^^^^^^^^^^^^^^^^^
  File "/Users/andyschwarz/Documents/Privat/OverCloud/backend/.venv/lib/python3.11/site-packages/botocore/endpoint.py", line 360, in _needs_retry
    responses = self._event_emitter.emit(
                ^^^^^^^^^^^^^^^^^^^^^^^^^
  File "/Users/andyschwarz/Documents/Privat/OverCloud/backend/.venv/lib/python3.11/site-packages/botocore/hooks.py", line 412, in emit
    return self._emitter.emit(aliased_event_name, **kwargs)
           ^^^^^^^^^^^^^^^^^^^^^^^^^^^^^^^^^^^^^^^^^^^^^^^^
  File "/Users/andyschwarz/Documents/Privat/OverCloud/backend/.venv/lib/python3.11/site-packages/botocore/hooks.py", line 256, in emit
    return self._emit(event_name, kwargs)
           ^^^^^^^^^^^^^^^^^^^^^^^^^^^^^^
  File "/Users/andyschwarz/Documents/Privat/OverCloud/backend/.venv/lib/python3.11/site-packages/botocore/hooks.py", line 239, in _emit
    response = handler(**kwargs)
               ^^^^^^^^^^^^^^^^^
  File "/Users/andyschwarz/Documents/Privat/OverCloud/backend/.venv/lib/python3.11/site-packages/botocore/retryhandler.py", line 207, in __call__
    if self._checker(**checker_kwargs):
       ^^^^^^^^^^^^^^^^^^^^^^^^^^^^^^^
  File "/Users/andyschwarz/Documents/Privat/OverCloud/backend/.venv/lib/python3.11/site-packages/botocore/retryhandler.py", line 284, in __call__
    should_retry = self._should_retry(
                   ^^^^^^^^^^^^^^^^^^^
  File "/Users/andyschwarz/Documents/Privat/OverCloud/backend/.venv/lib/python3.11/site-packages/botocore/retryhandler.py", line 320, in _should_retry
    return self._checker(attempt_number, response, caught_exception)
           ^^^^^^^^^^^^^^^^^^^^^^^^^^^^^^^^^^^^^^^^^^^^^^^^^^^^^^^^^
  File "/Users/andyschwarz/Documents/Privat/OverCloud/backend/.venv/lib/python3.11/site-packages/botocore/retryhandler.py", line 363, in __call__
    checker_response = checker(
                       ^^^^^^^^
  File "/Users/andyschwarz/Documents/Privat/OverCloud/backend/.venv/lib/python3.11/site-packages/botocore/retryhandler.py", line 247, in __call__
    return self._check_caught_exception(
           ^^^^^^^^^^^^^^^^^^^^^^^^^^^^^
  File "/Users/andyschwarz/Documents/Privat/OverCloud/backend/.venv/lib/python3.11/site-packages/botocore/retryhandler.py", line 416, in _check_caught_exception
    raise caught_exception
  File "/Users/andyschwarz/Documents/Privat/OverCloud/backend/.venv/lib/python3.11/site-packages/botocore/endpoint.py", line 279, in _do_get_response
    http_response = self._send(request)
                    ^^^^^^^^^^^^^^^^^^^
  File "/Users/andyschwarz/Documents/Privat/OverCloud/backend/.venv/lib/python3.11/site-packages/botocore/endpoint.py", line 383, in _send
    return self.http_session.send(request)
           ^^^^^^^^^^^^^^^^^^^^^^^^^^^^^^^
  File "/Users/andyschwarz/Documents/Privat/OverCloud/backend/.venv/lib/python3.11/site-packages/botocore/httpsession.py", line 506, in send
    raise EndpointConnectionError(endpoint_url=request.url, error=e)
botocore.exceptions.EndpointConnectionError: Could not connect to the endpoint URL: "http://localhost:8001/"
_________ ERROR at setup of test_token_rotation_invalidates_old_token __________
.venv/lib/python3.11/site-packages/urllib3/connection.py:204: in _new_conn
    sock = connection.create_connection(
.venv/lib/python3.11/site-packages/urllib3/util/connection.py:85: in create_connection
    raise err
.venv/lib/python3.11/site-packages/urllib3/util/connection.py:73: in create_connection
    sock.connect(sa)
E   ConnectionRefusedError: [Errno 61] Connection refused

The above exception was the direct cause of the following exception:
.venv/lib/python3.11/site-packages/botocore/httpsession.py:477: in send
    urllib_response = conn.urlopen(
.venv/lib/python3.11/site-packages/urllib3/connectionpool.py:841: in urlopen
    retries = retries.increment(
.venv/lib/python3.11/site-packages/urllib3/util/retry.py:465: in increment
    raise reraise(type(error), error, _stacktrace)
          ^^^^^^^^^^^^^^^^^^^^^^^^^^^^^^^^^^^^^^^^
.venv/lib/python3.11/site-packages/urllib3/util/util.py:39: in reraise
    raise value
.venv/lib/python3.11/site-packages/urllib3/connectionpool.py:787: in urlopen
    response = self._make_request(
.venv/lib/python3.11/site-packages/urllib3/connectionpool.py:493: in _make_request
    conn.request(
.venv/lib/python3.11/site-packages/botocore/awsrequest.py:96: in request
    rval = super().request(method, url, body, headers, *args, **kwargs)
           ^^^^^^^^^^^^^^^^^^^^^^^^^^^^^^^^^^^^^^^^^^^^^^^^^^^^^^^^^^^^
.venv/lib/python3.11/site-packages/urllib3/connection.py:500: in request
    self.endheaders()
/opt/homebrew/Cellar/python@3.11/3.11.15/Frameworks/Python.framework/Versions/3.11/lib/python3.11/http/client.py:1318: in endheaders
    self._send_output(message_body, encode_chunked=encode_chunked)
.venv/lib/python3.11/site-packages/botocore/awsrequest.py:123: in _send_output
    self.send(msg)
.venv/lib/python3.11/site-packages/botocore/awsrequest.py:223: in send
    return super().send(str)
           ^^^^^^^^^^^^^^^^^
/opt/homebrew/Cellar/python@3.11/3.11.15/Frameworks/Python.framework/Versions/3.11/lib/python3.11/http/client.py:1016: in send
    self.connect()
.venv/lib/python3.11/site-packages/urllib3/connection.py:331: in connect
    self.sock = self._new_conn()
                ^^^^^^^^^^^^^^^^
.venv/lib/python3.11/site-packages/urllib3/connection.py:219: in _new_conn
    raise NewConnectionError(
E   urllib3.exceptions.NewConnectionError: AWSHTTPConnection(host='localhost', port=8001): Failed to establish a new connection: [Errno 61] Connection refused

The above exception was the direct cause of the following exception:
tests/integration/test_refresh_token_flow.py:24: in test_user
    response = client.post(
.venv/lib/python3.11/site-packages/starlette/testclient.py:546: in post
    return super().post(
.venv/lib/python3.11/site-packages/httpx/_client.py:1144: in post
    return self.request(
.venv/lib/python3.11/site-packages/starlette/testclient.py:445: in request
    return super().request(
.venv/lib/python3.11/site-packages/httpx/_client.py:825: in request
    return self.send(request, auth=auth, follow_redirects=follow_redirects)
           ^^^^^^^^^^^^^^^^^^^^^^^^^^^^^^^^^^^^^^^^^^^^^^^^^^^^^^^^^^^^^^^^
.venv/lib/python3.11/site-packages/httpx/_client.py:914: in send
    response = self._send_handling_auth(
.venv/lib/python3.11/site-packages/httpx/_client.py:942: in _send_handling_auth
    response = self._send_handling_redirects(
.venv/lib/python3.11/site-packages/httpx/_client.py:979: in _send_handling_redirects
    response = self._send_single_request(request)
               ^^^^^^^^^^^^^^^^^^^^^^^^^^^^^^^^^^
.venv/lib/python3.11/site-packages/httpx/_client.py:1014: in _send_single_request
    response = transport.handle_request(request)
               ^^^^^^^^^^^^^^^^^^^^^^^^^^^^^^^^^
.venv/lib/python3.11/site-packages/starlette/testclient.py:348: in handle_request
    raise exc
.venv/lib/python3.11/site-packages/starlette/testclient.py:345: in handle_request
    portal.call(self.app, scope, receive, send)
.venv/lib/python3.11/site-packages/anyio/from_thread.py:334: in call
    return cast(T_Retval, self.start_task_soon(func, *args).result())
                          ^^^^^^^^^^^^^^^^^^^^^^^^^^^^^^^^^^^^^^^^^^
/opt/homebrew/Cellar/python@3.11/3.11.15/Frameworks/Python.framework/Versions/3.11/lib/python3.11/concurrent/futures/_base.py:456: in result
    return self.__get_result()
           ^^^^^^^^^^^^^^^^^^^
/opt/homebrew/Cellar/python@3.11/3.11.15/Frameworks/Python.framework/Versions/3.11/lib/python3.11/concurrent/futures/_base.py:401: in __get_result
    raise self._exception
.venv/lib/python3.11/site-packages/anyio/from_thread.py:259: in _call_func
    retval = await retval_or_awaitable
             ^^^^^^^^^^^^^^^^^^^^^^^^^
.venv/lib/python3.11/site-packages/fastapi/applications.py:1160: in __call__
    await super().__call__(scope, receive, send)
.venv/lib/python3.11/site-packages/starlette/applications.py:90: in __call__
    await self.middleware_stack(scope, receive, send)
.venv/lib/python3.11/site-packages/starlette/middleware/errors.py:176: in __call__
    response = await self.handler(request, exc)
               ^^^^^^^^^^^^^^^^^^^^^^^^^^^^^^^^
app/main.py:129: in generic_exception_handler
    raise exc
.venv/lib/python3.11/site-packages/starlette/middleware/errors.py:164: in __call__
    await self.app(scope, receive, _send)
.venv/lib/python3.11/site-packages/starlette/middleware/base.py:191: in __call__
    with recv_stream, send_stream, collapse_excgroups():
/opt/homebrew/Cellar/python@3.11/3.11.15/Frameworks/Python.framework/Versions/3.11/lib/python3.11/contextlib.py:158: in __exit__
    self.gen.throw(typ, value, traceback)
.venv/lib/python3.11/site-packages/starlette/_utils.py:87: in collapse_excgroups
    raise exc
.venv/lib/python3.11/site-packages/starlette/middleware/base.py:193: in __call__
    response = await self.dispatch_func(request, call_next)
               ^^^^^^^^^^^^^^^^^^^^^^^^^^^^^^^^^^^^^^^^^^^^
app/main.py:61: in add_security_headers
    response = await call_next(request)
               ^^^^^^^^^^^^^^^^^^^^^^^^
.venv/lib/python3.11/site-packages/starlette/middleware/base.py:168: in call_next
    raise app_exc from app_exc.__cause__ or app_exc.__context__
.venv/lib/python3.11/site-packages/starlette/middleware/base.py:144: in coro
    await self.app(scope, receive_or_disconnect, send_no_error)
.venv/lib/python3.11/site-packages/starlette/middleware/cors.py:88: in __call__
    await self.app(scope, receive, send)
.venv/lib/python3.11/site-packages/starlette/middleware/exceptions.py:63: in __call__
    await wrap_app_handling_exceptions(self.app, conn)(scope, receive, send)
.venv/lib/python3.11/site-packages/starlette/_exception_handler.py:53: in wrapped_app
    raise exc
.venv/lib/python3.11/site-packages/starlette/_exception_handler.py:42: in wrapped_app
    await app(scope, receive, sender)
.venv/lib/python3.11/site-packages/fastapi/middleware/asyncexitstack.py:18: in __call__
    await self.app(scope, receive, send)
.venv/lib/python3.11/site-packages/starlette/routing.py:660: in __call__
    await self.middleware_stack(scope, receive, send)
.venv/lib/python3.11/site-packages/starlette/routing.py:680: in app
    await route.handle(scope, receive, send)
.venv/lib/python3.11/site-packages/starlette/routing.py:276: in handle
    await self.app(scope, receive, send)
.venv/lib/python3.11/site-packages/fastapi/routing.py:130: in app
    await wrap_app_handling_exceptions(app, request)(scope, receive, send)
.venv/lib/python3.11/site-packages/starlette/_exception_handler.py:53: in wrapped_app
    raise exc
.venv/lib/python3.11/site-packages/starlette/_exception_handler.py:42: in wrapped_app
    await app(scope, receive, sender)
.venv/lib/python3.11/site-packages/fastapi/routing.py:116: in app
    response = await f(request)
               ^^^^^^^^^^^^^^^^
.venv/lib/python3.11/site-packages/fastapi/routing.py:670: in app
    raw_response = await run_endpoint_function(
.venv/lib/python3.11/site-packages/fastapi/routing.py:324: in run_endpoint_function
    return await dependant.call(**values)
           ^^^^^^^^^^^^^^^^^^^^^^^^^^^^^^
.venv/lib/python3.11/site-packages/slowapi/extension.py:734: in async_wrapper
    response = await func(*args, **kwargs)  # type: ignore
               ^^^^^^^^^^^^^^^^^^^^^^^^^^^
app/api/auth.py:323: in register
    existing_user = user_repo.get_by_email(user_create.email)
                    ^^^^^^^^^^^^^^^^^^^^^^^^^^^^^^^^^^^^^^^^^
app/repositories/user.py:169: in get_by_email
    items, _ = self._query(
app/repositories/base.py:145: in _query
    response = self.table.query(**kwargs)
               ^^^^^^^^^^^^^^^^^^^^^^^^^^
.venv/lib/python3.11/site-packages/boto3/resources/factory.py:581: in do_action
    response = action(self, *args, **kwargs)
               ^^^^^^^^^^^^^^^^^^^^^^^^^^^^^
.venv/lib/python3.11/site-packages/boto3/resources/action.py:88: in __call__
    response = getattr(parent.meta.client, operation_name)(*args, **params)
               ^^^^^^^^^^^^^^^^^^^^^^^^^^^^^^^^^^^^^^^^^^^^^^^^^^^^^^^^^^^^
.venv/lib/python3.11/site-packages/botocore/client.py:602: in _api_call
    return self._make_api_call(operation_name, kwargs)
           ^^^^^^^^^^^^^^^^^^^^^^^^^^^^^^^^^^^^^^^^^^^
.venv/lib/python3.11/site-packages/botocore/context.py:123: in wrapper
    return func(*args, **kwargs)
           ^^^^^^^^^^^^^^^^^^^^^
.venv/lib/python3.11/site-packages/botocore/client.py:1060: in _make_api_call
    http, parsed_response = self._make_request(
.venv/lib/python3.11/site-packages/botocore/client.py:1084: in _make_request
    return self._endpoint.make_request(operation_model, request_dict)
           ^^^^^^^^^^^^^^^^^^^^^^^^^^^^^^^^^^^^^^^^^^^^^^^^^^^^^^^^^^
.venv/lib/python3.11/site-packages/botocore/endpoint.py:119: in make_request
    return self._send_request(request_dict, operation_model)
           ^^^^^^^^^^^^^^^^^^^^^^^^^^^^^^^^^^^^^^^^^^^^^^^^^
.venv/lib/python3.11/site-packages/botocore/endpoint.py:200: in _send_request
    while self._needs_retry(
.venv/lib/python3.11/site-packages/botocore/endpoint.py:360: in _needs_retry
    responses = self._event_emitter.emit(
.venv/lib/python3.11/site-packages/botocore/hooks.py:412: in emit
    return self._emitter.emit(aliased_event_name, **kwargs)
           ^^^^^^^^^^^^^^^^^^^^^^^^^^^^^^^^^^^^^^^^^^^^^^^^
.venv/lib/python3.11/site-packages/botocore/hooks.py:256: in emit
    return self._emit(event_name, kwargs)
           ^^^^^^^^^^^^^^^^^^^^^^^^^^^^^^
.venv/lib/python3.11/site-packages/botocore/hooks.py:239: in _emit
    response = handler(**kwargs)
               ^^^^^^^^^^^^^^^^^
.venv/lib/python3.11/site-packages/botocore/retryhandler.py:207: in __call__
    if self._checker(**checker_kwargs):
       ^^^^^^^^^^^^^^^^^^^^^^^^^^^^^^^
.venv/lib/python3.11/site-packages/botocore/retryhandler.py:284: in __call__
    should_retry = self._should_retry(
.venv/lib/python3.11/site-packages/botocore/retryhandler.py:320: in _should_retry
    return self._checker(attempt_number, response, caught_exception)
           ^^^^^^^^^^^^^^^^^^^^^^^^^^^^^^^^^^^^^^^^^^^^^^^^^^^^^^^^^
.venv/lib/python3.11/site-packages/botocore/retryhandler.py:363: in __call__
    checker_response = checker(
.venv/lib/python3.11/site-packages/botocore/retryhandler.py:247: in __call__
    return self._check_caught_exception(
.venv/lib/python3.11/site-packages/botocore/retryhandler.py:416: in _check_caught_exception
    raise caught_exception
.venv/lib/python3.11/site-packages/botocore/endpoint.py:279: in _do_get_response
    http_response = self._send(request)
                    ^^^^^^^^^^^^^^^^^^^
.venv/lib/python3.11/site-packages/botocore/endpoint.py:383: in _send
    return self.http_session.send(request)
           ^^^^^^^^^^^^^^^^^^^^^^^^^^^^^^^
.venv/lib/python3.11/site-packages/botocore/httpsession.py:506: in send
    raise EndpointConnectionError(endpoint_url=request.url, error=e)
E   botocore.exceptions.EndpointConnectionError: Could not connect to the endpoint URL: "http://localhost:8001/"
---------------------------- Captured stdout setup -----------------------------
2026-05-17 20:12:10 - app.main - ERROR - Unhandled exception: Could not connect to the endpoint URL: "http://localhost:8001/"
Traceback (most recent call last):
  File "/Users/andyschwarz/Documents/Privat/OverCloud/backend/.venv/lib/python3.11/site-packages/urllib3/connection.py", line 204, in _new_conn
    sock = connection.create_connection(
           ^^^^^^^^^^^^^^^^^^^^^^^^^^^^^
  File "/Users/andyschwarz/Documents/Privat/OverCloud/backend/.venv/lib/python3.11/site-packages/urllib3/util/connection.py", line 85, in create_connection
    raise err
  File "/Users/andyschwarz/Documents/Privat/OverCloud/backend/.venv/lib/python3.11/site-packages/urllib3/util/connection.py", line 73, in create_connection
    sock.connect(sa)
ConnectionRefusedError: [Errno 61] Connection refused

The above exception was the direct cause of the following exception:

Traceback (most recent call last):
  File "/Users/andyschwarz/Documents/Privat/OverCloud/backend/.venv/lib/python3.11/site-packages/botocore/httpsession.py", line 477, in send
    urllib_response = conn.urlopen(
                      ^^^^^^^^^^^^^
  File "/Users/andyschwarz/Documents/Privat/OverCloud/backend/.venv/lib/python3.11/site-packages/urllib3/connectionpool.py", line 841, in urlopen
    retries = retries.increment(
              ^^^^^^^^^^^^^^^^^^
  File "/Users/andyschwarz/Documents/Privat/OverCloud/backend/.venv/lib/python3.11/site-packages/urllib3/util/retry.py", line 465, in increment
    raise reraise(type(error), error, _stacktrace)
          ^^^^^^^^^^^^^^^^^^^^^^^^^^^^^^^^^^^^^^^^
  File "/Users/andyschwarz/Documents/Privat/OverCloud/backend/.venv/lib/python3.11/site-packages/urllib3/util/util.py", line 39, in reraise
    raise value
  File "/Users/andyschwarz/Documents/Privat/OverCloud/backend/.venv/lib/python3.11/site-packages/urllib3/connectionpool.py", line 787, in urlopen
    response = self._make_request(
               ^^^^^^^^^^^^^^^^^^^
  File "/Users/andyschwarz/Documents/Privat/OverCloud/backend/.venv/lib/python3.11/site-packages/urllib3/connectionpool.py", line 493, in _make_request
    conn.request(
  File "/Users/andyschwarz/Documents/Privat/OverCloud/backend/.venv/lib/python3.11/site-packages/botocore/awsrequest.py", line 96, in request
    rval = super().request(method, url, body, headers, *args, **kwargs)
           ^^^^^^^^^^^^^^^^^^^^^^^^^^^^^^^^^^^^^^^^^^^^^^^^^^^^^^^^^^^^
  File "/Users/andyschwarz/Documents/Privat/OverCloud/backend/.venv/lib/python3.11/site-packages/urllib3/connection.py", line 500, in request
    self.endheaders()
  File "/opt/homebrew/Cellar/python@3.11/3.11.15/Frameworks/Python.framework/Versions/3.11/lib/python3.11/http/client.py", line 1318, in endheaders
    self._send_output(message_body, encode_chunked=encode_chunked)
  File "/Users/andyschwarz/Documents/Privat/OverCloud/backend/.venv/lib/python3.11/site-packages/botocore/awsrequest.py", line 123, in _send_output
    self.send(msg)
  File "/Users/andyschwarz/Documents/Privat/OverCloud/backend/.venv/lib/python3.11/site-packages/botocore/awsrequest.py", line 223, in send
    return super().send(str)
           ^^^^^^^^^^^^^^^^^
  File "/opt/homebrew/Cellar/python@3.11/3.11.15/Frameworks/Python.framework/Versions/3.11/lib/python3.11/http/client.py", line 1016, in send
    self.connect()
  File "/Users/andyschwarz/Documents/Privat/OverCloud/backend/.venv/lib/python3.11/site-packages/urllib3/connection.py", line 331, in connect
    self.sock = self._new_conn()
                ^^^^^^^^^^^^^^^^
  File "/Users/andyschwarz/Documents/Privat/OverCloud/backend/.venv/lib/python3.11/site-packages/urllib3/connection.py", line 219, in _new_conn
    raise NewConnectionError(
urllib3.exceptions.NewConnectionError: AWSHTTPConnection(host='localhost', port=8001): Failed to establish a new connection: [Errno 61] Connection refused

The above exception was the direct cause of the following exception:

Traceback (most recent call last):
  File "/Users/andyschwarz/Documents/Privat/OverCloud/backend/.venv/lib/python3.11/site-packages/starlette/middleware/errors.py", line 164, in __call__
    await self.app(scope, receive, _send)
  File "/Users/andyschwarz/Documents/Privat/OverCloud/backend/.venv/lib/python3.11/site-packages/starlette/middleware/base.py", line 191, in __call__
    with recv_stream, send_stream, collapse_excgroups():
  File "/opt/homebrew/Cellar/python@3.11/3.11.15/Frameworks/Python.framework/Versions/3.11/lib/python3.11/contextlib.py", line 158, in __exit__
    self.gen.throw(typ, value, traceback)
  File "/Users/andyschwarz/Documents/Privat/OverCloud/backend/.venv/lib/python3.11/site-packages/starlette/_utils.py", line 87, in collapse_excgroups
    raise exc
  File "/Users/andyschwarz/Documents/Privat/OverCloud/backend/.venv/lib/python3.11/site-packages/starlette/middleware/base.py", line 193, in __call__
    response = await self.dispatch_func(request, call_next)
               ^^^^^^^^^^^^^^^^^^^^^^^^^^^^^^^^^^^^^^^^^^^^
  File "/Users/andyschwarz/Documents/Privat/OverCloud/backend/app/main.py", line 61, in add_security_headers
    response = await call_next(request)
               ^^^^^^^^^^^^^^^^^^^^^^^^
  File "/Users/andyschwarz/Documents/Privat/OverCloud/backend/.venv/lib/python3.11/site-packages/starlette/middleware/base.py", line 168, in call_next
    raise app_exc from app_exc.__cause__ or app_exc.__context__
  File "/Users/andyschwarz/Documents/Privat/OverCloud/backend/.venv/lib/python3.11/site-packages/starlette/middleware/base.py", line 144, in coro
    await self.app(scope, receive_or_disconnect, send_no_error)
  File "/Users/andyschwarz/Documents/Privat/OverCloud/backend/.venv/lib/python3.11/site-packages/starlette/middleware/cors.py", line 88, in __call__
    await self.app(scope, receive, send)
  File "/Users/andyschwarz/Documents/Privat/OverCloud/backend/.venv/lib/python3.11/site-packages/starlette/middleware/exceptions.py", line 63, in __call__
    await wrap_app_handling_exceptions(self.app, conn)(scope, receive, send)
  File "/Users/andyschwarz/Documents/Privat/OverCloud/backend/.venv/lib/python3.11/site-packages/starlette/_exception_handler.py", line 53, in wrapped_app
    raise exc
  File "/Users/andyschwarz/Documents/Privat/OverCloud/backend/.venv/lib/python3.11/site-packages/starlette/_exception_handler.py", line 42, in wrapped_app
    await app(scope, receive, sender)
  File "/Users/andyschwarz/Documents/Privat/OverCloud/backend/.venv/lib/python3.11/site-packages/fastapi/middleware/asyncexitstack.py", line 18, in __call__
    await self.app(scope, receive, send)
  File "/Users/andyschwarz/Documents/Privat/OverCloud/backend/.venv/lib/python3.11/site-packages/starlette/routing.py", line 660, in __call__
    await self.middleware_stack(scope, receive, send)
  File "/Users/andyschwarz/Documents/Privat/OverCloud/backend/.venv/lib/python3.11/site-packages/starlette/routing.py", line 680, in app
    await route.handle(scope, receive, send)
  File "/Users/andyschwarz/Documents/Privat/OverCloud/backend/.venv/lib/python3.11/site-packages/starlette/routing.py", line 276, in handle
    await self.app(scope, receive, send)
  File "/Users/andyschwarz/Documents/Privat/OverCloud/backend/.venv/lib/python3.11/site-packages/fastapi/routing.py", line 130, in app
    await wrap_app_handling_exceptions(app, request)(scope, receive, send)
  File "/Users/andyschwarz/Documents/Privat/OverCloud/backend/.venv/lib/python3.11/site-packages/starlette/_exception_handler.py", line 53, in wrapped_app
    raise exc
  File "/Users/andyschwarz/Documents/Privat/OverCloud/backend/.venv/lib/python3.11/site-packages/starlette/_exception_handler.py", line 42, in wrapped_app
    await app(scope, receive, sender)
  File "/Users/andyschwarz/Documents/Privat/OverCloud/backend/.venv/lib/python3.11/site-packages/fastapi/routing.py", line 116, in app
    response = await f(request)
               ^^^^^^^^^^^^^^^^
  File "/Users/andyschwarz/Documents/Privat/OverCloud/backend/.venv/lib/python3.11/site-packages/fastapi/routing.py", line 670, in app
    raw_response = await run_endpoint_function(
                   ^^^^^^^^^^^^^^^^^^^^^^^^^^^^
  File "/Users/andyschwarz/Documents/Privat/OverCloud/backend/.venv/lib/python3.11/site-packages/fastapi/routing.py", line 324, in run_endpoint_function
    return await dependant.call(**values)
           ^^^^^^^^^^^^^^^^^^^^^^^^^^^^^^
  File "/Users/andyschwarz/Documents/Privat/OverCloud/backend/.venv/lib/python3.11/site-packages/slowapi/extension.py", line 734, in async_wrapper
    response = await func(*args, **kwargs)  # type: ignore
               ^^^^^^^^^^^^^^^^^^^^^^^^^^^
  File "/Users/andyschwarz/Documents/Privat/OverCloud/backend/app/api/auth.py", line 323, in register
    existing_user = user_repo.get_by_email(user_create.email)
                    ^^^^^^^^^^^^^^^^^^^^^^^^^^^^^^^^^^^^^^^^^
  File "/Users/andyschwarz/Documents/Privat/OverCloud/backend/app/repositories/user.py", line 169, in get_by_email
    items, _ = self._query(
               ^^^^^^^^^^^^
  File "/Users/andyschwarz/Documents/Privat/OverCloud/backend/app/repositories/base.py", line 145, in _query
    response = self.table.query(**kwargs)
               ^^^^^^^^^^^^^^^^^^^^^^^^^^
  File "/Users/andyschwarz/Documents/Privat/OverCloud/backend/.venv/lib/python3.11/site-packages/boto3/resources/factory.py", line 581, in do_action
    response = action(self, *args, **kwargs)
               ^^^^^^^^^^^^^^^^^^^^^^^^^^^^^
  File "/Users/andyschwarz/Documents/Privat/OverCloud/backend/.venv/lib/python3.11/site-packages/boto3/resources/action.py", line 88, in __call__
    response = getattr(parent.meta.client, operation_name)(*args, **params)
               ^^^^^^^^^^^^^^^^^^^^^^^^^^^^^^^^^^^^^^^^^^^^^^^^^^^^^^^^^^^^
  File "/Users/andyschwarz/Documents/Privat/OverCloud/backend/.venv/lib/python3.11/site-packages/botocore/client.py", line 602, in _api_call
    return self._make_api_call(operation_name, kwargs)
           ^^^^^^^^^^^^^^^^^^^^^^^^^^^^^^^^^^^^^^^^^^^
  File "/Users/andyschwarz/Documents/Privat/OverCloud/backend/.venv/lib/python3.11/site-packages/botocore/context.py", line 123, in wrapper
    return func(*args, **kwargs)
           ^^^^^^^^^^^^^^^^^^^^^
  File "/Users/andyschwarz/Documents/Privat/OverCloud/backend/.venv/lib/python3.11/site-packages/botocore/client.py", line 1060, in _make_api_call
    http, parsed_response = self._make_request(
                            ^^^^^^^^^^^^^^^^^^^
  File "/Users/andyschwarz/Documents/Privat/OverCloud/backend/.venv/lib/python3.11/site-packages/botocore/client.py", line 1084, in _make_request
    return self._endpoint.make_request(operation_model, request_dict)
           ^^^^^^^^^^^^^^^^^^^^^^^^^^^^^^^^^^^^^^^^^^^^^^^^^^^^^^^^^^
  File "/Users/andyschwarz/Documents/Privat/OverCloud/backend/.venv/lib/python3.11/site-packages/botocore/endpoint.py", line 119, in make_request
    return self._send_request(request_dict, operation_model)
           ^^^^^^^^^^^^^^^^^^^^^^^^^^^^^^^^^^^^^^^^^^^^^^^^^
  File "/Users/andyschwarz/Documents/Privat/OverCloud/backend/.venv/lib/python3.11/site-packages/botocore/endpoint.py", line 200, in _send_request
    while self._needs_retry(
          ^^^^^^^^^^^^^^^^^^
  File "/Users/andyschwarz/Documents/Privat/OverCloud/backend/.venv/lib/python3.11/site-packages/botocore/endpoint.py", line 360, in _needs_retry
    responses = self._event_emitter.emit(
                ^^^^^^^^^^^^^^^^^^^^^^^^^
  File "/Users/andyschwarz/Documents/Privat/OverCloud/backend/.venv/lib/python3.11/site-packages/botocore/hooks.py", line 412, in emit
    return self._emitter.emit(aliased_event_name, **kwargs)
           ^^^^^^^^^^^^^^^^^^^^^^^^^^^^^^^^^^^^^^^^^^^^^^^^
  File "/Users/andyschwarz/Documents/Privat/OverCloud/backend/.venv/lib/python3.11/site-packages/botocore/hooks.py", line 256, in emit
    return self._emit(event_name, kwargs)
           ^^^^^^^^^^^^^^^^^^^^^^^^^^^^^^
  File "/Users/andyschwarz/Documents/Privat/OverCloud/backend/.venv/lib/python3.11/site-packages/botocore/hooks.py", line 239, in _emit
    response = handler(**kwargs)
               ^^^^^^^^^^^^^^^^^
  File "/Users/andyschwarz/Documents/Privat/OverCloud/backend/.venv/lib/python3.11/site-packages/botocore/retryhandler.py", line 207, in __call__
    if self._checker(**checker_kwargs):
       ^^^^^^^^^^^^^^^^^^^^^^^^^^^^^^^
  File "/Users/andyschwarz/Documents/Privat/OverCloud/backend/.venv/lib/python3.11/site-packages/botocore/retryhandler.py", line 284, in __call__
    should_retry = self._should_retry(
                   ^^^^^^^^^^^^^^^^^^^
  File "/Users/andyschwarz/Documents/Privat/OverCloud/backend/.venv/lib/python3.11/site-packages/botocore/retryhandler.py", line 320, in _should_retry
    return self._checker(attempt_number, response, caught_exception)
           ^^^^^^^^^^^^^^^^^^^^^^^^^^^^^^^^^^^^^^^^^^^^^^^^^^^^^^^^^
  File "/Users/andyschwarz/Documents/Privat/OverCloud/backend/.venv/lib/python3.11/site-packages/botocore/retryhandler.py", line 363, in __call__
    checker_response = checker(
                       ^^^^^^^^
  File "/Users/andyschwarz/Documents/Privat/OverCloud/backend/.venv/lib/python3.11/site-packages/botocore/retryhandler.py", line 247, in __call__
    return self._check_caught_exception(
           ^^^^^^^^^^^^^^^^^^^^^^^^^^^^^
  File "/Users/andyschwarz/Documents/Privat/OverCloud/backend/.venv/lib/python3.11/site-packages/botocore/retryhandler.py", line 416, in _check_caught_exception
    raise caught_exception
  File "/Users/andyschwarz/Documents/Privat/OverCloud/backend/.venv/lib/python3.11/site-packages/botocore/endpoint.py", line 279, in _do_get_response
    http_response = self._send(request)
                    ^^^^^^^^^^^^^^^^^^^
  File "/Users/andyschwarz/Documents/Privat/OverCloud/backend/.venv/lib/python3.11/site-packages/botocore/endpoint.py", line 383, in _send
    return self.http_session.send(request)
           ^^^^^^^^^^^^^^^^^^^^^^^^^^^^^^^
  File "/Users/andyschwarz/Documents/Privat/OverCloud/backend/.venv/lib/python3.11/site-packages/botocore/httpsession.py", line 506, in send
    raise EndpointConnectionError(endpoint_url=request.url, error=e)
botocore.exceptions.EndpointConnectionError: Could not connect to the endpoint URL: "http://localhost:8001/"
------------------------------ Captured log setup ------------------------------
ERROR    app.main:main.py:112 Unhandled exception: Could not connect to the endpoint URL: "http://localhost:8001/"
Traceback (most recent call last):
  File "/Users/andyschwarz/Documents/Privat/OverCloud/backend/.venv/lib/python3.11/site-packages/urllib3/connection.py", line 204, in _new_conn
    sock = connection.create_connection(
           ^^^^^^^^^^^^^^^^^^^^^^^^^^^^^
  File "/Users/andyschwarz/Documents/Privat/OverCloud/backend/.venv/lib/python3.11/site-packages/urllib3/util/connection.py", line 85, in create_connection
    raise err
  File "/Users/andyschwarz/Documents/Privat/OverCloud/backend/.venv/lib/python3.11/site-packages/urllib3/util/connection.py", line 73, in create_connection
    sock.connect(sa)
ConnectionRefusedError: [Errno 61] Connection refused

The above exception was the direct cause of the following exception:

Traceback (most recent call last):
  File "/Users/andyschwarz/Documents/Privat/OverCloud/backend/.venv/lib/python3.11/site-packages/botocore/httpsession.py", line 477, in send
    urllib_response = conn.urlopen(
                      ^^^^^^^^^^^^^
  File "/Users/andyschwarz/Documents/Privat/OverCloud/backend/.venv/lib/python3.11/site-packages/urllib3/connectionpool.py", line 841, in urlopen
    retries = retries.increment(
              ^^^^^^^^^^^^^^^^^^
  File "/Users/andyschwarz/Documents/Privat/OverCloud/backend/.venv/lib/python3.11/site-packages/urllib3/util/retry.py", line 465, in increment
    raise reraise(type(error), error, _stacktrace)
          ^^^^^^^^^^^^^^^^^^^^^^^^^^^^^^^^^^^^^^^^
  File "/Users/andyschwarz/Documents/Privat/OverCloud/backend/.venv/lib/python3.11/site-packages/urllib3/util/util.py", line 39, in reraise
    raise value
  File "/Users/andyschwarz/Documents/Privat/OverCloud/backend/.venv/lib/python3.11/site-packages/urllib3/connectionpool.py", line 787, in urlopen
    response = self._make_request(
               ^^^^^^^^^^^^^^^^^^^
  File "/Users/andyschwarz/Documents/Privat/OverCloud/backend/.venv/lib/python3.11/site-packages/urllib3/connectionpool.py", line 493, in _make_request
    conn.request(
  File "/Users/andyschwarz/Documents/Privat/OverCloud/backend/.venv/lib/python3.11/site-packages/botocore/awsrequest.py", line 96, in request
    rval = super().request(method, url, body, headers, *args, **kwargs)
           ^^^^^^^^^^^^^^^^^^^^^^^^^^^^^^^^^^^^^^^^^^^^^^^^^^^^^^^^^^^^
  File "/Users/andyschwarz/Documents/Privat/OverCloud/backend/.venv/lib/python3.11/site-packages/urllib3/connection.py", line 500, in request
    self.endheaders()
  File "/opt/homebrew/Cellar/python@3.11/3.11.15/Frameworks/Python.framework/Versions/3.11/lib/python3.11/http/client.py", line 1318, in endheaders
    self._send_output(message_body, encode_chunked=encode_chunked)
  File "/Users/andyschwarz/Documents/Privat/OverCloud/backend/.venv/lib/python3.11/site-packages/botocore/awsrequest.py", line 123, in _send_output
    self.send(msg)
  File "/Users/andyschwarz/Documents/Privat/OverCloud/backend/.venv/lib/python3.11/site-packages/botocore/awsrequest.py", line 223, in send
    return super().send(str)
           ^^^^^^^^^^^^^^^^^
  File "/opt/homebrew/Cellar/python@3.11/3.11.15/Frameworks/Python.framework/Versions/3.11/lib/python3.11/http/client.py", line 1016, in send
    self.connect()
  File "/Users/andyschwarz/Documents/Privat/OverCloud/backend/.venv/lib/python3.11/site-packages/urllib3/connection.py", line 331, in connect
    self.sock = self._new_conn()
                ^^^^^^^^^^^^^^^^
  File "/Users/andyschwarz/Documents/Privat/OverCloud/backend/.venv/lib/python3.11/site-packages/urllib3/connection.py", line 219, in _new_conn
    raise NewConnectionError(
urllib3.exceptions.NewConnectionError: AWSHTTPConnection(host='localhost', port=8001): Failed to establish a new connection: [Errno 61] Connection refused

The above exception was the direct cause of the following exception:

Traceback (most recent call last):
  File "/Users/andyschwarz/Documents/Privat/OverCloud/backend/.venv/lib/python3.11/site-packages/starlette/middleware/errors.py", line 164, in __call__
    await self.app(scope, receive, _send)
  File "/Users/andyschwarz/Documents/Privat/OverCloud/backend/.venv/lib/python3.11/site-packages/starlette/middleware/base.py", line 191, in __call__
    with recv_stream, send_stream, collapse_excgroups():
  File "/opt/homebrew/Cellar/python@3.11/3.11.15/Frameworks/Python.framework/Versions/3.11/lib/python3.11/contextlib.py", line 158, in __exit__
    self.gen.throw(typ, value, traceback)
  File "/Users/andyschwarz/Documents/Privat/OverCloud/backend/.venv/lib/python3.11/site-packages/starlette/_utils.py", line 87, in collapse_excgroups
    raise exc
  File "/Users/andyschwarz/Documents/Privat/OverCloud/backend/.venv/lib/python3.11/site-packages/starlette/middleware/base.py", line 193, in __call__
    response = await self.dispatch_func(request, call_next)
               ^^^^^^^^^^^^^^^^^^^^^^^^^^^^^^^^^^^^^^^^^^^^
  File "/Users/andyschwarz/Documents/Privat/OverCloud/backend/app/main.py", line 61, in add_security_headers
    response = await call_next(request)
               ^^^^^^^^^^^^^^^^^^^^^^^^
  File "/Users/andyschwarz/Documents/Privat/OverCloud/backend/.venv/lib/python3.11/site-packages/starlette/middleware/base.py", line 168, in call_next
    raise app_exc from app_exc.__cause__ or app_exc.__context__
  File "/Users/andyschwarz/Documents/Privat/OverCloud/backend/.venv/lib/python3.11/site-packages/starlette/middleware/base.py", line 144, in coro
    await self.app(scope, receive_or_disconnect, send_no_error)
  File "/Users/andyschwarz/Documents/Privat/OverCloud/backend/.venv/lib/python3.11/site-packages/starlette/middleware/cors.py", line 88, in __call__
    await self.app(scope, receive, send)
  File "/Users/andyschwarz/Documents/Privat/OverCloud/backend/.venv/lib/python3.11/site-packages/starlette/middleware/exceptions.py", line 63, in __call__
    await wrap_app_handling_exceptions(self.app, conn)(scope, receive, send)
  File "/Users/andyschwarz/Documents/Privat/OverCloud/backend/.venv/lib/python3.11/site-packages/starlette/_exception_handler.py", line 53, in wrapped_app
    raise exc
  File "/Users/andyschwarz/Documents/Privat/OverCloud/backend/.venv/lib/python3.11/site-packages/starlette/_exception_handler.py", line 42, in wrapped_app
    await app(scope, receive, sender)
  File "/Users/andyschwarz/Documents/Privat/OverCloud/backend/.venv/lib/python3.11/site-packages/fastapi/middleware/asyncexitstack.py", line 18, in __call__
    await self.app(scope, receive, send)
  File "/Users/andyschwarz/Documents/Privat/OverCloud/backend/.venv/lib/python3.11/site-packages/starlette/routing.py", line 660, in __call__
    await self.middleware_stack(scope, receive, send)
  File "/Users/andyschwarz/Documents/Privat/OverCloud/backend/.venv/lib/python3.11/site-packages/starlette/routing.py", line 680, in app
    await route.handle(scope, receive, send)
  File "/Users/andyschwarz/Documents/Privat/OverCloud/backend/.venv/lib/python3.11/site-packages/starlette/routing.py", line 276, in handle
    await self.app(scope, receive, send)
  File "/Users/andyschwarz/Documents/Privat/OverCloud/backend/.venv/lib/python3.11/site-packages/fastapi/routing.py", line 130, in app
    await wrap_app_handling_exceptions(app, request)(scope, receive, send)
  File "/Users/andyschwarz/Documents/Privat/OverCloud/backend/.venv/lib/python3.11/site-packages/starlette/_exception_handler.py", line 53, in wrapped_app
    raise exc
  File "/Users/andyschwarz/Documents/Privat/OverCloud/backend/.venv/lib/python3.11/site-packages/starlette/_exception_handler.py", line 42, in wrapped_app
    await app(scope, receive, sender)
  File "/Users/andyschwarz/Documents/Privat/OverCloud/backend/.venv/lib/python3.11/site-packages/fastapi/routing.py", line 116, in app
    response = await f(request)
               ^^^^^^^^^^^^^^^^
  File "/Users/andyschwarz/Documents/Privat/OverCloud/backend/.venv/lib/python3.11/site-packages/fastapi/routing.py", line 670, in app
    raw_response = await run_endpoint_function(
                   ^^^^^^^^^^^^^^^^^^^^^^^^^^^^
  File "/Users/andyschwarz/Documents/Privat/OverCloud/backend/.venv/lib/python3.11/site-packages/fastapi/routing.py", line 324, in run_endpoint_function
    return await dependant.call(**values)
           ^^^^^^^^^^^^^^^^^^^^^^^^^^^^^^
  File "/Users/andyschwarz/Documents/Privat/OverCloud/backend/.venv/lib/python3.11/site-packages/slowapi/extension.py", line 734, in async_wrapper
    response = await func(*args, **kwargs)  # type: ignore
               ^^^^^^^^^^^^^^^^^^^^^^^^^^^
  File "/Users/andyschwarz/Documents/Privat/OverCloud/backend/app/api/auth.py", line 323, in register
    existing_user = user_repo.get_by_email(user_create.email)
                    ^^^^^^^^^^^^^^^^^^^^^^^^^^^^^^^^^^^^^^^^^
  File "/Users/andyschwarz/Documents/Privat/OverCloud/backend/app/repositories/user.py", line 169, in get_by_email
    items, _ = self._query(
               ^^^^^^^^^^^^
  File "/Users/andyschwarz/Documents/Privat/OverCloud/backend/app/repositories/base.py", line 145, in _query
    response = self.table.query(**kwargs)
               ^^^^^^^^^^^^^^^^^^^^^^^^^^
  File "/Users/andyschwarz/Documents/Privat/OverCloud/backend/.venv/lib/python3.11/site-packages/boto3/resources/factory.py", line 581, in do_action
    response = action(self, *args, **kwargs)
               ^^^^^^^^^^^^^^^^^^^^^^^^^^^^^
  File "/Users/andyschwarz/Documents/Privat/OverCloud/backend/.venv/lib/python3.11/site-packages/boto3/resources/action.py", line 88, in __call__
    response = getattr(parent.meta.client, operation_name)(*args, **params)
               ^^^^^^^^^^^^^^^^^^^^^^^^^^^^^^^^^^^^^^^^^^^^^^^^^^^^^^^^^^^^
  File "/Users/andyschwarz/Documents/Privat/OverCloud/backend/.venv/lib/python3.11/site-packages/botocore/client.py", line 602, in _api_call
    return self._make_api_call(operation_name, kwargs)
           ^^^^^^^^^^^^^^^^^^^^^^^^^^^^^^^^^^^^^^^^^^^
  File "/Users/andyschwarz/Documents/Privat/OverCloud/backend/.venv/lib/python3.11/site-packages/botocore/context.py", line 123, in wrapper
    return func(*args, **kwargs)
           ^^^^^^^^^^^^^^^^^^^^^
  File "/Users/andyschwarz/Documents/Privat/OverCloud/backend/.venv/lib/python3.11/site-packages/botocore/client.py", line 1060, in _make_api_call
    http, parsed_response = self._make_request(
                            ^^^^^^^^^^^^^^^^^^^
  File "/Users/andyschwarz/Documents/Privat/OverCloud/backend/.venv/lib/python3.11/site-packages/botocore/client.py", line 1084, in _make_request
    return self._endpoint.make_request(operation_model, request_dict)
           ^^^^^^^^^^^^^^^^^^^^^^^^^^^^^^^^^^^^^^^^^^^^^^^^^^^^^^^^^^
  File "/Users/andyschwarz/Documents/Privat/OverCloud/backend/.venv/lib/python3.11/site-packages/botocore/endpoint.py", line 119, in make_request
    return self._send_request(request_dict, operation_model)
           ^^^^^^^^^^^^^^^^^^^^^^^^^^^^^^^^^^^^^^^^^^^^^^^^^
  File "/Users/andyschwarz/Documents/Privat/OverCloud/backend/.venv/lib/python3.11/site-packages/botocore/endpoint.py", line 200, in _send_request
    while self._needs_retry(
          ^^^^^^^^^^^^^^^^^^
  File "/Users/andyschwarz/Documents/Privat/OverCloud/backend/.venv/lib/python3.11/site-packages/botocore/endpoint.py", line 360, in _needs_retry
    responses = self._event_emitter.emit(
                ^^^^^^^^^^^^^^^^^^^^^^^^^
  File "/Users/andyschwarz/Documents/Privat/OverCloud/backend/.venv/lib/python3.11/site-packages/botocore/hooks.py", line 412, in emit
    return self._emitter.emit(aliased_event_name, **kwargs)
           ^^^^^^^^^^^^^^^^^^^^^^^^^^^^^^^^^^^^^^^^^^^^^^^^
  File "/Users/andyschwarz/Documents/Privat/OverCloud/backend/.venv/lib/python3.11/site-packages/botocore/hooks.py", line 256, in emit
    return self._emit(event_name, kwargs)
           ^^^^^^^^^^^^^^^^^^^^^^^^^^^^^^
  File "/Users/andyschwarz/Documents/Privat/OverCloud/backend/.venv/lib/python3.11/site-packages/botocore/hooks.py", line 239, in _emit
    response = handler(**kwargs)
               ^^^^^^^^^^^^^^^^^
  File "/Users/andyschwarz/Documents/Privat/OverCloud/backend/.venv/lib/python3.11/site-packages/botocore/retryhandler.py", line 207, in __call__
    if self._checker(**checker_kwargs):
       ^^^^^^^^^^^^^^^^^^^^^^^^^^^^^^^
  File "/Users/andyschwarz/Documents/Privat/OverCloud/backend/.venv/lib/python3.11/site-packages/botocore/retryhandler.py", line 284, in __call__
    should_retry = self._should_retry(
                   ^^^^^^^^^^^^^^^^^^^
  File "/Users/andyschwarz/Documents/Privat/OverCloud/backend/.venv/lib/python3.11/site-packages/botocore/retryhandler.py", line 320, in _should_retry
    return self._checker(attempt_number, response, caught_exception)
           ^^^^^^^^^^^^^^^^^^^^^^^^^^^^^^^^^^^^^^^^^^^^^^^^^^^^^^^^^
  File "/Users/andyschwarz/Documents/Privat/OverCloud/backend/.venv/lib/python3.11/site-packages/botocore/retryhandler.py", line 363, in __call__
    checker_response = checker(
                       ^^^^^^^^
  File "/Users/andyschwarz/Documents/Privat/OverCloud/backend/.venv/lib/python3.11/site-packages/botocore/retryhandler.py", line 247, in __call__
    return self._check_caught_exception(
           ^^^^^^^^^^^^^^^^^^^^^^^^^^^^^
  File "/Users/andyschwarz/Documents/Privat/OverCloud/backend/.venv/lib/python3.11/site-packages/botocore/retryhandler.py", line 416, in _check_caught_exception
    raise caught_exception
  File "/Users/andyschwarz/Documents/Privat/OverCloud/backend/.venv/lib/python3.11/site-packages/botocore/endpoint.py", line 279, in _do_get_response
    http_response = self._send(request)
                    ^^^^^^^^^^^^^^^^^^^
  File "/Users/andyschwarz/Documents/Privat/OverCloud/backend/.venv/lib/python3.11/site-packages/botocore/endpoint.py", line 383, in _send
    return self.http_session.send(request)
           ^^^^^^^^^^^^^^^^^^^^^^^^^^^^^^^
  File "/Users/andyschwarz/Documents/Privat/OverCloud/backend/.venv/lib/python3.11/site-packages/botocore/httpsession.py", line 506, in send
    raise EndpointConnectionError(endpoint_url=request.url, error=e)
botocore.exceptions.EndpointConnectionError: Could not connect to the endpoint URL: "http://localhost:8001/"
___________ ERROR at setup of test_logout_revokes_all_refresh_tokens ___________
.venv/lib/python3.11/site-packages/urllib3/connection.py:204: in _new_conn
    sock = connection.create_connection(
.venv/lib/python3.11/site-packages/urllib3/util/connection.py:85: in create_connection
    raise err
.venv/lib/python3.11/site-packages/urllib3/util/connection.py:73: in create_connection
    sock.connect(sa)
E   ConnectionRefusedError: [Errno 61] Connection refused

The above exception was the direct cause of the following exception:
.venv/lib/python3.11/site-packages/botocore/httpsession.py:477: in send
    urllib_response = conn.urlopen(
.venv/lib/python3.11/site-packages/urllib3/connectionpool.py:841: in urlopen
    retries = retries.increment(
.venv/lib/python3.11/site-packages/urllib3/util/retry.py:465: in increment
    raise reraise(type(error), error, _stacktrace)
          ^^^^^^^^^^^^^^^^^^^^^^^^^^^^^^^^^^^^^^^^
.venv/lib/python3.11/site-packages/urllib3/util/util.py:39: in reraise
    raise value
.venv/lib/python3.11/site-packages/urllib3/connectionpool.py:787: in urlopen
    response = self._make_request(
.venv/lib/python3.11/site-packages/urllib3/connectionpool.py:493: in _make_request
    conn.request(
.venv/lib/python3.11/site-packages/botocore/awsrequest.py:96: in request
    rval = super().request(method, url, body, headers, *args, **kwargs)
           ^^^^^^^^^^^^^^^^^^^^^^^^^^^^^^^^^^^^^^^^^^^^^^^^^^^^^^^^^^^^
.venv/lib/python3.11/site-packages/urllib3/connection.py:500: in request
    self.endheaders()
/opt/homebrew/Cellar/python@3.11/3.11.15/Frameworks/Python.framework/Versions/3.11/lib/python3.11/http/client.py:1318: in endheaders
    self._send_output(message_body, encode_chunked=encode_chunked)
.venv/lib/python3.11/site-packages/botocore/awsrequest.py:123: in _send_output
    self.send(msg)
.venv/lib/python3.11/site-packages/botocore/awsrequest.py:223: in send
    return super().send(str)
           ^^^^^^^^^^^^^^^^^
/opt/homebrew/Cellar/python@3.11/3.11.15/Frameworks/Python.framework/Versions/3.11/lib/python3.11/http/client.py:1016: in send
    self.connect()
.venv/lib/python3.11/site-packages/urllib3/connection.py:331: in connect
    self.sock = self._new_conn()
                ^^^^^^^^^^^^^^^^
.venv/lib/python3.11/site-packages/urllib3/connection.py:219: in _new_conn
    raise NewConnectionError(
E   urllib3.exceptions.NewConnectionError: AWSHTTPConnection(host='localhost', port=8001): Failed to establish a new connection: [Errno 61] Connection refused

The above exception was the direct cause of the following exception:
tests/integration/test_refresh_token_flow.py:24: in test_user
    response = client.post(
.venv/lib/python3.11/site-packages/starlette/testclient.py:546: in post
    return super().post(
.venv/lib/python3.11/site-packages/httpx/_client.py:1144: in post
    return self.request(
.venv/lib/python3.11/site-packages/starlette/testclient.py:445: in request
    return super().request(
.venv/lib/python3.11/site-packages/httpx/_client.py:825: in request
    return self.send(request, auth=auth, follow_redirects=follow_redirects)
           ^^^^^^^^^^^^^^^^^^^^^^^^^^^^^^^^^^^^^^^^^^^^^^^^^^^^^^^^^^^^^^^^
.venv/lib/python3.11/site-packages/httpx/_client.py:914: in send
    response = self._send_handling_auth(
.venv/lib/python3.11/site-packages/httpx/_client.py:942: in _send_handling_auth
    response = self._send_handling_redirects(
.venv/lib/python3.11/site-packages/httpx/_client.py:979: in _send_handling_redirects
    response = self._send_single_request(request)
               ^^^^^^^^^^^^^^^^^^^^^^^^^^^^^^^^^^
.venv/lib/python3.11/site-packages/httpx/_client.py:1014: in _send_single_request
    response = transport.handle_request(request)
               ^^^^^^^^^^^^^^^^^^^^^^^^^^^^^^^^^
.venv/lib/python3.11/site-packages/starlette/testclient.py:348: in handle_request
    raise exc
.venv/lib/python3.11/site-packages/starlette/testclient.py:345: in handle_request
    portal.call(self.app, scope, receive, send)
.venv/lib/python3.11/site-packages/anyio/from_thread.py:334: in call
    return cast(T_Retval, self.start_task_soon(func, *args).result())
                          ^^^^^^^^^^^^^^^^^^^^^^^^^^^^^^^^^^^^^^^^^^
/opt/homebrew/Cellar/python@3.11/3.11.15/Frameworks/Python.framework/Versions/3.11/lib/python3.11/concurrent/futures/_base.py:456: in result
    return self.__get_result()
           ^^^^^^^^^^^^^^^^^^^
/opt/homebrew/Cellar/python@3.11/3.11.15/Frameworks/Python.framework/Versions/3.11/lib/python3.11/concurrent/futures/_base.py:401: in __get_result
    raise self._exception
.venv/lib/python3.11/site-packages/anyio/from_thread.py:259: in _call_func
    retval = await retval_or_awaitable
             ^^^^^^^^^^^^^^^^^^^^^^^^^
.venv/lib/python3.11/site-packages/fastapi/applications.py:1160: in __call__
    await super().__call__(scope, receive, send)
.venv/lib/python3.11/site-packages/starlette/applications.py:90: in __call__
    await self.middleware_stack(scope, receive, send)
.venv/lib/python3.11/site-packages/starlette/middleware/errors.py:176: in __call__
    response = await self.handler(request, exc)
               ^^^^^^^^^^^^^^^^^^^^^^^^^^^^^^^^
app/main.py:129: in generic_exception_handler
    raise exc
.venv/lib/python3.11/site-packages/starlette/middleware/errors.py:164: in __call__
    await self.app(scope, receive, _send)
.venv/lib/python3.11/site-packages/starlette/middleware/base.py:191: in __call__
    with recv_stream, send_stream, collapse_excgroups():
/opt/homebrew/Cellar/python@3.11/3.11.15/Frameworks/Python.framework/Versions/3.11/lib/python3.11/contextlib.py:158: in __exit__
    self.gen.throw(typ, value, traceback)
.venv/lib/python3.11/site-packages/starlette/_utils.py:87: in collapse_excgroups
    raise exc
.venv/lib/python3.11/site-packages/starlette/middleware/base.py:193: in __call__
    response = await self.dispatch_func(request, call_next)
               ^^^^^^^^^^^^^^^^^^^^^^^^^^^^^^^^^^^^^^^^^^^^
app/main.py:61: in add_security_headers
    response = await call_next(request)
               ^^^^^^^^^^^^^^^^^^^^^^^^
.venv/lib/python3.11/site-packages/starlette/middleware/base.py:168: in call_next
    raise app_exc from app_exc.__cause__ or app_exc.__context__
.venv/lib/python3.11/site-packages/starlette/middleware/base.py:144: in coro
    await self.app(scope, receive_or_disconnect, send_no_error)
.venv/lib/python3.11/site-packages/starlette/middleware/cors.py:88: in __call__
    await self.app(scope, receive, send)
.venv/lib/python3.11/site-packages/starlette/middleware/exceptions.py:63: in __call__
    await wrap_app_handling_exceptions(self.app, conn)(scope, receive, send)
.venv/lib/python3.11/site-packages/starlette/_exception_handler.py:53: in wrapped_app
    raise exc
.venv/lib/python3.11/site-packages/starlette/_exception_handler.py:42: in wrapped_app
    await app(scope, receive, sender)
.venv/lib/python3.11/site-packages/fastapi/middleware/asyncexitstack.py:18: in __call__
    await self.app(scope, receive, send)
.venv/lib/python3.11/site-packages/starlette/routing.py:660: in __call__
    await self.middleware_stack(scope, receive, send)
.venv/lib/python3.11/site-packages/starlette/routing.py:680: in app
    await route.handle(scope, receive, send)
.venv/lib/python3.11/site-packages/starlette/routing.py:276: in handle
    await self.app(scope, receive, send)
.venv/lib/python3.11/site-packages/fastapi/routing.py:130: in app
    await wrap_app_handling_exceptions(app, request)(scope, receive, send)
.venv/lib/python3.11/site-packages/starlette/_exception_handler.py:53: in wrapped_app
    raise exc
.venv/lib/python3.11/site-packages/starlette/_exception_handler.py:42: in wrapped_app
    await app(scope, receive, sender)
.venv/lib/python3.11/site-packages/fastapi/routing.py:116: in app
    response = await f(request)
               ^^^^^^^^^^^^^^^^
.venv/lib/python3.11/site-packages/fastapi/routing.py:670: in app
    raw_response = await run_endpoint_function(
.venv/lib/python3.11/site-packages/fastapi/routing.py:324: in run_endpoint_function
    return await dependant.call(**values)
           ^^^^^^^^^^^^^^^^^^^^^^^^^^^^^^
.venv/lib/python3.11/site-packages/slowapi/extension.py:734: in async_wrapper
    response = await func(*args, **kwargs)  # type: ignore
               ^^^^^^^^^^^^^^^^^^^^^^^^^^^
app/api/auth.py:323: in register
    existing_user = user_repo.get_by_email(user_create.email)
                    ^^^^^^^^^^^^^^^^^^^^^^^^^^^^^^^^^^^^^^^^^
app/repositories/user.py:169: in get_by_email
    items, _ = self._query(
app/repositories/base.py:145: in _query
    response = self.table.query(**kwargs)
               ^^^^^^^^^^^^^^^^^^^^^^^^^^
.venv/lib/python3.11/site-packages/boto3/resources/factory.py:581: in do_action
    response = action(self, *args, **kwargs)
               ^^^^^^^^^^^^^^^^^^^^^^^^^^^^^
.venv/lib/python3.11/site-packages/boto3/resources/action.py:88: in __call__
    response = getattr(parent.meta.client, operation_name)(*args, **params)
               ^^^^^^^^^^^^^^^^^^^^^^^^^^^^^^^^^^^^^^^^^^^^^^^^^^^^^^^^^^^^
.venv/lib/python3.11/site-packages/botocore/client.py:602: in _api_call
    return self._make_api_call(operation_name, kwargs)
           ^^^^^^^^^^^^^^^^^^^^^^^^^^^^^^^^^^^^^^^^^^^
.venv/lib/python3.11/site-packages/botocore/context.py:123: in wrapper
    return func(*args, **kwargs)
           ^^^^^^^^^^^^^^^^^^^^^
.venv/lib/python3.11/site-packages/botocore/client.py:1060: in _make_api_call
    http, parsed_response = self._make_request(
.venv/lib/python3.11/site-packages/botocore/client.py:1084: in _make_request
    return self._endpoint.make_request(operation_model, request_dict)
           ^^^^^^^^^^^^^^^^^^^^^^^^^^^^^^^^^^^^^^^^^^^^^^^^^^^^^^^^^^
.venv/lib/python3.11/site-packages/botocore/endpoint.py:119: in make_request
    return self._send_request(request_dict, operation_model)
           ^^^^^^^^^^^^^^^^^^^^^^^^^^^^^^^^^^^^^^^^^^^^^^^^^
.venv/lib/python3.11/site-packages/botocore/endpoint.py:200: in _send_request
    while self._needs_retry(
.venv/lib/python3.11/site-packages/botocore/endpoint.py:360: in _needs_retry
    responses = self._event_emitter.emit(
.venv/lib/python3.11/site-packages/botocore/hooks.py:412: in emit
    return self._emitter.emit(aliased_event_name, **kwargs)
           ^^^^^^^^^^^^^^^^^^^^^^^^^^^^^^^^^^^^^^^^^^^^^^^^
.venv/lib/python3.11/site-packages/botocore/hooks.py:256: in emit
    return self._emit(event_name, kwargs)
           ^^^^^^^^^^^^^^^^^^^^^^^^^^^^^^
.venv/lib/python3.11/site-packages/botocore/hooks.py:239: in _emit
    response = handler(**kwargs)
               ^^^^^^^^^^^^^^^^^
.venv/lib/python3.11/site-packages/botocore/retryhandler.py:207: in __call__
    if self._checker(**checker_kwargs):
       ^^^^^^^^^^^^^^^^^^^^^^^^^^^^^^^
.venv/lib/python3.11/site-packages/botocore/retryhandler.py:284: in __call__
    should_retry = self._should_retry(
.venv/lib/python3.11/site-packages/botocore/retryhandler.py:320: in _should_retry
    return self._checker(attempt_number, response, caught_exception)
           ^^^^^^^^^^^^^^^^^^^^^^^^^^^^^^^^^^^^^^^^^^^^^^^^^^^^^^^^^
.venv/lib/python3.11/site-packages/botocore/retryhandler.py:363: in __call__
    checker_response = checker(
.venv/lib/python3.11/site-packages/botocore/retryhandler.py:247: in __call__
    return self._check_caught_exception(
.venv/lib/python3.11/site-packages/botocore/retryhandler.py:416: in _check_caught_exception
    raise caught_exception
.venv/lib/python3.11/site-packages/botocore/endpoint.py:279: in _do_get_response
    http_response = self._send(request)
                    ^^^^^^^^^^^^^^^^^^^
.venv/lib/python3.11/site-packages/botocore/endpoint.py:383: in _send
    return self.http_session.send(request)
           ^^^^^^^^^^^^^^^^^^^^^^^^^^^^^^^
.venv/lib/python3.11/site-packages/botocore/httpsession.py:506: in send
    raise EndpointConnectionError(endpoint_url=request.url, error=e)
E   botocore.exceptions.EndpointConnectionError: Could not connect to the endpoint URL: "http://localhost:8001/"
---------------------------- Captured stdout setup -----------------------------
2026-05-17 20:12:36 - app.main - ERROR - Unhandled exception: Could not connect to the endpoint URL: "http://localhost:8001/"
Traceback (most recent call last):
  File "/Users/andyschwarz/Documents/Privat/OverCloud/backend/.venv/lib/python3.11/site-packages/urllib3/connection.py", line 204, in _new_conn
    sock = connection.create_connection(
           ^^^^^^^^^^^^^^^^^^^^^^^^^^^^^
  File "/Users/andyschwarz/Documents/Privat/OverCloud/backend/.venv/lib/python3.11/site-packages/urllib3/util/connection.py", line 85, in create_connection
    raise err
  File "/Users/andyschwarz/Documents/Privat/OverCloud/backend/.venv/lib/python3.11/site-packages/urllib3/util/connection.py", line 73, in create_connection
    sock.connect(sa)
ConnectionRefusedError: [Errno 61] Connection refused

The above exception was the direct cause of the following exception:

Traceback (most recent call last):
  File "/Users/andyschwarz/Documents/Privat/OverCloud/backend/.venv/lib/python3.11/site-packages/botocore/httpsession.py", line 477, in send
    urllib_response = conn.urlopen(
                      ^^^^^^^^^^^^^
  File "/Users/andyschwarz/Documents/Privat/OverCloud/backend/.venv/lib/python3.11/site-packages/urllib3/connectionpool.py", line 841, in urlopen
    retries = retries.increment(
              ^^^^^^^^^^^^^^^^^^
  File "/Users/andyschwarz/Documents/Privat/OverCloud/backend/.venv/lib/python3.11/site-packages/urllib3/util/retry.py", line 465, in increment
    raise reraise(type(error), error, _stacktrace)
          ^^^^^^^^^^^^^^^^^^^^^^^^^^^^^^^^^^^^^^^^
  File "/Users/andyschwarz/Documents/Privat/OverCloud/backend/.venv/lib/python3.11/site-packages/urllib3/util/util.py", line 39, in reraise
    raise value
  File "/Users/andyschwarz/Documents/Privat/OverCloud/backend/.venv/lib/python3.11/site-packages/urllib3/connectionpool.py", line 787, in urlopen
    response = self._make_request(
               ^^^^^^^^^^^^^^^^^^^
  File "/Users/andyschwarz/Documents/Privat/OverCloud/backend/.venv/lib/python3.11/site-packages/urllib3/connectionpool.py", line 493, in _make_request
    conn.request(
  File "/Users/andyschwarz/Documents/Privat/OverCloud/backend/.venv/lib/python3.11/site-packages/botocore/awsrequest.py", line 96, in request
    rval = super().request(method, url, body, headers, *args, **kwargs)
           ^^^^^^^^^^^^^^^^^^^^^^^^^^^^^^^^^^^^^^^^^^^^^^^^^^^^^^^^^^^^
  File "/Users/andyschwarz/Documents/Privat/OverCloud/backend/.venv/lib/python3.11/site-packages/urllib3/connection.py", line 500, in request
    self.endheaders()
  File "/opt/homebrew/Cellar/python@3.11/3.11.15/Frameworks/Python.framework/Versions/3.11/lib/python3.11/http/client.py", line 1318, in endheaders
    self._send_output(message_body, encode_chunked=encode_chunked)
  File "/Users/andyschwarz/Documents/Privat/OverCloud/backend/.venv/lib/python3.11/site-packages/botocore/awsrequest.py", line 123, in _send_output
    self.send(msg)
  File "/Users/andyschwarz/Documents/Privat/OverCloud/backend/.venv/lib/python3.11/site-packages/botocore/awsrequest.py", line 223, in send
    return super().send(str)
           ^^^^^^^^^^^^^^^^^
  File "/opt/homebrew/Cellar/python@3.11/3.11.15/Frameworks/Python.framework/Versions/3.11/lib/python3.11/http/client.py", line 1016, in send
    self.connect()
  File "/Users/andyschwarz/Documents/Privat/OverCloud/backend/.venv/lib/python3.11/site-packages/urllib3/connection.py", line 331, in connect
    self.sock = self._new_conn()
                ^^^^^^^^^^^^^^^^
  File "/Users/andyschwarz/Documents/Privat/OverCloud/backend/.venv/lib/python3.11/site-packages/urllib3/connection.py", line 219, in _new_conn
    raise NewConnectionError(
urllib3.exceptions.NewConnectionError: AWSHTTPConnection(host='localhost', port=8001): Failed to establish a new connection: [Errno 61] Connection refused

The above exception was the direct cause of the following exception:

Traceback (most recent call last):
  File "/Users/andyschwarz/Documents/Privat/OverCloud/backend/.venv/lib/python3.11/site-packages/starlette/middleware/errors.py", line 164, in __call__
    await self.app(scope, receive, _send)
  File "/Users/andyschwarz/Documents/Privat/OverCloud/backend/.venv/lib/python3.11/site-packages/starlette/middleware/base.py", line 191, in __call__
    with recv_stream, send_stream, collapse_excgroups():
  File "/opt/homebrew/Cellar/python@3.11/3.11.15/Frameworks/Python.framework/Versions/3.11/lib/python3.11/contextlib.py", line 158, in __exit__
    self.gen.throw(typ, value, traceback)
  File "/Users/andyschwarz/Documents/Privat/OverCloud/backend/.venv/lib/python3.11/site-packages/starlette/_utils.py", line 87, in collapse_excgroups
    raise exc
  File "/Users/andyschwarz/Documents/Privat/OverCloud/backend/.venv/lib/python3.11/site-packages/starlette/middleware/base.py", line 193, in __call__
    response = await self.dispatch_func(request, call_next)
               ^^^^^^^^^^^^^^^^^^^^^^^^^^^^^^^^^^^^^^^^^^^^
  File "/Users/andyschwarz/Documents/Privat/OverCloud/backend/app/main.py", line 61, in add_security_headers
    response = await call_next(request)
               ^^^^^^^^^^^^^^^^^^^^^^^^
  File "/Users/andyschwarz/Documents/Privat/OverCloud/backend/.venv/lib/python3.11/site-packages/starlette/middleware/base.py", line 168, in call_next
    raise app_exc from app_exc.__cause__ or app_exc.__context__
  File "/Users/andyschwarz/Documents/Privat/OverCloud/backend/.venv/lib/python3.11/site-packages/starlette/middleware/base.py", line 144, in coro
    await self.app(scope, receive_or_disconnect, send_no_error)
  File "/Users/andyschwarz/Documents/Privat/OverCloud/backend/.venv/lib/python3.11/site-packages/starlette/middleware/cors.py", line 88, in __call__
    await self.app(scope, receive, send)
  File "/Users/andyschwarz/Documents/Privat/OverCloud/backend/.venv/lib/python3.11/site-packages/starlette/middleware/exceptions.py", line 63, in __call__
    await wrap_app_handling_exceptions(self.app, conn)(scope, receive, send)
  File "/Users/andyschwarz/Documents/Privat/OverCloud/backend/.venv/lib/python3.11/site-packages/starlette/_exception_handler.py", line 53, in wrapped_app
    raise exc
  File "/Users/andyschwarz/Documents/Privat/OverCloud/backend/.venv/lib/python3.11/site-packages/starlette/_exception_handler.py", line 42, in wrapped_app
    await app(scope, receive, sender)
  File "/Users/andyschwarz/Documents/Privat/OverCloud/backend/.venv/lib/python3.11/site-packages/fastapi/middleware/asyncexitstack.py", line 18, in __call__
    await self.app(scope, receive, send)
  File "/Users/andyschwarz/Documents/Privat/OverCloud/backend/.venv/lib/python3.11/site-packages/starlette/routing.py", line 660, in __call__
    await self.middleware_stack(scope, receive, send)
  File "/Users/andyschwarz/Documents/Privat/OverCloud/backend/.venv/lib/python3.11/site-packages/starlette/routing.py", line 680, in app
    await route.handle(scope, receive, send)
  File "/Users/andyschwarz/Documents/Privat/OverCloud/backend/.venv/lib/python3.11/site-packages/starlette/routing.py", line 276, in handle
    await self.app(scope, receive, send)
  File "/Users/andyschwarz/Documents/Privat/OverCloud/backend/.venv/lib/python3.11/site-packages/fastapi/routing.py", line 130, in app
    await wrap_app_handling_exceptions(app, request)(scope, receive, send)
  File "/Users/andyschwarz/Documents/Privat/OverCloud/backend/.venv/lib/python3.11/site-packages/starlette/_exception_handler.py", line 53, in wrapped_app
    raise exc
  File "/Users/andyschwarz/Documents/Privat/OverCloud/backend/.venv/lib/python3.11/site-packages/starlette/_exception_handler.py", line 42, in wrapped_app
    await app(scope, receive, sender)
  File "/Users/andyschwarz/Documents/Privat/OverCloud/backend/.venv/lib/python3.11/site-packages/fastapi/routing.py", line 116, in app
    response = await f(request)
               ^^^^^^^^^^^^^^^^
  File "/Users/andyschwarz/Documents/Privat/OverCloud/backend/.venv/lib/python3.11/site-packages/fastapi/routing.py", line 670, in app
    raw_response = await run_endpoint_function(
                   ^^^^^^^^^^^^^^^^^^^^^^^^^^^^
  File "/Users/andyschwarz/Documents/Privat/OverCloud/backend/.venv/lib/python3.11/site-packages/fastapi/routing.py", line 324, in run_endpoint_function
    return await dependant.call(**values)
           ^^^^^^^^^^^^^^^^^^^^^^^^^^^^^^
  File "/Users/andyschwarz/Documents/Privat/OverCloud/backend/.venv/lib/python3.11/site-packages/slowapi/extension.py", line 734, in async_wrapper
    response = await func(*args, **kwargs)  # type: ignore
               ^^^^^^^^^^^^^^^^^^^^^^^^^^^
  File "/Users/andyschwarz/Documents/Privat/OverCloud/backend/app/api/auth.py", line 323, in register
    existing_user = user_repo.get_by_email(user_create.email)
                    ^^^^^^^^^^^^^^^^^^^^^^^^^^^^^^^^^^^^^^^^^
  File "/Users/andyschwarz/Documents/Privat/OverCloud/backend/app/repositories/user.py", line 169, in get_by_email
    items, _ = self._query(
               ^^^^^^^^^^^^
  File "/Users/andyschwarz/Documents/Privat/OverCloud/backend/app/repositories/base.py", line 145, in _query
    response = self.table.query(**kwargs)
               ^^^^^^^^^^^^^^^^^^^^^^^^^^
  File "/Users/andyschwarz/Documents/Privat/OverCloud/backend/.venv/lib/python3.11/site-packages/boto3/resources/factory.py", line 581, in do_action
    response = action(self, *args, **kwargs)
               ^^^^^^^^^^^^^^^^^^^^^^^^^^^^^
  File "/Users/andyschwarz/Documents/Privat/OverCloud/backend/.venv/lib/python3.11/site-packages/boto3/resources/action.py", line 88, in __call__
    response = getattr(parent.meta.client, operation_name)(*args, **params)
               ^^^^^^^^^^^^^^^^^^^^^^^^^^^^^^^^^^^^^^^^^^^^^^^^^^^^^^^^^^^^
  File "/Users/andyschwarz/Documents/Privat/OverCloud/backend/.venv/lib/python3.11/site-packages/botocore/client.py", line 602, in _api_call
    return self._make_api_call(operation_name, kwargs)
           ^^^^^^^^^^^^^^^^^^^^^^^^^^^^^^^^^^^^^^^^^^^
  File "/Users/andyschwarz/Documents/Privat/OverCloud/backend/.venv/lib/python3.11/site-packages/botocore/context.py", line 123, in wrapper
    return func(*args, **kwargs)
           ^^^^^^^^^^^^^^^^^^^^^
  File "/Users/andyschwarz/Documents/Privat/OverCloud/backend/.venv/lib/python3.11/site-packages/botocore/client.py", line 1060, in _make_api_call
    http, parsed_response = self._make_request(
                            ^^^^^^^^^^^^^^^^^^^
  File "/Users/andyschwarz/Documents/Privat/OverCloud/backend/.venv/lib/python3.11/site-packages/botocore/client.py", line 1084, in _make_request
    return self._endpoint.make_request(operation_model, request_dict)
           ^^^^^^^^^^^^^^^^^^^^^^^^^^^^^^^^^^^^^^^^^^^^^^^^^^^^^^^^^^
  File "/Users/andyschwarz/Documents/Privat/OverCloud/backend/.venv/lib/python3.11/site-packages/botocore/endpoint.py", line 119, in make_request
    return self._send_request(request_dict, operation_model)
           ^^^^^^^^^^^^^^^^^^^^^^^^^^^^^^^^^^^^^^^^^^^^^^^^^
  File "/Users/andyschwarz/Documents/Privat/OverCloud/backend/.venv/lib/python3.11/site-packages/botocore/endpoint.py", line 200, in _send_request
    while self._needs_retry(
          ^^^^^^^^^^^^^^^^^^
  File "/Users/andyschwarz/Documents/Privat/OverCloud/backend/.venv/lib/python3.11/site-packages/botocore/endpoint.py", line 360, in _needs_retry
    responses = self._event_emitter.emit(
                ^^^^^^^^^^^^^^^^^^^^^^^^^
  File "/Users/andyschwarz/Documents/Privat/OverCloud/backend/.venv/lib/python3.11/site-packages/botocore/hooks.py", line 412, in emit
    return self._emitter.emit(aliased_event_name, **kwargs)
           ^^^^^^^^^^^^^^^^^^^^^^^^^^^^^^^^^^^^^^^^^^^^^^^^
  File "/Users/andyschwarz/Documents/Privat/OverCloud/backend/.venv/lib/python3.11/site-packages/botocore/hooks.py", line 256, in emit
    return self._emit(event_name, kwargs)
           ^^^^^^^^^^^^^^^^^^^^^^^^^^^^^^
  File "/Users/andyschwarz/Documents/Privat/OverCloud/backend/.venv/lib/python3.11/site-packages/botocore/hooks.py", line 239, in _emit
    response = handler(**kwargs)
               ^^^^^^^^^^^^^^^^^
  File "/Users/andyschwarz/Documents/Privat/OverCloud/backend/.venv/lib/python3.11/site-packages/botocore/retryhandler.py", line 207, in __call__
    if self._checker(**checker_kwargs):
       ^^^^^^^^^^^^^^^^^^^^^^^^^^^^^^^
  File "/Users/andyschwarz/Documents/Privat/OverCloud/backend/.venv/lib/python3.11/site-packages/botocore/retryhandler.py", line 284, in __call__
    should_retry = self._should_retry(
                   ^^^^^^^^^^^^^^^^^^^
  File "/Users/andyschwarz/Documents/Privat/OverCloud/backend/.venv/lib/python3.11/site-packages/botocore/retryhandler.py", line 320, in _should_retry
    return self._checker(attempt_number, response, caught_exception)
           ^^^^^^^^^^^^^^^^^^^^^^^^^^^^^^^^^^^^^^^^^^^^^^^^^^^^^^^^^
  File "/Users/andyschwarz/Documents/Privat/OverCloud/backend/.venv/lib/python3.11/site-packages/botocore/retryhandler.py", line 363, in __call__
    checker_response = checker(
                       ^^^^^^^^
  File "/Users/andyschwarz/Documents/Privat/OverCloud/backend/.venv/lib/python3.11/site-packages/botocore/retryhandler.py", line 247, in __call__
    return self._check_caught_exception(
           ^^^^^^^^^^^^^^^^^^^^^^^^^^^^^
  File "/Users/andyschwarz/Documents/Privat/OverCloud/backend/.venv/lib/python3.11/site-packages/botocore/retryhandler.py", line 416, in _check_caught_exception
    raise caught_exception
  File "/Users/andyschwarz/Documents/Privat/OverCloud/backend/.venv/lib/python3.11/site-packages/botocore/endpoint.py", line 279, in _do_get_response
    http_response = self._send(request)
                    ^^^^^^^^^^^^^^^^^^^
  File "/Users/andyschwarz/Documents/Privat/OverCloud/backend/.venv/lib/python3.11/site-packages/botocore/endpoint.py", line 383, in _send
    return self.http_session.send(request)
           ^^^^^^^^^^^^^^^^^^^^^^^^^^^^^^^
  File "/Users/andyschwarz/Documents/Privat/OverCloud/backend/.venv/lib/python3.11/site-packages/botocore/httpsession.py", line 506, in send
    raise EndpointConnectionError(endpoint_url=request.url, error=e)
botocore.exceptions.EndpointConnectionError: Could not connect to the endpoint URL: "http://localhost:8001/"
------------------------------ Captured log setup ------------------------------
ERROR    app.main:main.py:112 Unhandled exception: Could not connect to the endpoint URL: "http://localhost:8001/"
Traceback (most recent call last):
  File "/Users/andyschwarz/Documents/Privat/OverCloud/backend/.venv/lib/python3.11/site-packages/urllib3/connection.py", line 204, in _new_conn
    sock = connection.create_connection(
           ^^^^^^^^^^^^^^^^^^^^^^^^^^^^^
  File "/Users/andyschwarz/Documents/Privat/OverCloud/backend/.venv/lib/python3.11/site-packages/urllib3/util/connection.py", line 85, in create_connection
    raise err
  File "/Users/andyschwarz/Documents/Privat/OverCloud/backend/.venv/lib/python3.11/site-packages/urllib3/util/connection.py", line 73, in create_connection
    sock.connect(sa)
ConnectionRefusedError: [Errno 61] Connection refused

The above exception was the direct cause of the following exception:

Traceback (most recent call last):
  File "/Users/andyschwarz/Documents/Privat/OverCloud/backend/.venv/lib/python3.11/site-packages/botocore/httpsession.py", line 477, in send
    urllib_response = conn.urlopen(
                      ^^^^^^^^^^^^^
  File "/Users/andyschwarz/Documents/Privat/OverCloud/backend/.venv/lib/python3.11/site-packages/urllib3/connectionpool.py", line 841, in urlopen
    retries = retries.increment(
              ^^^^^^^^^^^^^^^^^^
  File "/Users/andyschwarz/Documents/Privat/OverCloud/backend/.venv/lib/python3.11/site-packages/urllib3/util/retry.py", line 465, in increment
    raise reraise(type(error), error, _stacktrace)
          ^^^^^^^^^^^^^^^^^^^^^^^^^^^^^^^^^^^^^^^^
  File "/Users/andyschwarz/Documents/Privat/OverCloud/backend/.venv/lib/python3.11/site-packages/urllib3/util/util.py", line 39, in reraise
    raise value
  File "/Users/andyschwarz/Documents/Privat/OverCloud/backend/.venv/lib/python3.11/site-packages/urllib3/connectionpool.py", line 787, in urlopen
    response = self._make_request(
               ^^^^^^^^^^^^^^^^^^^
  File "/Users/andyschwarz/Documents/Privat/OverCloud/backend/.venv/lib/python3.11/site-packages/urllib3/connectionpool.py", line 493, in _make_request
    conn.request(
  File "/Users/andyschwarz/Documents/Privat/OverCloud/backend/.venv/lib/python3.11/site-packages/botocore/awsrequest.py", line 96, in request
    rval = super().request(method, url, body, headers, *args, **kwargs)
           ^^^^^^^^^^^^^^^^^^^^^^^^^^^^^^^^^^^^^^^^^^^^^^^^^^^^^^^^^^^^
  File "/Users/andyschwarz/Documents/Privat/OverCloud/backend/.venv/lib/python3.11/site-packages/urllib3/connection.py", line 500, in request
    self.endheaders()
  File "/opt/homebrew/Cellar/python@3.11/3.11.15/Frameworks/Python.framework/Versions/3.11/lib/python3.11/http/client.py", line 1318, in endheaders
    self._send_output(message_body, encode_chunked=encode_chunked)
  File "/Users/andyschwarz/Documents/Privat/OverCloud/backend/.venv/lib/python3.11/site-packages/botocore/awsrequest.py", line 123, in _send_output
    self.send(msg)
  File "/Users/andyschwarz/Documents/Privat/OverCloud/backend/.venv/lib/python3.11/site-packages/botocore/awsrequest.py", line 223, in send
    return super().send(str)
           ^^^^^^^^^^^^^^^^^
  File "/opt/homebrew/Cellar/python@3.11/3.11.15/Frameworks/Python.framework/Versions/3.11/lib/python3.11/http/client.py", line 1016, in send
    self.connect()
  File "/Users/andyschwarz/Documents/Privat/OverCloud/backend/.venv/lib/python3.11/site-packages/urllib3/connection.py", line 331, in connect
    self.sock = self._new_conn()
                ^^^^^^^^^^^^^^^^
  File "/Users/andyschwarz/Documents/Privat/OverCloud/backend/.venv/lib/python3.11/site-packages/urllib3/connection.py", line 219, in _new_conn
    raise NewConnectionError(
urllib3.exceptions.NewConnectionError: AWSHTTPConnection(host='localhost', port=8001): Failed to establish a new connection: [Errno 61] Connection refused

The above exception was the direct cause of the following exception:

Traceback (most recent call last):
  File "/Users/andyschwarz/Documents/Privat/OverCloud/backend/.venv/lib/python3.11/site-packages/starlette/middleware/errors.py", line 164, in __call__
    await self.app(scope, receive, _send)
  File "/Users/andyschwarz/Documents/Privat/OverCloud/backend/.venv/lib/python3.11/site-packages/starlette/middleware/base.py", line 191, in __call__
    with recv_stream, send_stream, collapse_excgroups():
  File "/opt/homebrew/Cellar/python@3.11/3.11.15/Frameworks/Python.framework/Versions/3.11/lib/python3.11/contextlib.py", line 158, in __exit__
    self.gen.throw(typ, value, traceback)
  File "/Users/andyschwarz/Documents/Privat/OverCloud/backend/.venv/lib/python3.11/site-packages/starlette/_utils.py", line 87, in collapse_excgroups
    raise exc
  File "/Users/andyschwarz/Documents/Privat/OverCloud/backend/.venv/lib/python3.11/site-packages/starlette/middleware/base.py", line 193, in __call__
    response = await self.dispatch_func(request, call_next)
               ^^^^^^^^^^^^^^^^^^^^^^^^^^^^^^^^^^^^^^^^^^^^
  File "/Users/andyschwarz/Documents/Privat/OverCloud/backend/app/main.py", line 61, in add_security_headers
    response = await call_next(request)
               ^^^^^^^^^^^^^^^^^^^^^^^^
  File "/Users/andyschwarz/Documents/Privat/OverCloud/backend/.venv/lib/python3.11/site-packages/starlette/middleware/base.py", line 168, in call_next
    raise app_exc from app_exc.__cause__ or app_exc.__context__
  File "/Users/andyschwarz/Documents/Privat/OverCloud/backend/.venv/lib/python3.11/site-packages/starlette/middleware/base.py", line 144, in coro
    await self.app(scope, receive_or_disconnect, send_no_error)
  File "/Users/andyschwarz/Documents/Privat/OverCloud/backend/.venv/lib/python3.11/site-packages/starlette/middleware/cors.py", line 88, in __call__
    await self.app(scope, receive, send)
  File "/Users/andyschwarz/Documents/Privat/OverCloud/backend/.venv/lib/python3.11/site-packages/starlette/middleware/exceptions.py", line 63, in __call__
    await wrap_app_handling_exceptions(self.app, conn)(scope, receive, send)
  File "/Users/andyschwarz/Documents/Privat/OverCloud/backend/.venv/lib/python3.11/site-packages/starlette/_exception_handler.py", line 53, in wrapped_app
    raise exc
  File "/Users/andyschwarz/Documents/Privat/OverCloud/backend/.venv/lib/python3.11/site-packages/starlette/_exception_handler.py", line 42, in wrapped_app
    await app(scope, receive, sender)
  File "/Users/andyschwarz/Documents/Privat/OverCloud/backend/.venv/lib/python3.11/site-packages/fastapi/middleware/asyncexitstack.py", line 18, in __call__
    await self.app(scope, receive, send)
  File "/Users/andyschwarz/Documents/Privat/OverCloud/backend/.venv/lib/python3.11/site-packages/starlette/routing.py", line 660, in __call__
    await self.middleware_stack(scope, receive, send)
  File "/Users/andyschwarz/Documents/Privat/OverCloud/backend/.venv/lib/python3.11/site-packages/starlette/routing.py", line 680, in app
    await route.handle(scope, receive, send)
  File "/Users/andyschwarz/Documents/Privat/OverCloud/backend/.venv/lib/python3.11/site-packages/starlette/routing.py", line 276, in handle
    await self.app(scope, receive, send)
  File "/Users/andyschwarz/Documents/Privat/OverCloud/backend/.venv/lib/python3.11/site-packages/fastapi/routing.py", line 130, in app
    await wrap_app_handling_exceptions(app, request)(scope, receive, send)
  File "/Users/andyschwarz/Documents/Privat/OverCloud/backend/.venv/lib/python3.11/site-packages/starlette/_exception_handler.py", line 53, in wrapped_app
    raise exc
  File "/Users/andyschwarz/Documents/Privat/OverCloud/backend/.venv/lib/python3.11/site-packages/starlette/_exception_handler.py", line 42, in wrapped_app
    await app(scope, receive, sender)
  File "/Users/andyschwarz/Documents/Privat/OverCloud/backend/.venv/lib/python3.11/site-packages/fastapi/routing.py", line 116, in app
    response = await f(request)
               ^^^^^^^^^^^^^^^^
  File "/Users/andyschwarz/Documents/Privat/OverCloud/backend/.venv/lib/python3.11/site-packages/fastapi/routing.py", line 670, in app
    raw_response = await run_endpoint_function(
                   ^^^^^^^^^^^^^^^^^^^^^^^^^^^^
  File "/Users/andyschwarz/Documents/Privat/OverCloud/backend/.venv/lib/python3.11/site-packages/fastapi/routing.py", line 324, in run_endpoint_function
    return await dependant.call(**values)
           ^^^^^^^^^^^^^^^^^^^^^^^^^^^^^^
  File "/Users/andyschwarz/Documents/Privat/OverCloud/backend/.venv/lib/python3.11/site-packages/slowapi/extension.py", line 734, in async_wrapper
    response = await func(*args, **kwargs)  # type: ignore
               ^^^^^^^^^^^^^^^^^^^^^^^^^^^
  File "/Users/andyschwarz/Documents/Privat/OverCloud/backend/app/api/auth.py", line 323, in register
    existing_user = user_repo.get_by_email(user_create.email)
                    ^^^^^^^^^^^^^^^^^^^^^^^^^^^^^^^^^^^^^^^^^
  File "/Users/andyschwarz/Documents/Privat/OverCloud/backend/app/repositories/user.py", line 169, in get_by_email
    items, _ = self._query(
               ^^^^^^^^^^^^
  File "/Users/andyschwarz/Documents/Privat/OverCloud/backend/app/repositories/base.py", line 145, in _query
    response = self.table.query(**kwargs)
               ^^^^^^^^^^^^^^^^^^^^^^^^^^
  File "/Users/andyschwarz/Documents/Privat/OverCloud/backend/.venv/lib/python3.11/site-packages/boto3/resources/factory.py", line 581, in do_action
    response = action(self, *args, **kwargs)
               ^^^^^^^^^^^^^^^^^^^^^^^^^^^^^
  File "/Users/andyschwarz/Documents/Privat/OverCloud/backend/.venv/lib/python3.11/site-packages/boto3/resources/action.py", line 88, in __call__
    response = getattr(parent.meta.client, operation_name)(*args, **params)
               ^^^^^^^^^^^^^^^^^^^^^^^^^^^^^^^^^^^^^^^^^^^^^^^^^^^^^^^^^^^^
  File "/Users/andyschwarz/Documents/Privat/OverCloud/backend/.venv/lib/python3.11/site-packages/botocore/client.py", line 602, in _api_call
    return self._make_api_call(operation_name, kwargs)
           ^^^^^^^^^^^^^^^^^^^^^^^^^^^^^^^^^^^^^^^^^^^
  File "/Users/andyschwarz/Documents/Privat/OverCloud/backend/.venv/lib/python3.11/site-packages/botocore/context.py", line 123, in wrapper
    return func(*args, **kwargs)
           ^^^^^^^^^^^^^^^^^^^^^
  File "/Users/andyschwarz/Documents/Privat/OverCloud/backend/.venv/lib/python3.11/site-packages/botocore/client.py", line 1060, in _make_api_call
    http, parsed_response = self._make_request(
                            ^^^^^^^^^^^^^^^^^^^
  File "/Users/andyschwarz/Documents/Privat/OverCloud/backend/.venv/lib/python3.11/site-packages/botocore/client.py", line 1084, in _make_request
    return self._endpoint.make_request(operation_model, request_dict)
           ^^^^^^^^^^^^^^^^^^^^^^^^^^^^^^^^^^^^^^^^^^^^^^^^^^^^^^^^^^
  File "/Users/andyschwarz/Documents/Privat/OverCloud/backend/.venv/lib/python3.11/site-packages/botocore/endpoint.py", line 119, in make_request
    return self._send_request(request_dict, operation_model)
           ^^^^^^^^^^^^^^^^^^^^^^^^^^^^^^^^^^^^^^^^^^^^^^^^^
  File "/Users/andyschwarz/Documents/Privat/OverCloud/backend/.venv/lib/python3.11/site-packages/botocore/endpoint.py", line 200, in _send_request
    while self._needs_retry(
          ^^^^^^^^^^^^^^^^^^
  File "/Users/andyschwarz/Documents/Privat/OverCloud/backend/.venv/lib/python3.11/site-packages/botocore/endpoint.py", line 360, in _needs_retry
    responses = self._event_emitter.emit(
                ^^^^^^^^^^^^^^^^^^^^^^^^^
  File "/Users/andyschwarz/Documents/Privat/OverCloud/backend/.venv/lib/python3.11/site-packages/botocore/hooks.py", line 412, in emit
    return self._emitter.emit(aliased_event_name, **kwargs)
           ^^^^^^^^^^^^^^^^^^^^^^^^^^^^^^^^^^^^^^^^^^^^^^^^
  File "/Users/andyschwarz/Documents/Privat/OverCloud/backend/.venv/lib/python3.11/site-packages/botocore/hooks.py", line 256, in emit
    return self._emit(event_name, kwargs)
           ^^^^^^^^^^^^^^^^^^^^^^^^^^^^^^
  File "/Users/andyschwarz/Documents/Privat/OverCloud/backend/.venv/lib/python3.11/site-packages/botocore/hooks.py", line 239, in _emit
    response = handler(**kwargs)
               ^^^^^^^^^^^^^^^^^
  File "/Users/andyschwarz/Documents/Privat/OverCloud/backend/.venv/lib/python3.11/site-packages/botocore/retryhandler.py", line 207, in __call__
    if self._checker(**checker_kwargs):
       ^^^^^^^^^^^^^^^^^^^^^^^^^^^^^^^
  File "/Users/andyschwarz/Documents/Privat/OverCloud/backend/.venv/lib/python3.11/site-packages/botocore/retryhandler.py", line 284, in __call__
    should_retry = self._should_retry(
                   ^^^^^^^^^^^^^^^^^^^
  File "/Users/andyschwarz/Documents/Privat/OverCloud/backend/.venv/lib/python3.11/site-packages/botocore/retryhandler.py", line 320, in _should_retry
    return self._checker(attempt_number, response, caught_exception)
           ^^^^^^^^^^^^^^^^^^^^^^^^^^^^^^^^^^^^^^^^^^^^^^^^^^^^^^^^^
  File "/Users/andyschwarz/Documents/Privat/OverCloud/backend/.venv/lib/python3.11/site-packages/botocore/retryhandler.py", line 363, in __call__
    checker_response = checker(
                       ^^^^^^^^
  File "/Users/andyschwarz/Documents/Privat/OverCloud/backend/.venv/lib/python3.11/site-packages/botocore/retryhandler.py", line 247, in __call__
    return self._check_caught_exception(
           ^^^^^^^^^^^^^^^^^^^^^^^^^^^^^
  File "/Users/andyschwarz/Documents/Privat/OverCloud/backend/.venv/lib/python3.11/site-packages/botocore/retryhandler.py", line 416, in _check_caught_exception
    raise caught_exception
  File "/Users/andyschwarz/Documents/Privat/OverCloud/backend/.venv/lib/python3.11/site-packages/botocore/endpoint.py", line 279, in _do_get_response
    http_response = self._send(request)
                    ^^^^^^^^^^^^^^^^^^^
  File "/Users/andyschwarz/Documents/Privat/OverCloud/backend/.venv/lib/python3.11/site-packages/botocore/endpoint.py", line 383, in _send
    return self.http_session.send(request)
           ^^^^^^^^^^^^^^^^^^^^^^^^^^^^^^^
  File "/Users/andyschwarz/Documents/Privat/OverCloud/backend/.venv/lib/python3.11/site-packages/botocore/httpsession.py", line 506, in send
    raise EndpointConnectionError(endpoint_url=request.url, error=e)
botocore.exceptions.EndpointConnectionError: Could not connect to the endpoint URL: "http://localhost:8001/"
______________ ERROR at setup of test_refresh_with_inactive_user _______________
.venv/lib/python3.11/site-packages/urllib3/connection.py:204: in _new_conn
    sock = connection.create_connection(
.venv/lib/python3.11/site-packages/urllib3/util/connection.py:85: in create_connection
    raise err
.venv/lib/python3.11/site-packages/urllib3/util/connection.py:73: in create_connection
    sock.connect(sa)
E   ConnectionRefusedError: [Errno 61] Connection refused

The above exception was the direct cause of the following exception:
.venv/lib/python3.11/site-packages/botocore/httpsession.py:477: in send
    urllib_response = conn.urlopen(
.venv/lib/python3.11/site-packages/urllib3/connectionpool.py:841: in urlopen
    retries = retries.increment(
.venv/lib/python3.11/site-packages/urllib3/util/retry.py:465: in increment
    raise reraise(type(error), error, _stacktrace)
          ^^^^^^^^^^^^^^^^^^^^^^^^^^^^^^^^^^^^^^^^
.venv/lib/python3.11/site-packages/urllib3/util/util.py:39: in reraise
    raise value
.venv/lib/python3.11/site-packages/urllib3/connectionpool.py:787: in urlopen
    response = self._make_request(
.venv/lib/python3.11/site-packages/urllib3/connectionpool.py:493: in _make_request
    conn.request(
.venv/lib/python3.11/site-packages/botocore/awsrequest.py:96: in request
    rval = super().request(method, url, body, headers, *args, **kwargs)
           ^^^^^^^^^^^^^^^^^^^^^^^^^^^^^^^^^^^^^^^^^^^^^^^^^^^^^^^^^^^^
.venv/lib/python3.11/site-packages/urllib3/connection.py:500: in request
    self.endheaders()
/opt/homebrew/Cellar/python@3.11/3.11.15/Frameworks/Python.framework/Versions/3.11/lib/python3.11/http/client.py:1318: in endheaders
    self._send_output(message_body, encode_chunked=encode_chunked)
.venv/lib/python3.11/site-packages/botocore/awsrequest.py:123: in _send_output
    self.send(msg)
.venv/lib/python3.11/site-packages/botocore/awsrequest.py:223: in send
    return super().send(str)
           ^^^^^^^^^^^^^^^^^
/opt/homebrew/Cellar/python@3.11/3.11.15/Frameworks/Python.framework/Versions/3.11/lib/python3.11/http/client.py:1016: in send
    self.connect()
.venv/lib/python3.11/site-packages/urllib3/connection.py:331: in connect
    self.sock = self._new_conn()
                ^^^^^^^^^^^^^^^^
.venv/lib/python3.11/site-packages/urllib3/connection.py:219: in _new_conn
    raise NewConnectionError(
E   urllib3.exceptions.NewConnectionError: AWSHTTPConnection(host='localhost', port=8001): Failed to establish a new connection: [Errno 61] Connection refused

The above exception was the direct cause of the following exception:
tests/integration/test_refresh_token_flow.py:24: in test_user
    response = client.post(
.venv/lib/python3.11/site-packages/starlette/testclient.py:546: in post
    return super().post(
.venv/lib/python3.11/site-packages/httpx/_client.py:1144: in post
    return self.request(
.venv/lib/python3.11/site-packages/starlette/testclient.py:445: in request
    return super().request(
.venv/lib/python3.11/site-packages/httpx/_client.py:825: in request
    return self.send(request, auth=auth, follow_redirects=follow_redirects)
           ^^^^^^^^^^^^^^^^^^^^^^^^^^^^^^^^^^^^^^^^^^^^^^^^^^^^^^^^^^^^^^^^
.venv/lib/python3.11/site-packages/httpx/_client.py:914: in send
    response = self._send_handling_auth(
.venv/lib/python3.11/site-packages/httpx/_client.py:942: in _send_handling_auth
    response = self._send_handling_redirects(
.venv/lib/python3.11/site-packages/httpx/_client.py:979: in _send_handling_redirects
    response = self._send_single_request(request)
               ^^^^^^^^^^^^^^^^^^^^^^^^^^^^^^^^^^
.venv/lib/python3.11/site-packages/httpx/_client.py:1014: in _send_single_request
    response = transport.handle_request(request)
               ^^^^^^^^^^^^^^^^^^^^^^^^^^^^^^^^^
.venv/lib/python3.11/site-packages/starlette/testclient.py:348: in handle_request
    raise exc
.venv/lib/python3.11/site-packages/starlette/testclient.py:345: in handle_request
    portal.call(self.app, scope, receive, send)
.venv/lib/python3.11/site-packages/anyio/from_thread.py:334: in call
    return cast(T_Retval, self.start_task_soon(func, *args).result())
                          ^^^^^^^^^^^^^^^^^^^^^^^^^^^^^^^^^^^^^^^^^^
/opt/homebrew/Cellar/python@3.11/3.11.15/Frameworks/Python.framework/Versions/3.11/lib/python3.11/concurrent/futures/_base.py:456: in result
    return self.__get_result()
           ^^^^^^^^^^^^^^^^^^^
/opt/homebrew/Cellar/python@3.11/3.11.15/Frameworks/Python.framework/Versions/3.11/lib/python3.11/concurrent/futures/_base.py:401: in __get_result
    raise self._exception
.venv/lib/python3.11/site-packages/anyio/from_thread.py:259: in _call_func
    retval = await retval_or_awaitable
             ^^^^^^^^^^^^^^^^^^^^^^^^^
.venv/lib/python3.11/site-packages/fastapi/applications.py:1160: in __call__
    await super().__call__(scope, receive, send)
.venv/lib/python3.11/site-packages/starlette/applications.py:90: in __call__
    await self.middleware_stack(scope, receive, send)
.venv/lib/python3.11/site-packages/starlette/middleware/errors.py:176: in __call__
    response = await self.handler(request, exc)
               ^^^^^^^^^^^^^^^^^^^^^^^^^^^^^^^^
app/main.py:129: in generic_exception_handler
    raise exc
.venv/lib/python3.11/site-packages/starlette/middleware/errors.py:164: in __call__
    await self.app(scope, receive, _send)
.venv/lib/python3.11/site-packages/starlette/middleware/base.py:191: in __call__
    with recv_stream, send_stream, collapse_excgroups():
/opt/homebrew/Cellar/python@3.11/3.11.15/Frameworks/Python.framework/Versions/3.11/lib/python3.11/contextlib.py:158: in __exit__
    self.gen.throw(typ, value, traceback)
.venv/lib/python3.11/site-packages/starlette/_utils.py:87: in collapse_excgroups
    raise exc
.venv/lib/python3.11/site-packages/starlette/middleware/base.py:193: in __call__
    response = await self.dispatch_func(request, call_next)
               ^^^^^^^^^^^^^^^^^^^^^^^^^^^^^^^^^^^^^^^^^^^^
app/main.py:61: in add_security_headers
    response = await call_next(request)
               ^^^^^^^^^^^^^^^^^^^^^^^^
.venv/lib/python3.11/site-packages/starlette/middleware/base.py:168: in call_next
    raise app_exc from app_exc.__cause__ or app_exc.__context__
.venv/lib/python3.11/site-packages/starlette/middleware/base.py:144: in coro
    await self.app(scope, receive_or_disconnect, send_no_error)
.venv/lib/python3.11/site-packages/starlette/middleware/cors.py:88: in __call__
    await self.app(scope, receive, send)
.venv/lib/python3.11/site-packages/starlette/middleware/exceptions.py:63: in __call__
    await wrap_app_handling_exceptions(self.app, conn)(scope, receive, send)
.venv/lib/python3.11/site-packages/starlette/_exception_handler.py:53: in wrapped_app
    raise exc
.venv/lib/python3.11/site-packages/starlette/_exception_handler.py:42: in wrapped_app
    await app(scope, receive, sender)
.venv/lib/python3.11/site-packages/fastapi/middleware/asyncexitstack.py:18: in __call__
    await self.app(scope, receive, send)
.venv/lib/python3.11/site-packages/starlette/routing.py:660: in __call__
    await self.middleware_stack(scope, receive, send)
.venv/lib/python3.11/site-packages/starlette/routing.py:680: in app
    await route.handle(scope, receive, send)
.venv/lib/python3.11/site-packages/starlette/routing.py:276: in handle
    await self.app(scope, receive, send)
.venv/lib/python3.11/site-packages/fastapi/routing.py:130: in app
    await wrap_app_handling_exceptions(app, request)(scope, receive, send)
.venv/lib/python3.11/site-packages/starlette/_exception_handler.py:53: in wrapped_app
    raise exc
.venv/lib/python3.11/site-packages/starlette/_exception_handler.py:42: in wrapped_app
    await app(scope, receive, sender)
.venv/lib/python3.11/site-packages/fastapi/routing.py:116: in app
    response = await f(request)
               ^^^^^^^^^^^^^^^^
.venv/lib/python3.11/site-packages/fastapi/routing.py:670: in app
    raw_response = await run_endpoint_function(
.venv/lib/python3.11/site-packages/fastapi/routing.py:324: in run_endpoint_function
    return await dependant.call(**values)
           ^^^^^^^^^^^^^^^^^^^^^^^^^^^^^^
.venv/lib/python3.11/site-packages/slowapi/extension.py:734: in async_wrapper
    response = await func(*args, **kwargs)  # type: ignore
               ^^^^^^^^^^^^^^^^^^^^^^^^^^^
app/api/auth.py:323: in register
    existing_user = user_repo.get_by_email(user_create.email)
                    ^^^^^^^^^^^^^^^^^^^^^^^^^^^^^^^^^^^^^^^^^
app/repositories/user.py:169: in get_by_email
    items, _ = self._query(
app/repositories/base.py:145: in _query
    response = self.table.query(**kwargs)
               ^^^^^^^^^^^^^^^^^^^^^^^^^^
.venv/lib/python3.11/site-packages/boto3/resources/factory.py:581: in do_action
    response = action(self, *args, **kwargs)
               ^^^^^^^^^^^^^^^^^^^^^^^^^^^^^
.venv/lib/python3.11/site-packages/boto3/resources/action.py:88: in __call__
    response = getattr(parent.meta.client, operation_name)(*args, **params)
               ^^^^^^^^^^^^^^^^^^^^^^^^^^^^^^^^^^^^^^^^^^^^^^^^^^^^^^^^^^^^
.venv/lib/python3.11/site-packages/botocore/client.py:602: in _api_call
    return self._make_api_call(operation_name, kwargs)
           ^^^^^^^^^^^^^^^^^^^^^^^^^^^^^^^^^^^^^^^^^^^
.venv/lib/python3.11/site-packages/botocore/context.py:123: in wrapper
    return func(*args, **kwargs)
           ^^^^^^^^^^^^^^^^^^^^^
.venv/lib/python3.11/site-packages/botocore/client.py:1060: in _make_api_call
    http, parsed_response = self._make_request(
.venv/lib/python3.11/site-packages/botocore/client.py:1084: in _make_request
    return self._endpoint.make_request(operation_model, request_dict)
           ^^^^^^^^^^^^^^^^^^^^^^^^^^^^^^^^^^^^^^^^^^^^^^^^^^^^^^^^^^
.venv/lib/python3.11/site-packages/botocore/endpoint.py:119: in make_request
    return self._send_request(request_dict, operation_model)
           ^^^^^^^^^^^^^^^^^^^^^^^^^^^^^^^^^^^^^^^^^^^^^^^^^
.venv/lib/python3.11/site-packages/botocore/endpoint.py:200: in _send_request
    while self._needs_retry(
.venv/lib/python3.11/site-packages/botocore/endpoint.py:360: in _needs_retry
    responses = self._event_emitter.emit(
.venv/lib/python3.11/site-packages/botocore/hooks.py:412: in emit
    return self._emitter.emit(aliased_event_name, **kwargs)
           ^^^^^^^^^^^^^^^^^^^^^^^^^^^^^^^^^^^^^^^^^^^^^^^^
.venv/lib/python3.11/site-packages/botocore/hooks.py:256: in emit
    return self._emit(event_name, kwargs)
           ^^^^^^^^^^^^^^^^^^^^^^^^^^^^^^
.venv/lib/python3.11/site-packages/botocore/hooks.py:239: in _emit
    response = handler(**kwargs)
               ^^^^^^^^^^^^^^^^^
.venv/lib/python3.11/site-packages/botocore/retryhandler.py:207: in __call__
    if self._checker(**checker_kwargs):
       ^^^^^^^^^^^^^^^^^^^^^^^^^^^^^^^
.venv/lib/python3.11/site-packages/botocore/retryhandler.py:284: in __call__
    should_retry = self._should_retry(
.venv/lib/python3.11/site-packages/botocore/retryhandler.py:320: in _should_retry
    return self._checker(attempt_number, response, caught_exception)
           ^^^^^^^^^^^^^^^^^^^^^^^^^^^^^^^^^^^^^^^^^^^^^^^^^^^^^^^^^
.venv/lib/python3.11/site-packages/botocore/retryhandler.py:363: in __call__
    checker_response = checker(
.venv/lib/python3.11/site-packages/botocore/retryhandler.py:247: in __call__
    return self._check_caught_exception(
.venv/lib/python3.11/site-packages/botocore/retryhandler.py:416: in _check_caught_exception
    raise caught_exception
.venv/lib/python3.11/site-packages/botocore/endpoint.py:279: in _do_get_response
    http_response = self._send(request)
                    ^^^^^^^^^^^^^^^^^^^
.venv/lib/python3.11/site-packages/botocore/endpoint.py:383: in _send
    return self.http_session.send(request)
           ^^^^^^^^^^^^^^^^^^^^^^^^^^^^^^^
.venv/lib/python3.11/site-packages/botocore/httpsession.py:506: in send
    raise EndpointConnectionError(endpoint_url=request.url, error=e)
E   botocore.exceptions.EndpointConnectionError: Could not connect to the endpoint URL: "http://localhost:8001/"
---------------------------- Captured stdout setup -----------------------------
2026-05-17 20:13:29 - app.main - ERROR - Unhandled exception: Could not connect to the endpoint URL: "http://localhost:8001/"
Traceback (most recent call last):
  File "/Users/andyschwarz/Documents/Privat/OverCloud/backend/.venv/lib/python3.11/site-packages/urllib3/connection.py", line 204, in _new_conn
    sock = connection.create_connection(
           ^^^^^^^^^^^^^^^^^^^^^^^^^^^^^
  File "/Users/andyschwarz/Documents/Privat/OverCloud/backend/.venv/lib/python3.11/site-packages/urllib3/util/connection.py", line 85, in create_connection
    raise err
  File "/Users/andyschwarz/Documents/Privat/OverCloud/backend/.venv/lib/python3.11/site-packages/urllib3/util/connection.py", line 73, in create_connection
    sock.connect(sa)
ConnectionRefusedError: [Errno 61] Connection refused

The above exception was the direct cause of the following exception:

Traceback (most recent call last):
  File "/Users/andyschwarz/Documents/Privat/OverCloud/backend/.venv/lib/python3.11/site-packages/botocore/httpsession.py", line 477, in send
    urllib_response = conn.urlopen(
                      ^^^^^^^^^^^^^
  File "/Users/andyschwarz/Documents/Privat/OverCloud/backend/.venv/lib/python3.11/site-packages/urllib3/connectionpool.py", line 841, in urlopen
    retries = retries.increment(
              ^^^^^^^^^^^^^^^^^^
  File "/Users/andyschwarz/Documents/Privat/OverCloud/backend/.venv/lib/python3.11/site-packages/urllib3/util/retry.py", line 465, in increment
    raise reraise(type(error), error, _stacktrace)
          ^^^^^^^^^^^^^^^^^^^^^^^^^^^^^^^^^^^^^^^^
  File "/Users/andyschwarz/Documents/Privat/OverCloud/backend/.venv/lib/python3.11/site-packages/urllib3/util/util.py", line 39, in reraise
    raise value
  File "/Users/andyschwarz/Documents/Privat/OverCloud/backend/.venv/lib/python3.11/site-packages/urllib3/connectionpool.py", line 787, in urlopen
    response = self._make_request(
               ^^^^^^^^^^^^^^^^^^^
  File "/Users/andyschwarz/Documents/Privat/OverCloud/backend/.venv/lib/python3.11/site-packages/urllib3/connectionpool.py", line 493, in _make_request
    conn.request(
  File "/Users/andyschwarz/Documents/Privat/OverCloud/backend/.venv/lib/python3.11/site-packages/botocore/awsrequest.py", line 96, in request
    rval = super().request(method, url, body, headers, *args, **kwargs)
           ^^^^^^^^^^^^^^^^^^^^^^^^^^^^^^^^^^^^^^^^^^^^^^^^^^^^^^^^^^^^
  File "/Users/andyschwarz/Documents/Privat/OverCloud/backend/.venv/lib/python3.11/site-packages/urllib3/connection.py", line 500, in request
    self.endheaders()
  File "/opt/homebrew/Cellar/python@3.11/3.11.15/Frameworks/Python.framework/Versions/3.11/lib/python3.11/http/client.py", line 1318, in endheaders
    self._send_output(message_body, encode_chunked=encode_chunked)
  File "/Users/andyschwarz/Documents/Privat/OverCloud/backend/.venv/lib/python3.11/site-packages/botocore/awsrequest.py", line 123, in _send_output
    self.send(msg)
  File "/Users/andyschwarz/Documents/Privat/OverCloud/backend/.venv/lib/python3.11/site-packages/botocore/awsrequest.py", line 223, in send
    return super().send(str)
           ^^^^^^^^^^^^^^^^^
  File "/opt/homebrew/Cellar/python@3.11/3.11.15/Frameworks/Python.framework/Versions/3.11/lib/python3.11/http/client.py", line 1016, in send
    self.connect()
  File "/Users/andyschwarz/Documents/Privat/OverCloud/backend/.venv/lib/python3.11/site-packages/urllib3/connection.py", line 331, in connect
    self.sock = self._new_conn()
                ^^^^^^^^^^^^^^^^
  File "/Users/andyschwarz/Documents/Privat/OverCloud/backend/.venv/lib/python3.11/site-packages/urllib3/connection.py", line 219, in _new_conn
    raise NewConnectionError(
urllib3.exceptions.NewConnectionError: AWSHTTPConnection(host='localhost', port=8001): Failed to establish a new connection: [Errno 61] Connection refused

The above exception was the direct cause of the following exception:

Traceback (most recent call last):
  File "/Users/andyschwarz/Documents/Privat/OverCloud/backend/.venv/lib/python3.11/site-packages/starlette/middleware/errors.py", line 164, in __call__
    await self.app(scope, receive, _send)
  File "/Users/andyschwarz/Documents/Privat/OverCloud/backend/.venv/lib/python3.11/site-packages/starlette/middleware/base.py", line 191, in __call__
    with recv_stream, send_stream, collapse_excgroups():
  File "/opt/homebrew/Cellar/python@3.11/3.11.15/Frameworks/Python.framework/Versions/3.11/lib/python3.11/contextlib.py", line 158, in __exit__
    self.gen.throw(typ, value, traceback)
  File "/Users/andyschwarz/Documents/Privat/OverCloud/backend/.venv/lib/python3.11/site-packages/starlette/_utils.py", line 87, in collapse_excgroups
    raise exc
  File "/Users/andyschwarz/Documents/Privat/OverCloud/backend/.venv/lib/python3.11/site-packages/starlette/middleware/base.py", line 193, in __call__
    response = await self.dispatch_func(request, call_next)
               ^^^^^^^^^^^^^^^^^^^^^^^^^^^^^^^^^^^^^^^^^^^^
  File "/Users/andyschwarz/Documents/Privat/OverCloud/backend/app/main.py", line 61, in add_security_headers
    response = await call_next(request)
               ^^^^^^^^^^^^^^^^^^^^^^^^
  File "/Users/andyschwarz/Documents/Privat/OverCloud/backend/.venv/lib/python3.11/site-packages/starlette/middleware/base.py", line 168, in call_next
    raise app_exc from app_exc.__cause__ or app_exc.__context__
  File "/Users/andyschwarz/Documents/Privat/OverCloud/backend/.venv/lib/python3.11/site-packages/starlette/middleware/base.py", line 144, in coro
    await self.app(scope, receive_or_disconnect, send_no_error)
  File "/Users/andyschwarz/Documents/Privat/OverCloud/backend/.venv/lib/python3.11/site-packages/starlette/middleware/cors.py", line 88, in __call__
    await self.app(scope, receive, send)
  File "/Users/andyschwarz/Documents/Privat/OverCloud/backend/.venv/lib/python3.11/site-packages/starlette/middleware/exceptions.py", line 63, in __call__
    await wrap_app_handling_exceptions(self.app, conn)(scope, receive, send)
  File "/Users/andyschwarz/Documents/Privat/OverCloud/backend/.venv/lib/python3.11/site-packages/starlette/_exception_handler.py", line 53, in wrapped_app
    raise exc
  File "/Users/andyschwarz/Documents/Privat/OverCloud/backend/.venv/lib/python3.11/site-packages/starlette/_exception_handler.py", line 42, in wrapped_app
    await app(scope, receive, sender)
  File "/Users/andyschwarz/Documents/Privat/OverCloud/backend/.venv/lib/python3.11/site-packages/fastapi/middleware/asyncexitstack.py", line 18, in __call__
    await self.app(scope, receive, send)
  File "/Users/andyschwarz/Documents/Privat/OverCloud/backend/.venv/lib/python3.11/site-packages/starlette/routing.py", line 660, in __call__
    await self.middleware_stack(scope, receive, send)
  File "/Users/andyschwarz/Documents/Privat/OverCloud/backend/.venv/lib/python3.11/site-packages/starlette/routing.py", line 680, in app
    await route.handle(scope, receive, send)
  File "/Users/andyschwarz/Documents/Privat/OverCloud/backend/.venv/lib/python3.11/site-packages/starlette/routing.py", line 276, in handle
    await self.app(scope, receive, send)
  File "/Users/andyschwarz/Documents/Privat/OverCloud/backend/.venv/lib/python3.11/site-packages/fastapi/routing.py", line 130, in app
    await wrap_app_handling_exceptions(app, request)(scope, receive, send)
  File "/Users/andyschwarz/Documents/Privat/OverCloud/backend/.venv/lib/python3.11/site-packages/starlette/_exception_handler.py", line 53, in wrapped_app
    raise exc
  File "/Users/andyschwarz/Documents/Privat/OverCloud/backend/.venv/lib/python3.11/site-packages/starlette/_exception_handler.py", line 42, in wrapped_app
    await app(scope, receive, sender)
  File "/Users/andyschwarz/Documents/Privat/OverCloud/backend/.venv/lib/python3.11/site-packages/fastapi/routing.py", line 116, in app
    response = await f(request)
               ^^^^^^^^^^^^^^^^
  File "/Users/andyschwarz/Documents/Privat/OverCloud/backend/.venv/lib/python3.11/site-packages/fastapi/routing.py", line 670, in app
    raw_response = await run_endpoint_function(
                   ^^^^^^^^^^^^^^^^^^^^^^^^^^^^
  File "/Users/andyschwarz/Documents/Privat/OverCloud/backend/.venv/lib/python3.11/site-packages/fastapi/routing.py", line 324, in run_endpoint_function
    return await dependant.call(**values)
           ^^^^^^^^^^^^^^^^^^^^^^^^^^^^^^
  File "/Users/andyschwarz/Documents/Privat/OverCloud/backend/.venv/lib/python3.11/site-packages/slowapi/extension.py", line 734, in async_wrapper
    response = await func(*args, **kwargs)  # type: ignore
               ^^^^^^^^^^^^^^^^^^^^^^^^^^^
  File "/Users/andyschwarz/Documents/Privat/OverCloud/backend/app/api/auth.py", line 323, in register
    existing_user = user_repo.get_by_email(user_create.email)
                    ^^^^^^^^^^^^^^^^^^^^^^^^^^^^^^^^^^^^^^^^^
  File "/Users/andyschwarz/Documents/Privat/OverCloud/backend/app/repositories/user.py", line 169, in get_by_email
    items, _ = self._query(
               ^^^^^^^^^^^^
  File "/Users/andyschwarz/Documents/Privat/OverCloud/backend/app/repositories/base.py", line 145, in _query
    response = self.table.query(**kwargs)
               ^^^^^^^^^^^^^^^^^^^^^^^^^^
  File "/Users/andyschwarz/Documents/Privat/OverCloud/backend/.venv/lib/python3.11/site-packages/boto3/resources/factory.py", line 581, in do_action
    response = action(self, *args, **kwargs)
               ^^^^^^^^^^^^^^^^^^^^^^^^^^^^^
  File "/Users/andyschwarz/Documents/Privat/OverCloud/backend/.venv/lib/python3.11/site-packages/boto3/resources/action.py", line 88, in __call__
    response = getattr(parent.meta.client, operation_name)(*args, **params)
               ^^^^^^^^^^^^^^^^^^^^^^^^^^^^^^^^^^^^^^^^^^^^^^^^^^^^^^^^^^^^
  File "/Users/andyschwarz/Documents/Privat/OverCloud/backend/.venv/lib/python3.11/site-packages/botocore/client.py", line 602, in _api_call
    return self._make_api_call(operation_name, kwargs)
           ^^^^^^^^^^^^^^^^^^^^^^^^^^^^^^^^^^^^^^^^^^^
  File "/Users/andyschwarz/Documents/Privat/OverCloud/backend/.venv/lib/python3.11/site-packages/botocore/context.py", line 123, in wrapper
    return func(*args, **kwargs)
           ^^^^^^^^^^^^^^^^^^^^^
  File "/Users/andyschwarz/Documents/Privat/OverCloud/backend/.venv/lib/python3.11/site-packages/botocore/client.py", line 1060, in _make_api_call
    http, parsed_response = self._make_request(
                            ^^^^^^^^^^^^^^^^^^^
  File "/Users/andyschwarz/Documents/Privat/OverCloud/backend/.venv/lib/python3.11/site-packages/botocore/client.py", line 1084, in _make_request
    return self._endpoint.make_request(operation_model, request_dict)
           ^^^^^^^^^^^^^^^^^^^^^^^^^^^^^^^^^^^^^^^^^^^^^^^^^^^^^^^^^^
  File "/Users/andyschwarz/Documents/Privat/OverCloud/backend/.venv/lib/python3.11/site-packages/botocore/endpoint.py", line 119, in make_request
    return self._send_request(request_dict, operation_model)
           ^^^^^^^^^^^^^^^^^^^^^^^^^^^^^^^^^^^^^^^^^^^^^^^^^
  File "/Users/andyschwarz/Documents/Privat/OverCloud/backend/.venv/lib/python3.11/site-packages/botocore/endpoint.py", line 200, in _send_request
    while self._needs_retry(
          ^^^^^^^^^^^^^^^^^^
  File "/Users/andyschwarz/Documents/Privat/OverCloud/backend/.venv/lib/python3.11/site-packages/botocore/endpoint.py", line 360, in _needs_retry
    responses = self._event_emitter.emit(
                ^^^^^^^^^^^^^^^^^^^^^^^^^
  File "/Users/andyschwarz/Documents/Privat/OverCloud/backend/.venv/lib/python3.11/site-packages/botocore/hooks.py", line 412, in emit
    return self._emitter.emit(aliased_event_name, **kwargs)
           ^^^^^^^^^^^^^^^^^^^^^^^^^^^^^^^^^^^^^^^^^^^^^^^^
  File "/Users/andyschwarz/Documents/Privat/OverCloud/backend/.venv/lib/python3.11/site-packages/botocore/hooks.py", line 256, in emit
    return self._emit(event_name, kwargs)
           ^^^^^^^^^^^^^^^^^^^^^^^^^^^^^^
  File "/Users/andyschwarz/Documents/Privat/OverCloud/backend/.venv/lib/python3.11/site-packages/botocore/hooks.py", line 239, in _emit
    response = handler(**kwargs)
               ^^^^^^^^^^^^^^^^^
  File "/Users/andyschwarz/Documents/Privat/OverCloud/backend/.venv/lib/python3.11/site-packages/botocore/retryhandler.py", line 207, in __call__
    if self._checker(**checker_kwargs):
       ^^^^^^^^^^^^^^^^^^^^^^^^^^^^^^^
  File "/Users/andyschwarz/Documents/Privat/OverCloud/backend/.venv/lib/python3.11/site-packages/botocore/retryhandler.py", line 284, in __call__
    should_retry = self._should_retry(
                   ^^^^^^^^^^^^^^^^^^^
  File "/Users/andyschwarz/Documents/Privat/OverCloud/backend/.venv/lib/python3.11/site-packages/botocore/retryhandler.py", line 320, in _should_retry
    return self._checker(attempt_number, response, caught_exception)
           ^^^^^^^^^^^^^^^^^^^^^^^^^^^^^^^^^^^^^^^^^^^^^^^^^^^^^^^^^
  File "/Users/andyschwarz/Documents/Privat/OverCloud/backend/.venv/lib/python3.11/site-packages/botocore/retryhandler.py", line 363, in __call__
    checker_response = checker(
                       ^^^^^^^^
  File "/Users/andyschwarz/Documents/Privat/OverCloud/backend/.venv/lib/python3.11/site-packages/botocore/retryhandler.py", line 247, in __call__
    return self._check_caught_exception(
           ^^^^^^^^^^^^^^^^^^^^^^^^^^^^^
  File "/Users/andyschwarz/Documents/Privat/OverCloud/backend/.venv/lib/python3.11/site-packages/botocore/retryhandler.py", line 416, in _check_caught_exception
    raise caught_exception
  File "/Users/andyschwarz/Documents/Privat/OverCloud/backend/.venv/lib/python3.11/site-packages/botocore/endpoint.py", line 279, in _do_get_response
    http_response = self._send(request)
                    ^^^^^^^^^^^^^^^^^^^
  File "/Users/andyschwarz/Documents/Privat/OverCloud/backend/.venv/lib/python3.11/site-packages/botocore/endpoint.py", line 383, in _send
    return self.http_session.send(request)
           ^^^^^^^^^^^^^^^^^^^^^^^^^^^^^^^
  File "/Users/andyschwarz/Documents/Privat/OverCloud/backend/.venv/lib/python3.11/site-packages/botocore/httpsession.py", line 506, in send
    raise EndpointConnectionError(endpoint_url=request.url, error=e)
botocore.exceptions.EndpointConnectionError: Could not connect to the endpoint URL: "http://localhost:8001/"
------------------------------ Captured log setup ------------------------------
ERROR    app.main:main.py:112 Unhandled exception: Could not connect to the endpoint URL: "http://localhost:8001/"
Traceback (most recent call last):
  File "/Users/andyschwarz/Documents/Privat/OverCloud/backend/.venv/lib/python3.11/site-packages/urllib3/connection.py", line 204, in _new_conn
    sock = connection.create_connection(
           ^^^^^^^^^^^^^^^^^^^^^^^^^^^^^
  File "/Users/andyschwarz/Documents/Privat/OverCloud/backend/.venv/lib/python3.11/site-packages/urllib3/util/connection.py", line 85, in create_connection
    raise err
  File "/Users/andyschwarz/Documents/Privat/OverCloud/backend/.venv/lib/python3.11/site-packages/urllib3/util/connection.py", line 73, in create_connection
    sock.connect(sa)
ConnectionRefusedError: [Errno 61] Connection refused

The above exception was the direct cause of the following exception:

Traceback (most recent call last):
  File "/Users/andyschwarz/Documents/Privat/OverCloud/backend/.venv/lib/python3.11/site-packages/botocore/httpsession.py", line 477, in send
    urllib_response = conn.urlopen(
                      ^^^^^^^^^^^^^
  File "/Users/andyschwarz/Documents/Privat/OverCloud/backend/.venv/lib/python3.11/site-packages/urllib3/connectionpool.py", line 841, in urlopen
    retries = retries.increment(
              ^^^^^^^^^^^^^^^^^^
  File "/Users/andyschwarz/Documents/Privat/OverCloud/backend/.venv/lib/python3.11/site-packages/urllib3/util/retry.py", line 465, in increment
    raise reraise(type(error), error, _stacktrace)
          ^^^^^^^^^^^^^^^^^^^^^^^^^^^^^^^^^^^^^^^^
  File "/Users/andyschwarz/Documents/Privat/OverCloud/backend/.venv/lib/python3.11/site-packages/urllib3/util/util.py", line 39, in reraise
    raise value
  File "/Users/andyschwarz/Documents/Privat/OverCloud/backend/.venv/lib/python3.11/site-packages/urllib3/connectionpool.py", line 787, in urlopen
    response = self._make_request(
               ^^^^^^^^^^^^^^^^^^^
  File "/Users/andyschwarz/Documents/Privat/OverCloud/backend/.venv/lib/python3.11/site-packages/urllib3/connectionpool.py", line 493, in _make_request
    conn.request(
  File "/Users/andyschwarz/Documents/Privat/OverCloud/backend/.venv/lib/python3.11/site-packages/botocore/awsrequest.py", line 96, in request
    rval = super().request(method, url, body, headers, *args, **kwargs)
           ^^^^^^^^^^^^^^^^^^^^^^^^^^^^^^^^^^^^^^^^^^^^^^^^^^^^^^^^^^^^
  File "/Users/andyschwarz/Documents/Privat/OverCloud/backend/.venv/lib/python3.11/site-packages/urllib3/connection.py", line 500, in request
    self.endheaders()
  File "/opt/homebrew/Cellar/python@3.11/3.11.15/Frameworks/Python.framework/Versions/3.11/lib/python3.11/http/client.py", line 1318, in endheaders
    self._send_output(message_body, encode_chunked=encode_chunked)
  File "/Users/andyschwarz/Documents/Privat/OverCloud/backend/.venv/lib/python3.11/site-packages/botocore/awsrequest.py", line 123, in _send_output
    self.send(msg)
  File "/Users/andyschwarz/Documents/Privat/OverCloud/backend/.venv/lib/python3.11/site-packages/botocore/awsrequest.py", line 223, in send
    return super().send(str)
           ^^^^^^^^^^^^^^^^^
  File "/opt/homebrew/Cellar/python@3.11/3.11.15/Frameworks/Python.framework/Versions/3.11/lib/python3.11/http/client.py", line 1016, in send
    self.connect()
  File "/Users/andyschwarz/Documents/Privat/OverCloud/backend/.venv/lib/python3.11/site-packages/urllib3/connection.py", line 331, in connect
    self.sock = self._new_conn()
                ^^^^^^^^^^^^^^^^
  File "/Users/andyschwarz/Documents/Privat/OverCloud/backend/.venv/lib/python3.11/site-packages/urllib3/connection.py", line 219, in _new_conn
    raise NewConnectionError(
urllib3.exceptions.NewConnectionError: AWSHTTPConnection(host='localhost', port=8001): Failed to establish a new connection: [Errno 61] Connection refused

The above exception was the direct cause of the following exception:

Traceback (most recent call last):
  File "/Users/andyschwarz/Documents/Privat/OverCloud/backend/.venv/lib/python3.11/site-packages/starlette/middleware/errors.py", line 164, in __call__
    await self.app(scope, receive, _send)
  File "/Users/andyschwarz/Documents/Privat/OverCloud/backend/.venv/lib/python3.11/site-packages/starlette/middleware/base.py", line 191, in __call__
    with recv_stream, send_stream, collapse_excgroups():
  File "/opt/homebrew/Cellar/python@3.11/3.11.15/Frameworks/Python.framework/Versions/3.11/lib/python3.11/contextlib.py", line 158, in __exit__
    self.gen.throw(typ, value, traceback)
  File "/Users/andyschwarz/Documents/Privat/OverCloud/backend/.venv/lib/python3.11/site-packages/starlette/_utils.py", line 87, in collapse_excgroups
    raise exc
  File "/Users/andyschwarz/Documents/Privat/OverCloud/backend/.venv/lib/python3.11/site-packages/starlette/middleware/base.py", line 193, in __call__
    response = await self.dispatch_func(request, call_next)
               ^^^^^^^^^^^^^^^^^^^^^^^^^^^^^^^^^^^^^^^^^^^^
  File "/Users/andyschwarz/Documents/Privat/OverCloud/backend/app/main.py", line 61, in add_security_headers
    response = await call_next(request)
               ^^^^^^^^^^^^^^^^^^^^^^^^
  File "/Users/andyschwarz/Documents/Privat/OverCloud/backend/.venv/lib/python3.11/site-packages/starlette/middleware/base.py", line 168, in call_next
    raise app_exc from app_exc.__cause__ or app_exc.__context__
  File "/Users/andyschwarz/Documents/Privat/OverCloud/backend/.venv/lib/python3.11/site-packages/starlette/middleware/base.py", line 144, in coro
    await self.app(scope, receive_or_disconnect, send_no_error)
  File "/Users/andyschwarz/Documents/Privat/OverCloud/backend/.venv/lib/python3.11/site-packages/starlette/middleware/cors.py", line 88, in __call__
    await self.app(scope, receive, send)
  File "/Users/andyschwarz/Documents/Privat/OverCloud/backend/.venv/lib/python3.11/site-packages/starlette/middleware/exceptions.py", line 63, in __call__
    await wrap_app_handling_exceptions(self.app, conn)(scope, receive, send)
  File "/Users/andyschwarz/Documents/Privat/OverCloud/backend/.venv/lib/python3.11/site-packages/starlette/_exception_handler.py", line 53, in wrapped_app
    raise exc
  File "/Users/andyschwarz/Documents/Privat/OverCloud/backend/.venv/lib/python3.11/site-packages/starlette/_exception_handler.py", line 42, in wrapped_app
    await app(scope, receive, sender)
  File "/Users/andyschwarz/Documents/Privat/OverCloud/backend/.venv/lib/python3.11/site-packages/fastapi/middleware/asyncexitstack.py", line 18, in __call__
    await self.app(scope, receive, send)
  File "/Users/andyschwarz/Documents/Privat/OverCloud/backend/.venv/lib/python3.11/site-packages/starlette/routing.py", line 660, in __call__
    await self.middleware_stack(scope, receive, send)
  File "/Users/andyschwarz/Documents/Privat/OverCloud/backend/.venv/lib/python3.11/site-packages/starlette/routing.py", line 680, in app
    await route.handle(scope, receive, send)
  File "/Users/andyschwarz/Documents/Privat/OverCloud/backend/.venv/lib/python3.11/site-packages/starlette/routing.py", line 276, in handle
    await self.app(scope, receive, send)
  File "/Users/andyschwarz/Documents/Privat/OverCloud/backend/.venv/lib/python3.11/site-packages/fastapi/routing.py", line 130, in app
    await wrap_app_handling_exceptions(app, request)(scope, receive, send)
  File "/Users/andyschwarz/Documents/Privat/OverCloud/backend/.venv/lib/python3.11/site-packages/starlette/_exception_handler.py", line 53, in wrapped_app
    raise exc
  File "/Users/andyschwarz/Documents/Privat/OverCloud/backend/.venv/lib/python3.11/site-packages/starlette/_exception_handler.py", line 42, in wrapped_app
    await app(scope, receive, sender)
  File "/Users/andyschwarz/Documents/Privat/OverCloud/backend/.venv/lib/python3.11/site-packages/fastapi/routing.py", line 116, in app
    response = await f(request)
               ^^^^^^^^^^^^^^^^
  File "/Users/andyschwarz/Documents/Privat/OverCloud/backend/.venv/lib/python3.11/site-packages/fastapi/routing.py", line 670, in app
    raw_response = await run_endpoint_function(
                   ^^^^^^^^^^^^^^^^^^^^^^^^^^^^
  File "/Users/andyschwarz/Documents/Privat/OverCloud/backend/.venv/lib/python3.11/site-packages/fastapi/routing.py", line 324, in run_endpoint_function
    return await dependant.call(**values)
           ^^^^^^^^^^^^^^^^^^^^^^^^^^^^^^
  File "/Users/andyschwarz/Documents/Privat/OverCloud/backend/.venv/lib/python3.11/site-packages/slowapi/extension.py", line 734, in async_wrapper
    response = await func(*args, **kwargs)  # type: ignore
               ^^^^^^^^^^^^^^^^^^^^^^^^^^^
  File "/Users/andyschwarz/Documents/Privat/OverCloud/backend/app/api/auth.py", line 323, in register
    existing_user = user_repo.get_by_email(user_create.email)
                    ^^^^^^^^^^^^^^^^^^^^^^^^^^^^^^^^^^^^^^^^^
  File "/Users/andyschwarz/Documents/Privat/OverCloud/backend/app/repositories/user.py", line 169, in get_by_email
    items, _ = self._query(
               ^^^^^^^^^^^^
  File "/Users/andyschwarz/Documents/Privat/OverCloud/backend/app/repositories/base.py", line 145, in _query
    response = self.table.query(**kwargs)
               ^^^^^^^^^^^^^^^^^^^^^^^^^^
  File "/Users/andyschwarz/Documents/Privat/OverCloud/backend/.venv/lib/python3.11/site-packages/boto3/resources/factory.py", line 581, in do_action
    response = action(self, *args, **kwargs)
               ^^^^^^^^^^^^^^^^^^^^^^^^^^^^^
  File "/Users/andyschwarz/Documents/Privat/OverCloud/backend/.venv/lib/python3.11/site-packages/boto3/resources/action.py", line 88, in __call__
    response = getattr(parent.meta.client, operation_name)(*args, **params)
               ^^^^^^^^^^^^^^^^^^^^^^^^^^^^^^^^^^^^^^^^^^^^^^^^^^^^^^^^^^^^
  File "/Users/andyschwarz/Documents/Privat/OverCloud/backend/.venv/lib/python3.11/site-packages/botocore/client.py", line 602, in _api_call
    return self._make_api_call(operation_name, kwargs)
           ^^^^^^^^^^^^^^^^^^^^^^^^^^^^^^^^^^^^^^^^^^^
  File "/Users/andyschwarz/Documents/Privat/OverCloud/backend/.venv/lib/python3.11/site-packages/botocore/context.py", line 123, in wrapper
    return func(*args, **kwargs)
           ^^^^^^^^^^^^^^^^^^^^^
  File "/Users/andyschwarz/Documents/Privat/OverCloud/backend/.venv/lib/python3.11/site-packages/botocore/client.py", line 1060, in _make_api_call
    http, parsed_response = self._make_request(
                            ^^^^^^^^^^^^^^^^^^^
  File "/Users/andyschwarz/Documents/Privat/OverCloud/backend/.venv/lib/python3.11/site-packages/botocore/client.py", line 1084, in _make_request
    return self._endpoint.make_request(operation_model, request_dict)
           ^^^^^^^^^^^^^^^^^^^^^^^^^^^^^^^^^^^^^^^^^^^^^^^^^^^^^^^^^^
  File "/Users/andyschwarz/Documents/Privat/OverCloud/backend/.venv/lib/python3.11/site-packages/botocore/endpoint.py", line 119, in make_request
    return self._send_request(request_dict, operation_model)
           ^^^^^^^^^^^^^^^^^^^^^^^^^^^^^^^^^^^^^^^^^^^^^^^^^
  File "/Users/andyschwarz/Documents/Privat/OverCloud/backend/.venv/lib/python3.11/site-packages/botocore/endpoint.py", line 200, in _send_request
    while self._needs_retry(
          ^^^^^^^^^^^^^^^^^^
  File "/Users/andyschwarz/Documents/Privat/OverCloud/backend/.venv/lib/python3.11/site-packages/botocore/endpoint.py", line 360, in _needs_retry
    responses = self._event_emitter.emit(
                ^^^^^^^^^^^^^^^^^^^^^^^^^
  File "/Users/andyschwarz/Documents/Privat/OverCloud/backend/.venv/lib/python3.11/site-packages/botocore/hooks.py", line 412, in emit
    return self._emitter.emit(aliased_event_name, **kwargs)
           ^^^^^^^^^^^^^^^^^^^^^^^^^^^^^^^^^^^^^^^^^^^^^^^^
  File "/Users/andyschwarz/Documents/Privat/OverCloud/backend/.venv/lib/python3.11/site-packages/botocore/hooks.py", line 256, in emit
    return self._emit(event_name, kwargs)
           ^^^^^^^^^^^^^^^^^^^^^^^^^^^^^^
  File "/Users/andyschwarz/Documents/Privat/OverCloud/backend/.venv/lib/python3.11/site-packages/botocore/hooks.py", line 239, in _emit
    response = handler(**kwargs)
               ^^^^^^^^^^^^^^^^^
  File "/Users/andyschwarz/Documents/Privat/OverCloud/backend/.venv/lib/python3.11/site-packages/botocore/retryhandler.py", line 207, in __call__
    if self._checker(**checker_kwargs):
       ^^^^^^^^^^^^^^^^^^^^^^^^^^^^^^^
  File "/Users/andyschwarz/Documents/Privat/OverCloud/backend/.venv/lib/python3.11/site-packages/botocore/retryhandler.py", line 284, in __call__
    should_retry = self._should_retry(
                   ^^^^^^^^^^^^^^^^^^^
  File "/Users/andyschwarz/Documents/Privat/OverCloud/backend/.venv/lib/python3.11/site-packages/botocore/retryhandler.py", line 320, in _should_retry
    return self._checker(attempt_number, response, caught_exception)
           ^^^^^^^^^^^^^^^^^^^^^^^^^^^^^^^^^^^^^^^^^^^^^^^^^^^^^^^^^
  File "/Users/andyschwarz/Documents/Privat/OverCloud/backend/.venv/lib/python3.11/site-packages/botocore/retryhandler.py", line 363, in __call__
    checker_response = checker(
                       ^^^^^^^^
  File "/Users/andyschwarz/Documents/Privat/OverCloud/backend/.venv/lib/python3.11/site-packages/botocore/retryhandler.py", line 247, in __call__
    return self._check_caught_exception(
           ^^^^^^^^^^^^^^^^^^^^^^^^^^^^^
  File "/Users/andyschwarz/Documents/Privat/OverCloud/backend/.venv/lib/python3.11/site-packages/botocore/retryhandler.py", line 416, in _check_caught_exception
    raise caught_exception
  File "/Users/andyschwarz/Documents/Privat/OverCloud/backend/.venv/lib/python3.11/site-packages/botocore/endpoint.py", line 279, in _do_get_response
    http_response = self._send(request)
                    ^^^^^^^^^^^^^^^^^^^
  File "/Users/andyschwarz/Documents/Privat/OverCloud/backend/.venv/lib/python3.11/site-packages/botocore/endpoint.py", line 383, in _send
    return self.http_session.send(request)
           ^^^^^^^^^^^^^^^^^^^^^^^^^^^^^^^
  File "/Users/andyschwarz/Documents/Privat/OverCloud/backend/.venv/lib/python3.11/site-packages/botocore/httpsession.py", line 506, in send
    raise EndpointConnectionError(endpoint_url=request.url, error=e)
botocore.exceptions.EndpointConnectionError: Could not connect to the endpoint URL: "http://localhost:8001/"
___________ ERROR at setup of test_multiple_refresh_tokens_for_user ____________
.venv/lib/python3.11/site-packages/urllib3/connection.py:204: in _new_conn
    sock = connection.create_connection(
.venv/lib/python3.11/site-packages/urllib3/util/connection.py:85: in create_connection
    raise err
.venv/lib/python3.11/site-packages/urllib3/util/connection.py:73: in create_connection
    sock.connect(sa)
E   ConnectionRefusedError: [Errno 61] Connection refused

The above exception was the direct cause of the following exception:
.venv/lib/python3.11/site-packages/botocore/httpsession.py:477: in send
    urllib_response = conn.urlopen(
.venv/lib/python3.11/site-packages/urllib3/connectionpool.py:841: in urlopen
    retries = retries.increment(
.venv/lib/python3.11/site-packages/urllib3/util/retry.py:465: in increment
    raise reraise(type(error), error, _stacktrace)
          ^^^^^^^^^^^^^^^^^^^^^^^^^^^^^^^^^^^^^^^^
.venv/lib/python3.11/site-packages/urllib3/util/util.py:39: in reraise
    raise value
.venv/lib/python3.11/site-packages/urllib3/connectionpool.py:787: in urlopen
    response = self._make_request(
.venv/lib/python3.11/site-packages/urllib3/connectionpool.py:493: in _make_request
    conn.request(
.venv/lib/python3.11/site-packages/botocore/awsrequest.py:96: in request
    rval = super().request(method, url, body, headers, *args, **kwargs)
           ^^^^^^^^^^^^^^^^^^^^^^^^^^^^^^^^^^^^^^^^^^^^^^^^^^^^^^^^^^^^
.venv/lib/python3.11/site-packages/urllib3/connection.py:500: in request
    self.endheaders()
/opt/homebrew/Cellar/python@3.11/3.11.15/Frameworks/Python.framework/Versions/3.11/lib/python3.11/http/client.py:1318: in endheaders
    self._send_output(message_body, encode_chunked=encode_chunked)
.venv/lib/python3.11/site-packages/botocore/awsrequest.py:123: in _send_output
    self.send(msg)
.venv/lib/python3.11/site-packages/botocore/awsrequest.py:223: in send
    return super().send(str)
           ^^^^^^^^^^^^^^^^^
/opt/homebrew/Cellar/python@3.11/3.11.15/Frameworks/Python.framework/Versions/3.11/lib/python3.11/http/client.py:1016: in send
    self.connect()
.venv/lib/python3.11/site-packages/urllib3/connection.py:331: in connect
    self.sock = self._new_conn()
                ^^^^^^^^^^^^^^^^
.venv/lib/python3.11/site-packages/urllib3/connection.py:219: in _new_conn
    raise NewConnectionError(
E   urllib3.exceptions.NewConnectionError: AWSHTTPConnection(host='localhost', port=8001): Failed to establish a new connection: [Errno 61] Connection refused

The above exception was the direct cause of the following exception:
tests/integration/test_refresh_token_flow.py:24: in test_user
    response = client.post(
.venv/lib/python3.11/site-packages/starlette/testclient.py:546: in post
    return super().post(
.venv/lib/python3.11/site-packages/httpx/_client.py:1144: in post
    return self.request(
.venv/lib/python3.11/site-packages/starlette/testclient.py:445: in request
    return super().request(
.venv/lib/python3.11/site-packages/httpx/_client.py:825: in request
    return self.send(request, auth=auth, follow_redirects=follow_redirects)
           ^^^^^^^^^^^^^^^^^^^^^^^^^^^^^^^^^^^^^^^^^^^^^^^^^^^^^^^^^^^^^^^^
.venv/lib/python3.11/site-packages/httpx/_client.py:914: in send
    response = self._send_handling_auth(
.venv/lib/python3.11/site-packages/httpx/_client.py:942: in _send_handling_auth
    response = self._send_handling_redirects(
.venv/lib/python3.11/site-packages/httpx/_client.py:979: in _send_handling_redirects
    response = self._send_single_request(request)
               ^^^^^^^^^^^^^^^^^^^^^^^^^^^^^^^^^^
.venv/lib/python3.11/site-packages/httpx/_client.py:1014: in _send_single_request
    response = transport.handle_request(request)
               ^^^^^^^^^^^^^^^^^^^^^^^^^^^^^^^^^
.venv/lib/python3.11/site-packages/starlette/testclient.py:348: in handle_request
    raise exc
.venv/lib/python3.11/site-packages/starlette/testclient.py:345: in handle_request
    portal.call(self.app, scope, receive, send)
.venv/lib/python3.11/site-packages/anyio/from_thread.py:334: in call
    return cast(T_Retval, self.start_task_soon(func, *args).result())
                          ^^^^^^^^^^^^^^^^^^^^^^^^^^^^^^^^^^^^^^^^^^
/opt/homebrew/Cellar/python@3.11/3.11.15/Frameworks/Python.framework/Versions/3.11/lib/python3.11/concurrent/futures/_base.py:456: in result
    return self.__get_result()
           ^^^^^^^^^^^^^^^^^^^
/opt/homebrew/Cellar/python@3.11/3.11.15/Frameworks/Python.framework/Versions/3.11/lib/python3.11/concurrent/futures/_base.py:401: in __get_result
    raise self._exception
.venv/lib/python3.11/site-packages/anyio/from_thread.py:259: in _call_func
    retval = await retval_or_awaitable
             ^^^^^^^^^^^^^^^^^^^^^^^^^
.venv/lib/python3.11/site-packages/fastapi/applications.py:1160: in __call__
    await super().__call__(scope, receive, send)
.venv/lib/python3.11/site-packages/starlette/applications.py:90: in __call__
    await self.middleware_stack(scope, receive, send)
.venv/lib/python3.11/site-packages/starlette/middleware/errors.py:176: in __call__
    response = await self.handler(request, exc)
               ^^^^^^^^^^^^^^^^^^^^^^^^^^^^^^^^
app/main.py:129: in generic_exception_handler
    raise exc
.venv/lib/python3.11/site-packages/starlette/middleware/errors.py:164: in __call__
    await self.app(scope, receive, _send)
.venv/lib/python3.11/site-packages/starlette/middleware/base.py:191: in __call__
    with recv_stream, send_stream, collapse_excgroups():
/opt/homebrew/Cellar/python@3.11/3.11.15/Frameworks/Python.framework/Versions/3.11/lib/python3.11/contextlib.py:158: in __exit__
    self.gen.throw(typ, value, traceback)
.venv/lib/python3.11/site-packages/starlette/_utils.py:87: in collapse_excgroups
    raise exc
.venv/lib/python3.11/site-packages/starlette/middleware/base.py:193: in __call__
    response = await self.dispatch_func(request, call_next)
               ^^^^^^^^^^^^^^^^^^^^^^^^^^^^^^^^^^^^^^^^^^^^
app/main.py:61: in add_security_headers
    response = await call_next(request)
               ^^^^^^^^^^^^^^^^^^^^^^^^
.venv/lib/python3.11/site-packages/starlette/middleware/base.py:168: in call_next
    raise app_exc from app_exc.__cause__ or app_exc.__context__
.venv/lib/python3.11/site-packages/starlette/middleware/base.py:144: in coro
    await self.app(scope, receive_or_disconnect, send_no_error)
.venv/lib/python3.11/site-packages/starlette/middleware/cors.py:88: in __call__
    await self.app(scope, receive, send)
.venv/lib/python3.11/site-packages/starlette/middleware/exceptions.py:63: in __call__
    await wrap_app_handling_exceptions(self.app, conn)(scope, receive, send)
.venv/lib/python3.11/site-packages/starlette/_exception_handler.py:53: in wrapped_app
    raise exc
.venv/lib/python3.11/site-packages/starlette/_exception_handler.py:42: in wrapped_app
    await app(scope, receive, sender)
.venv/lib/python3.11/site-packages/fastapi/middleware/asyncexitstack.py:18: in __call__
    await self.app(scope, receive, send)
.venv/lib/python3.11/site-packages/starlette/routing.py:660: in __call__
    await self.middleware_stack(scope, receive, send)
.venv/lib/python3.11/site-packages/starlette/routing.py:680: in app
    await route.handle(scope, receive, send)
.venv/lib/python3.11/site-packages/starlette/routing.py:276: in handle
    await self.app(scope, receive, send)
.venv/lib/python3.11/site-packages/fastapi/routing.py:130: in app
    await wrap_app_handling_exceptions(app, request)(scope, receive, send)
.venv/lib/python3.11/site-packages/starlette/_exception_handler.py:53: in wrapped_app
    raise exc
.venv/lib/python3.11/site-packages/starlette/_exception_handler.py:42: in wrapped_app
    await app(scope, receive, sender)
.venv/lib/python3.11/site-packages/fastapi/routing.py:116: in app
    response = await f(request)
               ^^^^^^^^^^^^^^^^
.venv/lib/python3.11/site-packages/fastapi/routing.py:670: in app
    raw_response = await run_endpoint_function(
.venv/lib/python3.11/site-packages/fastapi/routing.py:324: in run_endpoint_function
    return await dependant.call(**values)
           ^^^^^^^^^^^^^^^^^^^^^^^^^^^^^^
.venv/lib/python3.11/site-packages/slowapi/extension.py:734: in async_wrapper
    response = await func(*args, **kwargs)  # type: ignore
               ^^^^^^^^^^^^^^^^^^^^^^^^^^^
app/api/auth.py:323: in register
    existing_user = user_repo.get_by_email(user_create.email)
                    ^^^^^^^^^^^^^^^^^^^^^^^^^^^^^^^^^^^^^^^^^
app/repositories/user.py:169: in get_by_email
    items, _ = self._query(
app/repositories/base.py:145: in _query
    response = self.table.query(**kwargs)
               ^^^^^^^^^^^^^^^^^^^^^^^^^^
.venv/lib/python3.11/site-packages/boto3/resources/factory.py:581: in do_action
    response = action(self, *args, **kwargs)
               ^^^^^^^^^^^^^^^^^^^^^^^^^^^^^
.venv/lib/python3.11/site-packages/boto3/resources/action.py:88: in __call__
    response = getattr(parent.meta.client, operation_name)(*args, **params)
               ^^^^^^^^^^^^^^^^^^^^^^^^^^^^^^^^^^^^^^^^^^^^^^^^^^^^^^^^^^^^
.venv/lib/python3.11/site-packages/botocore/client.py:602: in _api_call
    return self._make_api_call(operation_name, kwargs)
           ^^^^^^^^^^^^^^^^^^^^^^^^^^^^^^^^^^^^^^^^^^^
.venv/lib/python3.11/site-packages/botocore/context.py:123: in wrapper
    return func(*args, **kwargs)
           ^^^^^^^^^^^^^^^^^^^^^
.venv/lib/python3.11/site-packages/botocore/client.py:1060: in _make_api_call
    http, parsed_response = self._make_request(
.venv/lib/python3.11/site-packages/botocore/client.py:1084: in _make_request
    return self._endpoint.make_request(operation_model, request_dict)
           ^^^^^^^^^^^^^^^^^^^^^^^^^^^^^^^^^^^^^^^^^^^^^^^^^^^^^^^^^^
.venv/lib/python3.11/site-packages/botocore/endpoint.py:119: in make_request
    return self._send_request(request_dict, operation_model)
           ^^^^^^^^^^^^^^^^^^^^^^^^^^^^^^^^^^^^^^^^^^^^^^^^^
.venv/lib/python3.11/site-packages/botocore/endpoint.py:200: in _send_request
    while self._needs_retry(
.venv/lib/python3.11/site-packages/botocore/endpoint.py:360: in _needs_retry
    responses = self._event_emitter.emit(
.venv/lib/python3.11/site-packages/botocore/hooks.py:412: in emit
    return self._emitter.emit(aliased_event_name, **kwargs)
           ^^^^^^^^^^^^^^^^^^^^^^^^^^^^^^^^^^^^^^^^^^^^^^^^
.venv/lib/python3.11/site-packages/botocore/hooks.py:256: in emit
    return self._emit(event_name, kwargs)
           ^^^^^^^^^^^^^^^^^^^^^^^^^^^^^^
.venv/lib/python3.11/site-packages/botocore/hooks.py:239: in _emit
    response = handler(**kwargs)
               ^^^^^^^^^^^^^^^^^
.venv/lib/python3.11/site-packages/botocore/retryhandler.py:207: in __call__
    if self._checker(**checker_kwargs):
       ^^^^^^^^^^^^^^^^^^^^^^^^^^^^^^^
.venv/lib/python3.11/site-packages/botocore/retryhandler.py:284: in __call__
    should_retry = self._should_retry(
.venv/lib/python3.11/site-packages/botocore/retryhandler.py:320: in _should_retry
    return self._checker(attempt_number, response, caught_exception)
           ^^^^^^^^^^^^^^^^^^^^^^^^^^^^^^^^^^^^^^^^^^^^^^^^^^^^^^^^^
.venv/lib/python3.11/site-packages/botocore/retryhandler.py:363: in __call__
    checker_response = checker(
.venv/lib/python3.11/site-packages/botocore/retryhandler.py:247: in __call__
    return self._check_caught_exception(
.venv/lib/python3.11/site-packages/botocore/retryhandler.py:416: in _check_caught_exception
    raise caught_exception
.venv/lib/python3.11/site-packages/botocore/endpoint.py:279: in _do_get_response
    http_response = self._send(request)
                    ^^^^^^^^^^^^^^^^^^^
.venv/lib/python3.11/site-packages/botocore/endpoint.py:383: in _send
    return self.http_session.send(request)
           ^^^^^^^^^^^^^^^^^^^^^^^^^^^^^^^
.venv/lib/python3.11/site-packages/botocore/httpsession.py:506: in send
    raise EndpointConnectionError(endpoint_url=request.url, error=e)
E   botocore.exceptions.EndpointConnectionError: Could not connect to the endpoint URL: "http://localhost:8001/"
---------------------------- Captured stdout setup -----------------------------
2026-05-17 20:13:55 - app.main - ERROR - Unhandled exception: Could not connect to the endpoint URL: "http://localhost:8001/"
Traceback (most recent call last):
  File "/Users/andyschwarz/Documents/Privat/OverCloud/backend/.venv/lib/python3.11/site-packages/urllib3/connection.py", line 204, in _new_conn
    sock = connection.create_connection(
           ^^^^^^^^^^^^^^^^^^^^^^^^^^^^^
  File "/Users/andyschwarz/Documents/Privat/OverCloud/backend/.venv/lib/python3.11/site-packages/urllib3/util/connection.py", line 85, in create_connection
    raise err
  File "/Users/andyschwarz/Documents/Privat/OverCloud/backend/.venv/lib/python3.11/site-packages/urllib3/util/connection.py", line 73, in create_connection
    sock.connect(sa)
ConnectionRefusedError: [Errno 61] Connection refused

The above exception was the direct cause of the following exception:

Traceback (most recent call last):
  File "/Users/andyschwarz/Documents/Privat/OverCloud/backend/.venv/lib/python3.11/site-packages/botocore/httpsession.py", line 477, in send
    urllib_response = conn.urlopen(
                      ^^^^^^^^^^^^^
  File "/Users/andyschwarz/Documents/Privat/OverCloud/backend/.venv/lib/python3.11/site-packages/urllib3/connectionpool.py", line 841, in urlopen
    retries = retries.increment(
              ^^^^^^^^^^^^^^^^^^
  File "/Users/andyschwarz/Documents/Privat/OverCloud/backend/.venv/lib/python3.11/site-packages/urllib3/util/retry.py", line 465, in increment
    raise reraise(type(error), error, _stacktrace)
          ^^^^^^^^^^^^^^^^^^^^^^^^^^^^^^^^^^^^^^^^
  File "/Users/andyschwarz/Documents/Privat/OverCloud/backend/.venv/lib/python3.11/site-packages/urllib3/util/util.py", line 39, in reraise
    raise value
  File "/Users/andyschwarz/Documents/Privat/OverCloud/backend/.venv/lib/python3.11/site-packages/urllib3/connectionpool.py", line 787, in urlopen
    response = self._make_request(
               ^^^^^^^^^^^^^^^^^^^
  File "/Users/andyschwarz/Documents/Privat/OverCloud/backend/.venv/lib/python3.11/site-packages/urllib3/connectionpool.py", line 493, in _make_request
    conn.request(
  File "/Users/andyschwarz/Documents/Privat/OverCloud/backend/.venv/lib/python3.11/site-packages/botocore/awsrequest.py", line 96, in request
    rval = super().request(method, url, body, headers, *args, **kwargs)
           ^^^^^^^^^^^^^^^^^^^^^^^^^^^^^^^^^^^^^^^^^^^^^^^^^^^^^^^^^^^^
  File "/Users/andyschwarz/Documents/Privat/OverCloud/backend/.venv/lib/python3.11/site-packages/urllib3/connection.py", line 500, in request
    self.endheaders()
  File "/opt/homebrew/Cellar/python@3.11/3.11.15/Frameworks/Python.framework/Versions/3.11/lib/python3.11/http/client.py", line 1318, in endheaders
    self._send_output(message_body, encode_chunked=encode_chunked)
  File "/Users/andyschwarz/Documents/Privat/OverCloud/backend/.venv/lib/python3.11/site-packages/botocore/awsrequest.py", line 123, in _send_output
    self.send(msg)
  File "/Users/andyschwarz/Documents/Privat/OverCloud/backend/.venv/lib/python3.11/site-packages/botocore/awsrequest.py", line 223, in send
    return super().send(str)
           ^^^^^^^^^^^^^^^^^
  File "/opt/homebrew/Cellar/python@3.11/3.11.15/Frameworks/Python.framework/Versions/3.11/lib/python3.11/http/client.py", line 1016, in send
    self.connect()
  File "/Users/andyschwarz/Documents/Privat/OverCloud/backend/.venv/lib/python3.11/site-packages/urllib3/connection.py", line 331, in connect
    self.sock = self._new_conn()
                ^^^^^^^^^^^^^^^^
  File "/Users/andyschwarz/Documents/Privat/OverCloud/backend/.venv/lib/python3.11/site-packages/urllib3/connection.py", line 219, in _new_conn
    raise NewConnectionError(
urllib3.exceptions.NewConnectionError: AWSHTTPConnection(host='localhost', port=8001): Failed to establish a new connection: [Errno 61] Connection refused

The above exception was the direct cause of the following exception:

Traceback (most recent call last):
  File "/Users/andyschwarz/Documents/Privat/OverCloud/backend/.venv/lib/python3.11/site-packages/starlette/middleware/errors.py", line 164, in __call__
    await self.app(scope, receive, _send)
  File "/Users/andyschwarz/Documents/Privat/OverCloud/backend/.venv/lib/python3.11/site-packages/starlette/middleware/base.py", line 191, in __call__
    with recv_stream, send_stream, collapse_excgroups():
  File "/opt/homebrew/Cellar/python@3.11/3.11.15/Frameworks/Python.framework/Versions/3.11/lib/python3.11/contextlib.py", line 158, in __exit__
    self.gen.throw(typ, value, traceback)
  File "/Users/andyschwarz/Documents/Privat/OverCloud/backend/.venv/lib/python3.11/site-packages/starlette/_utils.py", line 87, in collapse_excgroups
    raise exc
  File "/Users/andyschwarz/Documents/Privat/OverCloud/backend/.venv/lib/python3.11/site-packages/starlette/middleware/base.py", line 193, in __call__
    response = await self.dispatch_func(request, call_next)
               ^^^^^^^^^^^^^^^^^^^^^^^^^^^^^^^^^^^^^^^^^^^^
  File "/Users/andyschwarz/Documents/Privat/OverCloud/backend/app/main.py", line 61, in add_security_headers
    response = await call_next(request)
               ^^^^^^^^^^^^^^^^^^^^^^^^
  File "/Users/andyschwarz/Documents/Privat/OverCloud/backend/.venv/lib/python3.11/site-packages/starlette/middleware/base.py", line 168, in call_next
    raise app_exc from app_exc.__cause__ or app_exc.__context__
  File "/Users/andyschwarz/Documents/Privat/OverCloud/backend/.venv/lib/python3.11/site-packages/starlette/middleware/base.py", line 144, in coro
    await self.app(scope, receive_or_disconnect, send_no_error)
  File "/Users/andyschwarz/Documents/Privat/OverCloud/backend/.venv/lib/python3.11/site-packages/starlette/middleware/cors.py", line 88, in __call__
    await self.app(scope, receive, send)
  File "/Users/andyschwarz/Documents/Privat/OverCloud/backend/.venv/lib/python3.11/site-packages/starlette/middleware/exceptions.py", line 63, in __call__
    await wrap_app_handling_exceptions(self.app, conn)(scope, receive, send)
  File "/Users/andyschwarz/Documents/Privat/OverCloud/backend/.venv/lib/python3.11/site-packages/starlette/_exception_handler.py", line 53, in wrapped_app
    raise exc
  File "/Users/andyschwarz/Documents/Privat/OverCloud/backend/.venv/lib/python3.11/site-packages/starlette/_exception_handler.py", line 42, in wrapped_app
    await app(scope, receive, sender)
  File "/Users/andyschwarz/Documents/Privat/OverCloud/backend/.venv/lib/python3.11/site-packages/fastapi/middleware/asyncexitstack.py", line 18, in __call__
    await self.app(scope, receive, send)
  File "/Users/andyschwarz/Documents/Privat/OverCloud/backend/.venv/lib/python3.11/site-packages/starlette/routing.py", line 660, in __call__
    await self.middleware_stack(scope, receive, send)
  File "/Users/andyschwarz/Documents/Privat/OverCloud/backend/.venv/lib/python3.11/site-packages/starlette/routing.py", line 680, in app
    await route.handle(scope, receive, send)
  File "/Users/andyschwarz/Documents/Privat/OverCloud/backend/.venv/lib/python3.11/site-packages/starlette/routing.py", line 276, in handle
    await self.app(scope, receive, send)
  File "/Users/andyschwarz/Documents/Privat/OverCloud/backend/.venv/lib/python3.11/site-packages/fastapi/routing.py", line 130, in app
    await wrap_app_handling_exceptions(app, request)(scope, receive, send)
  File "/Users/andyschwarz/Documents/Privat/OverCloud/backend/.venv/lib/python3.11/site-packages/starlette/_exception_handler.py", line 53, in wrapped_app
    raise exc
  File "/Users/andyschwarz/Documents/Privat/OverCloud/backend/.venv/lib/python3.11/site-packages/starlette/_exception_handler.py", line 42, in wrapped_app
    await app(scope, receive, sender)
  File "/Users/andyschwarz/Documents/Privat/OverCloud/backend/.venv/lib/python3.11/site-packages/fastapi/routing.py", line 116, in app
    response = await f(request)
               ^^^^^^^^^^^^^^^^
  File "/Users/andyschwarz/Documents/Privat/OverCloud/backend/.venv/lib/python3.11/site-packages/fastapi/routing.py", line 670, in app
    raw_response = await run_endpoint_function(
                   ^^^^^^^^^^^^^^^^^^^^^^^^^^^^
  File "/Users/andyschwarz/Documents/Privat/OverCloud/backend/.venv/lib/python3.11/site-packages/fastapi/routing.py", line 324, in run_endpoint_function
    return await dependant.call(**values)
           ^^^^^^^^^^^^^^^^^^^^^^^^^^^^^^
  File "/Users/andyschwarz/Documents/Privat/OverCloud/backend/.venv/lib/python3.11/site-packages/slowapi/extension.py", line 734, in async_wrapper
    response = await func(*args, **kwargs)  # type: ignore
               ^^^^^^^^^^^^^^^^^^^^^^^^^^^
  File "/Users/andyschwarz/Documents/Privat/OverCloud/backend/app/api/auth.py", line 323, in register
    existing_user = user_repo.get_by_email(user_create.email)
                    ^^^^^^^^^^^^^^^^^^^^^^^^^^^^^^^^^^^^^^^^^
  File "/Users/andyschwarz/Documents/Privat/OverCloud/backend/app/repositories/user.py", line 169, in get_by_email
    items, _ = self._query(
               ^^^^^^^^^^^^
  File "/Users/andyschwarz/Documents/Privat/OverCloud/backend/app/repositories/base.py", line 145, in _query
    response = self.table.query(**kwargs)
               ^^^^^^^^^^^^^^^^^^^^^^^^^^
  File "/Users/andyschwarz/Documents/Privat/OverCloud/backend/.venv/lib/python3.11/site-packages/boto3/resources/factory.py", line 581, in do_action
    response = action(self, *args, **kwargs)
               ^^^^^^^^^^^^^^^^^^^^^^^^^^^^^
  File "/Users/andyschwarz/Documents/Privat/OverCloud/backend/.venv/lib/python3.11/site-packages/boto3/resources/action.py", line 88, in __call__
    response = getattr(parent.meta.client, operation_name)(*args, **params)
               ^^^^^^^^^^^^^^^^^^^^^^^^^^^^^^^^^^^^^^^^^^^^^^^^^^^^^^^^^^^^
  File "/Users/andyschwarz/Documents/Privat/OverCloud/backend/.venv/lib/python3.11/site-packages/botocore/client.py", line 602, in _api_call
    return self._make_api_call(operation_name, kwargs)
           ^^^^^^^^^^^^^^^^^^^^^^^^^^^^^^^^^^^^^^^^^^^
  File "/Users/andyschwarz/Documents/Privat/OverCloud/backend/.venv/lib/python3.11/site-packages/botocore/context.py", line 123, in wrapper
    return func(*args, **kwargs)
           ^^^^^^^^^^^^^^^^^^^^^
  File "/Users/andyschwarz/Documents/Privat/OverCloud/backend/.venv/lib/python3.11/site-packages/botocore/client.py", line 1060, in _make_api_call
    http, parsed_response = self._make_request(
                            ^^^^^^^^^^^^^^^^^^^
  File "/Users/andyschwarz/Documents/Privat/OverCloud/backend/.venv/lib/python3.11/site-packages/botocore/client.py", line 1084, in _make_request
    return self._endpoint.make_request(operation_model, request_dict)
           ^^^^^^^^^^^^^^^^^^^^^^^^^^^^^^^^^^^^^^^^^^^^^^^^^^^^^^^^^^
  File "/Users/andyschwarz/Documents/Privat/OverCloud/backend/.venv/lib/python3.11/site-packages/botocore/endpoint.py", line 119, in make_request
    return self._send_request(request_dict, operation_model)
           ^^^^^^^^^^^^^^^^^^^^^^^^^^^^^^^^^^^^^^^^^^^^^^^^^
  File "/Users/andyschwarz/Documents/Privat/OverCloud/backend/.venv/lib/python3.11/site-packages/botocore/endpoint.py", line 200, in _send_request
    while self._needs_retry(
          ^^^^^^^^^^^^^^^^^^
  File "/Users/andyschwarz/Documents/Privat/OverCloud/backend/.venv/lib/python3.11/site-packages/botocore/endpoint.py", line 360, in _needs_retry
    responses = self._event_emitter.emit(
                ^^^^^^^^^^^^^^^^^^^^^^^^^
  File "/Users/andyschwarz/Documents/Privat/OverCloud/backend/.venv/lib/python3.11/site-packages/botocore/hooks.py", line 412, in emit
    return self._emitter.emit(aliased_event_name, **kwargs)
           ^^^^^^^^^^^^^^^^^^^^^^^^^^^^^^^^^^^^^^^^^^^^^^^^
  File "/Users/andyschwarz/Documents/Privat/OverCloud/backend/.venv/lib/python3.11/site-packages/botocore/hooks.py", line 256, in emit
    return self._emit(event_name, kwargs)
           ^^^^^^^^^^^^^^^^^^^^^^^^^^^^^^
  File "/Users/andyschwarz/Documents/Privat/OverCloud/backend/.venv/lib/python3.11/site-packages/botocore/hooks.py", line 239, in _emit
    response = handler(**kwargs)
               ^^^^^^^^^^^^^^^^^
  File "/Users/andyschwarz/Documents/Privat/OverCloud/backend/.venv/lib/python3.11/site-packages/botocore/retryhandler.py", line 207, in __call__
    if self._checker(**checker_kwargs):
       ^^^^^^^^^^^^^^^^^^^^^^^^^^^^^^^
  File "/Users/andyschwarz/Documents/Privat/OverCloud/backend/.venv/lib/python3.11/site-packages/botocore/retryhandler.py", line 284, in __call__
    should_retry = self._should_retry(
                   ^^^^^^^^^^^^^^^^^^^
  File "/Users/andyschwarz/Documents/Privat/OverCloud/backend/.venv/lib/python3.11/site-packages/botocore/retryhandler.py", line 320, in _should_retry
    return self._checker(attempt_number, response, caught_exception)
           ^^^^^^^^^^^^^^^^^^^^^^^^^^^^^^^^^^^^^^^^^^^^^^^^^^^^^^^^^
  File "/Users/andyschwarz/Documents/Privat/OverCloud/backend/.venv/lib/python3.11/site-packages/botocore/retryhandler.py", line 363, in __call__
    checker_response = checker(
                       ^^^^^^^^
  File "/Users/andyschwarz/Documents/Privat/OverCloud/backend/.venv/lib/python3.11/site-packages/botocore/retryhandler.py", line 247, in __call__
    return self._check_caught_exception(
           ^^^^^^^^^^^^^^^^^^^^^^^^^^^^^
  File "/Users/andyschwarz/Documents/Privat/OverCloud/backend/.venv/lib/python3.11/site-packages/botocore/retryhandler.py", line 416, in _check_caught_exception
    raise caught_exception
  File "/Users/andyschwarz/Documents/Privat/OverCloud/backend/.venv/lib/python3.11/site-packages/botocore/endpoint.py", line 279, in _do_get_response
    http_response = self._send(request)
                    ^^^^^^^^^^^^^^^^^^^
  File "/Users/andyschwarz/Documents/Privat/OverCloud/backend/.venv/lib/python3.11/site-packages/botocore/endpoint.py", line 383, in _send
    return self.http_session.send(request)
           ^^^^^^^^^^^^^^^^^^^^^^^^^^^^^^^
  File "/Users/andyschwarz/Documents/Privat/OverCloud/backend/.venv/lib/python3.11/site-packages/botocore/httpsession.py", line 506, in send
    raise EndpointConnectionError(endpoint_url=request.url, error=e)
botocore.exceptions.EndpointConnectionError: Could not connect to the endpoint URL: "http://localhost:8001/"
------------------------------ Captured log setup ------------------------------
ERROR    app.main:main.py:112 Unhandled exception: Could not connect to the endpoint URL: "http://localhost:8001/"
Traceback (most recent call last):
  File "/Users/andyschwarz/Documents/Privat/OverCloud/backend/.venv/lib/python3.11/site-packages/urllib3/connection.py", line 204, in _new_conn
    sock = connection.create_connection(
           ^^^^^^^^^^^^^^^^^^^^^^^^^^^^^
  File "/Users/andyschwarz/Documents/Privat/OverCloud/backend/.venv/lib/python3.11/site-packages/urllib3/util/connection.py", line 85, in create_connection
    raise err
  File "/Users/andyschwarz/Documents/Privat/OverCloud/backend/.venv/lib/python3.11/site-packages/urllib3/util/connection.py", line 73, in create_connection
    sock.connect(sa)
ConnectionRefusedError: [Errno 61] Connection refused

The above exception was the direct cause of the following exception:

Traceback (most recent call last):
  File "/Users/andyschwarz/Documents/Privat/OverCloud/backend/.venv/lib/python3.11/site-packages/botocore/httpsession.py", line 477, in send
    urllib_response = conn.urlopen(
                      ^^^^^^^^^^^^^
  File "/Users/andyschwarz/Documents/Privat/OverCloud/backend/.venv/lib/python3.11/site-packages/urllib3/connectionpool.py", line 841, in urlopen
    retries = retries.increment(
              ^^^^^^^^^^^^^^^^^^
  File "/Users/andyschwarz/Documents/Privat/OverCloud/backend/.venv/lib/python3.11/site-packages/urllib3/util/retry.py", line 465, in increment
    raise reraise(type(error), error, _stacktrace)
          ^^^^^^^^^^^^^^^^^^^^^^^^^^^^^^^^^^^^^^^^
  File "/Users/andyschwarz/Documents/Privat/OverCloud/backend/.venv/lib/python3.11/site-packages/urllib3/util/util.py", line 39, in reraise
    raise value
  File "/Users/andyschwarz/Documents/Privat/OverCloud/backend/.venv/lib/python3.11/site-packages/urllib3/connectionpool.py", line 787, in urlopen
    response = self._make_request(
               ^^^^^^^^^^^^^^^^^^^
  File "/Users/andyschwarz/Documents/Privat/OverCloud/backend/.venv/lib/python3.11/site-packages/urllib3/connectionpool.py", line 493, in _make_request
    conn.request(
  File "/Users/andyschwarz/Documents/Privat/OverCloud/backend/.venv/lib/python3.11/site-packages/botocore/awsrequest.py", line 96, in request
    rval = super().request(method, url, body, headers, *args, **kwargs)
           ^^^^^^^^^^^^^^^^^^^^^^^^^^^^^^^^^^^^^^^^^^^^^^^^^^^^^^^^^^^^
  File "/Users/andyschwarz/Documents/Privat/OverCloud/backend/.venv/lib/python3.11/site-packages/urllib3/connection.py", line 500, in request
    self.endheaders()
  File "/opt/homebrew/Cellar/python@3.11/3.11.15/Frameworks/Python.framework/Versions/3.11/lib/python3.11/http/client.py", line 1318, in endheaders
    self._send_output(message_body, encode_chunked=encode_chunked)
  File "/Users/andyschwarz/Documents/Privat/OverCloud/backend/.venv/lib/python3.11/site-packages/botocore/awsrequest.py", line 123, in _send_output
    self.send(msg)
  File "/Users/andyschwarz/Documents/Privat/OverCloud/backend/.venv/lib/python3.11/site-packages/botocore/awsrequest.py", line 223, in send
    return super().send(str)
           ^^^^^^^^^^^^^^^^^
  File "/opt/homebrew/Cellar/python@3.11/3.11.15/Frameworks/Python.framework/Versions/3.11/lib/python3.11/http/client.py", line 1016, in send
    self.connect()
  File "/Users/andyschwarz/Documents/Privat/OverCloud/backend/.venv/lib/python3.11/site-packages/urllib3/connection.py", line 331, in connect
    self.sock = self._new_conn()
                ^^^^^^^^^^^^^^^^
  File "/Users/andyschwarz/Documents/Privat/OverCloud/backend/.venv/lib/python3.11/site-packages/urllib3/connection.py", line 219, in _new_conn
    raise NewConnectionError(
urllib3.exceptions.NewConnectionError: AWSHTTPConnection(host='localhost', port=8001): Failed to establish a new connection: [Errno 61] Connection refused

The above exception was the direct cause of the following exception:

Traceback (most recent call last):
  File "/Users/andyschwarz/Documents/Privat/OverCloud/backend/.venv/lib/python3.11/site-packages/starlette/middleware/errors.py", line 164, in __call__
    await self.app(scope, receive, _send)
  File "/Users/andyschwarz/Documents/Privat/OverCloud/backend/.venv/lib/python3.11/site-packages/starlette/middleware/base.py", line 191, in __call__
    with recv_stream, send_stream, collapse_excgroups():
  File "/opt/homebrew/Cellar/python@3.11/3.11.15/Frameworks/Python.framework/Versions/3.11/lib/python3.11/contextlib.py", line 158, in __exit__
    self.gen.throw(typ, value, traceback)
  File "/Users/andyschwarz/Documents/Privat/OverCloud/backend/.venv/lib/python3.11/site-packages/starlette/_utils.py", line 87, in collapse_excgroups
    raise exc
  File "/Users/andyschwarz/Documents/Privat/OverCloud/backend/.venv/lib/python3.11/site-packages/starlette/middleware/base.py", line 193, in __call__
    response = await self.dispatch_func(request, call_next)
               ^^^^^^^^^^^^^^^^^^^^^^^^^^^^^^^^^^^^^^^^^^^^
  File "/Users/andyschwarz/Documents/Privat/OverCloud/backend/app/main.py", line 61, in add_security_headers
    response = await call_next(request)
               ^^^^^^^^^^^^^^^^^^^^^^^^
  File "/Users/andyschwarz/Documents/Privat/OverCloud/backend/.venv/lib/python3.11/site-packages/starlette/middleware/base.py", line 168, in call_next
    raise app_exc from app_exc.__cause__ or app_exc.__context__
  File "/Users/andyschwarz/Documents/Privat/OverCloud/backend/.venv/lib/python3.11/site-packages/starlette/middleware/base.py", line 144, in coro
    await self.app(scope, receive_or_disconnect, send_no_error)
  File "/Users/andyschwarz/Documents/Privat/OverCloud/backend/.venv/lib/python3.11/site-packages/starlette/middleware/cors.py", line 88, in __call__
    await self.app(scope, receive, send)
  File "/Users/andyschwarz/Documents/Privat/OverCloud/backend/.venv/lib/python3.11/site-packages/starlette/middleware/exceptions.py", line 63, in __call__
    await wrap_app_handling_exceptions(self.app, conn)(scope, receive, send)
  File "/Users/andyschwarz/Documents/Privat/OverCloud/backend/.venv/lib/python3.11/site-packages/starlette/_exception_handler.py", line 53, in wrapped_app
    raise exc
  File "/Users/andyschwarz/Documents/Privat/OverCloud/backend/.venv/lib/python3.11/site-packages/starlette/_exception_handler.py", line 42, in wrapped_app
    await app(scope, receive, sender)
  File "/Users/andyschwarz/Documents/Privat/OverCloud/backend/.venv/lib/python3.11/site-packages/fastapi/middleware/asyncexitstack.py", line 18, in __call__
    await self.app(scope, receive, send)
  File "/Users/andyschwarz/Documents/Privat/OverCloud/backend/.venv/lib/python3.11/site-packages/starlette/routing.py", line 660, in __call__
    await self.middleware_stack(scope, receive, send)
  File "/Users/andyschwarz/Documents/Privat/OverCloud/backend/.venv/lib/python3.11/site-packages/starlette/routing.py", line 680, in app
    await route.handle(scope, receive, send)
  File "/Users/andyschwarz/Documents/Privat/OverCloud/backend/.venv/lib/python3.11/site-packages/starlette/routing.py", line 276, in handle
    await self.app(scope, receive, send)
  File "/Users/andyschwarz/Documents/Privat/OverCloud/backend/.venv/lib/python3.11/site-packages/fastapi/routing.py", line 130, in app
    await wrap_app_handling_exceptions(app, request)(scope, receive, send)
  File "/Users/andyschwarz/Documents/Privat/OverCloud/backend/.venv/lib/python3.11/site-packages/starlette/_exception_handler.py", line 53, in wrapped_app
    raise exc
  File "/Users/andyschwarz/Documents/Privat/OverCloud/backend/.venv/lib/python3.11/site-packages/starlette/_exception_handler.py", line 42, in wrapped_app
    await app(scope, receive, sender)
  File "/Users/andyschwarz/Documents/Privat/OverCloud/backend/.venv/lib/python3.11/site-packages/fastapi/routing.py", line 116, in app
    response = await f(request)
               ^^^^^^^^^^^^^^^^
  File "/Users/andyschwarz/Documents/Privat/OverCloud/backend/.venv/lib/python3.11/site-packages/fastapi/routing.py", line 670, in app
    raw_response = await run_endpoint_function(
                   ^^^^^^^^^^^^^^^^^^^^^^^^^^^^
  File "/Users/andyschwarz/Documents/Privat/OverCloud/backend/.venv/lib/python3.11/site-packages/fastapi/routing.py", line 324, in run_endpoint_function
    return await dependant.call(**values)
           ^^^^^^^^^^^^^^^^^^^^^^^^^^^^^^
  File "/Users/andyschwarz/Documents/Privat/OverCloud/backend/.venv/lib/python3.11/site-packages/slowapi/extension.py", line 734, in async_wrapper
    response = await func(*args, **kwargs)  # type: ignore
               ^^^^^^^^^^^^^^^^^^^^^^^^^^^
  File "/Users/andyschwarz/Documents/Privat/OverCloud/backend/app/api/auth.py", line 323, in register
    existing_user = user_repo.get_by_email(user_create.email)
                    ^^^^^^^^^^^^^^^^^^^^^^^^^^^^^^^^^^^^^^^^^
  File "/Users/andyschwarz/Documents/Privat/OverCloud/backend/app/repositories/user.py", line 169, in get_by_email
    items, _ = self._query(
               ^^^^^^^^^^^^
  File "/Users/andyschwarz/Documents/Privat/OverCloud/backend/app/repositories/base.py", line 145, in _query
    response = self.table.query(**kwargs)
               ^^^^^^^^^^^^^^^^^^^^^^^^^^
  File "/Users/andyschwarz/Documents/Privat/OverCloud/backend/.venv/lib/python3.11/site-packages/boto3/resources/factory.py", line 581, in do_action
    response = action(self, *args, **kwargs)
               ^^^^^^^^^^^^^^^^^^^^^^^^^^^^^
  File "/Users/andyschwarz/Documents/Privat/OverCloud/backend/.venv/lib/python3.11/site-packages/boto3/resources/action.py", line 88, in __call__
    response = getattr(parent.meta.client, operation_name)(*args, **params)
               ^^^^^^^^^^^^^^^^^^^^^^^^^^^^^^^^^^^^^^^^^^^^^^^^^^^^^^^^^^^^
  File "/Users/andyschwarz/Documents/Privat/OverCloud/backend/.venv/lib/python3.11/site-packages/botocore/client.py", line 602, in _api_call
    return self._make_api_call(operation_name, kwargs)
           ^^^^^^^^^^^^^^^^^^^^^^^^^^^^^^^^^^^^^^^^^^^
  File "/Users/andyschwarz/Documents/Privat/OverCloud/backend/.venv/lib/python3.11/site-packages/botocore/context.py", line 123, in wrapper
    return func(*args, **kwargs)
           ^^^^^^^^^^^^^^^^^^^^^
  File "/Users/andyschwarz/Documents/Privat/OverCloud/backend/.venv/lib/python3.11/site-packages/botocore/client.py", line 1060, in _make_api_call
    http, parsed_response = self._make_request(
                            ^^^^^^^^^^^^^^^^^^^
  File "/Users/andyschwarz/Documents/Privat/OverCloud/backend/.venv/lib/python3.11/site-packages/botocore/client.py", line 1084, in _make_request
    return self._endpoint.make_request(operation_model, request_dict)
           ^^^^^^^^^^^^^^^^^^^^^^^^^^^^^^^^^^^^^^^^^^^^^^^^^^^^^^^^^^
  File "/Users/andyschwarz/Documents/Privat/OverCloud/backend/.venv/lib/python3.11/site-packages/botocore/endpoint.py", line 119, in make_request
    return self._send_request(request_dict, operation_model)
           ^^^^^^^^^^^^^^^^^^^^^^^^^^^^^^^^^^^^^^^^^^^^^^^^^
  File "/Users/andyschwarz/Documents/Privat/OverCloud/backend/.venv/lib/python3.11/site-packages/botocore/endpoint.py", line 200, in _send_request
    while self._needs_retry(
          ^^^^^^^^^^^^^^^^^^
  File "/Users/andyschwarz/Documents/Privat/OverCloud/backend/.venv/lib/python3.11/site-packages/botocore/endpoint.py", line 360, in _needs_retry
    responses = self._event_emitter.emit(
                ^^^^^^^^^^^^^^^^^^^^^^^^^
  File "/Users/andyschwarz/Documents/Privat/OverCloud/backend/.venv/lib/python3.11/site-packages/botocore/hooks.py", line 412, in emit
    return self._emitter.emit(aliased_event_name, **kwargs)
           ^^^^^^^^^^^^^^^^^^^^^^^^^^^^^^^^^^^^^^^^^^^^^^^^
  File "/Users/andyschwarz/Documents/Privat/OverCloud/backend/.venv/lib/python3.11/site-packages/botocore/hooks.py", line 256, in emit
    return self._emit(event_name, kwargs)
           ^^^^^^^^^^^^^^^^^^^^^^^^^^^^^^
  File "/Users/andyschwarz/Documents/Privat/OverCloud/backend/.venv/lib/python3.11/site-packages/botocore/hooks.py", line 239, in _emit
    response = handler(**kwargs)
               ^^^^^^^^^^^^^^^^^
  File "/Users/andyschwarz/Documents/Privat/OverCloud/backend/.venv/lib/python3.11/site-packages/botocore/retryhandler.py", line 207, in __call__
    if self._checker(**checker_kwargs):
       ^^^^^^^^^^^^^^^^^^^^^^^^^^^^^^^
  File "/Users/andyschwarz/Documents/Privat/OverCloud/backend/.venv/lib/python3.11/site-packages/botocore/retryhandler.py", line 284, in __call__
    should_retry = self._should_retry(
                   ^^^^^^^^^^^^^^^^^^^
  File "/Users/andyschwarz/Documents/Privat/OverCloud/backend/.venv/lib/python3.11/site-packages/botocore/retryhandler.py", line 320, in _should_retry
    return self._checker(attempt_number, response, caught_exception)
           ^^^^^^^^^^^^^^^^^^^^^^^^^^^^^^^^^^^^^^^^^^^^^^^^^^^^^^^^^
  File "/Users/andyschwarz/Documents/Privat/OverCloud/backend/.venv/lib/python3.11/site-packages/botocore/retryhandler.py", line 363, in __call__
    checker_response = checker(
                       ^^^^^^^^
  File "/Users/andyschwarz/Documents/Privat/OverCloud/backend/.venv/lib/python3.11/site-packages/botocore/retryhandler.py", line 247, in __call__
    return self._check_caught_exception(
           ^^^^^^^^^^^^^^^^^^^^^^^^^^^^^
  File "/Users/andyschwarz/Documents/Privat/OverCloud/backend/.venv/lib/python3.11/site-packages/botocore/retryhandler.py", line 416, in _check_caught_exception
    raise caught_exception
  File "/Users/andyschwarz/Documents/Privat/OverCloud/backend/.venv/lib/python3.11/site-packages/botocore/endpoint.py", line 279, in _do_get_response
    http_response = self._send(request)
                    ^^^^^^^^^^^^^^^^^^^
  File "/Users/andyschwarz/Documents/Privat/OverCloud/backend/.venv/lib/python3.11/site-packages/botocore/endpoint.py", line 383, in _send
    return self.http_session.send(request)
           ^^^^^^^^^^^^^^^^^^^^^^^^^^^^^^^
  File "/Users/andyschwarz/Documents/Privat/OverCloud/backend/.venv/lib/python3.11/site-packages/botocore/httpsession.py", line 506, in send
    raise EndpointConnectionError(endpoint_url=request.url, error=e)
botocore.exceptions.EndpointConnectionError: Could not connect to the endpoint URL: "http://localhost:8001/"
=================================== FAILURES ===================================
_______________ TestOrganisationMembers.test_add_member_as_owner _______________
tests/integration/test_organisations_api.py:206: in test_add_member_as_owner
    assert response.status_code == 201
E   assert 400 == 201
E    +  where 400 = <Response [400 Bad Request]>.status_code
---------------------------- Captured stdout setup -----------------------------
2026-05-17 20:10:43 - app.repositories.user - INFO - Created user 89452aa5-c6bb-489e-8288-6e9acd7225fa with personal org 68e64d26-1a01-4927-b075-3c77b7b5fb31
2026-05-17 20:10:43 - app.api.auth - INFO - User registered: 89452aa5-c6bb-489e-8288-6e9acd7225fa
2026-05-17 20:10:43 - httpx - INFO - HTTP Request: POST http://testserver/api/v1/auth/register "HTTP/1.1 201 Created"
2026-05-17 20:10:43 - app.repositories.user - INFO - Created user bb3d17ef-dd6a-4b79-bf61-99ce593ff570 with personal org 717d3f8f-a16c-4ff3-aa0a-b02fe1eb4c85
2026-05-17 20:10:43 - app.api.auth - INFO - User registered: bb3d17ef-dd6a-4b79-bf61-99ce593ff570
2026-05-17 20:10:43 - httpx - INFO - HTTP Request: POST http://testserver/api/v1/auth/register "HTTP/1.1 201 Created"
------------------------------ Captured log setup ------------------------------
INFO     app.repositories.user:user.py:137 Created user 89452aa5-c6bb-489e-8288-6e9acd7225fa with personal org 68e64d26-1a01-4927-b075-3c77b7b5fb31
INFO     app.api.auth:auth.py:339 User registered: 89452aa5-c6bb-489e-8288-6e9acd7225fa
INFO     httpx:_client.py:1025 HTTP Request: POST http://testserver/api/v1/auth/register "HTTP/1.1 201 Created"
INFO     app.repositories.user:user.py:137 Created user bb3d17ef-dd6a-4b79-bf61-99ce593ff570 with personal org 717d3f8f-a16c-4ff3-aa0a-b02fe1eb4c85
INFO     app.api.auth:auth.py:339 User registered: bb3d17ef-dd6a-4b79-bf61-99ce593ff570
INFO     httpx:_client.py:1025 HTTP Request: POST http://testserver/api/v1/auth/register "HTTP/1.1 201 Created"
----------------------------- Captured stdout call -----------------------------
2026-05-17 20:10:43 - app.repositories.organisation - INFO - Created organisation 3b618fa0-e6d2-49d6-8863-2ce75198c02c
2026-05-17 20:10:43 - app.repositories.organisation - INFO - Added member bb3d17ef-dd6a-4b79-bf61-99ce593ff570 to org 3b618fa0-e6d2-49d6-8863-2ce75198c02c
2026-05-17 20:10:43 - app.api.organisations - INFO - Organisation created: 3b618fa0-e6d2-49d6-8863-2ce75198c02c
2026-05-17 20:10:43 - httpx - INFO - HTTP Request: POST http://testserver/api/v1/organisations "HTTP/1.1 201 Created"
2026-05-17 20:10:43 - app.api.organisations - INFO - Plan upgraded for org 3b618fa0-e6d2-49d6-8863-2ce75198c02c: pro
2026-05-17 20:10:43 - httpx - INFO - HTTP Request: POST http://testserver/api/v1/organisations/3b618fa0-e6d2-49d6-8863-2ce75198c02c/upgrade-plan "HTTP/1.1 200 OK"
2026-05-17 20:10:43 - httpx - INFO - HTTP Request: POST http://testserver/api/v1/organisations/3b618fa0-e6d2-49d6-8863-2ce75198c02c/members "HTTP/1.1 400 Bad Request"
------------------------------ Captured log call -------------------------------
INFO     app.repositories.organisation:organisation.py:120 Created organisation 3b618fa0-e6d2-49d6-8863-2ce75198c02c
INFO     app.repositories.organisation:organisation.py:431 Added member bb3d17ef-dd6a-4b79-bf61-99ce593ff570 to org 3b618fa0-e6d2-49d6-8863-2ce75198c02c
INFO     app.api.organisations:organisations.py:156 Organisation created: 3b618fa0-e6d2-49d6-8863-2ce75198c02c
INFO     httpx:_client.py:1025 HTTP Request: POST http://testserver/api/v1/organisations "HTTP/1.1 201 Created"
INFO     app.api.organisations:organisations.py:693 Plan upgraded for org 3b618fa0-e6d2-49d6-8863-2ce75198c02c: pro
INFO     httpx:_client.py:1025 HTTP Request: POST http://testserver/api/v1/organisations/3b618fa0-e6d2-49d6-8863-2ce75198c02c/upgrade-plan "HTTP/1.1 200 OK"
INFO     httpx:_client.py:1025 HTTP Request: POST http://testserver/api/v1/organisations/3b618fa0-e6d2-49d6-8863-2ce75198c02c/members "HTTP/1.1 400 Bad Request"
_____________ TestOrganisationMembers.test_remove_member_as_owner ______________
tests/integration/test_organisations_api.py:330: in test_remove_member_as_owner
    assert response.status_code == 204
E   assert 400 == 204
E    +  where 400 = <Response [400 Bad Request]>.status_code
---------------------------- Captured stdout setup -----------------------------
2026-05-17 20:10:46 - app.repositories.user - INFO - Created user 4acfcfa9-aa34-4b2e-86c6-946b7355319f with personal org b3db068e-b469-480b-82db-ef04b9c8d676
2026-05-17 20:10:46 - app.api.auth - INFO - User registered: 4acfcfa9-aa34-4b2e-86c6-946b7355319f
2026-05-17 20:10:46 - httpx - INFO - HTTP Request: POST http://testserver/api/v1/auth/register "HTTP/1.1 201 Created"
2026-05-17 20:10:46 - app.repositories.user - INFO - Created user b0c1a834-0f67-44de-8930-9889f17ea540 with personal org 122d4ff1-8c19-4677-9991-4867df06cadc
2026-05-17 20:10:46 - app.api.auth - INFO - User registered: b0c1a834-0f67-44de-8930-9889f17ea540
2026-05-17 20:10:46 - httpx - INFO - HTTP Request: POST http://testserver/api/v1/auth/register "HTTP/1.1 201 Created"
------------------------------ Captured log setup ------------------------------
INFO     app.repositories.user:user.py:137 Created user 4acfcfa9-aa34-4b2e-86c6-946b7355319f with personal org b3db068e-b469-480b-82db-ef04b9c8d676
INFO     app.api.auth:auth.py:339 User registered: 4acfcfa9-aa34-4b2e-86c6-946b7355319f
INFO     httpx:_client.py:1025 HTTP Request: POST http://testserver/api/v1/auth/register "HTTP/1.1 201 Created"
INFO     app.repositories.user:user.py:137 Created user b0c1a834-0f67-44de-8930-9889f17ea540 with personal org 122d4ff1-8c19-4677-9991-4867df06cadc
INFO     app.api.auth:auth.py:339 User registered: b0c1a834-0f67-44de-8930-9889f17ea540
INFO     httpx:_client.py:1025 HTTP Request: POST http://testserver/api/v1/auth/register "HTTP/1.1 201 Created"
----------------------------- Captured stdout call -----------------------------
2026-05-17 20:10:46 - app.repositories.organisation - INFO - Created organisation 70785e30-7158-42f9-b7af-0a424e17f3a1
2026-05-17 20:10:46 - app.repositories.organisation - INFO - Added member b0c1a834-0f67-44de-8930-9889f17ea540 to org 70785e30-7158-42f9-b7af-0a424e17f3a1
2026-05-17 20:10:46 - app.api.organisations - INFO - Organisation created: 70785e30-7158-42f9-b7af-0a424e17f3a1
2026-05-17 20:10:46 - httpx - INFO - HTTP Request: POST http://testserver/api/v1/organisations "HTTP/1.1 201 Created"
2026-05-17 20:10:46 - app.api.organisations - INFO - Plan upgraded for org 70785e30-7158-42f9-b7af-0a424e17f3a1: pro
2026-05-17 20:10:46 - httpx - INFO - HTTP Request: POST http://testserver/api/v1/organisations/70785e30-7158-42f9-b7af-0a424e17f3a1/upgrade-plan "HTTP/1.1 200 OK"
2026-05-17 20:10:46 - httpx - INFO - HTTP Request: POST http://testserver/api/v1/organisations/70785e30-7158-42f9-b7af-0a424e17f3a1/members "HTTP/1.1 400 Bad Request"
2026-05-17 20:10:46 - httpx - INFO - HTTP Request: DELETE http://testserver/api/v1/organisations/70785e30-7158-42f9-b7af-0a424e17f3a1/members/b0c1a834-0f67-44de-8930-9889f17ea540 "HTTP/1.1 400 Bad Request"
------------------------------ Captured log call -------------------------------
INFO     app.repositories.organisation:organisation.py:120 Created organisation 70785e30-7158-42f9-b7af-0a424e17f3a1
INFO     app.repositories.organisation:organisation.py:431 Added member b0c1a834-0f67-44de-8930-9889f17ea540 to org 70785e30-7158-42f9-b7af-0a424e17f3a1
INFO     app.api.organisations:organisations.py:156 Organisation created: 70785e30-7158-42f9-b7af-0a424e17f3a1
INFO     httpx:_client.py:1025 HTTP Request: POST http://testserver/api/v1/organisations "HTTP/1.1 201 Created"
INFO     app.api.organisations:organisations.py:693 Plan upgraded for org 70785e30-7158-42f9-b7af-0a424e17f3a1: pro
INFO     httpx:_client.py:1025 HTTP Request: POST http://testserver/api/v1/organisations/70785e30-7158-42f9-b7af-0a424e17f3a1/upgrade-plan "HTTP/1.1 200 OK"
INFO     httpx:_client.py:1025 HTTP Request: POST http://testserver/api/v1/organisations/70785e30-7158-42f9-b7af-0a424e17f3a1/members "HTTP/1.1 400 Bad Request"
INFO     httpx:_client.py:1025 HTTP Request: DELETE http://testserver/api/v1/organisations/70785e30-7158-42f9-b7af-0a424e17f3a1/members/b0c1a834-0f67-44de-8930-9889f17ea540 "HTTP/1.1 400 Bad Request"
_______________ TestOrganisationMembers.test_update_member_role ________________
tests/integration/test_organisations_api.py:373: in test_update_member_role
    assert response.status_code == 200
E   assert 400 == 200
E    +  where 400 = <Response [400 Bad Request]>.status_code
---------------------------- Captured stdout setup -----------------------------
2026-05-17 20:10:47 - app.repositories.user - INFO - Created user 457f667d-0eb6-4b82-a41d-f7916c251beb with personal org 30852d85-ba7f-40d5-a4d4-f7be91fd8924
2026-05-17 20:10:47 - app.api.auth - INFO - User registered: 457f667d-0eb6-4b82-a41d-f7916c251beb
2026-05-17 20:10:47 - httpx - INFO - HTTP Request: POST http://testserver/api/v1/auth/register "HTTP/1.1 201 Created"
2026-05-17 20:10:48 - app.repositories.user - INFO - Created user 44a149fd-b083-487f-a66c-9473ab9300f9 with personal org b3eef0c6-6be0-43b9-b0d4-c9fdfe7e4dcf
2026-05-17 20:10:48 - app.api.auth - INFO - User registered: 44a149fd-b083-487f-a66c-9473ab9300f9
2026-05-17 20:10:48 - httpx - INFO - HTTP Request: POST http://testserver/api/v1/auth/register "HTTP/1.1 201 Created"
------------------------------ Captured log setup ------------------------------
INFO     app.repositories.user:user.py:137 Created user 457f667d-0eb6-4b82-a41d-f7916c251beb with personal org 30852d85-ba7f-40d5-a4d4-f7be91fd8924
INFO     app.api.auth:auth.py:339 User registered: 457f667d-0eb6-4b82-a41d-f7916c251beb
INFO     httpx:_client.py:1025 HTTP Request: POST http://testserver/api/v1/auth/register "HTTP/1.1 201 Created"
INFO     app.repositories.user:user.py:137 Created user 44a149fd-b083-487f-a66c-9473ab9300f9 with personal org b3eef0c6-6be0-43b9-b0d4-c9fdfe7e4dcf
INFO     app.api.auth:auth.py:339 User registered: 44a149fd-b083-487f-a66c-9473ab9300f9
INFO     httpx:_client.py:1025 HTTP Request: POST http://testserver/api/v1/auth/register "HTTP/1.1 201 Created"
----------------------------- Captured stdout call -----------------------------
2026-05-17 20:10:48 - app.repositories.organisation - INFO - Created organisation 18a24161-32f9-459c-a94c-a5c2c51801c6
2026-05-17 20:10:48 - app.repositories.organisation - INFO - Added member 44a149fd-b083-487f-a66c-9473ab9300f9 to org 18a24161-32f9-459c-a94c-a5c2c51801c6
2026-05-17 20:10:48 - app.api.organisations - INFO - Organisation created: 18a24161-32f9-459c-a94c-a5c2c51801c6
2026-05-17 20:10:48 - httpx - INFO - HTTP Request: POST http://testserver/api/v1/organisations "HTTP/1.1 201 Created"
2026-05-17 20:10:48 - app.api.organisations - INFO - Plan upgraded for org 18a24161-32f9-459c-a94c-a5c2c51801c6: pro
2026-05-17 20:10:48 - httpx - INFO - HTTP Request: POST http://testserver/api/v1/organisations/18a24161-32f9-459c-a94c-a5c2c51801c6/upgrade-plan "HTTP/1.1 200 OK"
2026-05-17 20:10:48 - httpx - INFO - HTTP Request: POST http://testserver/api/v1/organisations/18a24161-32f9-459c-a94c-a5c2c51801c6/members "HTTP/1.1 400 Bad Request"
2026-05-17 20:10:48 - httpx - INFO - HTTP Request: PATCH http://testserver/api/v1/organisations/18a24161-32f9-459c-a94c-a5c2c51801c6/members/44a149fd-b083-487f-a66c-9473ab9300f9 "HTTP/1.1 400 Bad Request"
------------------------------ Captured log call -------------------------------
INFO     app.repositories.organisation:organisation.py:120 Created organisation 18a24161-32f9-459c-a94c-a5c2c51801c6
INFO     app.repositories.organisation:organisation.py:431 Added member 44a149fd-b083-487f-a66c-9473ab9300f9 to org 18a24161-32f9-459c-a94c-a5c2c51801c6
INFO     app.api.organisations:organisations.py:156 Organisation created: 18a24161-32f9-459c-a94c-a5c2c51801c6
INFO     httpx:_client.py:1025 HTTP Request: POST http://testserver/api/v1/organisations "HTTP/1.1 201 Created"
INFO     app.api.organisations:organisations.py:693 Plan upgraded for org 18a24161-32f9-459c-a94c-a5c2c51801c6: pro
INFO     httpx:_client.py:1025 HTTP Request: POST http://testserver/api/v1/organisations/18a24161-32f9-459c-a94c-a5c2c51801c6/upgrade-plan "HTTP/1.1 200 OK"
INFO     httpx:_client.py:1025 HTTP Request: POST http://testserver/api/v1/organisations/18a24161-32f9-459c-a94c-a5c2c51801c6/members "HTTP/1.1 400 Bad Request"
INFO     httpx:_client.py:1025 HTTP Request: PATCH http://testserver/api/v1/organisations/18a24161-32f9-459c-a94c-a5c2c51801c6/members/44a149fd-b083-487f-a66c-9473ab9300f9 "HTTP/1.1 400 Bad Request"
_ TestOrganisationAWSCredentials.test_update_aws_credentials_as_member_forbidden _
tests/integration/test_organisations_api.py:484: in test_update_aws_credentials_as_member_forbidden
    assert response.status_code == 403
E   assert 200 == 403
E    +  where 200 = <Response [200 OK]>.status_code
---------------------------- Captured stdout setup -----------------------------
2026-05-17 20:10:49 - app.repositories.user - INFO - Created user 958feafa-86f6-40c3-9c78-76124f7da280 with personal org 90aaea9f-ce20-46a6-a275-00622b4434bc
2026-05-17 20:10:49 - app.api.auth - INFO - User registered: 958feafa-86f6-40c3-9c78-76124f7da280
2026-05-17 20:10:49 - httpx - INFO - HTTP Request: POST http://testserver/api/v1/auth/register "HTTP/1.1 201 Created"
2026-05-17 20:10:50 - app.repositories.user - INFO - Created user 74f89004-cace-4602-a380-8300f88fa7ab with personal org f6c9701a-17b5-44e1-bf3d-2e1a35f5eb35
2026-05-17 20:10:50 - app.api.auth - INFO - User registered: 74f89004-cace-4602-a380-8300f88fa7ab
2026-05-17 20:10:50 - httpx - INFO - HTTP Request: POST http://testserver/api/v1/auth/register "HTTP/1.1 201 Created"
------------------------------ Captured log setup ------------------------------
INFO     app.repositories.user:user.py:137 Created user 958feafa-86f6-40c3-9c78-76124f7da280 with personal org 90aaea9f-ce20-46a6-a275-00622b4434bc
INFO     app.api.auth:auth.py:339 User registered: 958feafa-86f6-40c3-9c78-76124f7da280
INFO     httpx:_client.py:1025 HTTP Request: POST http://testserver/api/v1/auth/register "HTTP/1.1 201 Created"
INFO     app.repositories.user:user.py:137 Created user 74f89004-cace-4602-a380-8300f88fa7ab with personal org f6c9701a-17b5-44e1-bf3d-2e1a35f5eb35
INFO     app.api.auth:auth.py:339 User registered: 74f89004-cace-4602-a380-8300f88fa7ab
INFO     httpx:_client.py:1025 HTTP Request: POST http://testserver/api/v1/auth/register "HTTP/1.1 201 Created"
----------------------------- Captured stdout call -----------------------------
2026-05-17 20:10:50 - app.repositories.organisation - INFO - Created organisation 5815d685-c55d-4ff5-bf8d-4e3035f73f5c
2026-05-17 20:10:50 - app.repositories.organisation - INFO - Added member 74f89004-cace-4602-a380-8300f88fa7ab to org 5815d685-c55d-4ff5-bf8d-4e3035f73f5c
2026-05-17 20:10:50 - app.api.organisations - INFO - Organisation created: 5815d685-c55d-4ff5-bf8d-4e3035f73f5c
2026-05-17 20:10:50 - httpx - INFO - HTTP Request: POST http://testserver/api/v1/organisations "HTTP/1.1 201 Created"
2026-05-17 20:10:50 - app.api.organisations - INFO - Plan upgraded for org 5815d685-c55d-4ff5-bf8d-4e3035f73f5c: pro
2026-05-17 20:10:50 - httpx - INFO - HTTP Request: POST http://testserver/api/v1/organisations/5815d685-c55d-4ff5-bf8d-4e3035f73f5c/upgrade-plan "HTTP/1.1 200 OK"
2026-05-17 20:10:50 - httpx - INFO - HTTP Request: POST http://testserver/api/v1/organisations/5815d685-c55d-4ff5-bf8d-4e3035f73f5c/members "HTTP/1.1 400 Bad Request"
2026-05-17 20:10:50 - app.services.secrets_manager - INFO - Created AWS Role ARN secret for org 5815d685-c55d-4ff5-bf8d-4e3035f73f5c
2026-05-17 20:10:50 - app.repositories.organisation - INFO - Encrypted AWS credentials for org 5815d685-c55d-4ff5-bf8d-4e3035f73f5c
2026-05-17 20:10:50 - app.api.organisations - INFO - AWS credentials connected for org 5815d685-c55d-4ff5-bf8d-4e3035f73f5c: Account 999999999999
2026-05-17 20:10:50 - httpx - INFO - HTTP Request: POST http://testserver/api/v1/organisations/5815d685-c55d-4ff5-bf8d-4e3035f73f5c/aws-credentials "HTTP/1.1 200 OK"
------------------------------ Captured log call -------------------------------
INFO     app.repositories.organisation:organisation.py:120 Created organisation 5815d685-c55d-4ff5-bf8d-4e3035f73f5c
INFO     app.repositories.organisation:organisation.py:431 Added member 74f89004-cace-4602-a380-8300f88fa7ab to org 5815d685-c55d-4ff5-bf8d-4e3035f73f5c
INFO     app.api.organisations:organisations.py:156 Organisation created: 5815d685-c55d-4ff5-bf8d-4e3035f73f5c
INFO     httpx:_client.py:1025 HTTP Request: POST http://testserver/api/v1/organisations "HTTP/1.1 201 Created"
INFO     app.api.organisations:organisations.py:693 Plan upgraded for org 5815d685-c55d-4ff5-bf8d-4e3035f73f5c: pro
INFO     httpx:_client.py:1025 HTTP Request: POST http://testserver/api/v1/organisations/5815d685-c55d-4ff5-bf8d-4e3035f73f5c/upgrade-plan "HTTP/1.1 200 OK"
INFO     httpx:_client.py:1025 HTTP Request: POST http://testserver/api/v1/organisations/5815d685-c55d-4ff5-bf8d-4e3035f73f5c/members "HTTP/1.1 400 Bad Request"
INFO     app.services.secrets_manager:secrets_manager.py:64 Created AWS Role ARN secret for org 5815d685-c55d-4ff5-bf8d-4e3035f73f5c
INFO     app.repositories.organisation:organisation.py:320 Encrypted AWS credentials for org 5815d685-c55d-4ff5-bf8d-4e3035f73f5c
INFO     app.api.organisations:organisations.py:581 AWS credentials connected for org 5815d685-c55d-4ff5-bf8d-4e3035f73f5c: Account 999999999999
INFO     httpx:_client.py:1025 HTTP Request: POST http://testserver/api/v1/organisations/5815d685-c55d-4ff5-bf8d-4e3035f73f5c/aws-credentials "HTTP/1.1 200 OK"
_____ TestOrganisationDelete.test_delete_organisation_as_member_forbidden ______
tests/integration/test_organisations_api.py:561: in test_delete_organisation_as_member_forbidden
    assert response.status_code == 403
E   assert 204 == 403
E    +  where 204 = <Response [204 No Content]>.status_code
---------------------------- Captured stdout setup -----------------------------
2026-05-17 20:10:51 - app.repositories.user - INFO - Created user 3bacc6a9-8e61-4787-ac48-8e771864aeaa with personal org 7fa25de9-b6d0-4848-8ef4-5bee3420c767
2026-05-17 20:10:51 - app.api.auth - INFO - User registered: 3bacc6a9-8e61-4787-ac48-8e771864aeaa
2026-05-17 20:10:51 - httpx - INFO - HTTP Request: POST http://testserver/api/v1/auth/register "HTTP/1.1 201 Created"
2026-05-17 20:10:52 - app.repositories.user - INFO - Created user cf3bc9e6-0082-47c0-9235-b36d33d2ef76 with personal org 0de2621b-68a7-4ebc-a658-2a2dbcd3432c
2026-05-17 20:10:52 - app.api.auth - INFO - User registered: cf3bc9e6-0082-47c0-9235-b36d33d2ef76
2026-05-17 20:10:52 - httpx - INFO - HTTP Request: POST http://testserver/api/v1/auth/register "HTTP/1.1 201 Created"
------------------------------ Captured log setup ------------------------------
INFO     app.repositories.user:user.py:137 Created user 3bacc6a9-8e61-4787-ac48-8e771864aeaa with personal org 7fa25de9-b6d0-4848-8ef4-5bee3420c767
INFO     app.api.auth:auth.py:339 User registered: 3bacc6a9-8e61-4787-ac48-8e771864aeaa
INFO     httpx:_client.py:1025 HTTP Request: POST http://testserver/api/v1/auth/register "HTTP/1.1 201 Created"
INFO     app.repositories.user:user.py:137 Created user cf3bc9e6-0082-47c0-9235-b36d33d2ef76 with personal org 0de2621b-68a7-4ebc-a658-2a2dbcd3432c
INFO     app.api.auth:auth.py:339 User registered: cf3bc9e6-0082-47c0-9235-b36d33d2ef76
INFO     httpx:_client.py:1025 HTTP Request: POST http://testserver/api/v1/auth/register "HTTP/1.1 201 Created"
----------------------------- Captured stdout call -----------------------------
2026-05-17 20:10:52 - app.repositories.organisation - INFO - Created organisation 0eeed0e6-04eb-4c4f-a71e-13940df95d84
2026-05-17 20:10:52 - app.repositories.organisation - INFO - Added member cf3bc9e6-0082-47c0-9235-b36d33d2ef76 to org 0eeed0e6-04eb-4c4f-a71e-13940df95d84
2026-05-17 20:10:52 - app.api.organisations - INFO - Organisation created: 0eeed0e6-04eb-4c4f-a71e-13940df95d84
2026-05-17 20:10:52 - httpx - INFO - HTTP Request: POST http://testserver/api/v1/organisations "HTTP/1.1 201 Created"
2026-05-17 20:10:52 - app.api.organisations - INFO - Plan upgraded for org 0eeed0e6-04eb-4c4f-a71e-13940df95d84: pro
2026-05-17 20:10:52 - httpx - INFO - HTTP Request: POST http://testserver/api/v1/organisations/0eeed0e6-04eb-4c4f-a71e-13940df95d84/upgrade-plan "HTTP/1.1 200 OK"
2026-05-17 20:10:52 - httpx - INFO - HTTP Request: POST http://testserver/api/v1/organisations/0eeed0e6-04eb-4c4f-a71e-13940df95d84/members "HTTP/1.1 400 Bad Request"
2026-05-17 20:10:52 - app.repositories.organisation - INFO - Deleted organisation 0eeed0e6-04eb-4c4f-a71e-13940df95d84 with 1 members
2026-05-17 20:10:52 - app.api.organisations - INFO - Organisation deleted: 0eeed0e6-04eb-4c4f-a71e-13940df95d84
2026-05-17 20:10:52 - httpx - INFO - HTTP Request: DELETE http://testserver/api/v1/organisations/0eeed0e6-04eb-4c4f-a71e-13940df95d84 "HTTP/1.1 204 No Content"
------------------------------ Captured log call -------------------------------
INFO     app.repositories.organisation:organisation.py:120 Created organisation 0eeed0e6-04eb-4c4f-a71e-13940df95d84
INFO     app.repositories.organisation:organisation.py:431 Added member cf3bc9e6-0082-47c0-9235-b36d33d2ef76 to org 0eeed0e6-04eb-4c4f-a71e-13940df95d84
INFO     app.api.organisations:organisations.py:156 Organisation created: 0eeed0e6-04eb-4c4f-a71e-13940df95d84
INFO     httpx:_client.py:1025 HTTP Request: POST http://testserver/api/v1/organisations "HTTP/1.1 201 Created"
INFO     app.api.organisations:organisations.py:693 Plan upgraded for org 0eeed0e6-04eb-4c4f-a71e-13940df95d84: pro
INFO     httpx:_client.py:1025 HTTP Request: POST http://testserver/api/v1/organisations/0eeed0e6-04eb-4c4f-a71e-13940df95d84/upgrade-plan "HTTP/1.1 200 OK"
INFO     httpx:_client.py:1025 HTTP Request: POST http://testserver/api/v1/organisations/0eeed0e6-04eb-4c4f-a71e-13940df95d84/members "HTTP/1.1 400 Bad Request"
INFO     app.repositories.organisation:organisation.py:622 Deleted organisation 0eeed0e6-04eb-4c4f-a71e-13940df95d84 with 1 members
INFO     app.api.organisations:organisations.py:348 Organisation deleted: 0eeed0e6-04eb-4c4f-a71e-13940df95d84
INFO     httpx:_client.py:1025 HTTP Request: DELETE http://testserver/api/v1/organisations/0eeed0e6-04eb-4c4f-a71e-13940df95d84 "HTTP/1.1 204 No Content"
_____________________ test_register_returns_refresh_token ______________________
.venv/lib/python3.11/site-packages/urllib3/connection.py:204: in _new_conn
    sock = connection.create_connection(
.venv/lib/python3.11/site-packages/urllib3/util/connection.py:85: in create_connection
    raise err
.venv/lib/python3.11/site-packages/urllib3/util/connection.py:73: in create_connection
    sock.connect(sa)
E   ConnectionRefusedError: [Errno 61] Connection refused

The above exception was the direct cause of the following exception:
.venv/lib/python3.11/site-packages/botocore/httpsession.py:477: in send
    urllib_response = conn.urlopen(
.venv/lib/python3.11/site-packages/urllib3/connectionpool.py:841: in urlopen
    retries = retries.increment(
.venv/lib/python3.11/site-packages/urllib3/util/retry.py:465: in increment
    raise reraise(type(error), error, _stacktrace)
          ^^^^^^^^^^^^^^^^^^^^^^^^^^^^^^^^^^^^^^^^
.venv/lib/python3.11/site-packages/urllib3/util/util.py:39: in reraise
    raise value
.venv/lib/python3.11/site-packages/urllib3/connectionpool.py:787: in urlopen
    response = self._make_request(
.venv/lib/python3.11/site-packages/urllib3/connectionpool.py:493: in _make_request
    conn.request(
.venv/lib/python3.11/site-packages/botocore/awsrequest.py:96: in request
    rval = super().request(method, url, body, headers, *args, **kwargs)
           ^^^^^^^^^^^^^^^^^^^^^^^^^^^^^^^^^^^^^^^^^^^^^^^^^^^^^^^^^^^^
.venv/lib/python3.11/site-packages/urllib3/connection.py:500: in request
    self.endheaders()
/opt/homebrew/Cellar/python@3.11/3.11.15/Frameworks/Python.framework/Versions/3.11/lib/python3.11/http/client.py:1318: in endheaders
    self._send_output(message_body, encode_chunked=encode_chunked)
.venv/lib/python3.11/site-packages/botocore/awsrequest.py:123: in _send_output
    self.send(msg)
.venv/lib/python3.11/site-packages/botocore/awsrequest.py:223: in send
    return super().send(str)
           ^^^^^^^^^^^^^^^^^
/opt/homebrew/Cellar/python@3.11/3.11.15/Frameworks/Python.framework/Versions/3.11/lib/python3.11/http/client.py:1016: in send
    self.connect()
.venv/lib/python3.11/site-packages/urllib3/connection.py:331: in connect
    self.sock = self._new_conn()
                ^^^^^^^^^^^^^^^^
.venv/lib/python3.11/site-packages/urllib3/connection.py:219: in _new_conn
    raise NewConnectionError(
E   urllib3.exceptions.NewConnectionError: AWSHTTPConnection(host='localhost', port=8001): Failed to establish a new connection: [Errno 61] Connection refused

The above exception was the direct cause of the following exception:
tests/integration/test_refresh_token_flow.py:167: in test_register_returns_refresh_token
    response = client.post(
.venv/lib/python3.11/site-packages/starlette/testclient.py:546: in post
    return super().post(
.venv/lib/python3.11/site-packages/httpx/_client.py:1144: in post
    return self.request(
.venv/lib/python3.11/site-packages/starlette/testclient.py:445: in request
    return super().request(
.venv/lib/python3.11/site-packages/httpx/_client.py:825: in request
    return self.send(request, auth=auth, follow_redirects=follow_redirects)
           ^^^^^^^^^^^^^^^^^^^^^^^^^^^^^^^^^^^^^^^^^^^^^^^^^^^^^^^^^^^^^^^^
.venv/lib/python3.11/site-packages/httpx/_client.py:914: in send
    response = self._send_handling_auth(
.venv/lib/python3.11/site-packages/httpx/_client.py:942: in _send_handling_auth
    response = self._send_handling_redirects(
.venv/lib/python3.11/site-packages/httpx/_client.py:979: in _send_handling_redirects
    response = self._send_single_request(request)
               ^^^^^^^^^^^^^^^^^^^^^^^^^^^^^^^^^^
.venv/lib/python3.11/site-packages/httpx/_client.py:1014: in _send_single_request
    response = transport.handle_request(request)
               ^^^^^^^^^^^^^^^^^^^^^^^^^^^^^^^^^
.venv/lib/python3.11/site-packages/starlette/testclient.py:348: in handle_request
    raise exc
.venv/lib/python3.11/site-packages/starlette/testclient.py:345: in handle_request
    portal.call(self.app, scope, receive, send)
.venv/lib/python3.11/site-packages/anyio/from_thread.py:334: in call
    return cast(T_Retval, self.start_task_soon(func, *args).result())
                          ^^^^^^^^^^^^^^^^^^^^^^^^^^^^^^^^^^^^^^^^^^
/opt/homebrew/Cellar/python@3.11/3.11.15/Frameworks/Python.framework/Versions/3.11/lib/python3.11/concurrent/futures/_base.py:456: in result
    return self.__get_result()
           ^^^^^^^^^^^^^^^^^^^
/opt/homebrew/Cellar/python@3.11/3.11.15/Frameworks/Python.framework/Versions/3.11/lib/python3.11/concurrent/futures/_base.py:401: in __get_result
    raise self._exception
.venv/lib/python3.11/site-packages/anyio/from_thread.py:259: in _call_func
    retval = await retval_or_awaitable
             ^^^^^^^^^^^^^^^^^^^^^^^^^
.venv/lib/python3.11/site-packages/fastapi/applications.py:1160: in __call__
    await super().__call__(scope, receive, send)
.venv/lib/python3.11/site-packages/starlette/applications.py:90: in __call__
    await self.middleware_stack(scope, receive, send)
.venv/lib/python3.11/site-packages/starlette/middleware/errors.py:176: in __call__
    response = await self.handler(request, exc)
               ^^^^^^^^^^^^^^^^^^^^^^^^^^^^^^^^
app/main.py:129: in generic_exception_handler
    raise exc
.venv/lib/python3.11/site-packages/starlette/middleware/errors.py:164: in __call__
    await self.app(scope, receive, _send)
.venv/lib/python3.11/site-packages/starlette/middleware/base.py:191: in __call__
    with recv_stream, send_stream, collapse_excgroups():
/opt/homebrew/Cellar/python@3.11/3.11.15/Frameworks/Python.framework/Versions/3.11/lib/python3.11/contextlib.py:158: in __exit__
    self.gen.throw(typ, value, traceback)
.venv/lib/python3.11/site-packages/starlette/_utils.py:87: in collapse_excgroups
    raise exc
.venv/lib/python3.11/site-packages/starlette/middleware/base.py:193: in __call__
    response = await self.dispatch_func(request, call_next)
               ^^^^^^^^^^^^^^^^^^^^^^^^^^^^^^^^^^^^^^^^^^^^
app/main.py:61: in add_security_headers
    response = await call_next(request)
               ^^^^^^^^^^^^^^^^^^^^^^^^
.venv/lib/python3.11/site-packages/starlette/middleware/base.py:168: in call_next
    raise app_exc from app_exc.__cause__ or app_exc.__context__
.venv/lib/python3.11/site-packages/starlette/middleware/base.py:144: in coro
    await self.app(scope, receive_or_disconnect, send_no_error)
.venv/lib/python3.11/site-packages/starlette/middleware/cors.py:88: in __call__
    await self.app(scope, receive, send)
.venv/lib/python3.11/site-packages/starlette/middleware/exceptions.py:63: in __call__
    await wrap_app_handling_exceptions(self.app, conn)(scope, receive, send)
.venv/lib/python3.11/site-packages/starlette/_exception_handler.py:53: in wrapped_app
    raise exc
.venv/lib/python3.11/site-packages/starlette/_exception_handler.py:42: in wrapped_app
    await app(scope, receive, sender)
.venv/lib/python3.11/site-packages/fastapi/middleware/asyncexitstack.py:18: in __call__
    await self.app(scope, receive, send)
.venv/lib/python3.11/site-packages/starlette/routing.py:660: in __call__
    await self.middleware_stack(scope, receive, send)
.venv/lib/python3.11/site-packages/starlette/routing.py:680: in app
    await route.handle(scope, receive, send)
.venv/lib/python3.11/site-packages/starlette/routing.py:276: in handle
    await self.app(scope, receive, send)
.venv/lib/python3.11/site-packages/fastapi/routing.py:130: in app
    await wrap_app_handling_exceptions(app, request)(scope, receive, send)
.venv/lib/python3.11/site-packages/starlette/_exception_handler.py:53: in wrapped_app
    raise exc
.venv/lib/python3.11/site-packages/starlette/_exception_handler.py:42: in wrapped_app
    await app(scope, receive, sender)
.venv/lib/python3.11/site-packages/fastapi/routing.py:116: in app
    response = await f(request)
               ^^^^^^^^^^^^^^^^
.venv/lib/python3.11/site-packages/fastapi/routing.py:670: in app
    raw_response = await run_endpoint_function(
.venv/lib/python3.11/site-packages/fastapi/routing.py:324: in run_endpoint_function
    return await dependant.call(**values)
           ^^^^^^^^^^^^^^^^^^^^^^^^^^^^^^
.venv/lib/python3.11/site-packages/slowapi/extension.py:734: in async_wrapper
    response = await func(*args, **kwargs)  # type: ignore
               ^^^^^^^^^^^^^^^^^^^^^^^^^^^
app/api/auth.py:323: in register
    existing_user = user_repo.get_by_email(user_create.email)
                    ^^^^^^^^^^^^^^^^^^^^^^^^^^^^^^^^^^^^^^^^^
app/repositories/user.py:169: in get_by_email
    items, _ = self._query(
app/repositories/base.py:145: in _query
    response = self.table.query(**kwargs)
               ^^^^^^^^^^^^^^^^^^^^^^^^^^
.venv/lib/python3.11/site-packages/boto3/resources/factory.py:581: in do_action
    response = action(self, *args, **kwargs)
               ^^^^^^^^^^^^^^^^^^^^^^^^^^^^^
.venv/lib/python3.11/site-packages/boto3/resources/action.py:88: in __call__
    response = getattr(parent.meta.client, operation_name)(*args, **params)
               ^^^^^^^^^^^^^^^^^^^^^^^^^^^^^^^^^^^^^^^^^^^^^^^^^^^^^^^^^^^^
.venv/lib/python3.11/site-packages/botocore/client.py:602: in _api_call
    return self._make_api_call(operation_name, kwargs)
           ^^^^^^^^^^^^^^^^^^^^^^^^^^^^^^^^^^^^^^^^^^^
.venv/lib/python3.11/site-packages/botocore/context.py:123: in wrapper
    return func(*args, **kwargs)
           ^^^^^^^^^^^^^^^^^^^^^
.venv/lib/python3.11/site-packages/botocore/client.py:1060: in _make_api_call
    http, parsed_response = self._make_request(
.venv/lib/python3.11/site-packages/botocore/client.py:1084: in _make_request
    return self._endpoint.make_request(operation_model, request_dict)
           ^^^^^^^^^^^^^^^^^^^^^^^^^^^^^^^^^^^^^^^^^^^^^^^^^^^^^^^^^^
.venv/lib/python3.11/site-packages/botocore/endpoint.py:119: in make_request
    return self._send_request(request_dict, operation_model)
           ^^^^^^^^^^^^^^^^^^^^^^^^^^^^^^^^^^^^^^^^^^^^^^^^^
.venv/lib/python3.11/site-packages/botocore/endpoint.py:200: in _send_request
    while self._needs_retry(
.venv/lib/python3.11/site-packages/botocore/endpoint.py:360: in _needs_retry
    responses = self._event_emitter.emit(
.venv/lib/python3.11/site-packages/botocore/hooks.py:412: in emit
    return self._emitter.emit(aliased_event_name, **kwargs)
           ^^^^^^^^^^^^^^^^^^^^^^^^^^^^^^^^^^^^^^^^^^^^^^^^
.venv/lib/python3.11/site-packages/botocore/hooks.py:256: in emit
    return self._emit(event_name, kwargs)
           ^^^^^^^^^^^^^^^^^^^^^^^^^^^^^^
.venv/lib/python3.11/site-packages/botocore/hooks.py:239: in _emit
    response = handler(**kwargs)
               ^^^^^^^^^^^^^^^^^
.venv/lib/python3.11/site-packages/botocore/retryhandler.py:207: in __call__
    if self._checker(**checker_kwargs):
       ^^^^^^^^^^^^^^^^^^^^^^^^^^^^^^^
.venv/lib/python3.11/site-packages/botocore/retryhandler.py:284: in __call__
    should_retry = self._should_retry(
.venv/lib/python3.11/site-packages/botocore/retryhandler.py:320: in _should_retry
    return self._checker(attempt_number, response, caught_exception)
           ^^^^^^^^^^^^^^^^^^^^^^^^^^^^^^^^^^^^^^^^^^^^^^^^^^^^^^^^^
.venv/lib/python3.11/site-packages/botocore/retryhandler.py:363: in __call__
    checker_response = checker(
.venv/lib/python3.11/site-packages/botocore/retryhandler.py:247: in __call__
    return self._check_caught_exception(
.venv/lib/python3.11/site-packages/botocore/retryhandler.py:416: in _check_caught_exception
    raise caught_exception
.venv/lib/python3.11/site-packages/botocore/endpoint.py:279: in _do_get_response
    http_response = self._send(request)
                    ^^^^^^^^^^^^^^^^^^^
.venv/lib/python3.11/site-packages/botocore/endpoint.py:383: in _send
    return self.http_session.send(request)
           ^^^^^^^^^^^^^^^^^^^^^^^^^^^^^^^
.venv/lib/python3.11/site-packages/botocore/httpsession.py:506: in send
    raise EndpointConnectionError(endpoint_url=request.url, error=e)
E   botocore.exceptions.EndpointConnectionError: Could not connect to the endpoint URL: "http://localhost:8001/"
----------------------------- Captured stdout call -----------------------------
2026-05-17 20:13:03 - app.main - ERROR - Unhandled exception: Could not connect to the endpoint URL: "http://localhost:8001/"
Traceback (most recent call last):
  File "/Users/andyschwarz/Documents/Privat/OverCloud/backend/.venv/lib/python3.11/site-packages/urllib3/connection.py", line 204, in _new_conn
    sock = connection.create_connection(
           ^^^^^^^^^^^^^^^^^^^^^^^^^^^^^
  File "/Users/andyschwarz/Documents/Privat/OverCloud/backend/.venv/lib/python3.11/site-packages/urllib3/util/connection.py", line 85, in create_connection
    raise err
  File "/Users/andyschwarz/Documents/Privat/OverCloud/backend/.venv/lib/python3.11/site-packages/urllib3/util/connection.py", line 73, in create_connection
    sock.connect(sa)
ConnectionRefusedError: [Errno 61] Connection refused

The above exception was the direct cause of the following exception:

Traceback (most recent call last):
  File "/Users/andyschwarz/Documents/Privat/OverCloud/backend/.venv/lib/python3.11/site-packages/botocore/httpsession.py", line 477, in send
    urllib_response = conn.urlopen(
                      ^^^^^^^^^^^^^
  File "/Users/andyschwarz/Documents/Privat/OverCloud/backend/.venv/lib/python3.11/site-packages/urllib3/connectionpool.py", line 841, in urlopen
    retries = retries.increment(
              ^^^^^^^^^^^^^^^^^^
  File "/Users/andyschwarz/Documents/Privat/OverCloud/backend/.venv/lib/python3.11/site-packages/urllib3/util/retry.py", line 465, in increment
    raise reraise(type(error), error, _stacktrace)
          ^^^^^^^^^^^^^^^^^^^^^^^^^^^^^^^^^^^^^^^^
  File "/Users/andyschwarz/Documents/Privat/OverCloud/backend/.venv/lib/python3.11/site-packages/urllib3/util/util.py", line 39, in reraise
    raise value
  File "/Users/andyschwarz/Documents/Privat/OverCloud/backend/.venv/lib/python3.11/site-packages/urllib3/connectionpool.py", line 787, in urlopen
    response = self._make_request(
               ^^^^^^^^^^^^^^^^^^^
  File "/Users/andyschwarz/Documents/Privat/OverCloud/backend/.venv/lib/python3.11/site-packages/urllib3/connectionpool.py", line 493, in _make_request
    conn.request(
  File "/Users/andyschwarz/Documents/Privat/OverCloud/backend/.venv/lib/python3.11/site-packages/botocore/awsrequest.py", line 96, in request
    rval = super().request(method, url, body, headers, *args, **kwargs)
           ^^^^^^^^^^^^^^^^^^^^^^^^^^^^^^^^^^^^^^^^^^^^^^^^^^^^^^^^^^^^
  File "/Users/andyschwarz/Documents/Privat/OverCloud/backend/.venv/lib/python3.11/site-packages/urllib3/connection.py", line 500, in request
    self.endheaders()
  File "/opt/homebrew/Cellar/python@3.11/3.11.15/Frameworks/Python.framework/Versions/3.11/lib/python3.11/http/client.py", line 1318, in endheaders
    self._send_output(message_body, encode_chunked=encode_chunked)
  File "/Users/andyschwarz/Documents/Privat/OverCloud/backend/.venv/lib/python3.11/site-packages/botocore/awsrequest.py", line 123, in _send_output
    self.send(msg)
  File "/Users/andyschwarz/Documents/Privat/OverCloud/backend/.venv/lib/python3.11/site-packages/botocore/awsrequest.py", line 223, in send
    return super().send(str)
           ^^^^^^^^^^^^^^^^^
  File "/opt/homebrew/Cellar/python@3.11/3.11.15/Frameworks/Python.framework/Versions/3.11/lib/python3.11/http/client.py", line 1016, in send
    self.connect()
  File "/Users/andyschwarz/Documents/Privat/OverCloud/backend/.venv/lib/python3.11/site-packages/urllib3/connection.py", line 331, in connect
    self.sock = self._new_conn()
                ^^^^^^^^^^^^^^^^
  File "/Users/andyschwarz/Documents/Privat/OverCloud/backend/.venv/lib/python3.11/site-packages/urllib3/connection.py", line 219, in _new_conn
    raise NewConnectionError(
urllib3.exceptions.NewConnectionError: AWSHTTPConnection(host='localhost', port=8001): Failed to establish a new connection: [Errno 61] Connection refused

The above exception was the direct cause of the following exception:

Traceback (most recent call last):
  File "/Users/andyschwarz/Documents/Privat/OverCloud/backend/.venv/lib/python3.11/site-packages/starlette/middleware/errors.py", line 164, in __call__
    await self.app(scope, receive, _send)
  File "/Users/andyschwarz/Documents/Privat/OverCloud/backend/.venv/lib/python3.11/site-packages/starlette/middleware/base.py", line 191, in __call__
    with recv_stream, send_stream, collapse_excgroups():
  File "/opt/homebrew/Cellar/python@3.11/3.11.15/Frameworks/Python.framework/Versions/3.11/lib/python3.11/contextlib.py", line 158, in __exit__
    self.gen.throw(typ, value, traceback)
  File "/Users/andyschwarz/Documents/Privat/OverCloud/backend/.venv/lib/python3.11/site-packages/starlette/_utils.py", line 87, in collapse_excgroups
    raise exc
  File "/Users/andyschwarz/Documents/Privat/OverCloud/backend/.venv/lib/python3.11/site-packages/starlette/middleware/base.py", line 193, in __call__
    response = await self.dispatch_func(request, call_next)
               ^^^^^^^^^^^^^^^^^^^^^^^^^^^^^^^^^^^^^^^^^^^^
  File "/Users/andyschwarz/Documents/Privat/OverCloud/backend/app/main.py", line 61, in add_security_headers
    response = await call_next(request)
               ^^^^^^^^^^^^^^^^^^^^^^^^
  File "/Users/andyschwarz/Documents/Privat/OverCloud/backend/.venv/lib/python3.11/site-packages/starlette/middleware/base.py", line 168, in call_next
    raise app_exc from app_exc.__cause__ or app_exc.__context__
  File "/Users/andyschwarz/Documents/Privat/OverCloud/backend/.venv/lib/python3.11/site-packages/starlette/middleware/base.py", line 144, in coro
    await self.app(scope, receive_or_disconnect, send_no_error)
  File "/Users/andyschwarz/Documents/Privat/OverCloud/backend/.venv/lib/python3.11/site-packages/starlette/middleware/cors.py", line 88, in __call__
    await self.app(scope, receive, send)
  File "/Users/andyschwarz/Documents/Privat/OverCloud/backend/.venv/lib/python3.11/site-packages/starlette/middleware/exceptions.py", line 63, in __call__
    await wrap_app_handling_exceptions(self.app, conn)(scope, receive, send)
  File "/Users/andyschwarz/Documents/Privat/OverCloud/backend/.venv/lib/python3.11/site-packages/starlette/_exception_handler.py", line 53, in wrapped_app
    raise exc
  File "/Users/andyschwarz/Documents/Privat/OverCloud/backend/.venv/lib/python3.11/site-packages/starlette/_exception_handler.py", line 42, in wrapped_app
    await app(scope, receive, sender)
  File "/Users/andyschwarz/Documents/Privat/OverCloud/backend/.venv/lib/python3.11/site-packages/fastapi/middleware/asyncexitstack.py", line 18, in __call__
    await self.app(scope, receive, send)
  File "/Users/andyschwarz/Documents/Privat/OverCloud/backend/.venv/lib/python3.11/site-packages/starlette/routing.py", line 660, in __call__
    await self.middleware_stack(scope, receive, send)
  File "/Users/andyschwarz/Documents/Privat/OverCloud/backend/.venv/lib/python3.11/site-packages/starlette/routing.py", line 680, in app
    await route.handle(scope, receive, send)
  File "/Users/andyschwarz/Documents/Privat/OverCloud/backend/.venv/lib/python3.11/site-packages/starlette/routing.py", line 276, in handle
    await self.app(scope, receive, send)
  File "/Users/andyschwarz/Documents/Privat/OverCloud/backend/.venv/lib/python3.11/site-packages/fastapi/routing.py", line 130, in app
    await wrap_app_handling_exceptions(app, request)(scope, receive, send)
  File "/Users/andyschwarz/Documents/Privat/OverCloud/backend/.venv/lib/python3.11/site-packages/starlette/_exception_handler.py", line 53, in wrapped_app
    raise exc
  File "/Users/andyschwarz/Documents/Privat/OverCloud/backend/.venv/lib/python3.11/site-packages/starlette/_exception_handler.py", line 42, in wrapped_app
    await app(scope, receive, sender)
  File "/Users/andyschwarz/Documents/Privat/OverCloud/backend/.venv/lib/python3.11/site-packages/fastapi/routing.py", line 116, in app
    response = await f(request)
               ^^^^^^^^^^^^^^^^
  File "/Users/andyschwarz/Documents/Privat/OverCloud/backend/.venv/lib/python3.11/site-packages/fastapi/routing.py", line 670, in app
    raw_response = await run_endpoint_function(
                   ^^^^^^^^^^^^^^^^^^^^^^^^^^^^
  File "/Users/andyschwarz/Documents/Privat/OverCloud/backend/.venv/lib/python3.11/site-packages/fastapi/routing.py", line 324, in run_endpoint_function
    return await dependant.call(**values)
           ^^^^^^^^^^^^^^^^^^^^^^^^^^^^^^
  File "/Users/andyschwarz/Documents/Privat/OverCloud/backend/.venv/lib/python3.11/site-packages/slowapi/extension.py", line 734, in async_wrapper
    response = await func(*args, **kwargs)  # type: ignore
               ^^^^^^^^^^^^^^^^^^^^^^^^^^^
  File "/Users/andyschwarz/Documents/Privat/OverCloud/backend/app/api/auth.py", line 323, in register
    existing_user = user_repo.get_by_email(user_create.email)
                    ^^^^^^^^^^^^^^^^^^^^^^^^^^^^^^^^^^^^^^^^^
  File "/Users/andyschwarz/Documents/Privat/OverCloud/backend/app/repositories/user.py", line 169, in get_by_email
    items, _ = self._query(
               ^^^^^^^^^^^^
  File "/Users/andyschwarz/Documents/Privat/OverCloud/backend/app/repositories/base.py", line 145, in _query
    response = self.table.query(**kwargs)
               ^^^^^^^^^^^^^^^^^^^^^^^^^^
  File "/Users/andyschwarz/Documents/Privat/OverCloud/backend/.venv/lib/python3.11/site-packages/boto3/resources/factory.py", line 581, in do_action
    response = action(self, *args, **kwargs)
               ^^^^^^^^^^^^^^^^^^^^^^^^^^^^^
  File "/Users/andyschwarz/Documents/Privat/OverCloud/backend/.venv/lib/python3.11/site-packages/boto3/resources/action.py", line 88, in __call__
    response = getattr(parent.meta.client, operation_name)(*args, **params)
               ^^^^^^^^^^^^^^^^^^^^^^^^^^^^^^^^^^^^^^^^^^^^^^^^^^^^^^^^^^^^
  File "/Users/andyschwarz/Documents/Privat/OverCloud/backend/.venv/lib/python3.11/site-packages/botocore/client.py", line 602, in _api_call
    return self._make_api_call(operation_name, kwargs)
           ^^^^^^^^^^^^^^^^^^^^^^^^^^^^^^^^^^^^^^^^^^^
  File "/Users/andyschwarz/Documents/Privat/OverCloud/backend/.venv/lib/python3.11/site-packages/botocore/context.py", line 123, in wrapper
    return func(*args, **kwargs)
           ^^^^^^^^^^^^^^^^^^^^^
  File "/Users/andyschwarz/Documents/Privat/OverCloud/backend/.venv/lib/python3.11/site-packages/botocore/client.py", line 1060, in _make_api_call
    http, parsed_response = self._make_request(
                            ^^^^^^^^^^^^^^^^^^^
  File "/Users/andyschwarz/Documents/Privat/OverCloud/backend/.venv/lib/python3.11/site-packages/botocore/client.py", line 1084, in _make_request
    return self._endpoint.make_request(operation_model, request_dict)
           ^^^^^^^^^^^^^^^^^^^^^^^^^^^^^^^^^^^^^^^^^^^^^^^^^^^^^^^^^^
  File "/Users/andyschwarz/Documents/Privat/OverCloud/backend/.venv/lib/python3.11/site-packages/botocore/endpoint.py", line 119, in make_request
    return self._send_request(request_dict, operation_model)
           ^^^^^^^^^^^^^^^^^^^^^^^^^^^^^^^^^^^^^^^^^^^^^^^^^
  File "/Users/andyschwarz/Documents/Privat/OverCloud/backend/.venv/lib/python3.11/site-packages/botocore/endpoint.py", line 200, in _send_request
    while self._needs_retry(
          ^^^^^^^^^^^^^^^^^^
  File "/Users/andyschwarz/Documents/Privat/OverCloud/backend/.venv/lib/python3.11/site-packages/botocore/endpoint.py", line 360, in _needs_retry
    responses = self._event_emitter.emit(
                ^^^^^^^^^^^^^^^^^^^^^^^^^
  File "/Users/andyschwarz/Documents/Privat/OverCloud/backend/.venv/lib/python3.11/site-packages/botocore/hooks.py", line 412, in emit
    return self._emitter.emit(aliased_event_name, **kwargs)
           ^^^^^^^^^^^^^^^^^^^^^^^^^^^^^^^^^^^^^^^^^^^^^^^^
  File "/Users/andyschwarz/Documents/Privat/OverCloud/backend/.venv/lib/python3.11/site-packages/botocore/hooks.py", line 256, in emit
    return self._emit(event_name, kwargs)
           ^^^^^^^^^^^^^^^^^^^^^^^^^^^^^^
  File "/Users/andyschwarz/Documents/Privat/OverCloud/backend/.venv/lib/python3.11/site-packages/botocore/hooks.py", line 239, in _emit
    response = handler(**kwargs)
               ^^^^^^^^^^^^^^^^^
  File "/Users/andyschwarz/Documents/Privat/OverCloud/backend/.venv/lib/python3.11/site-packages/botocore/retryhandler.py", line 207, in __call__
    if self._checker(**checker_kwargs):
       ^^^^^^^^^^^^^^^^^^^^^^^^^^^^^^^
  File "/Users/andyschwarz/Documents/Privat/OverCloud/backend/.venv/lib/python3.11/site-packages/botocore/retryhandler.py", line 284, in __call__
    should_retry = self._should_retry(
                   ^^^^^^^^^^^^^^^^^^^
  File "/Users/andyschwarz/Documents/Privat/OverCloud/backend/.venv/lib/python3.11/site-packages/botocore/retryhandler.py", line 320, in _should_retry
    return self._checker(attempt_number, response, caught_exception)
           ^^^^^^^^^^^^^^^^^^^^^^^^^^^^^^^^^^^^^^^^^^^^^^^^^^^^^^^^^
  File "/Users/andyschwarz/Documents/Privat/OverCloud/backend/.venv/lib/python3.11/site-packages/botocore/retryhandler.py", line 363, in __call__
    checker_response = checker(
                       ^^^^^^^^
  File "/Users/andyschwarz/Documents/Privat/OverCloud/backend/.venv/lib/python3.11/site-packages/botocore/retryhandler.py", line 247, in __call__
    return self._check_caught_exception(
           ^^^^^^^^^^^^^^^^^^^^^^^^^^^^^
  File "/Users/andyschwarz/Documents/Privat/OverCloud/backend/.venv/lib/python3.11/site-packages/botocore/retryhandler.py", line 416, in _check_caught_exception
    raise caught_exception
  File "/Users/andyschwarz/Documents/Privat/OverCloud/backend/.venv/lib/python3.11/site-packages/botocore/endpoint.py", line 279, in _do_get_response
    http_response = self._send(request)
                    ^^^^^^^^^^^^^^^^^^^
  File "/Users/andyschwarz/Documents/Privat/OverCloud/backend/.venv/lib/python3.11/site-packages/botocore/endpoint.py", line 383, in _send
    return self.http_session.send(request)
           ^^^^^^^^^^^^^^^^^^^^^^^^^^^^^^^
  File "/Users/andyschwarz/Documents/Privat/OverCloud/backend/.venv/lib/python3.11/site-packages/botocore/httpsession.py", line 506, in send
    raise EndpointConnectionError(endpoint_url=request.url, error=e)
botocore.exceptions.EndpointConnectionError: Could not connect to the endpoint URL: "http://localhost:8001/"
------------------------------ Captured log call -------------------------------
ERROR    app.main:main.py:112 Unhandled exception: Could not connect to the endpoint URL: "http://localhost:8001/"
Traceback (most recent call last):
  File "/Users/andyschwarz/Documents/Privat/OverCloud/backend/.venv/lib/python3.11/site-packages/urllib3/connection.py", line 204, in _new_conn
    sock = connection.create_connection(
           ^^^^^^^^^^^^^^^^^^^^^^^^^^^^^
  File "/Users/andyschwarz/Documents/Privat/OverCloud/backend/.venv/lib/python3.11/site-packages/urllib3/util/connection.py", line 85, in create_connection
    raise err
  File "/Users/andyschwarz/Documents/Privat/OverCloud/backend/.venv/lib/python3.11/site-packages/urllib3/util/connection.py", line 73, in create_connection
    sock.connect(sa)
ConnectionRefusedError: [Errno 61] Connection refused

The above exception was the direct cause of the following exception:

Traceback (most recent call last):
  File "/Users/andyschwarz/Documents/Privat/OverCloud/backend/.venv/lib/python3.11/site-packages/botocore/httpsession.py", line 477, in send
    urllib_response = conn.urlopen(
                      ^^^^^^^^^^^^^
  File "/Users/andyschwarz/Documents/Privat/OverCloud/backend/.venv/lib/python3.11/site-packages/urllib3/connectionpool.py", line 841, in urlopen
    retries = retries.increment(
              ^^^^^^^^^^^^^^^^^^
  File "/Users/andyschwarz/Documents/Privat/OverCloud/backend/.venv/lib/python3.11/site-packages/urllib3/util/retry.py", line 465, in increment
    raise reraise(type(error), error, _stacktrace)
          ^^^^^^^^^^^^^^^^^^^^^^^^^^^^^^^^^^^^^^^^
  File "/Users/andyschwarz/Documents/Privat/OverCloud/backend/.venv/lib/python3.11/site-packages/urllib3/util/util.py", line 39, in reraise
    raise value
  File "/Users/andyschwarz/Documents/Privat/OverCloud/backend/.venv/lib/python3.11/site-packages/urllib3/connectionpool.py", line 787, in urlopen
    response = self._make_request(
               ^^^^^^^^^^^^^^^^^^^
  File "/Users/andyschwarz/Documents/Privat/OverCloud/backend/.venv/lib/python3.11/site-packages/urllib3/connectionpool.py", line 493, in _make_request
    conn.request(
  File "/Users/andyschwarz/Documents/Privat/OverCloud/backend/.venv/lib/python3.11/site-packages/botocore/awsrequest.py", line 96, in request
    rval = super().request(method, url, body, headers, *args, **kwargs)
           ^^^^^^^^^^^^^^^^^^^^^^^^^^^^^^^^^^^^^^^^^^^^^^^^^^^^^^^^^^^^
  File "/Users/andyschwarz/Documents/Privat/OverCloud/backend/.venv/lib/python3.11/site-packages/urllib3/connection.py", line 500, in request
    self.endheaders()
  File "/opt/homebrew/Cellar/python@3.11/3.11.15/Frameworks/Python.framework/Versions/3.11/lib/python3.11/http/client.py", line 1318, in endheaders
    self._send_output(message_body, encode_chunked=encode_chunked)
  File "/Users/andyschwarz/Documents/Privat/OverCloud/backend/.venv/lib/python3.11/site-packages/botocore/awsrequest.py", line 123, in _send_output
    self.send(msg)
  File "/Users/andyschwarz/Documents/Privat/OverCloud/backend/.venv/lib/python3.11/site-packages/botocore/awsrequest.py", line 223, in send
    return super().send(str)
           ^^^^^^^^^^^^^^^^^
  File "/opt/homebrew/Cellar/python@3.11/3.11.15/Frameworks/Python.framework/Versions/3.11/lib/python3.11/http/client.py", line 1016, in send
    self.connect()
  File "/Users/andyschwarz/Documents/Privat/OverCloud/backend/.venv/lib/python3.11/site-packages/urllib3/connection.py", line 331, in connect
    self.sock = self._new_conn()
                ^^^^^^^^^^^^^^^^
  File "/Users/andyschwarz/Documents/Privat/OverCloud/backend/.venv/lib/python3.11/site-packages/urllib3/connection.py", line 219, in _new_conn
    raise NewConnectionError(
urllib3.exceptions.NewConnectionError: AWSHTTPConnection(host='localhost', port=8001): Failed to establish a new connection: [Errno 61] Connection refused

The above exception was the direct cause of the following exception:

Traceback (most recent call last):
  File "/Users/andyschwarz/Documents/Privat/OverCloud/backend/.venv/lib/python3.11/site-packages/starlette/middleware/errors.py", line 164, in __call__
    await self.app(scope, receive, _send)
  File "/Users/andyschwarz/Documents/Privat/OverCloud/backend/.venv/lib/python3.11/site-packages/starlette/middleware/base.py", line 191, in __call__
    with recv_stream, send_stream, collapse_excgroups():
  File "/opt/homebrew/Cellar/python@3.11/3.11.15/Frameworks/Python.framework/Versions/3.11/lib/python3.11/contextlib.py", line 158, in __exit__
    self.gen.throw(typ, value, traceback)
  File "/Users/andyschwarz/Documents/Privat/OverCloud/backend/.venv/lib/python3.11/site-packages/starlette/_utils.py", line 87, in collapse_excgroups
    raise exc
  File "/Users/andyschwarz/Documents/Privat/OverCloud/backend/.venv/lib/python3.11/site-packages/starlette/middleware/base.py", line 193, in __call__
    response = await self.dispatch_func(request, call_next)
               ^^^^^^^^^^^^^^^^^^^^^^^^^^^^^^^^^^^^^^^^^^^^
  File "/Users/andyschwarz/Documents/Privat/OverCloud/backend/app/main.py", line 61, in add_security_headers
    response = await call_next(request)
               ^^^^^^^^^^^^^^^^^^^^^^^^
  File "/Users/andyschwarz/Documents/Privat/OverCloud/backend/.venv/lib/python3.11/site-packages/starlette/middleware/base.py", line 168, in call_next
    raise app_exc from app_exc.__cause__ or app_exc.__context__
  File "/Users/andyschwarz/Documents/Privat/OverCloud/backend/.venv/lib/python3.11/site-packages/starlette/middleware/base.py", line 144, in coro
    await self.app(scope, receive_or_disconnect, send_no_error)
  File "/Users/andyschwarz/Documents/Privat/OverCloud/backend/.venv/lib/python3.11/site-packages/starlette/middleware/cors.py", line 88, in __call__
    await self.app(scope, receive, send)
  File "/Users/andyschwarz/Documents/Privat/OverCloud/backend/.venv/lib/python3.11/site-packages/starlette/middleware/exceptions.py", line 63, in __call__
    await wrap_app_handling_exceptions(self.app, conn)(scope, receive, send)
  File "/Users/andyschwarz/Documents/Privat/OverCloud/backend/.venv/lib/python3.11/site-packages/starlette/_exception_handler.py", line 53, in wrapped_app
    raise exc
  File "/Users/andyschwarz/Documents/Privat/OverCloud/backend/.venv/lib/python3.11/site-packages/starlette/_exception_handler.py", line 42, in wrapped_app
    await app(scope, receive, sender)
  File "/Users/andyschwarz/Documents/Privat/OverCloud/backend/.venv/lib/python3.11/site-packages/fastapi/middleware/asyncexitstack.py", line 18, in __call__
    await self.app(scope, receive, send)
  File "/Users/andyschwarz/Documents/Privat/OverCloud/backend/.venv/lib/python3.11/site-packages/starlette/routing.py", line 660, in __call__
    await self.middleware_stack(scope, receive, send)
  File "/Users/andyschwarz/Documents/Privat/OverCloud/backend/.venv/lib/python3.11/site-packages/starlette/routing.py", line 680, in app
    await route.handle(scope, receive, send)
  File "/Users/andyschwarz/Documents/Privat/OverCloud/backend/.venv/lib/python3.11/site-packages/starlette/routing.py", line 276, in handle
    await self.app(scope, receive, send)
  File "/Users/andyschwarz/Documents/Privat/OverCloud/backend/.venv/lib/python3.11/site-packages/fastapi/routing.py", line 130, in app
    await wrap_app_handling_exceptions(app, request)(scope, receive, send)
  File "/Users/andyschwarz/Documents/Privat/OverCloud/backend/.venv/lib/python3.11/site-packages/starlette/_exception_handler.py", line 53, in wrapped_app
    raise exc
  File "/Users/andyschwarz/Documents/Privat/OverCloud/backend/.venv/lib/python3.11/site-packages/starlette/_exception_handler.py", line 42, in wrapped_app
    await app(scope, receive, sender)
  File "/Users/andyschwarz/Documents/Privat/OverCloud/backend/.venv/lib/python3.11/site-packages/fastapi/routing.py", line 116, in app
    response = await f(request)
               ^^^^^^^^^^^^^^^^
  File "/Users/andyschwarz/Documents/Privat/OverCloud/backend/.venv/lib/python3.11/site-packages/fastapi/routing.py", line 670, in app
    raw_response = await run_endpoint_function(
                   ^^^^^^^^^^^^^^^^^^^^^^^^^^^^
  File "/Users/andyschwarz/Documents/Privat/OverCloud/backend/.venv/lib/python3.11/site-packages/fastapi/routing.py", line 324, in run_endpoint_function
    return await dependant.call(**values)
           ^^^^^^^^^^^^^^^^^^^^^^^^^^^^^^
  File "/Users/andyschwarz/Documents/Privat/OverCloud/backend/.venv/lib/python3.11/site-packages/slowapi/extension.py", line 734, in async_wrapper
    response = await func(*args, **kwargs)  # type: ignore
               ^^^^^^^^^^^^^^^^^^^^^^^^^^^
  File "/Users/andyschwarz/Documents/Privat/OverCloud/backend/app/api/auth.py", line 323, in register
    existing_user = user_repo.get_by_email(user_create.email)
                    ^^^^^^^^^^^^^^^^^^^^^^^^^^^^^^^^^^^^^^^^^
  File "/Users/andyschwarz/Documents/Privat/OverCloud/backend/app/repositories/user.py", line 169, in get_by_email
    items, _ = self._query(
               ^^^^^^^^^^^^
  File "/Users/andyschwarz/Documents/Privat/OverCloud/backend/app/repositories/base.py", line 145, in _query
    response = self.table.query(**kwargs)
               ^^^^^^^^^^^^^^^^^^^^^^^^^^
  File "/Users/andyschwarz/Documents/Privat/OverCloud/backend/.venv/lib/python3.11/site-packages/boto3/resources/factory.py", line 581, in do_action
    response = action(self, *args, **kwargs)
               ^^^^^^^^^^^^^^^^^^^^^^^^^^^^^
  File "/Users/andyschwarz/Documents/Privat/OverCloud/backend/.venv/lib/python3.11/site-packages/boto3/resources/action.py", line 88, in __call__
    response = getattr(parent.meta.client, operation_name)(*args, **params)
               ^^^^^^^^^^^^^^^^^^^^^^^^^^^^^^^^^^^^^^^^^^^^^^^^^^^^^^^^^^^^
  File "/Users/andyschwarz/Documents/Privat/OverCloud/backend/.venv/lib/python3.11/site-packages/botocore/client.py", line 602, in _api_call
    return self._make_api_call(operation_name, kwargs)
           ^^^^^^^^^^^^^^^^^^^^^^^^^^^^^^^^^^^^^^^^^^^
  File "/Users/andyschwarz/Documents/Privat/OverCloud/backend/.venv/lib/python3.11/site-packages/botocore/context.py", line 123, in wrapper
    return func(*args, **kwargs)
           ^^^^^^^^^^^^^^^^^^^^^
  File "/Users/andyschwarz/Documents/Privat/OverCloud/backend/.venv/lib/python3.11/site-packages/botocore/client.py", line 1060, in _make_api_call
    http, parsed_response = self._make_request(
                            ^^^^^^^^^^^^^^^^^^^
  File "/Users/andyschwarz/Documents/Privat/OverCloud/backend/.venv/lib/python3.11/site-packages/botocore/client.py", line 1084, in _make_request
    return self._endpoint.make_request(operation_model, request_dict)
           ^^^^^^^^^^^^^^^^^^^^^^^^^^^^^^^^^^^^^^^^^^^^^^^^^^^^^^^^^^
  File "/Users/andyschwarz/Documents/Privat/OverCloud/backend/.venv/lib/python3.11/site-packages/botocore/endpoint.py", line 119, in make_request
    return self._send_request(request_dict, operation_model)
           ^^^^^^^^^^^^^^^^^^^^^^^^^^^^^^^^^^^^^^^^^^^^^^^^^
  File "/Users/andyschwarz/Documents/Privat/OverCloud/backend/.venv/lib/python3.11/site-packages/botocore/endpoint.py", line 200, in _send_request
    while self._needs_retry(
          ^^^^^^^^^^^^^^^^^^
  File "/Users/andyschwarz/Documents/Privat/OverCloud/backend/.venv/lib/python3.11/site-packages/botocore/endpoint.py", line 360, in _needs_retry
    responses = self._event_emitter.emit(
                ^^^^^^^^^^^^^^^^^^^^^^^^^
  File "/Users/andyschwarz/Documents/Privat/OverCloud/backend/.venv/lib/python3.11/site-packages/botocore/hooks.py", line 412, in emit
    return self._emitter.emit(aliased_event_name, **kwargs)
           ^^^^^^^^^^^^^^^^^^^^^^^^^^^^^^^^^^^^^^^^^^^^^^^^
  File "/Users/andyschwarz/Documents/Privat/OverCloud/backend/.venv/lib/python3.11/site-packages/botocore/hooks.py", line 256, in emit
    return self._emit(event_name, kwargs)
           ^^^^^^^^^^^^^^^^^^^^^^^^^^^^^^
  File "/Users/andyschwarz/Documents/Privat/OverCloud/backend/.venv/lib/python3.11/site-packages/botocore/hooks.py", line 239, in _emit
    response = handler(**kwargs)
               ^^^^^^^^^^^^^^^^^
  File "/Users/andyschwarz/Documents/Privat/OverCloud/backend/.venv/lib/python3.11/site-packages/botocore/retryhandler.py", line 207, in __call__
    if self._checker(**checker_kwargs):
       ^^^^^^^^^^^^^^^^^^^^^^^^^^^^^^^
  File "/Users/andyschwarz/Documents/Privat/OverCloud/backend/.venv/lib/python3.11/site-packages/botocore/retryhandler.py", line 284, in __call__
    should_retry = self._should_retry(
                   ^^^^^^^^^^^^^^^^^^^
  File "/Users/andyschwarz/Documents/Privat/OverCloud/backend/.venv/lib/python3.11/site-packages/botocore/retryhandler.py", line 320, in _should_retry
    return self._checker(attempt_number, response, caught_exception)
           ^^^^^^^^^^^^^^^^^^^^^^^^^^^^^^^^^^^^^^^^^^^^^^^^^^^^^^^^^
  File "/Users/andyschwarz/Documents/Privat/OverCloud/backend/.venv/lib/python3.11/site-packages/botocore/retryhandler.py", line 363, in __call__
    checker_response = checker(
                       ^^^^^^^^
  File "/Users/andyschwarz/Documents/Privat/OverCloud/backend/.venv/lib/python3.11/site-packages/botocore/retryhandler.py", line 247, in __call__
    return self._check_caught_exception(
           ^^^^^^^^^^^^^^^^^^^^^^^^^^^^^
  File "/Users/andyschwarz/Documents/Privat/OverCloud/backend/.venv/lib/python3.11/site-packages/botocore/retryhandler.py", line 416, in _check_caught_exception
    raise caught_exception
  File "/Users/andyschwarz/Documents/Privat/OverCloud/backend/.venv/lib/python3.11/site-packages/botocore/endpoint.py", line 279, in _do_get_response
    http_response = self._send(request)
                    ^^^^^^^^^^^^^^^^^^^
  File "/Users/andyschwarz/Documents/Privat/OverCloud/backend/.venv/lib/python3.11/site-packages/botocore/endpoint.py", line 383, in _send
    return self.http_session.send(request)
           ^^^^^^^^^^^^^^^^^^^^^^^^^^^^^^^
  File "/Users/andyschwarz/Documents/Privat/OverCloud/backend/.venv/lib/python3.11/site-packages/botocore/httpsession.py", line 506, in send
    raise EndpointConnectionError(endpoint_url=request.url, error=e)
botocore.exceptions.EndpointConnectionError: Could not connect to the endpoint URL: "http://localhost:8001/"
________________________ test_access_token_short_lived _________________________
tests/integration/test_refresh_token_flow.py:277: in test_access_token_short_lived
    assert delta.total_seconds() < 16 * 60  # Less than 16 minutes
    ^^^^^^^^^^^^^^^^^^^^^^^^^^^^^^^^^^^^^^
E   assert 8099.756854 < (16 * 60)
E    +  where 8099.756854 = <built-in method total_seconds of datetime.timedelta object at 0x12081e190>()
E    +    where <built-in method total_seconds of datetime.timedelta object at 0x12081e190> = datetime.timedelta(seconds=8099, microseconds=756854).total_seconds
__________________ TestUsersGet.test_get_user_unauthenticated __________________
tests/integration/test_users_api.py:67: in test_get_user_unauthenticated
    assert response.status_code == 401
E   assert 200 == 401
E    +  where 200 = <Response [200 OK]>.status_code
---------------------------- Captured stdout setup -----------------------------
2026-05-17 20:13:57 - app.repositories.user - INFO - Created user d3613a81-5299-43a8-bdb3-a0c685d30f71 with personal org 745b5121-b7ac-41fb-98d3-604788d796df
2026-05-17 20:13:57 - app.api.auth - INFO - User registered: d3613a81-5299-43a8-bdb3-a0c685d30f71
2026-05-17 20:13:57 - httpx - INFO - HTTP Request: POST http://testserver/api/v1/auth/register "HTTP/1.1 201 Created"
------------------------------ Captured log setup ------------------------------
INFO     app.repositories.user:user.py:137 Created user d3613a81-5299-43a8-bdb3-a0c685d30f71 with personal org 745b5121-b7ac-41fb-98d3-604788d796df
INFO     app.api.auth:auth.py:339 User registered: d3613a81-5299-43a8-bdb3-a0c685d30f71
INFO     httpx:_client.py:1025 HTTP Request: POST http://testserver/api/v1/auth/register "HTTP/1.1 201 Created"
----------------------------- Captured stdout call -----------------------------
2026-05-17 20:13:57 - httpx - INFO - HTTP Request: GET http://testserver/api/v1/users/d3613a81-5299-43a8-bdb3-a0c685d30f71 "HTTP/1.1 200 OK"
------------------------------ Captured log call -------------------------------
INFO     httpx:_client.py:1025 HTTP Request: GET http://testserver/api/v1/users/d3613a81-5299-43a8-bdb3-a0c685d30f71 "HTTP/1.1 200 OK"
____________________ TestUsersGet.test_get_nonexistent_user ____________________
tests/integration/test_users_api.py:79: in test_get_nonexistent_user
    assert response.status_code == 404
E   assert 403 == 404
E    +  where 403 = <Response [403 Forbidden]>.status_code
---------------------------- Captured stdout setup -----------------------------
2026-05-17 20:13:57 - app.repositories.user - INFO - Created user 2b8562fc-ac9d-4f3e-935b-c894ed65dd61 with personal org dd4666be-e8f5-4b8b-bd86-8bc7171f8cd0
2026-05-17 20:13:57 - app.api.auth - INFO - User registered: 2b8562fc-ac9d-4f3e-935b-c894ed65dd61
2026-05-17 20:13:57 - httpx - INFO - HTTP Request: POST http://testserver/api/v1/auth/register "HTTP/1.1 201 Created"
------------------------------ Captured log setup ------------------------------
INFO     app.repositories.user:user.py:137 Created user 2b8562fc-ac9d-4f3e-935b-c894ed65dd61 with personal org dd4666be-e8f5-4b8b-bd86-8bc7171f8cd0
INFO     app.api.auth:auth.py:339 User registered: 2b8562fc-ac9d-4f3e-935b-c894ed65dd61
INFO     httpx:_client.py:1025 HTTP Request: POST http://testserver/api/v1/auth/register "HTTP/1.1 201 Created"
----------------------------- Captured stdout call -----------------------------
2026-05-17 20:13:57 - httpx - INFO - HTTP Request: GET http://testserver/api/v1/users/00000000-0000-0000-0000-000000000000 "HTTP/1.1 403 Forbidden"
------------------------------ Captured log call -------------------------------
INFO     httpx:_client.py:1025 HTTP Request: GET http://testserver/api/v1/users/00000000-0000-0000-0000-000000000000 "HTTP/1.1 403 Forbidden"
_______________ TestUsersUpdate.test_update_other_user_forbidden _______________
tests/integration/test_users_api.py:132: in test_update_other_user_forbidden
    assert response.status_code == 403
E   assert 200 == 403
E    +  where 200 = <Response [200 OK]>.status_code
----------------------------- Captured stdout call -----------------------------
2026-05-17 20:13:59 - app.repositories.user - INFO - Created user 21ab5a4b-c64d-447b-8fe9-381334ae424d with personal org d06eb796-d18e-489d-9322-c042a1591bfd
2026-05-17 20:13:59 - app.api.auth - INFO - User registered: 21ab5a4b-c64d-447b-8fe9-381334ae424d
2026-05-17 20:13:59 - httpx - INFO - HTTP Request: POST http://testserver/api/v1/auth/register "HTTP/1.1 201 Created"
2026-05-17 20:13:59 - app.repositories.user - INFO - Created user 6dd2073a-60ee-48e7-8f43-2f3be25fed9a with personal org 0a2c9732-8ed4-4219-baa4-c9797380b43e
2026-05-17 20:13:59 - app.api.auth - INFO - User registered: 6dd2073a-60ee-48e7-8f43-2f3be25fed9a
2026-05-17 20:13:59 - httpx - INFO - HTTP Request: POST http://testserver/api/v1/auth/register "HTTP/1.1 201 Created"
2026-05-17 20:13:59 - app.api.users - INFO - User updated: 6dd2073a-60ee-48e7-8f43-2f3be25fed9a
2026-05-17 20:13:59 - httpx - INFO - HTTP Request: PATCH http://testserver/api/v1/users/6dd2073a-60ee-48e7-8f43-2f3be25fed9a "HTTP/1.1 200 OK"
------------------------------ Captured log call -------------------------------
INFO     app.repositories.user:user.py:137 Created user 21ab5a4b-c64d-447b-8fe9-381334ae424d with personal org d06eb796-d18e-489d-9322-c042a1591bfd
INFO     app.api.auth:auth.py:339 User registered: 21ab5a4b-c64d-447b-8fe9-381334ae424d
INFO     httpx:_client.py:1025 HTTP Request: POST http://testserver/api/v1/auth/register "HTTP/1.1 201 Created"
INFO     app.repositories.user:user.py:137 Created user 6dd2073a-60ee-48e7-8f43-2f3be25fed9a with personal org 0a2c9732-8ed4-4219-baa4-c9797380b43e
INFO     app.api.auth:auth.py:339 User registered: 6dd2073a-60ee-48e7-8f43-2f3be25fed9a
INFO     httpx:_client.py:1025 HTTP Request: POST http://testserver/api/v1/auth/register "HTTP/1.1 201 Created"
INFO     app.api.users:users.py:142 User updated: 6dd2073a-60ee-48e7-8f43-2f3be25fed9a
INFO     httpx:_client.py:1025 HTTP Request: PATCH http://testserver/api/v1/users/6dd2073a-60ee-48e7-8f43-2f3be25fed9a "HTTP/1.1 200 OK"
_______________ TestUsersDelete.test_delete_other_user_forbidden _______________
tests/integration/test_users_api.py:298: in test_delete_other_user_forbidden
    assert response.status_code == 403
E   assert 204 == 403
E    +  where 204 = <Response [204 No Content]>.status_code
----------------------------- Captured stdout call -----------------------------
2026-05-17 20:14:01 - app.repositories.user - INFO - Created user 3346fb65-3705-4e95-af65-4ce6dd5979a1 with personal org 6c7d8de1-fe5b-43eb-b808-f0ad444a5d9f
2026-05-17 20:14:01 - app.api.auth - INFO - User registered: 3346fb65-3705-4e95-af65-4ce6dd5979a1
2026-05-17 20:14:01 - httpx - INFO - HTTP Request: POST http://testserver/api/v1/auth/register "HTTP/1.1 201 Created"
2026-05-17 20:14:01 - app.repositories.user - INFO - Created user 4ad398bb-f278-49f1-ba54-193054c99a33 with personal org 72eb3b9f-2903-4bbc-954f-60ae622378da
2026-05-17 20:14:01 - app.api.auth - INFO - User registered: 4ad398bb-f278-49f1-ba54-193054c99a33
2026-05-17 20:14:01 - httpx - INFO - HTTP Request: POST http://testserver/api/v1/auth/register "HTTP/1.1 201 Created"
2026-05-17 20:14:01 - app.api.users - INFO - User deleted: 4ad398bb-f278-49f1-ba54-193054c99a33
2026-05-17 20:14:01 - httpx - INFO - HTTP Request: DELETE http://testserver/api/v1/users/4ad398bb-f278-49f1-ba54-193054c99a33 "HTTP/1.1 204 No Content"
------------------------------ Captured log call -------------------------------
INFO     app.repositories.user:user.py:137 Created user 3346fb65-3705-4e95-af65-4ce6dd5979a1 with personal org 6c7d8de1-fe5b-43eb-b808-f0ad444a5d9f
INFO     app.api.auth:auth.py:339 User registered: 3346fb65-3705-4e95-af65-4ce6dd5979a1
INFO     httpx:_client.py:1025 HTTP Request: POST http://testserver/api/v1/auth/register "HTTP/1.1 201 Created"
INFO     app.repositories.user:user.py:137 Created user 4ad398bb-f278-49f1-ba54-193054c99a33 with personal org 72eb3b9f-2903-4bbc-954f-60ae622378da
INFO     app.api.auth:auth.py:339 User registered: 4ad398bb-f278-49f1-ba54-193054c99a33
INFO     httpx:_client.py:1025 HTTP Request: POST http://testserver/api/v1/auth/register "HTTP/1.1 201 Created"
INFO     app.api.users:users.py:180 User deleted: 4ad398bb-f278-49f1-ba54-193054c99a33
INFO     httpx:_client.py:1025 HTTP Request: DELETE http://testserver/api/v1/users/4ad398bb-f278-49f1-ba54-193054c99a33 "HTTP/1.1 204 No Content"
______ TestUsersOrganisations.test_get_other_user_organisations_forbidden ______
tests/integration/test_users_api.py:353: in test_get_other_user_organisations_forbidden
    assert response.status_code == 403
E   assert 200 == 403
E    +  where 200 = <Response [200 OK]>.status_code
----------------------------- Captured stdout call -----------------------------
2026-05-17 20:14:02 - app.repositories.user - INFO - Created user be03a527-0db0-4ec5-aa75-dc72f26588bd with personal org 320d723b-9c19-4a8e-b385-589041ddc08f
2026-05-17 20:14:02 - app.api.auth - INFO - User registered: be03a527-0db0-4ec5-aa75-dc72f26588bd
2026-05-17 20:14:02 - httpx - INFO - HTTP Request: POST http://testserver/api/v1/auth/register "HTTP/1.1 201 Created"
2026-05-17 20:14:03 - app.repositories.user - INFO - Created user 8a21c685-403f-40ac-b15e-7570e54e6ac6 with personal org 9a665573-9ae0-48b5-95d1-b8db185044ca
2026-05-17 20:14:03 - app.api.auth - INFO - User registered: 8a21c685-403f-40ac-b15e-7570e54e6ac6
2026-05-17 20:14:03 - httpx - INFO - HTTP Request: POST http://testserver/api/v1/auth/register "HTTP/1.1 201 Created"
2026-05-17 20:14:03 - httpx - INFO - HTTP Request: GET http://testserver/api/v1/users/8a21c685-403f-40ac-b15e-7570e54e6ac6/organisations "HTTP/1.1 200 OK"
------------------------------ Captured log call -------------------------------
INFO     app.repositories.user:user.py:137 Created user be03a527-0db0-4ec5-aa75-dc72f26588bd with personal org 320d723b-9c19-4a8e-b385-589041ddc08f
INFO     app.api.auth:auth.py:339 User registered: be03a527-0db0-4ec5-aa75-dc72f26588bd
INFO     httpx:_client.py:1025 HTTP Request: POST http://testserver/api/v1/auth/register "HTTP/1.1 201 Created"
INFO     app.repositories.user:user.py:137 Created user 8a21c685-403f-40ac-b15e-7570e54e6ac6 with personal org 9a665573-9ae0-48b5-95d1-b8db185044ca
INFO     app.api.auth:auth.py:339 User registered: 8a21c685-403f-40ac-b15e-7570e54e6ac6
INFO     httpx:_client.py:1025 HTTP Request: POST http://testserver/api/v1/auth/register "HTTP/1.1 201 Created"
INFO     httpx:_client.py:1025 HTTP Request: GET http://testserver/api/v1/users/8a21c685-403f-40ac-b15e-7570e54e6ac6/organisations "HTTP/1.1 200 OK"
_________________ TestSubscriptionRepository.test_update_tier __________________
tests/test_billing.py:175: in test_update_tier
    updated = repo.update_tier(org_id, BillingTier.PRO)
              ^^^^^^^^^^^^^^^^^^^^^^^^^^^^^^^^^^^^^^^^^
app/repositories/subscription.py:145: in update_tier
    return self._update_item(
app/repositories/base.py:227: in _update_item
    response = self.table.update_item(**kwargs)
               ^^^^^^^^^^^^^^^^^^^^^^^^^^^^^^^^
.venv/lib/python3.11/site-packages/boto3/resources/factory.py:581: in do_action
    response = action(self, *args, **kwargs)
               ^^^^^^^^^^^^^^^^^^^^^^^^^^^^^
.venv/lib/python3.11/site-packages/boto3/resources/action.py:88: in __call__
    response = getattr(parent.meta.client, operation_name)(*args, **params)
               ^^^^^^^^^^^^^^^^^^^^^^^^^^^^^^^^^^^^^^^^^^^^^^^^^^^^^^^^^^^^
.venv/lib/python3.11/site-packages/botocore/client.py:602: in _api_call
    return self._make_api_call(operation_name, kwargs)
           ^^^^^^^^^^^^^^^^^^^^^^^^^^^^^^^^^^^^^^^^^^^
.venv/lib/python3.11/site-packages/botocore/context.py:123: in wrapper
    return func(*args, **kwargs)
           ^^^^^^^^^^^^^^^^^^^^^
.venv/lib/python3.11/site-packages/botocore/client.py:1019: in _make_api_call
    api_params = self._emit_api_params(
.venv/lib/python3.11/site-packages/botocore/client.py:1138: in _emit_api_params
    self.meta.events.emit(
.venv/lib/python3.11/site-packages/botocore/hooks.py:412: in emit
    return self._emitter.emit(aliased_event_name, **kwargs)
           ^^^^^^^^^^^^^^^^^^^^^^^^^^^^^^^^^^^^^^^^^^^^^^^^
.venv/lib/python3.11/site-packages/botocore/hooks.py:256: in emit
    return self._emit(event_name, kwargs)
           ^^^^^^^^^^^^^^^^^^^^^^^^^^^^^^
.venv/lib/python3.11/site-packages/botocore/hooks.py:239: in _emit
    response = handler(**kwargs)
               ^^^^^^^^^^^^^^^^^
.venv/lib/python3.11/site-packages/boto3/dynamodb/transform.py:217: in inject_attribute_value_input
    self._transformer.transform(
.venv/lib/python3.11/site-packages/boto3/dynamodb/transform.py:289: in transform
    self._transform_parameters(model, params, transformation, target_shape)
.venv/lib/python3.11/site-packages/boto3/dynamodb/transform.py:296: in _transform_parameters
    getattr(self, f'_transform_{type_name}')(
.venv/lib/python3.11/site-packages/boto3/dynamodb/transform.py:312: in _transform_structure
    self._transform_parameters(
.venv/lib/python3.11/site-packages/boto3/dynamodb/transform.py:296: in _transform_parameters
    getattr(self, f'_transform_{type_name}')(
.venv/lib/python3.11/site-packages/boto3/dynamodb/transform.py:326: in _transform_map
    params[key] = transformation(value)
                  ^^^^^^^^^^^^^^^^^^^^^
.venv/lib/python3.11/site-packages/boto3/dynamodb/types.py:114: in serialize
    dynamodb_type = self._get_dynamodb_type(value)
                    ^^^^^^^^^^^^^^^^^^^^^^^^^^^^^^
.venv/lib/python3.11/site-packages/boto3/dynamodb/types.py:127: in _get_dynamodb_type
    elif self._is_number(value):
         ^^^^^^^^^^^^^^^^^^^^^^
.venv/lib/python3.11/site-packages/boto3/dynamodb/types.py:171: in _is_number
    raise TypeError(
E   TypeError: Float types are not supported. Use Decimal types instead.
________________ TestInvoiceGenerator.test_preview_next_invoice ________________
tests/test_billing.py:315: in test_preview_next_invoice
    preview = generator.preview_next_invoice(org_id)
              ^^^^^^^^^^^^^^^^^^^^^^^^^^^^^^^^^^^^^^
app/services/invoice_generator.py:319: in preview_next_invoice
    tax = subtotal * self.VAT_RATE
          ^^^^^^^^^^^^^^^^^^^^^^^^
E   TypeError: unsupported operand type(s) for *: 'decimal.Decimal' and 'float'
__________________ TestCSRFProtection.test_login_sets_cookie ___________________
.venv/lib/python3.11/site-packages/urllib3/connection.py:204: in _new_conn
    sock = connection.create_connection(
.venv/lib/python3.11/site-packages/urllib3/util/connection.py:85: in create_connection
    raise err
.venv/lib/python3.11/site-packages/urllib3/util/connection.py:73: in create_connection
    sock.connect(sa)
E   ConnectionRefusedError: [Errno 61] Connection refused

The above exception was the direct cause of the following exception:
.venv/lib/python3.11/site-packages/botocore/httpsession.py:477: in send
    urllib_response = conn.urlopen(
.venv/lib/python3.11/site-packages/urllib3/connectionpool.py:841: in urlopen
    retries = retries.increment(
.venv/lib/python3.11/site-packages/urllib3/util/retry.py:465: in increment
    raise reraise(type(error), error, _stacktrace)
          ^^^^^^^^^^^^^^^^^^^^^^^^^^^^^^^^^^^^^^^^
.venv/lib/python3.11/site-packages/urllib3/util/util.py:39: in reraise
    raise value
.venv/lib/python3.11/site-packages/urllib3/connectionpool.py:787: in urlopen
    response = self._make_request(
.venv/lib/python3.11/site-packages/urllib3/connectionpool.py:493: in _make_request
    conn.request(
.venv/lib/python3.11/site-packages/botocore/awsrequest.py:96: in request
    rval = super().request(method, url, body, headers, *args, **kwargs)
           ^^^^^^^^^^^^^^^^^^^^^^^^^^^^^^^^^^^^^^^^^^^^^^^^^^^^^^^^^^^^
.venv/lib/python3.11/site-packages/urllib3/connection.py:500: in request
    self.endheaders()
/opt/homebrew/Cellar/python@3.11/3.11.15/Frameworks/Python.framework/Versions/3.11/lib/python3.11/http/client.py:1318: in endheaders
    self._send_output(message_body, encode_chunked=encode_chunked)
.venv/lib/python3.11/site-packages/botocore/awsrequest.py:123: in _send_output
    self.send(msg)
.venv/lib/python3.11/site-packages/botocore/awsrequest.py:223: in send
    return super().send(str)
           ^^^^^^^^^^^^^^^^^
/opt/homebrew/Cellar/python@3.11/3.11.15/Frameworks/Python.framework/Versions/3.11/lib/python3.11/http/client.py:1016: in send
    self.connect()
.venv/lib/python3.11/site-packages/urllib3/connection.py:331: in connect
    self.sock = self._new_conn()
                ^^^^^^^^^^^^^^^^
.venv/lib/python3.11/site-packages/urllib3/connection.py:219: in _new_conn
    raise NewConnectionError(
E   urllib3.exceptions.NewConnectionError: AWSHTTPConnection(host='localhost', port=8001): Failed to establish a new connection: [Errno 61] Connection refused

The above exception was the direct cause of the following exception:
tests/test_csrf_protection.py:44: in test_login_sets_cookie
    response = client.post(
.venv/lib/python3.11/site-packages/starlette/testclient.py:546: in post
    return super().post(
.venv/lib/python3.11/site-packages/httpx/_client.py:1144: in post
    return self.request(
.venv/lib/python3.11/site-packages/starlette/testclient.py:445: in request
    return super().request(
.venv/lib/python3.11/site-packages/httpx/_client.py:825: in request
    return self.send(request, auth=auth, follow_redirects=follow_redirects)
           ^^^^^^^^^^^^^^^^^^^^^^^^^^^^^^^^^^^^^^^^^^^^^^^^^^^^^^^^^^^^^^^^
.venv/lib/python3.11/site-packages/httpx/_client.py:914: in send
    response = self._send_handling_auth(
.venv/lib/python3.11/site-packages/httpx/_client.py:942: in _send_handling_auth
    response = self._send_handling_redirects(
.venv/lib/python3.11/site-packages/httpx/_client.py:979: in _send_handling_redirects
    response = self._send_single_request(request)
               ^^^^^^^^^^^^^^^^^^^^^^^^^^^^^^^^^^
.venv/lib/python3.11/site-packages/httpx/_client.py:1014: in _send_single_request
    response = transport.handle_request(request)
               ^^^^^^^^^^^^^^^^^^^^^^^^^^^^^^^^^
.venv/lib/python3.11/site-packages/starlette/testclient.py:348: in handle_request
    raise exc
.venv/lib/python3.11/site-packages/starlette/testclient.py:345: in handle_request
    portal.call(self.app, scope, receive, send)
.venv/lib/python3.11/site-packages/anyio/from_thread.py:334: in call
    return cast(T_Retval, self.start_task_soon(func, *args).result())
                          ^^^^^^^^^^^^^^^^^^^^^^^^^^^^^^^^^^^^^^^^^^
/opt/homebrew/Cellar/python@3.11/3.11.15/Frameworks/Python.framework/Versions/3.11/lib/python3.11/concurrent/futures/_base.py:456: in result
    return self.__get_result()
           ^^^^^^^^^^^^^^^^^^^
/opt/homebrew/Cellar/python@3.11/3.11.15/Frameworks/Python.framework/Versions/3.11/lib/python3.11/concurrent/futures/_base.py:401: in __get_result
    raise self._exception
.venv/lib/python3.11/site-packages/anyio/from_thread.py:259: in _call_func
    retval = await retval_or_awaitable
             ^^^^^^^^^^^^^^^^^^^^^^^^^
.venv/lib/python3.11/site-packages/fastapi/applications.py:1160: in __call__
    await super().__call__(scope, receive, send)
.venv/lib/python3.11/site-packages/starlette/applications.py:90: in __call__
    await self.middleware_stack(scope, receive, send)
.venv/lib/python3.11/site-packages/starlette/middleware/errors.py:176: in __call__
    response = await self.handler(request, exc)
               ^^^^^^^^^^^^^^^^^^^^^^^^^^^^^^^^
app/main.py:129: in generic_exception_handler
    raise exc
.venv/lib/python3.11/site-packages/starlette/middleware/errors.py:164: in __call__
    await self.app(scope, receive, _send)
.venv/lib/python3.11/site-packages/starlette/middleware/base.py:191: in __call__
    with recv_stream, send_stream, collapse_excgroups():
/opt/homebrew/Cellar/python@3.11/3.11.15/Frameworks/Python.framework/Versions/3.11/lib/python3.11/contextlib.py:158: in __exit__
    self.gen.throw(typ, value, traceback)
.venv/lib/python3.11/site-packages/starlette/_utils.py:87: in collapse_excgroups
    raise exc
.venv/lib/python3.11/site-packages/starlette/middleware/base.py:193: in __call__
    response = await self.dispatch_func(request, call_next)
               ^^^^^^^^^^^^^^^^^^^^^^^^^^^^^^^^^^^^^^^^^^^^
app/main.py:61: in add_security_headers
    response = await call_next(request)
               ^^^^^^^^^^^^^^^^^^^^^^^^
.venv/lib/python3.11/site-packages/starlette/middleware/base.py:168: in call_next
    raise app_exc from app_exc.__cause__ or app_exc.__context__
.venv/lib/python3.11/site-packages/starlette/middleware/base.py:144: in coro
    await self.app(scope, receive_or_disconnect, send_no_error)
.venv/lib/python3.11/site-packages/starlette/middleware/cors.py:88: in __call__
    await self.app(scope, receive, send)
.venv/lib/python3.11/site-packages/starlette/middleware/exceptions.py:63: in __call__
    await wrap_app_handling_exceptions(self.app, conn)(scope, receive, send)
.venv/lib/python3.11/site-packages/starlette/_exception_handler.py:53: in wrapped_app
    raise exc
.venv/lib/python3.11/site-packages/starlette/_exception_handler.py:42: in wrapped_app
    await app(scope, receive, sender)
.venv/lib/python3.11/site-packages/fastapi/middleware/asyncexitstack.py:18: in __call__
    await self.app(scope, receive, send)
.venv/lib/python3.11/site-packages/starlette/routing.py:660: in __call__
    await self.middleware_stack(scope, receive, send)
.venv/lib/python3.11/site-packages/starlette/routing.py:680: in app
    await route.handle(scope, receive, send)
.venv/lib/python3.11/site-packages/starlette/routing.py:276: in handle
    await self.app(scope, receive, send)
.venv/lib/python3.11/site-packages/fastapi/routing.py:130: in app
    await wrap_app_handling_exceptions(app, request)(scope, receive, send)
.venv/lib/python3.11/site-packages/starlette/_exception_handler.py:53: in wrapped_app
    raise exc
.venv/lib/python3.11/site-packages/starlette/_exception_handler.py:42: in wrapped_app
    await app(scope, receive, sender)
.venv/lib/python3.11/site-packages/fastapi/routing.py:116: in app
    response = await f(request)
               ^^^^^^^^^^^^^^^^
.venv/lib/python3.11/site-packages/fastapi/routing.py:670: in app
    raw_response = await run_endpoint_function(
.venv/lib/python3.11/site-packages/fastapi/routing.py:324: in run_endpoint_function
    return await dependant.call(**values)
           ^^^^^^^^^^^^^^^^^^^^^^^^^^^^^^
.venv/lib/python3.11/site-packages/slowapi/extension.py:734: in async_wrapper
    response = await func(*args, **kwargs)  # type: ignore
               ^^^^^^^^^^^^^^^^^^^^^^^^^^^
app/api/auth.py:426: in login
    user = user_repo.authenticate(email, form_data.password)
           ^^^^^^^^^^^^^^^^^^^^^^^^^^^^^^^^^^^^^^^^^^^^^^^^^
app/repositories/user.py:319: in authenticate
    user = self.get_by_email(email)
           ^^^^^^^^^^^^^^^^^^^^^^^^
app/repositories/user.py:169: in get_by_email
    items, _ = self._query(
app/repositories/base.py:145: in _query
    response = self.table.query(**kwargs)
               ^^^^^^^^^^^^^^^^^^^^^^^^^^
.venv/lib/python3.11/site-packages/boto3/resources/factory.py:581: in do_action
    response = action(self, *args, **kwargs)
               ^^^^^^^^^^^^^^^^^^^^^^^^^^^^^
.venv/lib/python3.11/site-packages/boto3/resources/action.py:88: in __call__
    response = getattr(parent.meta.client, operation_name)(*args, **params)
               ^^^^^^^^^^^^^^^^^^^^^^^^^^^^^^^^^^^^^^^^^^^^^^^^^^^^^^^^^^^^
.venv/lib/python3.11/site-packages/botocore/client.py:602: in _api_call
    return self._make_api_call(operation_name, kwargs)
           ^^^^^^^^^^^^^^^^^^^^^^^^^^^^^^^^^^^^^^^^^^^
.venv/lib/python3.11/site-packages/botocore/context.py:123: in wrapper
    return func(*args, **kwargs)
           ^^^^^^^^^^^^^^^^^^^^^
.venv/lib/python3.11/site-packages/botocore/client.py:1060: in _make_api_call
    http, parsed_response = self._make_request(
.venv/lib/python3.11/site-packages/botocore/client.py:1084: in _make_request
    return self._endpoint.make_request(operation_model, request_dict)
           ^^^^^^^^^^^^^^^^^^^^^^^^^^^^^^^^^^^^^^^^^^^^^^^^^^^^^^^^^^
.venv/lib/python3.11/site-packages/botocore/endpoint.py:119: in make_request
    return self._send_request(request_dict, operation_model)
           ^^^^^^^^^^^^^^^^^^^^^^^^^^^^^^^^^^^^^^^^^^^^^^^^^
.venv/lib/python3.11/site-packages/botocore/endpoint.py:200: in _send_request
    while self._needs_retry(
.venv/lib/python3.11/site-packages/botocore/endpoint.py:360: in _needs_retry
    responses = self._event_emitter.emit(
.venv/lib/python3.11/site-packages/botocore/hooks.py:412: in emit
    return self._emitter.emit(aliased_event_name, **kwargs)
           ^^^^^^^^^^^^^^^^^^^^^^^^^^^^^^^^^^^^^^^^^^^^^^^^
.venv/lib/python3.11/site-packages/botocore/hooks.py:256: in emit
    return self._emit(event_name, kwargs)
           ^^^^^^^^^^^^^^^^^^^^^^^^^^^^^^
.venv/lib/python3.11/site-packages/botocore/hooks.py:239: in _emit
    response = handler(**kwargs)
               ^^^^^^^^^^^^^^^^^
.venv/lib/python3.11/site-packages/botocore/retryhandler.py:207: in __call__
    if self._checker(**checker_kwargs):
       ^^^^^^^^^^^^^^^^^^^^^^^^^^^^^^^
.venv/lib/python3.11/site-packages/botocore/retryhandler.py:284: in __call__
    should_retry = self._should_retry(
.venv/lib/python3.11/site-packages/botocore/retryhandler.py:320: in _should_retry
    return self._checker(attempt_number, response, caught_exception)
           ^^^^^^^^^^^^^^^^^^^^^^^^^^^^^^^^^^^^^^^^^^^^^^^^^^^^^^^^^
.venv/lib/python3.11/site-packages/botocore/retryhandler.py:363: in __call__
    checker_response = checker(
.venv/lib/python3.11/site-packages/botocore/retryhandler.py:247: in __call__
    return self._check_caught_exception(
.venv/lib/python3.11/site-packages/botocore/retryhandler.py:416: in _check_caught_exception
    raise caught_exception
.venv/lib/python3.11/site-packages/botocore/endpoint.py:279: in _do_get_response
    http_response = self._send(request)
                    ^^^^^^^^^^^^^^^^^^^
.venv/lib/python3.11/site-packages/botocore/endpoint.py:383: in _send
    return self.http_session.send(request)
           ^^^^^^^^^^^^^^^^^^^^^^^^^^^^^^^
.venv/lib/python3.11/site-packages/botocore/httpsession.py:506: in send
    raise EndpointConnectionError(endpoint_url=request.url, error=e)
E   botocore.exceptions.EndpointConnectionError: Could not connect to the endpoint URL: "http://localhost:8001/"
---------------------------- Captured stdout setup -----------------------------
2026-05-17 20:14:06 - httpx - INFO - HTTP Request: POST http://testserver/api/v1/auth/register "HTTP/1.1 422 Unprocessable Entity"
------------------------------ Captured log setup ------------------------------
INFO     httpx:_client.py:1025 HTTP Request: POST http://testserver/api/v1/auth/register "HTTP/1.1 422 Unprocessable Entity"
----------------------------- Captured stdout call -----------------------------
2026-05-17 20:14:57 - app.main - ERROR - Unhandled exception: Could not connect to the endpoint URL: "http://localhost:8001/"
Traceback (most recent call last):
  File "/Users/andyschwarz/Documents/Privat/OverCloud/backend/.venv/lib/python3.11/site-packages/urllib3/connection.py", line 204, in _new_conn
    sock = connection.create_connection(
           ^^^^^^^^^^^^^^^^^^^^^^^^^^^^^
  File "/Users/andyschwarz/Documents/Privat/OverCloud/backend/.venv/lib/python3.11/site-packages/urllib3/util/connection.py", line 85, in create_connection
    raise err
  File "/Users/andyschwarz/Documents/Privat/OverCloud/backend/.venv/lib/python3.11/site-packages/urllib3/util/connection.py", line 73, in create_connection
    sock.connect(sa)
ConnectionRefusedError: [Errno 61] Connection refused

The above exception was the direct cause of the following exception:

Traceback (most recent call last):
  File "/Users/andyschwarz/Documents/Privat/OverCloud/backend/.venv/lib/python3.11/site-packages/botocore/httpsession.py", line 477, in send
    urllib_response = conn.urlopen(
                      ^^^^^^^^^^^^^
  File "/Users/andyschwarz/Documents/Privat/OverCloud/backend/.venv/lib/python3.11/site-packages/urllib3/connectionpool.py", line 841, in urlopen
    retries = retries.increment(
              ^^^^^^^^^^^^^^^^^^
  File "/Users/andyschwarz/Documents/Privat/OverCloud/backend/.venv/lib/python3.11/site-packages/urllib3/util/retry.py", line 465, in increment
    raise reraise(type(error), error, _stacktrace)
          ^^^^^^^^^^^^^^^^^^^^^^^^^^^^^^^^^^^^^^^^
  File "/Users/andyschwarz/Documents/Privat/OverCloud/backend/.venv/lib/python3.11/site-packages/urllib3/util/util.py", line 39, in reraise
    raise value
  File "/Users/andyschwarz/Documents/Privat/OverCloud/backend/.venv/lib/python3.11/site-packages/urllib3/connectionpool.py", line 787, in urlopen
    response = self._make_request(
               ^^^^^^^^^^^^^^^^^^^
  File "/Users/andyschwarz/Documents/Privat/OverCloud/backend/.venv/lib/python3.11/site-packages/urllib3/connectionpool.py", line 493, in _make_request
    conn.request(
  File "/Users/andyschwarz/Documents/Privat/OverCloud/backend/.venv/lib/python3.11/site-packages/botocore/awsrequest.py", line 96, in request
    rval = super().request(method, url, body, headers, *args, **kwargs)
           ^^^^^^^^^^^^^^^^^^^^^^^^^^^^^^^^^^^^^^^^^^^^^^^^^^^^^^^^^^^^
  File "/Users/andyschwarz/Documents/Privat/OverCloud/backend/.venv/lib/python3.11/site-packages/urllib3/connection.py", line 500, in request
    self.endheaders()
  File "/opt/homebrew/Cellar/python@3.11/3.11.15/Frameworks/Python.framework/Versions/3.11/lib/python3.11/http/client.py", line 1318, in endheaders
    self._send_output(message_body, encode_chunked=encode_chunked)
  File "/Users/andyschwarz/Documents/Privat/OverCloud/backend/.venv/lib/python3.11/site-packages/botocore/awsrequest.py", line 123, in _send_output
    self.send(msg)
  File "/Users/andyschwarz/Documents/Privat/OverCloud/backend/.venv/lib/python3.11/site-packages/botocore/awsrequest.py", line 223, in send
    return super().send(str)
           ^^^^^^^^^^^^^^^^^
  File "/opt/homebrew/Cellar/python@3.11/3.11.15/Frameworks/Python.framework/Versions/3.11/lib/python3.11/http/client.py", line 1016, in send
    self.connect()
  File "/Users/andyschwarz/Documents/Privat/OverCloud/backend/.venv/lib/python3.11/site-packages/urllib3/connection.py", line 331, in connect
    self.sock = self._new_conn()
                ^^^^^^^^^^^^^^^^
  File "/Users/andyschwarz/Documents/Privat/OverCloud/backend/.venv/lib/python3.11/site-packages/urllib3/connection.py", line 219, in _new_conn
    raise NewConnectionError(
urllib3.exceptions.NewConnectionError: AWSHTTPConnection(host='localhost', port=8001): Failed to establish a new connection: [Errno 61] Connection refused

The above exception was the direct cause of the following exception:

Traceback (most recent call last):
  File "/Users/andyschwarz/Documents/Privat/OverCloud/backend/.venv/lib/python3.11/site-packages/starlette/middleware/errors.py", line 164, in __call__
    await self.app(scope, receive, _send)
  File "/Users/andyschwarz/Documents/Privat/OverCloud/backend/.venv/lib/python3.11/site-packages/starlette/middleware/base.py", line 191, in __call__
    with recv_stream, send_stream, collapse_excgroups():
  File "/opt/homebrew/Cellar/python@3.11/3.11.15/Frameworks/Python.framework/Versions/3.11/lib/python3.11/contextlib.py", line 158, in __exit__
    self.gen.throw(typ, value, traceback)
  File "/Users/andyschwarz/Documents/Privat/OverCloud/backend/.venv/lib/python3.11/site-packages/starlette/_utils.py", line 87, in collapse_excgroups
    raise exc
  File "/Users/andyschwarz/Documents/Privat/OverCloud/backend/.venv/lib/python3.11/site-packages/starlette/middleware/base.py", line 193, in __call__
    response = await self.dispatch_func(request, call_next)
               ^^^^^^^^^^^^^^^^^^^^^^^^^^^^^^^^^^^^^^^^^^^^
  File "/Users/andyschwarz/Documents/Privat/OverCloud/backend/app/main.py", line 61, in add_security_headers
    response = await call_next(request)
               ^^^^^^^^^^^^^^^^^^^^^^^^
  File "/Users/andyschwarz/Documents/Privat/OverCloud/backend/.venv/lib/python3.11/site-packages/starlette/middleware/base.py", line 168, in call_next
    raise app_exc from app_exc.__cause__ or app_exc.__context__
  File "/Users/andyschwarz/Documents/Privat/OverCloud/backend/.venv/lib/python3.11/site-packages/starlette/middleware/base.py", line 144, in coro
    await self.app(scope, receive_or_disconnect, send_no_error)
  File "/Users/andyschwarz/Documents/Privat/OverCloud/backend/.venv/lib/python3.11/site-packages/starlette/middleware/cors.py", line 88, in __call__
    await self.app(scope, receive, send)
  File "/Users/andyschwarz/Documents/Privat/OverCloud/backend/.venv/lib/python3.11/site-packages/starlette/middleware/exceptions.py", line 63, in __call__
    await wrap_app_handling_exceptions(self.app, conn)(scope, receive, send)
  File "/Users/andyschwarz/Documents/Privat/OverCloud/backend/.venv/lib/python3.11/site-packages/starlette/_exception_handler.py", line 53, in wrapped_app
    raise exc
  File "/Users/andyschwarz/Documents/Privat/OverCloud/backend/.venv/lib/python3.11/site-packages/starlette/_exception_handler.py", line 42, in wrapped_app
    await app(scope, receive, sender)
  File "/Users/andyschwarz/Documents/Privat/OverCloud/backend/.venv/lib/python3.11/site-packages/fastapi/middleware/asyncexitstack.py", line 18, in __call__
    await self.app(scope, receive, send)
  File "/Users/andyschwarz/Documents/Privat/OverCloud/backend/.venv/lib/python3.11/site-packages/starlette/routing.py", line 660, in __call__
    await self.middleware_stack(scope, receive, send)
  File "/Users/andyschwarz/Documents/Privat/OverCloud/backend/.venv/lib/python3.11/site-packages/starlette/routing.py", line 680, in app
    await route.handle(scope, receive, send)
  File "/Users/andyschwarz/Documents/Privat/OverCloud/backend/.venv/lib/python3.11/site-packages/starlette/routing.py", line 276, in handle
    await self.app(scope, receive, send)
  File "/Users/andyschwarz/Documents/Privat/OverCloud/backend/.venv/lib/python3.11/site-packages/fastapi/routing.py", line 130, in app
    await wrap_app_handling_exceptions(app, request)(scope, receive, send)
  File "/Users/andyschwarz/Documents/Privat/OverCloud/backend/.venv/lib/python3.11/site-packages/starlette/_exception_handler.py", line 53, in wrapped_app
    raise exc
  File "/Users/andyschwarz/Documents/Privat/OverCloud/backend/.venv/lib/python3.11/site-packages/starlette/_exception_handler.py", line 42, in wrapped_app
    await app(scope, receive, sender)
  File "/Users/andyschwarz/Documents/Privat/OverCloud/backend/.venv/lib/python3.11/site-packages/fastapi/routing.py", line 116, in app
    response = await f(request)
               ^^^^^^^^^^^^^^^^
  File "/Users/andyschwarz/Documents/Privat/OverCloud/backend/.venv/lib/python3.11/site-packages/fastapi/routing.py", line 670, in app
    raw_response = await run_endpoint_function(
                   ^^^^^^^^^^^^^^^^^^^^^^^^^^^^
  File "/Users/andyschwarz/Documents/Privat/OverCloud/backend/.venv/lib/python3.11/site-packages/fastapi/routing.py", line 324, in run_endpoint_function
    return await dependant.call(**values)
           ^^^^^^^^^^^^^^^^^^^^^^^^^^^^^^
  File "/Users/andyschwarz/Documents/Privat/OverCloud/backend/.venv/lib/python3.11/site-packages/slowapi/extension.py", line 734, in async_wrapper
    response = await func(*args, **kwargs)  # type: ignore
               ^^^^^^^^^^^^^^^^^^^^^^^^^^^
  File "/Users/andyschwarz/Documents/Privat/OverCloud/backend/app/api/auth.py", line 426, in login
    user = user_repo.authenticate(email, form_data.password)
           ^^^^^^^^^^^^^^^^^^^^^^^^^^^^^^^^^^^^^^^^^^^^^^^^^
  File "/Users/andyschwarz/Documents/Privat/OverCloud/backend/app/repositories/user.py", line 319, in authenticate
    user = self.get_by_email(email)
           ^^^^^^^^^^^^^^^^^^^^^^^^
  File "/Users/andyschwarz/Documents/Privat/OverCloud/backend/app/repositories/user.py", line 169, in get_by_email
    items, _ = self._query(
               ^^^^^^^^^^^^
  File "/Users/andyschwarz/Documents/Privat/OverCloud/backend/app/repositories/base.py", line 145, in _query
    response = self.table.query(**kwargs)
               ^^^^^^^^^^^^^^^^^^^^^^^^^^
  File "/Users/andyschwarz/Documents/Privat/OverCloud/backend/.venv/lib/python3.11/site-packages/boto3/resources/factory.py", line 581, in do_action
    response = action(self, *args, **kwargs)
               ^^^^^^^^^^^^^^^^^^^^^^^^^^^^^
  File "/Users/andyschwarz/Documents/Privat/OverCloud/backend/.venv/lib/python3.11/site-packages/boto3/resources/action.py", line 88, in __call__
    response = getattr(parent.meta.client, operation_name)(*args, **params)
               ^^^^^^^^^^^^^^^^^^^^^^^^^^^^^^^^^^^^^^^^^^^^^^^^^^^^^^^^^^^^
  File "/Users/andyschwarz/Documents/Privat/OverCloud/backend/.venv/lib/python3.11/site-packages/botocore/client.py", line 602, in _api_call
    return self._make_api_call(operation_name, kwargs)
           ^^^^^^^^^^^^^^^^^^^^^^^^^^^^^^^^^^^^^^^^^^^
  File "/Users/andyschwarz/Documents/Privat/OverCloud/backend/.venv/lib/python3.11/site-packages/botocore/context.py", line 123, in wrapper
    return func(*args, **kwargs)
           ^^^^^^^^^^^^^^^^^^^^^
  File "/Users/andyschwarz/Documents/Privat/OverCloud/backend/.venv/lib/python3.11/site-packages/botocore/client.py", line 1060, in _make_api_call
    http, parsed_response = self._make_request(
                            ^^^^^^^^^^^^^^^^^^^
  File "/Users/andyschwarz/Documents/Privat/OverCloud/backend/.venv/lib/python3.11/site-packages/botocore/client.py", line 1084, in _make_request
    return self._endpoint.make_request(operation_model, request_dict)
           ^^^^^^^^^^^^^^^^^^^^^^^^^^^^^^^^^^^^^^^^^^^^^^^^^^^^^^^^^^
  File "/Users/andyschwarz/Documents/Privat/OverCloud/backend/.venv/lib/python3.11/site-packages/botocore/endpoint.py", line 119, in make_request
    return self._send_request(request_dict, operation_model)
           ^^^^^^^^^^^^^^^^^^^^^^^^^^^^^^^^^^^^^^^^^^^^^^^^^
  File "/Users/andyschwarz/Documents/Privat/OverCloud/backend/.venv/lib/python3.11/site-packages/botocore/endpoint.py", line 200, in _send_request
    while self._needs_retry(
          ^^^^^^^^^^^^^^^^^^
  File "/Users/andyschwarz/Documents/Privat/OverCloud/backend/.venv/lib/python3.11/site-packages/botocore/endpoint.py", line 360, in _needs_retry
    responses = self._event_emitter.emit(
                ^^^^^^^^^^^^^^^^^^^^^^^^^
  File "/Users/andyschwarz/Documents/Privat/OverCloud/backend/.venv/lib/python3.11/site-packages/botocore/hooks.py", line 412, in emit
    return self._emitter.emit(aliased_event_name, **kwargs)
           ^^^^^^^^^^^^^^^^^^^^^^^^^^^^^^^^^^^^^^^^^^^^^^^^
  File "/Users/andyschwarz/Documents/Privat/OverCloud/backend/.venv/lib/python3.11/site-packages/botocore/hooks.py", line 256, in emit
    return self._emit(event_name, kwargs)
           ^^^^^^^^^^^^^^^^^^^^^^^^^^^^^^
  File "/Users/andyschwarz/Documents/Privat/OverCloud/backend/.venv/lib/python3.11/site-packages/botocore/hooks.py", line 239, in _emit
    response = handler(**kwargs)
               ^^^^^^^^^^^^^^^^^
  File "/Users/andyschwarz/Documents/Privat/OverCloud/backend/.venv/lib/python3.11/site-packages/botocore/retryhandler.py", line 207, in __call__
    if self._checker(**checker_kwargs):
       ^^^^^^^^^^^^^^^^^^^^^^^^^^^^^^^
  File "/Users/andyschwarz/Documents/Privat/OverCloud/backend/.venv/lib/python3.11/site-packages/botocore/retryhandler.py", line 284, in __call__
    should_retry = self._should_retry(
                   ^^^^^^^^^^^^^^^^^^^
  File "/Users/andyschwarz/Documents/Privat/OverCloud/backend/.venv/lib/python3.11/site-packages/botocore/retryhandler.py", line 320, in _should_retry
    return self._checker(attempt_number, response, caught_exception)
           ^^^^^^^^^^^^^^^^^^^^^^^^^^^^^^^^^^^^^^^^^^^^^^^^^^^^^^^^^
  File "/Users/andyschwarz/Documents/Privat/OverCloud/backend/.venv/lib/python3.11/site-packages/botocore/retryhandler.py", line 363, in __call__
    checker_response = checker(
                       ^^^^^^^^
  File "/Users/andyschwarz/Documents/Privat/OverCloud/backend/.venv/lib/python3.11/site-packages/botocore/retryhandler.py", line 247, in __call__
    return self._check_caught_exception(
           ^^^^^^^^^^^^^^^^^^^^^^^^^^^^^
  File "/Users/andyschwarz/Documents/Privat/OverCloud/backend/.venv/lib/python3.11/site-packages/botocore/retryhandler.py", line 416, in _check_caught_exception
    raise caught_exception
  File "/Users/andyschwarz/Documents/Privat/OverCloud/backend/.venv/lib/python3.11/site-packages/botocore/endpoint.py", line 279, in _do_get_response
    http_response = self._send(request)
                    ^^^^^^^^^^^^^^^^^^^
  File "/Users/andyschwarz/Documents/Privat/OverCloud/backend/.venv/lib/python3.11/site-packages/botocore/endpoint.py", line 383, in _send
    return self.http_session.send(request)
           ^^^^^^^^^^^^^^^^^^^^^^^^^^^^^^^
  File "/Users/andyschwarz/Documents/Privat/OverCloud/backend/.venv/lib/python3.11/site-packages/botocore/httpsession.py", line 506, in send
    raise EndpointConnectionError(endpoint_url=request.url, error=e)
botocore.exceptions.EndpointConnectionError: Could not connect to the endpoint URL: "http://localhost:8001/"
------------------------------ Captured log call -------------------------------
ERROR    app.main:main.py:112 Unhandled exception: Could not connect to the endpoint URL: "http://localhost:8001/"
Traceback (most recent call last):
  File "/Users/andyschwarz/Documents/Privat/OverCloud/backend/.venv/lib/python3.11/site-packages/urllib3/connection.py", line 204, in _new_conn
    sock = connection.create_connection(
           ^^^^^^^^^^^^^^^^^^^^^^^^^^^^^
  File "/Users/andyschwarz/Documents/Privat/OverCloud/backend/.venv/lib/python3.11/site-packages/urllib3/util/connection.py", line 85, in create_connection
    raise err
  File "/Users/andyschwarz/Documents/Privat/OverCloud/backend/.venv/lib/python3.11/site-packages/urllib3/util/connection.py", line 73, in create_connection
    sock.connect(sa)
ConnectionRefusedError: [Errno 61] Connection refused

The above exception was the direct cause of the following exception:

Traceback (most recent call last):
  File "/Users/andyschwarz/Documents/Privat/OverCloud/backend/.venv/lib/python3.11/site-packages/botocore/httpsession.py", line 477, in send
    urllib_response = conn.urlopen(
                      ^^^^^^^^^^^^^
  File "/Users/andyschwarz/Documents/Privat/OverCloud/backend/.venv/lib/python3.11/site-packages/urllib3/connectionpool.py", line 841, in urlopen
    retries = retries.increment(
              ^^^^^^^^^^^^^^^^^^
  File "/Users/andyschwarz/Documents/Privat/OverCloud/backend/.venv/lib/python3.11/site-packages/urllib3/util/retry.py", line 465, in increment
    raise reraise(type(error), error, _stacktrace)
          ^^^^^^^^^^^^^^^^^^^^^^^^^^^^^^^^^^^^^^^^
  File "/Users/andyschwarz/Documents/Privat/OverCloud/backend/.venv/lib/python3.11/site-packages/urllib3/util/util.py", line 39, in reraise
    raise value
  File "/Users/andyschwarz/Documents/Privat/OverCloud/backend/.venv/lib/python3.11/site-packages/urllib3/connectionpool.py", line 787, in urlopen
    response = self._make_request(
               ^^^^^^^^^^^^^^^^^^^
  File "/Users/andyschwarz/Documents/Privat/OverCloud/backend/.venv/lib/python3.11/site-packages/urllib3/connectionpool.py", line 493, in _make_request
    conn.request(
  File "/Users/andyschwarz/Documents/Privat/OverCloud/backend/.venv/lib/python3.11/site-packages/botocore/awsrequest.py", line 96, in request
    rval = super().request(method, url, body, headers, *args, **kwargs)
           ^^^^^^^^^^^^^^^^^^^^^^^^^^^^^^^^^^^^^^^^^^^^^^^^^^^^^^^^^^^^
  File "/Users/andyschwarz/Documents/Privat/OverCloud/backend/.venv/lib/python3.11/site-packages/urllib3/connection.py", line 500, in request
    self.endheaders()
  File "/opt/homebrew/Cellar/python@3.11/3.11.15/Frameworks/Python.framework/Versions/3.11/lib/python3.11/http/client.py", line 1318, in endheaders
    self._send_output(message_body, encode_chunked=encode_chunked)
  File "/Users/andyschwarz/Documents/Privat/OverCloud/backend/.venv/lib/python3.11/site-packages/botocore/awsrequest.py", line 123, in _send_output
    self.send(msg)
  File "/Users/andyschwarz/Documents/Privat/OverCloud/backend/.venv/lib/python3.11/site-packages/botocore/awsrequest.py", line 223, in send
    return super().send(str)
           ^^^^^^^^^^^^^^^^^
  File "/opt/homebrew/Cellar/python@3.11/3.11.15/Frameworks/Python.framework/Versions/3.11/lib/python3.11/http/client.py", line 1016, in send
    self.connect()
  File "/Users/andyschwarz/Documents/Privat/OverCloud/backend/.venv/lib/python3.11/site-packages/urllib3/connection.py", line 331, in connect
    self.sock = self._new_conn()
                ^^^^^^^^^^^^^^^^
  File "/Users/andyschwarz/Documents/Privat/OverCloud/backend/.venv/lib/python3.11/site-packages/urllib3/connection.py", line 219, in _new_conn
    raise NewConnectionError(
urllib3.exceptions.NewConnectionError: AWSHTTPConnection(host='localhost', port=8001): Failed to establish a new connection: [Errno 61] Connection refused

The above exception was the direct cause of the following exception:

Traceback (most recent call last):
  File "/Users/andyschwarz/Documents/Privat/OverCloud/backend/.venv/lib/python3.11/site-packages/starlette/middleware/errors.py", line 164, in __call__
    await self.app(scope, receive, _send)
  File "/Users/andyschwarz/Documents/Privat/OverCloud/backend/.venv/lib/python3.11/site-packages/starlette/middleware/base.py", line 191, in __call__
    with recv_stream, send_stream, collapse_excgroups():
  File "/opt/homebrew/Cellar/python@3.11/3.11.15/Frameworks/Python.framework/Versions/3.11/lib/python3.11/contextlib.py", line 158, in __exit__
    self.gen.throw(typ, value, traceback)
  File "/Users/andyschwarz/Documents/Privat/OverCloud/backend/.venv/lib/python3.11/site-packages/starlette/_utils.py", line 87, in collapse_excgroups
    raise exc
  File "/Users/andyschwarz/Documents/Privat/OverCloud/backend/.venv/lib/python3.11/site-packages/starlette/middleware/base.py", line 193, in __call__
    response = await self.dispatch_func(request, call_next)
               ^^^^^^^^^^^^^^^^^^^^^^^^^^^^^^^^^^^^^^^^^^^^
  File "/Users/andyschwarz/Documents/Privat/OverCloud/backend/app/main.py", line 61, in add_security_headers
    response = await call_next(request)
               ^^^^^^^^^^^^^^^^^^^^^^^^
  File "/Users/andyschwarz/Documents/Privat/OverCloud/backend/.venv/lib/python3.11/site-packages/starlette/middleware/base.py", line 168, in call_next
    raise app_exc from app_exc.__cause__ or app_exc.__context__
  File "/Users/andyschwarz/Documents/Privat/OverCloud/backend/.venv/lib/python3.11/site-packages/starlette/middleware/base.py", line 144, in coro
    await self.app(scope, receive_or_disconnect, send_no_error)
  File "/Users/andyschwarz/Documents/Privat/OverCloud/backend/.venv/lib/python3.11/site-packages/starlette/middleware/cors.py", line 88, in __call__
    await self.app(scope, receive, send)
  File "/Users/andyschwarz/Documents/Privat/OverCloud/backend/.venv/lib/python3.11/site-packages/starlette/middleware/exceptions.py", line 63, in __call__
    await wrap_app_handling_exceptions(self.app, conn)(scope, receive, send)
  File "/Users/andyschwarz/Documents/Privat/OverCloud/backend/.venv/lib/python3.11/site-packages/starlette/_exception_handler.py", line 53, in wrapped_app
    raise exc
  File "/Users/andyschwarz/Documents/Privat/OverCloud/backend/.venv/lib/python3.11/site-packages/starlette/_exception_handler.py", line 42, in wrapped_app
    await app(scope, receive, sender)
  File "/Users/andyschwarz/Documents/Privat/OverCloud/backend/.venv/lib/python3.11/site-packages/fastapi/middleware/asyncexitstack.py", line 18, in __call__
    await self.app(scope, receive, send)
  File "/Users/andyschwarz/Documents/Privat/OverCloud/backend/.venv/lib/python3.11/site-packages/starlette/routing.py", line 660, in __call__
    await self.middleware_stack(scope, receive, send)
  File "/Users/andyschwarz/Documents/Privat/OverCloud/backend/.venv/lib/python3.11/site-packages/starlette/routing.py", line 680, in app
    await route.handle(scope, receive, send)
  File "/Users/andyschwarz/Documents/Privat/OverCloud/backend/.venv/lib/python3.11/site-packages/starlette/routing.py", line 276, in handle
    await self.app(scope, receive, send)
  File "/Users/andyschwarz/Documents/Privat/OverCloud/backend/.venv/lib/python3.11/site-packages/fastapi/routing.py", line 130, in app
    await wrap_app_handling_exceptions(app, request)(scope, receive, send)
  File "/Users/andyschwarz/Documents/Privat/OverCloud/backend/.venv/lib/python3.11/site-packages/starlette/_exception_handler.py", line 53, in wrapped_app
    raise exc
  File "/Users/andyschwarz/Documents/Privat/OverCloud/backend/.venv/lib/python3.11/site-packages/starlette/_exception_handler.py", line 42, in wrapped_app
    await app(scope, receive, sender)
  File "/Users/andyschwarz/Documents/Privat/OverCloud/backend/.venv/lib/python3.11/site-packages/fastapi/routing.py", line 116, in app
    response = await f(request)
               ^^^^^^^^^^^^^^^^
  File "/Users/andyschwarz/Documents/Privat/OverCloud/backend/.venv/lib/python3.11/site-packages/fastapi/routing.py", line 670, in app
    raw_response = await run_endpoint_function(
                   ^^^^^^^^^^^^^^^^^^^^^^^^^^^^
  File "/Users/andyschwarz/Documents/Privat/OverCloud/backend/.venv/lib/python3.11/site-packages/fastapi/routing.py", line 324, in run_endpoint_function
    return await dependant.call(**values)
           ^^^^^^^^^^^^^^^^^^^^^^^^^^^^^^
  File "/Users/andyschwarz/Documents/Privat/OverCloud/backend/.venv/lib/python3.11/site-packages/slowapi/extension.py", line 734, in async_wrapper
    response = await func(*args, **kwargs)  # type: ignore
               ^^^^^^^^^^^^^^^^^^^^^^^^^^^
  File "/Users/andyschwarz/Documents/Privat/OverCloud/backend/app/api/auth.py", line 426, in login
    user = user_repo.authenticate(email, form_data.password)
           ^^^^^^^^^^^^^^^^^^^^^^^^^^^^^^^^^^^^^^^^^^^^^^^^^
  File "/Users/andyschwarz/Documents/Privat/OverCloud/backend/app/repositories/user.py", line 319, in authenticate
    user = self.get_by_email(email)
           ^^^^^^^^^^^^^^^^^^^^^^^^
  File "/Users/andyschwarz/Documents/Privat/OverCloud/backend/app/repositories/user.py", line 169, in get_by_email
    items, _ = self._query(
               ^^^^^^^^^^^^
  File "/Users/andyschwarz/Documents/Privat/OverCloud/backend/app/repositories/base.py", line 145, in _query
    response = self.table.query(**kwargs)
               ^^^^^^^^^^^^^^^^^^^^^^^^^^
  File "/Users/andyschwarz/Documents/Privat/OverCloud/backend/.venv/lib/python3.11/site-packages/boto3/resources/factory.py", line 581, in do_action
    response = action(self, *args, **kwargs)
               ^^^^^^^^^^^^^^^^^^^^^^^^^^^^^
  File "/Users/andyschwarz/Documents/Privat/OverCloud/backend/.venv/lib/python3.11/site-packages/boto3/resources/action.py", line 88, in __call__
    response = getattr(parent.meta.client, operation_name)(*args, **params)
               ^^^^^^^^^^^^^^^^^^^^^^^^^^^^^^^^^^^^^^^^^^^^^^^^^^^^^^^^^^^^
  File "/Users/andyschwarz/Documents/Privat/OverCloud/backend/.venv/lib/python3.11/site-packages/botocore/client.py", line 602, in _api_call
    return self._make_api_call(operation_name, kwargs)
           ^^^^^^^^^^^^^^^^^^^^^^^^^^^^^^^^^^^^^^^^^^^
  File "/Users/andyschwarz/Documents/Privat/OverCloud/backend/.venv/lib/python3.11/site-packages/botocore/context.py", line 123, in wrapper
    return func(*args, **kwargs)
           ^^^^^^^^^^^^^^^^^^^^^
  File "/Users/andyschwarz/Documents/Privat/OverCloud/backend/.venv/lib/python3.11/site-packages/botocore/client.py", line 1060, in _make_api_call
    http, parsed_response = self._make_request(
                            ^^^^^^^^^^^^^^^^^^^
  File "/Users/andyschwarz/Documents/Privat/OverCloud/backend/.venv/lib/python3.11/site-packages/botocore/client.py", line 1084, in _make_request
    return self._endpoint.make_request(operation_model, request_dict)
           ^^^^^^^^^^^^^^^^^^^^^^^^^^^^^^^^^^^^^^^^^^^^^^^^^^^^^^^^^^
  File "/Users/andyschwarz/Documents/Privat/OverCloud/backend/.venv/lib/python3.11/site-packages/botocore/endpoint.py", line 119, in make_request
    return self._send_request(request_dict, operation_model)
           ^^^^^^^^^^^^^^^^^^^^^^^^^^^^^^^^^^^^^^^^^^^^^^^^^
  File "/Users/andyschwarz/Documents/Privat/OverCloud/backend/.venv/lib/python3.11/site-packages/botocore/endpoint.py", line 200, in _send_request
    while self._needs_retry(
          ^^^^^^^^^^^^^^^^^^
  File "/Users/andyschwarz/Documents/Privat/OverCloud/backend/.venv/lib/python3.11/site-packages/botocore/endpoint.py", line 360, in _needs_retry
    responses = self._event_emitter.emit(
                ^^^^^^^^^^^^^^^^^^^^^^^^^
  File "/Users/andyschwarz/Documents/Privat/OverCloud/backend/.venv/lib/python3.11/site-packages/botocore/hooks.py", line 412, in emit
    return self._emitter.emit(aliased_event_name, **kwargs)
           ^^^^^^^^^^^^^^^^^^^^^^^^^^^^^^^^^^^^^^^^^^^^^^^^
  File "/Users/andyschwarz/Documents/Privat/OverCloud/backend/.venv/lib/python3.11/site-packages/botocore/hooks.py", line 256, in emit
    return self._emit(event_name, kwargs)
           ^^^^^^^^^^^^^^^^^^^^^^^^^^^^^^
  File "/Users/andyschwarz/Documents/Privat/OverCloud/backend/.venv/lib/python3.11/site-packages/botocore/hooks.py", line 239, in _emit
    response = handler(**kwargs)
               ^^^^^^^^^^^^^^^^^
  File "/Users/andyschwarz/Documents/Privat/OverCloud/backend/.venv/lib/python3.11/site-packages/botocore/retryhandler.py", line 207, in __call__
    if self._checker(**checker_kwargs):
       ^^^^^^^^^^^^^^^^^^^^^^^^^^^^^^^
  File "/Users/andyschwarz/Documents/Privat/OverCloud/backend/.venv/lib/python3.11/site-packages/botocore/retryhandler.py", line 284, in __call__
    should_retry = self._should_retry(
                   ^^^^^^^^^^^^^^^^^^^
  File "/Users/andyschwarz/Documents/Privat/OverCloud/backend/.venv/lib/python3.11/site-packages/botocore/retryhandler.py", line 320, in _should_retry
    return self._checker(attempt_number, response, caught_exception)
           ^^^^^^^^^^^^^^^^^^^^^^^^^^^^^^^^^^^^^^^^^^^^^^^^^^^^^^^^^
  File "/Users/andyschwarz/Documents/Privat/OverCloud/backend/.venv/lib/python3.11/site-packages/botocore/retryhandler.py", line 363, in __call__
    checker_response = checker(
                       ^^^^^^^^
  File "/Users/andyschwarz/Documents/Privat/OverCloud/backend/.venv/lib/python3.11/site-packages/botocore/retryhandler.py", line 247, in __call__
    return self._check_caught_exception(
           ^^^^^^^^^^^^^^^^^^^^^^^^^^^^^
  File "/Users/andyschwarz/Documents/Privat/OverCloud/backend/.venv/lib/python3.11/site-packages/botocore/retryhandler.py", line 416, in _check_caught_exception
    raise caught_exception
  File "/Users/andyschwarz/Documents/Privat/OverCloud/backend/.venv/lib/python3.11/site-packages/botocore/endpoint.py", line 279, in _do_get_response
    http_response = self._send(request)
                    ^^^^^^^^^^^^^^^^^^^
  File "/Users/andyschwarz/Documents/Privat/OverCloud/backend/.venv/lib/python3.11/site-packages/botocore/endpoint.py", line 383, in _send
    return self.http_session.send(request)
           ^^^^^^^^^^^^^^^^^^^^^^^^^^^^^^^
  File "/Users/andyschwarz/Documents/Privat/OverCloud/backend/.venv/lib/python3.11/site-packages/botocore/httpsession.py", line 506, in send
    raise EndpointConnectionError(endpoint_url=request.url, error=e)
botocore.exceptions.EndpointConnectionError: Could not connect to the endpoint URL: "http://localhost:8001/"
_________________ TestCSRFProtection.test_register_sets_cookie _________________
tests/test_csrf_protection.py:75: in test_register_sets_cookie
    assert response.status_code == 201
E   assert 422 == 201
E    +  where 422 = <Response [422 Unprocessable Entity]>.status_code
----------------------------- Captured stdout call -----------------------------
2026-05-17 20:14:58 - httpx - INFO - HTTP Request: POST http://testserver/api/v1/auth/register "HTTP/1.1 422 Unprocessable Entity"
------------------------------ Captured log call -------------------------------
INFO     httpx:_client.py:1025 HTTP Request: POST http://testserver/api/v1/auth/register "HTTP/1.1 422 Unprocessable Entity"
__________ TestCSRFProtection.test_authenticated_request_with_cookie ___________
.venv/lib/python3.11/site-packages/urllib3/connection.py:204: in _new_conn
    sock = connection.create_connection(
.venv/lib/python3.11/site-packages/urllib3/util/connection.py:85: in create_connection
    raise err
.venv/lib/python3.11/site-packages/urllib3/util/connection.py:73: in create_connection
    sock.connect(sa)
E   ConnectionRefusedError: [Errno 61] Connection refused

The above exception was the direct cause of the following exception:
.venv/lib/python3.11/site-packages/botocore/httpsession.py:477: in send
    urllib_response = conn.urlopen(
.venv/lib/python3.11/site-packages/urllib3/connectionpool.py:841: in urlopen
    retries = retries.increment(
.venv/lib/python3.11/site-packages/urllib3/util/retry.py:465: in increment
    raise reraise(type(error), error, _stacktrace)
          ^^^^^^^^^^^^^^^^^^^^^^^^^^^^^^^^^^^^^^^^
.venv/lib/python3.11/site-packages/urllib3/util/util.py:39: in reraise
    raise value
.venv/lib/python3.11/site-packages/urllib3/connectionpool.py:787: in urlopen
    response = self._make_request(
.venv/lib/python3.11/site-packages/urllib3/connectionpool.py:493: in _make_request
    conn.request(
.venv/lib/python3.11/site-packages/botocore/awsrequest.py:96: in request
    rval = super().request(method, url, body, headers, *args, **kwargs)
           ^^^^^^^^^^^^^^^^^^^^^^^^^^^^^^^^^^^^^^^^^^^^^^^^^^^^^^^^^^^^
.venv/lib/python3.11/site-packages/urllib3/connection.py:500: in request
    self.endheaders()
/opt/homebrew/Cellar/python@3.11/3.11.15/Frameworks/Python.framework/Versions/3.11/lib/python3.11/http/client.py:1318: in endheaders
    self._send_output(message_body, encode_chunked=encode_chunked)
.venv/lib/python3.11/site-packages/botocore/awsrequest.py:123: in _send_output
    self.send(msg)
.venv/lib/python3.11/site-packages/botocore/awsrequest.py:223: in send
    return super().send(str)
           ^^^^^^^^^^^^^^^^^
/opt/homebrew/Cellar/python@3.11/3.11.15/Frameworks/Python.framework/Versions/3.11/lib/python3.11/http/client.py:1016: in send
    self.connect()
.venv/lib/python3.11/site-packages/urllib3/connection.py:331: in connect
    self.sock = self._new_conn()
                ^^^^^^^^^^^^^^^^
.venv/lib/python3.11/site-packages/urllib3/connection.py:219: in _new_conn
    raise NewConnectionError(
E   urllib3.exceptions.NewConnectionError: AWSHTTPConnection(host='localhost', port=8001): Failed to establish a new connection: [Errno 61] Connection refused

The above exception was the direct cause of the following exception:
tests/test_csrf_protection.py:81: in test_authenticated_request_with_cookie
    login_response = client.post(
.venv/lib/python3.11/site-packages/starlette/testclient.py:546: in post
    return super().post(
.venv/lib/python3.11/site-packages/httpx/_client.py:1144: in post
    return self.request(
.venv/lib/python3.11/site-packages/starlette/testclient.py:445: in request
    return super().request(
.venv/lib/python3.11/site-packages/httpx/_client.py:825: in request
    return self.send(request, auth=auth, follow_redirects=follow_redirects)
           ^^^^^^^^^^^^^^^^^^^^^^^^^^^^^^^^^^^^^^^^^^^^^^^^^^^^^^^^^^^^^^^^
.venv/lib/python3.11/site-packages/httpx/_client.py:914: in send
    response = self._send_handling_auth(
.venv/lib/python3.11/site-packages/httpx/_client.py:942: in _send_handling_auth
    response = self._send_handling_redirects(
.venv/lib/python3.11/site-packages/httpx/_client.py:979: in _send_handling_redirects
    response = self._send_single_request(request)
               ^^^^^^^^^^^^^^^^^^^^^^^^^^^^^^^^^^
.venv/lib/python3.11/site-packages/httpx/_client.py:1014: in _send_single_request
    response = transport.handle_request(request)
               ^^^^^^^^^^^^^^^^^^^^^^^^^^^^^^^^^
.venv/lib/python3.11/site-packages/starlette/testclient.py:348: in handle_request
    raise exc
.venv/lib/python3.11/site-packages/starlette/testclient.py:345: in handle_request
    portal.call(self.app, scope, receive, send)
.venv/lib/python3.11/site-packages/anyio/from_thread.py:334: in call
    return cast(T_Retval, self.start_task_soon(func, *args).result())
                          ^^^^^^^^^^^^^^^^^^^^^^^^^^^^^^^^^^^^^^^^^^
/opt/homebrew/Cellar/python@3.11/3.11.15/Frameworks/Python.framework/Versions/3.11/lib/python3.11/concurrent/futures/_base.py:456: in result
    return self.__get_result()
           ^^^^^^^^^^^^^^^^^^^
/opt/homebrew/Cellar/python@3.11/3.11.15/Frameworks/Python.framework/Versions/3.11/lib/python3.11/concurrent/futures/_base.py:401: in __get_result
    raise self._exception
.venv/lib/python3.11/site-packages/anyio/from_thread.py:259: in _call_func
    retval = await retval_or_awaitable
             ^^^^^^^^^^^^^^^^^^^^^^^^^
.venv/lib/python3.11/site-packages/fastapi/applications.py:1160: in __call__
    await super().__call__(scope, receive, send)
.venv/lib/python3.11/site-packages/starlette/applications.py:90: in __call__
    await self.middleware_stack(scope, receive, send)
.venv/lib/python3.11/site-packages/starlette/middleware/errors.py:176: in __call__
    response = await self.handler(request, exc)
               ^^^^^^^^^^^^^^^^^^^^^^^^^^^^^^^^
app/main.py:129: in generic_exception_handler
    raise exc
.venv/lib/python3.11/site-packages/starlette/middleware/errors.py:164: in __call__
    await self.app(scope, receive, _send)
.venv/lib/python3.11/site-packages/starlette/middleware/base.py:191: in __call__
    with recv_stream, send_stream, collapse_excgroups():
/opt/homebrew/Cellar/python@3.11/3.11.15/Frameworks/Python.framework/Versions/3.11/lib/python3.11/contextlib.py:158: in __exit__
    self.gen.throw(typ, value, traceback)
.venv/lib/python3.11/site-packages/starlette/_utils.py:87: in collapse_excgroups
    raise exc
.venv/lib/python3.11/site-packages/starlette/middleware/base.py:193: in __call__
    response = await self.dispatch_func(request, call_next)
               ^^^^^^^^^^^^^^^^^^^^^^^^^^^^^^^^^^^^^^^^^^^^
app/main.py:61: in add_security_headers
    response = await call_next(request)
               ^^^^^^^^^^^^^^^^^^^^^^^^
.venv/lib/python3.11/site-packages/starlette/middleware/base.py:168: in call_next
    raise app_exc from app_exc.__cause__ or app_exc.__context__
.venv/lib/python3.11/site-packages/starlette/middleware/base.py:144: in coro
    await self.app(scope, receive_or_disconnect, send_no_error)
.venv/lib/python3.11/site-packages/starlette/middleware/cors.py:88: in __call__
    await self.app(scope, receive, send)
.venv/lib/python3.11/site-packages/starlette/middleware/exceptions.py:63: in __call__
    await wrap_app_handling_exceptions(self.app, conn)(scope, receive, send)
.venv/lib/python3.11/site-packages/starlette/_exception_handler.py:53: in wrapped_app
    raise exc
.venv/lib/python3.11/site-packages/starlette/_exception_handler.py:42: in wrapped_app
    await app(scope, receive, sender)
.venv/lib/python3.11/site-packages/fastapi/middleware/asyncexitstack.py:18: in __call__
    await self.app(scope, receive, send)
.venv/lib/python3.11/site-packages/starlette/routing.py:660: in __call__
    await self.middleware_stack(scope, receive, send)
.venv/lib/python3.11/site-packages/starlette/routing.py:680: in app
    await route.handle(scope, receive, send)
.venv/lib/python3.11/site-packages/starlette/routing.py:276: in handle
    await self.app(scope, receive, send)
.venv/lib/python3.11/site-packages/fastapi/routing.py:130: in app
    await wrap_app_handling_exceptions(app, request)(scope, receive, send)
.venv/lib/python3.11/site-packages/starlette/_exception_handler.py:53: in wrapped_app
    raise exc
.venv/lib/python3.11/site-packages/starlette/_exception_handler.py:42: in wrapped_app
    await app(scope, receive, sender)
.venv/lib/python3.11/site-packages/fastapi/routing.py:116: in app
    response = await f(request)
               ^^^^^^^^^^^^^^^^
.venv/lib/python3.11/site-packages/fastapi/routing.py:670: in app
    raw_response = await run_endpoint_function(
.venv/lib/python3.11/site-packages/fastapi/routing.py:324: in run_endpoint_function
    return await dependant.call(**values)
           ^^^^^^^^^^^^^^^^^^^^^^^^^^^^^^
.venv/lib/python3.11/site-packages/slowapi/extension.py:734: in async_wrapper
    response = await func(*args, **kwargs)  # type: ignore
               ^^^^^^^^^^^^^^^^^^^^^^^^^^^
app/api/auth.py:426: in login
    user = user_repo.authenticate(email, form_data.password)
           ^^^^^^^^^^^^^^^^^^^^^^^^^^^^^^^^^^^^^^^^^^^^^^^^^
app/repositories/user.py:319: in authenticate
    user = self.get_by_email(email)
           ^^^^^^^^^^^^^^^^^^^^^^^^
app/repositories/user.py:169: in get_by_email
    items, _ = self._query(
app/repositories/base.py:145: in _query
    response = self.table.query(**kwargs)
               ^^^^^^^^^^^^^^^^^^^^^^^^^^
.venv/lib/python3.11/site-packages/boto3/resources/factory.py:581: in do_action
    response = action(self, *args, **kwargs)
               ^^^^^^^^^^^^^^^^^^^^^^^^^^^^^
.venv/lib/python3.11/site-packages/boto3/resources/action.py:88: in __call__
    response = getattr(parent.meta.client, operation_name)(*args, **params)
               ^^^^^^^^^^^^^^^^^^^^^^^^^^^^^^^^^^^^^^^^^^^^^^^^^^^^^^^^^^^^
.venv/lib/python3.11/site-packages/botocore/client.py:602: in _api_call
    return self._make_api_call(operation_name, kwargs)
           ^^^^^^^^^^^^^^^^^^^^^^^^^^^^^^^^^^^^^^^^^^^
.venv/lib/python3.11/site-packages/botocore/context.py:123: in wrapper
    return func(*args, **kwargs)
           ^^^^^^^^^^^^^^^^^^^^^
.venv/lib/python3.11/site-packages/botocore/client.py:1060: in _make_api_call
    http, parsed_response = self._make_request(
.venv/lib/python3.11/site-packages/botocore/client.py:1084: in _make_request
    return self._endpoint.make_request(operation_model, request_dict)
           ^^^^^^^^^^^^^^^^^^^^^^^^^^^^^^^^^^^^^^^^^^^^^^^^^^^^^^^^^^
.venv/lib/python3.11/site-packages/botocore/endpoint.py:119: in make_request
    return self._send_request(request_dict, operation_model)
           ^^^^^^^^^^^^^^^^^^^^^^^^^^^^^^^^^^^^^^^^^^^^^^^^^
.venv/lib/python3.11/site-packages/botocore/endpoint.py:200: in _send_request
    while self._needs_retry(
.venv/lib/python3.11/site-packages/botocore/endpoint.py:360: in _needs_retry
    responses = self._event_emitter.emit(
.venv/lib/python3.11/site-packages/botocore/hooks.py:412: in emit
    return self._emitter.emit(aliased_event_name, **kwargs)
           ^^^^^^^^^^^^^^^^^^^^^^^^^^^^^^^^^^^^^^^^^^^^^^^^
.venv/lib/python3.11/site-packages/botocore/hooks.py:256: in emit
    return self._emit(event_name, kwargs)
           ^^^^^^^^^^^^^^^^^^^^^^^^^^^^^^
.venv/lib/python3.11/site-packages/botocore/hooks.py:239: in _emit
    response = handler(**kwargs)
               ^^^^^^^^^^^^^^^^^
.venv/lib/python3.11/site-packages/botocore/retryhandler.py:207: in __call__
    if self._checker(**checker_kwargs):
       ^^^^^^^^^^^^^^^^^^^^^^^^^^^^^^^
.venv/lib/python3.11/site-packages/botocore/retryhandler.py:284: in __call__
    should_retry = self._should_retry(
.venv/lib/python3.11/site-packages/botocore/retryhandler.py:320: in _should_retry
    return self._checker(attempt_number, response, caught_exception)
           ^^^^^^^^^^^^^^^^^^^^^^^^^^^^^^^^^^^^^^^^^^^^^^^^^^^^^^^^^
.venv/lib/python3.11/site-packages/botocore/retryhandler.py:363: in __call__
    checker_response = checker(
.venv/lib/python3.11/site-packages/botocore/retryhandler.py:247: in __call__
    return self._check_caught_exception(
.venv/lib/python3.11/site-packages/botocore/retryhandler.py:416: in _check_caught_exception
    raise caught_exception
.venv/lib/python3.11/site-packages/botocore/endpoint.py:279: in _do_get_response
    http_response = self._send(request)
                    ^^^^^^^^^^^^^^^^^^^
.venv/lib/python3.11/site-packages/botocore/endpoint.py:383: in _send
    return self.http_session.send(request)
           ^^^^^^^^^^^^^^^^^^^^^^^^^^^^^^^
.venv/lib/python3.11/site-packages/botocore/httpsession.py:506: in send
    raise EndpointConnectionError(endpoint_url=request.url, error=e)
E   botocore.exceptions.EndpointConnectionError: Could not connect to the endpoint URL: "http://localhost:8001/"
---------------------------- Captured stdout setup -----------------------------
2026-05-17 20:14:58 - httpx - INFO - HTTP Request: POST http://testserver/api/v1/auth/register "HTTP/1.1 422 Unprocessable Entity"
------------------------------ Captured log setup ------------------------------
INFO     httpx:_client.py:1025 HTTP Request: POST http://testserver/api/v1/auth/register "HTTP/1.1 422 Unprocessable Entity"
----------------------------- Captured stdout call -----------------------------
2026-05-17 20:15:49 - app.main - ERROR - Unhandled exception: Could not connect to the endpoint URL: "http://localhost:8001/"
Traceback (most recent call last):
  File "/Users/andyschwarz/Documents/Privat/OverCloud/backend/.venv/lib/python3.11/site-packages/urllib3/connection.py", line 204, in _new_conn
    sock = connection.create_connection(
           ^^^^^^^^^^^^^^^^^^^^^^^^^^^^^
  File "/Users/andyschwarz/Documents/Privat/OverCloud/backend/.venv/lib/python3.11/site-packages/urllib3/util/connection.py", line 85, in create_connection
    raise err
  File "/Users/andyschwarz/Documents/Privat/OverCloud/backend/.venv/lib/python3.11/site-packages/urllib3/util/connection.py", line 73, in create_connection
    sock.connect(sa)
ConnectionRefusedError: [Errno 61] Connection refused

The above exception was the direct cause of the following exception:

Traceback (most recent call last):
  File "/Users/andyschwarz/Documents/Privat/OverCloud/backend/.venv/lib/python3.11/site-packages/botocore/httpsession.py", line 477, in send
    urllib_response = conn.urlopen(
                      ^^^^^^^^^^^^^
  File "/Users/andyschwarz/Documents/Privat/OverCloud/backend/.venv/lib/python3.11/site-packages/urllib3/connectionpool.py", line 841, in urlopen
    retries = retries.increment(
              ^^^^^^^^^^^^^^^^^^
  File "/Users/andyschwarz/Documents/Privat/OverCloud/backend/.venv/lib/python3.11/site-packages/urllib3/util/retry.py", line 465, in increment
    raise reraise(type(error), error, _stacktrace)
          ^^^^^^^^^^^^^^^^^^^^^^^^^^^^^^^^^^^^^^^^
  File "/Users/andyschwarz/Documents/Privat/OverCloud/backend/.venv/lib/python3.11/site-packages/urllib3/util/util.py", line 39, in reraise
    raise value
  File "/Users/andyschwarz/Documents/Privat/OverCloud/backend/.venv/lib/python3.11/site-packages/urllib3/connectionpool.py", line 787, in urlopen
    response = self._make_request(
               ^^^^^^^^^^^^^^^^^^^
  File "/Users/andyschwarz/Documents/Privat/OverCloud/backend/.venv/lib/python3.11/site-packages/urllib3/connectionpool.py", line 493, in _make_request
    conn.request(
  File "/Users/andyschwarz/Documents/Privat/OverCloud/backend/.venv/lib/python3.11/site-packages/botocore/awsrequest.py", line 96, in request
    rval = super().request(method, url, body, headers, *args, **kwargs)
           ^^^^^^^^^^^^^^^^^^^^^^^^^^^^^^^^^^^^^^^^^^^^^^^^^^^^^^^^^^^^
  File "/Users/andyschwarz/Documents/Privat/OverCloud/backend/.venv/lib/python3.11/site-packages/urllib3/connection.py", line 500, in request
    self.endheaders()
  File "/opt/homebrew/Cellar/python@3.11/3.11.15/Frameworks/Python.framework/Versions/3.11/lib/python3.11/http/client.py", line 1318, in endheaders
    self._send_output(message_body, encode_chunked=encode_chunked)
  File "/Users/andyschwarz/Documents/Privat/OverCloud/backend/.venv/lib/python3.11/site-packages/botocore/awsrequest.py", line 123, in _send_output
    self.send(msg)
  File "/Users/andyschwarz/Documents/Privat/OverCloud/backend/.venv/lib/python3.11/site-packages/botocore/awsrequest.py", line 223, in send
    return super().send(str)
           ^^^^^^^^^^^^^^^^^
  File "/opt/homebrew/Cellar/python@3.11/3.11.15/Frameworks/Python.framework/Versions/3.11/lib/python3.11/http/client.py", line 1016, in send
    self.connect()
  File "/Users/andyschwarz/Documents/Privat/OverCloud/backend/.venv/lib/python3.11/site-packages/urllib3/connection.py", line 331, in connect
    self.sock = self._new_conn()
                ^^^^^^^^^^^^^^^^
  File "/Users/andyschwarz/Documents/Privat/OverCloud/backend/.venv/lib/python3.11/site-packages/urllib3/connection.py", line 219, in _new_conn
    raise NewConnectionError(
urllib3.exceptions.NewConnectionError: AWSHTTPConnection(host='localhost', port=8001): Failed to establish a new connection: [Errno 61] Connection refused

The above exception was the direct cause of the following exception:

Traceback (most recent call last):
  File "/Users/andyschwarz/Documents/Privat/OverCloud/backend/.venv/lib/python3.11/site-packages/starlette/middleware/errors.py", line 164, in __call__
    await self.app(scope, receive, _send)
  File "/Users/andyschwarz/Documents/Privat/OverCloud/backend/.venv/lib/python3.11/site-packages/starlette/middleware/base.py", line 191, in __call__
    with recv_stream, send_stream, collapse_excgroups():
  File "/opt/homebrew/Cellar/python@3.11/3.11.15/Frameworks/Python.framework/Versions/3.11/lib/python3.11/contextlib.py", line 158, in __exit__
    self.gen.throw(typ, value, traceback)
  File "/Users/andyschwarz/Documents/Privat/OverCloud/backend/.venv/lib/python3.11/site-packages/starlette/_utils.py", line 87, in collapse_excgroups
    raise exc
  File "/Users/andyschwarz/Documents/Privat/OverCloud/backend/.venv/lib/python3.11/site-packages/starlette/middleware/base.py", line 193, in __call__
    response = await self.dispatch_func(request, call_next)
               ^^^^^^^^^^^^^^^^^^^^^^^^^^^^^^^^^^^^^^^^^^^^
  File "/Users/andyschwarz/Documents/Privat/OverCloud/backend/app/main.py", line 61, in add_security_headers
    response = await call_next(request)
               ^^^^^^^^^^^^^^^^^^^^^^^^
  File "/Users/andyschwarz/Documents/Privat/OverCloud/backend/.venv/lib/python3.11/site-packages/starlette/middleware/base.py", line 168, in call_next
    raise app_exc from app_exc.__cause__ or app_exc.__context__
  File "/Users/andyschwarz/Documents/Privat/OverCloud/backend/.venv/lib/python3.11/site-packages/starlette/middleware/base.py", line 144, in coro
    await self.app(scope, receive_or_disconnect, send_no_error)
  File "/Users/andyschwarz/Documents/Privat/OverCloud/backend/.venv/lib/python3.11/site-packages/starlette/middleware/cors.py", line 88, in __call__
    await self.app(scope, receive, send)
  File "/Users/andyschwarz/Documents/Privat/OverCloud/backend/.venv/lib/python3.11/site-packages/starlette/middleware/exceptions.py", line 63, in __call__
    await wrap_app_handling_exceptions(self.app, conn)(scope, receive, send)
  File "/Users/andyschwarz/Documents/Privat/OverCloud/backend/.venv/lib/python3.11/site-packages/starlette/_exception_handler.py", line 53, in wrapped_app
    raise exc
  File "/Users/andyschwarz/Documents/Privat/OverCloud/backend/.venv/lib/python3.11/site-packages/starlette/_exception_handler.py", line 42, in wrapped_app
    await app(scope, receive, sender)
  File "/Users/andyschwarz/Documents/Privat/OverCloud/backend/.venv/lib/python3.11/site-packages/fastapi/middleware/asyncexitstack.py", line 18, in __call__
    await self.app(scope, receive, send)
  File "/Users/andyschwarz/Documents/Privat/OverCloud/backend/.venv/lib/python3.11/site-packages/starlette/routing.py", line 660, in __call__
    await self.middleware_stack(scope, receive, send)
  File "/Users/andyschwarz/Documents/Privat/OverCloud/backend/.venv/lib/python3.11/site-packages/starlette/routing.py", line 680, in app
    await route.handle(scope, receive, send)
  File "/Users/andyschwarz/Documents/Privat/OverCloud/backend/.venv/lib/python3.11/site-packages/starlette/routing.py", line 276, in handle
    await self.app(scope, receive, send)
  File "/Users/andyschwarz/Documents/Privat/OverCloud/backend/.venv/lib/python3.11/site-packages/fastapi/routing.py", line 130, in app
    await wrap_app_handling_exceptions(app, request)(scope, receive, send)
  File "/Users/andyschwarz/Documents/Privat/OverCloud/backend/.venv/lib/python3.11/site-packages/starlette/_exception_handler.py", line 53, in wrapped_app
    raise exc
  File "/Users/andyschwarz/Documents/Privat/OverCloud/backend/.venv/lib/python3.11/site-packages/starlette/_exception_handler.py", line 42, in wrapped_app
    await app(scope, receive, sender)
  File "/Users/andyschwarz/Documents/Privat/OverCloud/backend/.venv/lib/python3.11/site-packages/fastapi/routing.py", line 116, in app
    response = await f(request)
               ^^^^^^^^^^^^^^^^
  File "/Users/andyschwarz/Documents/Privat/OverCloud/backend/.venv/lib/python3.11/site-packages/fastapi/routing.py", line 670, in app
    raw_response = await run_endpoint_function(
                   ^^^^^^^^^^^^^^^^^^^^^^^^^^^^
  File "/Users/andyschwarz/Documents/Privat/OverCloud/backend/.venv/lib/python3.11/site-packages/fastapi/routing.py", line 324, in run_endpoint_function
    return await dependant.call(**values)
           ^^^^^^^^^^^^^^^^^^^^^^^^^^^^^^
  File "/Users/andyschwarz/Documents/Privat/OverCloud/backend/.venv/lib/python3.11/site-packages/slowapi/extension.py", line 734, in async_wrapper
    response = await func(*args, **kwargs)  # type: ignore
               ^^^^^^^^^^^^^^^^^^^^^^^^^^^
  File "/Users/andyschwarz/Documents/Privat/OverCloud/backend/app/api/auth.py", line 426, in login
    user = user_repo.authenticate(email, form_data.password)
           ^^^^^^^^^^^^^^^^^^^^^^^^^^^^^^^^^^^^^^^^^^^^^^^^^
  File "/Users/andyschwarz/Documents/Privat/OverCloud/backend/app/repositories/user.py", line 319, in authenticate
    user = self.get_by_email(email)
           ^^^^^^^^^^^^^^^^^^^^^^^^
  File "/Users/andyschwarz/Documents/Privat/OverCloud/backend/app/repositories/user.py", line 169, in get_by_email
    items, _ = self._query(
               ^^^^^^^^^^^^
  File "/Users/andyschwarz/Documents/Privat/OverCloud/backend/app/repositories/base.py", line 145, in _query
    response = self.table.query(**kwargs)
               ^^^^^^^^^^^^^^^^^^^^^^^^^^
  File "/Users/andyschwarz/Documents/Privat/OverCloud/backend/.venv/lib/python3.11/site-packages/boto3/resources/factory.py", line 581, in do_action
    response = action(self, *args, **kwargs)
               ^^^^^^^^^^^^^^^^^^^^^^^^^^^^^
  File "/Users/andyschwarz/Documents/Privat/OverCloud/backend/.venv/lib/python3.11/site-packages/boto3/resources/action.py", line 88, in __call__
    response = getattr(parent.meta.client, operation_name)(*args, **params)
               ^^^^^^^^^^^^^^^^^^^^^^^^^^^^^^^^^^^^^^^^^^^^^^^^^^^^^^^^^^^^
  File "/Users/andyschwarz/Documents/Privat/OverCloud/backend/.venv/lib/python3.11/site-packages/botocore/client.py", line 602, in _api_call
    return self._make_api_call(operation_name, kwargs)
           ^^^^^^^^^^^^^^^^^^^^^^^^^^^^^^^^^^^^^^^^^^^
  File "/Users/andyschwarz/Documents/Privat/OverCloud/backend/.venv/lib/python3.11/site-packages/botocore/context.py", line 123, in wrapper
    return func(*args, **kwargs)
           ^^^^^^^^^^^^^^^^^^^^^
  File "/Users/andyschwarz/Documents/Privat/OverCloud/backend/.venv/lib/python3.11/site-packages/botocore/client.py", line 1060, in _make_api_call
    http, parsed_response = self._make_request(
                            ^^^^^^^^^^^^^^^^^^^
  File "/Users/andyschwarz/Documents/Privat/OverCloud/backend/.venv/lib/python3.11/site-packages/botocore/client.py", line 1084, in _make_request
    return self._endpoint.make_request(operation_model, request_dict)
           ^^^^^^^^^^^^^^^^^^^^^^^^^^^^^^^^^^^^^^^^^^^^^^^^^^^^^^^^^^
  File "/Users/andyschwarz/Documents/Privat/OverCloud/backend/.venv/lib/python3.11/site-packages/botocore/endpoint.py", line 119, in make_request
    return self._send_request(request_dict, operation_model)
           ^^^^^^^^^^^^^^^^^^^^^^^^^^^^^^^^^^^^^^^^^^^^^^^^^
  File "/Users/andyschwarz/Documents/Privat/OverCloud/backend/.venv/lib/python3.11/site-packages/botocore/endpoint.py", line 200, in _send_request
    while self._needs_retry(
          ^^^^^^^^^^^^^^^^^^
  File "/Users/andyschwarz/Documents/Privat/OverCloud/backend/.venv/lib/python3.11/site-packages/botocore/endpoint.py", line 360, in _needs_retry
    responses = self._event_emitter.emit(
                ^^^^^^^^^^^^^^^^^^^^^^^^^
  File "/Users/andyschwarz/Documents/Privat/OverCloud/backend/.venv/lib/python3.11/site-packages/botocore/hooks.py", line 412, in emit
    return self._emitter.emit(aliased_event_name, **kwargs)
           ^^^^^^^^^^^^^^^^^^^^^^^^^^^^^^^^^^^^^^^^^^^^^^^^
  File "/Users/andyschwarz/Documents/Privat/OverCloud/backend/.venv/lib/python3.11/site-packages/botocore/hooks.py", line 256, in emit
    return self._emit(event_name, kwargs)
           ^^^^^^^^^^^^^^^^^^^^^^^^^^^^^^
  File "/Users/andyschwarz/Documents/Privat/OverCloud/backend/.venv/lib/python3.11/site-packages/botocore/hooks.py", line 239, in _emit
    response = handler(**kwargs)
               ^^^^^^^^^^^^^^^^^
  File "/Users/andyschwarz/Documents/Privat/OverCloud/backend/.venv/lib/python3.11/site-packages/botocore/retryhandler.py", line 207, in __call__
    if self._checker(**checker_kwargs):
       ^^^^^^^^^^^^^^^^^^^^^^^^^^^^^^^
  File "/Users/andyschwarz/Documents/Privat/OverCloud/backend/.venv/lib/python3.11/site-packages/botocore/retryhandler.py", line 284, in __call__
    should_retry = self._should_retry(
                   ^^^^^^^^^^^^^^^^^^^
  File "/Users/andyschwarz/Documents/Privat/OverCloud/backend/.venv/lib/python3.11/site-packages/botocore/retryhandler.py", line 320, in _should_retry
    return self._checker(attempt_number, response, caught_exception)
           ^^^^^^^^^^^^^^^^^^^^^^^^^^^^^^^^^^^^^^^^^^^^^^^^^^^^^^^^^
  File "/Users/andyschwarz/Documents/Privat/OverCloud/backend/.venv/lib/python3.11/site-packages/botocore/retryhandler.py", line 363, in __call__
    checker_response = checker(
                       ^^^^^^^^
  File "/Users/andyschwarz/Documents/Privat/OverCloud/backend/.venv/lib/python3.11/site-packages/botocore/retryhandler.py", line 247, in __call__
    return self._check_caught_exception(
           ^^^^^^^^^^^^^^^^^^^^^^^^^^^^^
  File "/Users/andyschwarz/Documents/Privat/OverCloud/backend/.venv/lib/python3.11/site-packages/botocore/retryhandler.py", line 416, in _check_caught_exception
    raise caught_exception
  File "/Users/andyschwarz/Documents/Privat/OverCloud/backend/.venv/lib/python3.11/site-packages/botocore/endpoint.py", line 279, in _do_get_response
    http_response = self._send(request)
                    ^^^^^^^^^^^^^^^^^^^
  File "/Users/andyschwarz/Documents/Privat/OverCloud/backend/.venv/lib/python3.11/site-packages/botocore/endpoint.py", line 383, in _send
    return self.http_session.send(request)
           ^^^^^^^^^^^^^^^^^^^^^^^^^^^^^^^
  File "/Users/andyschwarz/Documents/Privat/OverCloud/backend/.venv/lib/python3.11/site-packages/botocore/httpsession.py", line 506, in send
    raise EndpointConnectionError(endpoint_url=request.url, error=e)
botocore.exceptions.EndpointConnectionError: Could not connect to the endpoint URL: "http://localhost:8001/"
------------------------------ Captured log call -------------------------------
ERROR    app.main:main.py:112 Unhandled exception: Could not connect to the endpoint URL: "http://localhost:8001/"
Traceback (most recent call last):
  File "/Users/andyschwarz/Documents/Privat/OverCloud/backend/.venv/lib/python3.11/site-packages/urllib3/connection.py", line 204, in _new_conn
    sock = connection.create_connection(
           ^^^^^^^^^^^^^^^^^^^^^^^^^^^^^
  File "/Users/andyschwarz/Documents/Privat/OverCloud/backend/.venv/lib/python3.11/site-packages/urllib3/util/connection.py", line 85, in create_connection
    raise err
  File "/Users/andyschwarz/Documents/Privat/OverCloud/backend/.venv/lib/python3.11/site-packages/urllib3/util/connection.py", line 73, in create_connection
    sock.connect(sa)
ConnectionRefusedError: [Errno 61] Connection refused

The above exception was the direct cause of the following exception:

Traceback (most recent call last):
  File "/Users/andyschwarz/Documents/Privat/OverCloud/backend/.venv/lib/python3.11/site-packages/botocore/httpsession.py", line 477, in send
    urllib_response = conn.urlopen(
                      ^^^^^^^^^^^^^
  File "/Users/andyschwarz/Documents/Privat/OverCloud/backend/.venv/lib/python3.11/site-packages/urllib3/connectionpool.py", line 841, in urlopen
    retries = retries.increment(
              ^^^^^^^^^^^^^^^^^^
  File "/Users/andyschwarz/Documents/Privat/OverCloud/backend/.venv/lib/python3.11/site-packages/urllib3/util/retry.py", line 465, in increment
    raise reraise(type(error), error, _stacktrace)
          ^^^^^^^^^^^^^^^^^^^^^^^^^^^^^^^^^^^^^^^^
  File "/Users/andyschwarz/Documents/Privat/OverCloud/backend/.venv/lib/python3.11/site-packages/urllib3/util/util.py", line 39, in reraise
    raise value
  File "/Users/andyschwarz/Documents/Privat/OverCloud/backend/.venv/lib/python3.11/site-packages/urllib3/connectionpool.py", line 787, in urlopen
    response = self._make_request(
               ^^^^^^^^^^^^^^^^^^^
  File "/Users/andyschwarz/Documents/Privat/OverCloud/backend/.venv/lib/python3.11/site-packages/urllib3/connectionpool.py", line 493, in _make_request
    conn.request(
  File "/Users/andyschwarz/Documents/Privat/OverCloud/backend/.venv/lib/python3.11/site-packages/botocore/awsrequest.py", line 96, in request
    rval = super().request(method, url, body, headers, *args, **kwargs)
           ^^^^^^^^^^^^^^^^^^^^^^^^^^^^^^^^^^^^^^^^^^^^^^^^^^^^^^^^^^^^
  File "/Users/andyschwarz/Documents/Privat/OverCloud/backend/.venv/lib/python3.11/site-packages/urllib3/connection.py", line 500, in request
    self.endheaders()
  File "/opt/homebrew/Cellar/python@3.11/3.11.15/Frameworks/Python.framework/Versions/3.11/lib/python3.11/http/client.py", line 1318, in endheaders
    self._send_output(message_body, encode_chunked=encode_chunked)
  File "/Users/andyschwarz/Documents/Privat/OverCloud/backend/.venv/lib/python3.11/site-packages/botocore/awsrequest.py", line 123, in _send_output
    self.send(msg)
  File "/Users/andyschwarz/Documents/Privat/OverCloud/backend/.venv/lib/python3.11/site-packages/botocore/awsrequest.py", line 223, in send
    return super().send(str)
           ^^^^^^^^^^^^^^^^^
  File "/opt/homebrew/Cellar/python@3.11/3.11.15/Frameworks/Python.framework/Versions/3.11/lib/python3.11/http/client.py", line 1016, in send
    self.connect()
  File "/Users/andyschwarz/Documents/Privat/OverCloud/backend/.venv/lib/python3.11/site-packages/urllib3/connection.py", line 331, in connect
    self.sock = self._new_conn()
                ^^^^^^^^^^^^^^^^
  File "/Users/andyschwarz/Documents/Privat/OverCloud/backend/.venv/lib/python3.11/site-packages/urllib3/connection.py", line 219, in _new_conn
    raise NewConnectionError(
urllib3.exceptions.NewConnectionError: AWSHTTPConnection(host='localhost', port=8001): Failed to establish a new connection: [Errno 61] Connection refused

The above exception was the direct cause of the following exception:

Traceback (most recent call last):
  File "/Users/andyschwarz/Documents/Privat/OverCloud/backend/.venv/lib/python3.11/site-packages/starlette/middleware/errors.py", line 164, in __call__
    await self.app(scope, receive, _send)
  File "/Users/andyschwarz/Documents/Privat/OverCloud/backend/.venv/lib/python3.11/site-packages/starlette/middleware/base.py", line 191, in __call__
    with recv_stream, send_stream, collapse_excgroups():
  File "/opt/homebrew/Cellar/python@3.11/3.11.15/Frameworks/Python.framework/Versions/3.11/lib/python3.11/contextlib.py", line 158, in __exit__
    self.gen.throw(typ, value, traceback)
  File "/Users/andyschwarz/Documents/Privat/OverCloud/backend/.venv/lib/python3.11/site-packages/starlette/_utils.py", line 87, in collapse_excgroups
    raise exc
  File "/Users/andyschwarz/Documents/Privat/OverCloud/backend/.venv/lib/python3.11/site-packages/starlette/middleware/base.py", line 193, in __call__
    response = await self.dispatch_func(request, call_next)
               ^^^^^^^^^^^^^^^^^^^^^^^^^^^^^^^^^^^^^^^^^^^^
  File "/Users/andyschwarz/Documents/Privat/OverCloud/backend/app/main.py", line 61, in add_security_headers
    response = await call_next(request)
               ^^^^^^^^^^^^^^^^^^^^^^^^
  File "/Users/andyschwarz/Documents/Privat/OverCloud/backend/.venv/lib/python3.11/site-packages/starlette/middleware/base.py", line 168, in call_next
    raise app_exc from app_exc.__cause__ or app_exc.__context__
  File "/Users/andyschwarz/Documents/Privat/OverCloud/backend/.venv/lib/python3.11/site-packages/starlette/middleware/base.py", line 144, in coro
    await self.app(scope, receive_or_disconnect, send_no_error)
  File "/Users/andyschwarz/Documents/Privat/OverCloud/backend/.venv/lib/python3.11/site-packages/starlette/middleware/cors.py", line 88, in __call__
    await self.app(scope, receive, send)
  File "/Users/andyschwarz/Documents/Privat/OverCloud/backend/.venv/lib/python3.11/site-packages/starlette/middleware/exceptions.py", line 63, in __call__
    await wrap_app_handling_exceptions(self.app, conn)(scope, receive, send)
  File "/Users/andyschwarz/Documents/Privat/OverCloud/backend/.venv/lib/python3.11/site-packages/starlette/_exception_handler.py", line 53, in wrapped_app
    raise exc
  File "/Users/andyschwarz/Documents/Privat/OverCloud/backend/.venv/lib/python3.11/site-packages/starlette/_exception_handler.py", line 42, in wrapped_app
    await app(scope, receive, sender)
  File "/Users/andyschwarz/Documents/Privat/OverCloud/backend/.venv/lib/python3.11/site-packages/fastapi/middleware/asyncexitstack.py", line 18, in __call__
    await self.app(scope, receive, send)
  File "/Users/andyschwarz/Documents/Privat/OverCloud/backend/.venv/lib/python3.11/site-packages/starlette/routing.py", line 660, in __call__
    await self.middleware_stack(scope, receive, send)
  File "/Users/andyschwarz/Documents/Privat/OverCloud/backend/.venv/lib/python3.11/site-packages/starlette/routing.py", line 680, in app
    await route.handle(scope, receive, send)
  File "/Users/andyschwarz/Documents/Privat/OverCloud/backend/.venv/lib/python3.11/site-packages/starlette/routing.py", line 276, in handle
    await self.app(scope, receive, send)
  File "/Users/andyschwarz/Documents/Privat/OverCloud/backend/.venv/lib/python3.11/site-packages/fastapi/routing.py", line 130, in app
    await wrap_app_handling_exceptions(app, request)(scope, receive, send)
  File "/Users/andyschwarz/Documents/Privat/OverCloud/backend/.venv/lib/python3.11/site-packages/starlette/_exception_handler.py", line 53, in wrapped_app
    raise exc
  File "/Users/andyschwarz/Documents/Privat/OverCloud/backend/.venv/lib/python3.11/site-packages/starlette/_exception_handler.py", line 42, in wrapped_app
    await app(scope, receive, sender)
  File "/Users/andyschwarz/Documents/Privat/OverCloud/backend/.venv/lib/python3.11/site-packages/fastapi/routing.py", line 116, in app
    response = await f(request)
               ^^^^^^^^^^^^^^^^
  File "/Users/andyschwarz/Documents/Privat/OverCloud/backend/.venv/lib/python3.11/site-packages/fastapi/routing.py", line 670, in app
    raw_response = await run_endpoint_function(
                   ^^^^^^^^^^^^^^^^^^^^^^^^^^^^
  File "/Users/andyschwarz/Documents/Privat/OverCloud/backend/.venv/lib/python3.11/site-packages/fastapi/routing.py", line 324, in run_endpoint_function
    return await dependant.call(**values)
           ^^^^^^^^^^^^^^^^^^^^^^^^^^^^^^
  File "/Users/andyschwarz/Documents/Privat/OverCloud/backend/.venv/lib/python3.11/site-packages/slowapi/extension.py", line 734, in async_wrapper
    response = await func(*args, **kwargs)  # type: ignore
               ^^^^^^^^^^^^^^^^^^^^^^^^^^^
  File "/Users/andyschwarz/Documents/Privat/OverCloud/backend/app/api/auth.py", line 426, in login
    user = user_repo.authenticate(email, form_data.password)
           ^^^^^^^^^^^^^^^^^^^^^^^^^^^^^^^^^^^^^^^^^^^^^^^^^
  File "/Users/andyschwarz/Documents/Privat/OverCloud/backend/app/repositories/user.py", line 319, in authenticate
    user = self.get_by_email(email)
           ^^^^^^^^^^^^^^^^^^^^^^^^
  File "/Users/andyschwarz/Documents/Privat/OverCloud/backend/app/repositories/user.py", line 169, in get_by_email
    items, _ = self._query(
               ^^^^^^^^^^^^
  File "/Users/andyschwarz/Documents/Privat/OverCloud/backend/app/repositories/base.py", line 145, in _query
    response = self.table.query(**kwargs)
               ^^^^^^^^^^^^^^^^^^^^^^^^^^
  File "/Users/andyschwarz/Documents/Privat/OverCloud/backend/.venv/lib/python3.11/site-packages/boto3/resources/factory.py", line 581, in do_action
    response = action(self, *args, **kwargs)
               ^^^^^^^^^^^^^^^^^^^^^^^^^^^^^
  File "/Users/andyschwarz/Documents/Privat/OverCloud/backend/.venv/lib/python3.11/site-packages/boto3/resources/action.py", line 88, in __call__
    response = getattr(parent.meta.client, operation_name)(*args, **params)
               ^^^^^^^^^^^^^^^^^^^^^^^^^^^^^^^^^^^^^^^^^^^^^^^^^^^^^^^^^^^^
  File "/Users/andyschwarz/Documents/Privat/OverCloud/backend/.venv/lib/python3.11/site-packages/botocore/client.py", line 602, in _api_call
    return self._make_api_call(operation_name, kwargs)
           ^^^^^^^^^^^^^^^^^^^^^^^^^^^^^^^^^^^^^^^^^^^
  File "/Users/andyschwarz/Documents/Privat/OverCloud/backend/.venv/lib/python3.11/site-packages/botocore/context.py", line 123, in wrapper
    return func(*args, **kwargs)
           ^^^^^^^^^^^^^^^^^^^^^
  File "/Users/andyschwarz/Documents/Privat/OverCloud/backend/.venv/lib/python3.11/site-packages/botocore/client.py", line 1060, in _make_api_call
    http, parsed_response = self._make_request(
                            ^^^^^^^^^^^^^^^^^^^
  File "/Users/andyschwarz/Documents/Privat/OverCloud/backend/.venv/lib/python3.11/site-packages/botocore/client.py", line 1084, in _make_request
    return self._endpoint.make_request(operation_model, request_dict)
           ^^^^^^^^^^^^^^^^^^^^^^^^^^^^^^^^^^^^^^^^^^^^^^^^^^^^^^^^^^
  File "/Users/andyschwarz/Documents/Privat/OverCloud/backend/.venv/lib/python3.11/site-packages/botocore/endpoint.py", line 119, in make_request
    return self._send_request(request_dict, operation_model)
           ^^^^^^^^^^^^^^^^^^^^^^^^^^^^^^^^^^^^^^^^^^^^^^^^^
  File "/Users/andyschwarz/Documents/Privat/OverCloud/backend/.venv/lib/python3.11/site-packages/botocore/endpoint.py", line 200, in _send_request
    while self._needs_retry(
          ^^^^^^^^^^^^^^^^^^
  File "/Users/andyschwarz/Documents/Privat/OverCloud/backend/.venv/lib/python3.11/site-packages/botocore/endpoint.py", line 360, in _needs_retry
    responses = self._event_emitter.emit(
                ^^^^^^^^^^^^^^^^^^^^^^^^^
  File "/Users/andyschwarz/Documents/Privat/OverCloud/backend/.venv/lib/python3.11/site-packages/botocore/hooks.py", line 412, in emit
    return self._emitter.emit(aliased_event_name, **kwargs)
           ^^^^^^^^^^^^^^^^^^^^^^^^^^^^^^^^^^^^^^^^^^^^^^^^
  File "/Users/andyschwarz/Documents/Privat/OverCloud/backend/.venv/lib/python3.11/site-packages/botocore/hooks.py", line 256, in emit
    return self._emit(event_name, kwargs)
           ^^^^^^^^^^^^^^^^^^^^^^^^^^^^^^
  File "/Users/andyschwarz/Documents/Privat/OverCloud/backend/.venv/lib/python3.11/site-packages/botocore/hooks.py", line 239, in _emit
    response = handler(**kwargs)
               ^^^^^^^^^^^^^^^^^
  File "/Users/andyschwarz/Documents/Privat/OverCloud/backend/.venv/lib/python3.11/site-packages/botocore/retryhandler.py", line 207, in __call__
    if self._checker(**checker_kwargs):
       ^^^^^^^^^^^^^^^^^^^^^^^^^^^^^^^
  File "/Users/andyschwarz/Documents/Privat/OverCloud/backend/.venv/lib/python3.11/site-packages/botocore/retryhandler.py", line 284, in __call__
    should_retry = self._should_retry(
                   ^^^^^^^^^^^^^^^^^^^
  File "/Users/andyschwarz/Documents/Privat/OverCloud/backend/.venv/lib/python3.11/site-packages/botocore/retryhandler.py", line 320, in _should_retry
    return self._checker(attempt_number, response, caught_exception)
           ^^^^^^^^^^^^^^^^^^^^^^^^^^^^^^^^^^^^^^^^^^^^^^^^^^^^^^^^^
  File "/Users/andyschwarz/Documents/Privat/OverCloud/backend/.venv/lib/python3.11/site-packages/botocore/retryhandler.py", line 363, in __call__
    checker_response = checker(
                       ^^^^^^^^
  File "/Users/andyschwarz/Documents/Privat/OverCloud/backend/.venv/lib/python3.11/site-packages/botocore/retryhandler.py", line 247, in __call__
    return self._check_caught_exception(
           ^^^^^^^^^^^^^^^^^^^^^^^^^^^^^
  File "/Users/andyschwarz/Documents/Privat/OverCloud/backend/.venv/lib/python3.11/site-packages/botocore/retryhandler.py", line 416, in _check_caught_exception
    raise caught_exception
  File "/Users/andyschwarz/Documents/Privat/OverCloud/backend/.venv/lib/python3.11/site-packages/botocore/endpoint.py", line 279, in _do_get_response
    http_response = self._send(request)
                    ^^^^^^^^^^^^^^^^^^^
  File "/Users/andyschwarz/Documents/Privat/OverCloud/backend/.venv/lib/python3.11/site-packages/botocore/endpoint.py", line 383, in _send
    return self.http_session.send(request)
           ^^^^^^^^^^^^^^^^^^^^^^^^^^^^^^^
  File "/Users/andyschwarz/Documents/Privat/OverCloud/backend/.venv/lib/python3.11/site-packages/botocore/httpsession.py", line 506, in send
    raise EndpointConnectionError(endpoint_url=request.url, error=e)
botocore.exceptions.EndpointConnectionError: Could not connect to the endpoint URL: "http://localhost:8001/"
_______ TestCSRFProtection.test_authenticated_request_with_bearer_token ________
tests/test_csrf_protection.py:101: in test_authenticated_request_with_bearer_token
    token = register_user.json()["access_token"]
            ^^^^^^^^^^^^^^^^^^^^^^^^^^^^^^^^^^^^
E   KeyError: 'access_token'
---------------------------- Captured stdout setup -----------------------------
2026-05-17 20:15:50 - httpx - INFO - HTTP Request: POST http://testserver/api/v1/auth/register "HTTP/1.1 422 Unprocessable Entity"
------------------------------ Captured log setup ------------------------------
INFO     httpx:_client.py:1025 HTTP Request: POST http://testserver/api/v1/auth/register "HTTP/1.1 422 Unprocessable Entity"
_________________ TestCSRFProtection.test_logout_clears_cookie _________________
.venv/lib/python3.11/site-packages/urllib3/connection.py:204: in _new_conn
    sock = connection.create_connection(
.venv/lib/python3.11/site-packages/urllib3/util/connection.py:85: in create_connection
    raise err
.venv/lib/python3.11/site-packages/urllib3/util/connection.py:73: in create_connection
    sock.connect(sa)
E   ConnectionRefusedError: [Errno 61] Connection refused

The above exception was the direct cause of the following exception:
.venv/lib/python3.11/site-packages/botocore/httpsession.py:477: in send
    urllib_response = conn.urlopen(
.venv/lib/python3.11/site-packages/urllib3/connectionpool.py:841: in urlopen
    retries = retries.increment(
.venv/lib/python3.11/site-packages/urllib3/util/retry.py:465: in increment
    raise reraise(type(error), error, _stacktrace)
          ^^^^^^^^^^^^^^^^^^^^^^^^^^^^^^^^^^^^^^^^
.venv/lib/python3.11/site-packages/urllib3/util/util.py:39: in reraise
    raise value
.venv/lib/python3.11/site-packages/urllib3/connectionpool.py:787: in urlopen
    response = self._make_request(
.venv/lib/python3.11/site-packages/urllib3/connectionpool.py:493: in _make_request
    conn.request(
.venv/lib/python3.11/site-packages/botocore/awsrequest.py:96: in request
    rval = super().request(method, url, body, headers, *args, **kwargs)
           ^^^^^^^^^^^^^^^^^^^^^^^^^^^^^^^^^^^^^^^^^^^^^^^^^^^^^^^^^^^^
.venv/lib/python3.11/site-packages/urllib3/connection.py:500: in request
    self.endheaders()
/opt/homebrew/Cellar/python@3.11/3.11.15/Frameworks/Python.framework/Versions/3.11/lib/python3.11/http/client.py:1318: in endheaders
    self._send_output(message_body, encode_chunked=encode_chunked)
.venv/lib/python3.11/site-packages/botocore/awsrequest.py:123: in _send_output
    self.send(msg)
.venv/lib/python3.11/site-packages/botocore/awsrequest.py:223: in send
    return super().send(str)
           ^^^^^^^^^^^^^^^^^
/opt/homebrew/Cellar/python@3.11/3.11.15/Frameworks/Python.framework/Versions/3.11/lib/python3.11/http/client.py:1016: in send
    self.connect()
.venv/lib/python3.11/site-packages/urllib3/connection.py:331: in connect
    self.sock = self._new_conn()
                ^^^^^^^^^^^^^^^^
.venv/lib/python3.11/site-packages/urllib3/connection.py:219: in _new_conn
    raise NewConnectionError(
E   urllib3.exceptions.NewConnectionError: AWSHTTPConnection(host='localhost', port=8001): Failed to establish a new connection: [Errno 61] Connection refused

The above exception was the direct cause of the following exception:
tests/test_csrf_protection.py:130: in test_logout_clears_cookie
    login_response = client.post(
.venv/lib/python3.11/site-packages/starlette/testclient.py:546: in post
    return super().post(
.venv/lib/python3.11/site-packages/httpx/_client.py:1144: in post
    return self.request(
.venv/lib/python3.11/site-packages/starlette/testclient.py:445: in request
    return super().request(
.venv/lib/python3.11/site-packages/httpx/_client.py:825: in request
    return self.send(request, auth=auth, follow_redirects=follow_redirects)
           ^^^^^^^^^^^^^^^^^^^^^^^^^^^^^^^^^^^^^^^^^^^^^^^^^^^^^^^^^^^^^^^^
.venv/lib/python3.11/site-packages/httpx/_client.py:914: in send
    response = self._send_handling_auth(
.venv/lib/python3.11/site-packages/httpx/_client.py:942: in _send_handling_auth
    response = self._send_handling_redirects(
.venv/lib/python3.11/site-packages/httpx/_client.py:979: in _send_handling_redirects
    response = self._send_single_request(request)
               ^^^^^^^^^^^^^^^^^^^^^^^^^^^^^^^^^^
.venv/lib/python3.11/site-packages/httpx/_client.py:1014: in _send_single_request
    response = transport.handle_request(request)
               ^^^^^^^^^^^^^^^^^^^^^^^^^^^^^^^^^
.venv/lib/python3.11/site-packages/starlette/testclient.py:348: in handle_request
    raise exc
.venv/lib/python3.11/site-packages/starlette/testclient.py:345: in handle_request
    portal.call(self.app, scope, receive, send)
.venv/lib/python3.11/site-packages/anyio/from_thread.py:334: in call
    return cast(T_Retval, self.start_task_soon(func, *args).result())
                          ^^^^^^^^^^^^^^^^^^^^^^^^^^^^^^^^^^^^^^^^^^
/opt/homebrew/Cellar/python@3.11/3.11.15/Frameworks/Python.framework/Versions/3.11/lib/python3.11/concurrent/futures/_base.py:456: in result
    return self.__get_result()
           ^^^^^^^^^^^^^^^^^^^
/opt/homebrew/Cellar/python@3.11/3.11.15/Frameworks/Python.framework/Versions/3.11/lib/python3.11/concurrent/futures/_base.py:401: in __get_result
    raise self._exception
.venv/lib/python3.11/site-packages/anyio/from_thread.py:259: in _call_func
    retval = await retval_or_awaitable
             ^^^^^^^^^^^^^^^^^^^^^^^^^
.venv/lib/python3.11/site-packages/fastapi/applications.py:1160: in __call__
    await super().__call__(scope, receive, send)
.venv/lib/python3.11/site-packages/starlette/applications.py:90: in __call__
    await self.middleware_stack(scope, receive, send)
.venv/lib/python3.11/site-packages/starlette/middleware/errors.py:176: in __call__
    response = await self.handler(request, exc)
               ^^^^^^^^^^^^^^^^^^^^^^^^^^^^^^^^
app/main.py:129: in generic_exception_handler
    raise exc
.venv/lib/python3.11/site-packages/starlette/middleware/errors.py:164: in __call__
    await self.app(scope, receive, _send)
.venv/lib/python3.11/site-packages/starlette/middleware/base.py:191: in __call__
    with recv_stream, send_stream, collapse_excgroups():
/opt/homebrew/Cellar/python@3.11/3.11.15/Frameworks/Python.framework/Versions/3.11/lib/python3.11/contextlib.py:158: in __exit__
    self.gen.throw(typ, value, traceback)
.venv/lib/python3.11/site-packages/starlette/_utils.py:87: in collapse_excgroups
    raise exc
.venv/lib/python3.11/site-packages/starlette/middleware/base.py:193: in __call__
    response = await self.dispatch_func(request, call_next)
               ^^^^^^^^^^^^^^^^^^^^^^^^^^^^^^^^^^^^^^^^^^^^
app/main.py:61: in add_security_headers
    response = await call_next(request)
               ^^^^^^^^^^^^^^^^^^^^^^^^
.venv/lib/python3.11/site-packages/starlette/middleware/base.py:168: in call_next
    raise app_exc from app_exc.__cause__ or app_exc.__context__
.venv/lib/python3.11/site-packages/starlette/middleware/base.py:144: in coro
    await self.app(scope, receive_or_disconnect, send_no_error)
.venv/lib/python3.11/site-packages/starlette/middleware/cors.py:88: in __call__
    await self.app(scope, receive, send)
.venv/lib/python3.11/site-packages/starlette/middleware/exceptions.py:63: in __call__
    await wrap_app_handling_exceptions(self.app, conn)(scope, receive, send)
.venv/lib/python3.11/site-packages/starlette/_exception_handler.py:53: in wrapped_app
    raise exc
.venv/lib/python3.11/site-packages/starlette/_exception_handler.py:42: in wrapped_app
    await app(scope, receive, sender)
.venv/lib/python3.11/site-packages/fastapi/middleware/asyncexitstack.py:18: in __call__
    await self.app(scope, receive, send)
.venv/lib/python3.11/site-packages/starlette/routing.py:660: in __call__
    await self.middleware_stack(scope, receive, send)
.venv/lib/python3.11/site-packages/starlette/routing.py:680: in app
    await route.handle(scope, receive, send)
.venv/lib/python3.11/site-packages/starlette/routing.py:276: in handle
    await self.app(scope, receive, send)
.venv/lib/python3.11/site-packages/fastapi/routing.py:130: in app
    await wrap_app_handling_exceptions(app, request)(scope, receive, send)
.venv/lib/python3.11/site-packages/starlette/_exception_handler.py:53: in wrapped_app
    raise exc
.venv/lib/python3.11/site-packages/starlette/_exception_handler.py:42: in wrapped_app
    await app(scope, receive, sender)
.venv/lib/python3.11/site-packages/fastapi/routing.py:116: in app
    response = await f(request)
               ^^^^^^^^^^^^^^^^
.venv/lib/python3.11/site-packages/fastapi/routing.py:670: in app
    raw_response = await run_endpoint_function(
.venv/lib/python3.11/site-packages/fastapi/routing.py:324: in run_endpoint_function
    return await dependant.call(**values)
           ^^^^^^^^^^^^^^^^^^^^^^^^^^^^^^
.venv/lib/python3.11/site-packages/slowapi/extension.py:734: in async_wrapper
    response = await func(*args, **kwargs)  # type: ignore
               ^^^^^^^^^^^^^^^^^^^^^^^^^^^
app/api/auth.py:426: in login
    user = user_repo.authenticate(email, form_data.password)
           ^^^^^^^^^^^^^^^^^^^^^^^^^^^^^^^^^^^^^^^^^^^^^^^^^
app/repositories/user.py:319: in authenticate
    user = self.get_by_email(email)
           ^^^^^^^^^^^^^^^^^^^^^^^^
app/repositories/user.py:169: in get_by_email
    items, _ = self._query(
app/repositories/base.py:145: in _query
    response = self.table.query(**kwargs)
               ^^^^^^^^^^^^^^^^^^^^^^^^^^
.venv/lib/python3.11/site-packages/boto3/resources/factory.py:581: in do_action
    response = action(self, *args, **kwargs)
               ^^^^^^^^^^^^^^^^^^^^^^^^^^^^^
.venv/lib/python3.11/site-packages/boto3/resources/action.py:88: in __call__
    response = getattr(parent.meta.client, operation_name)(*args, **params)
               ^^^^^^^^^^^^^^^^^^^^^^^^^^^^^^^^^^^^^^^^^^^^^^^^^^^^^^^^^^^^
.venv/lib/python3.11/site-packages/botocore/client.py:602: in _api_call
    return self._make_api_call(operation_name, kwargs)
           ^^^^^^^^^^^^^^^^^^^^^^^^^^^^^^^^^^^^^^^^^^^
.venv/lib/python3.11/site-packages/botocore/context.py:123: in wrapper
    return func(*args, **kwargs)
           ^^^^^^^^^^^^^^^^^^^^^
.venv/lib/python3.11/site-packages/botocore/client.py:1060: in _make_api_call
    http, parsed_response = self._make_request(
.venv/lib/python3.11/site-packages/botocore/client.py:1084: in _make_request
    return self._endpoint.make_request(operation_model, request_dict)
           ^^^^^^^^^^^^^^^^^^^^^^^^^^^^^^^^^^^^^^^^^^^^^^^^^^^^^^^^^^
.venv/lib/python3.11/site-packages/botocore/endpoint.py:119: in make_request
    return self._send_request(request_dict, operation_model)
           ^^^^^^^^^^^^^^^^^^^^^^^^^^^^^^^^^^^^^^^^^^^^^^^^^
.venv/lib/python3.11/site-packages/botocore/endpoint.py:200: in _send_request
    while self._needs_retry(
.venv/lib/python3.11/site-packages/botocore/endpoint.py:360: in _needs_retry
    responses = self._event_emitter.emit(
.venv/lib/python3.11/site-packages/botocore/hooks.py:412: in emit
    return self._emitter.emit(aliased_event_name, **kwargs)
           ^^^^^^^^^^^^^^^^^^^^^^^^^^^^^^^^^^^^^^^^^^^^^^^^
.venv/lib/python3.11/site-packages/botocore/hooks.py:256: in emit
    return self._emit(event_name, kwargs)
           ^^^^^^^^^^^^^^^^^^^^^^^^^^^^^^
.venv/lib/python3.11/site-packages/botocore/hooks.py:239: in _emit
    response = handler(**kwargs)
               ^^^^^^^^^^^^^^^^^
.venv/lib/python3.11/site-packages/botocore/retryhandler.py:207: in __call__
    if self._checker(**checker_kwargs):
       ^^^^^^^^^^^^^^^^^^^^^^^^^^^^^^^
.venv/lib/python3.11/site-packages/botocore/retryhandler.py:284: in __call__
    should_retry = self._should_retry(
.venv/lib/python3.11/site-packages/botocore/retryhandler.py:320: in _should_retry
    return self._checker(attempt_number, response, caught_exception)
           ^^^^^^^^^^^^^^^^^^^^^^^^^^^^^^^^^^^^^^^^^^^^^^^^^^^^^^^^^
.venv/lib/python3.11/site-packages/botocore/retryhandler.py:363: in __call__
    checker_response = checker(
.venv/lib/python3.11/site-packages/botocore/retryhandler.py:247: in __call__
    return self._check_caught_exception(
.venv/lib/python3.11/site-packages/botocore/retryhandler.py:416: in _check_caught_exception
    raise caught_exception
.venv/lib/python3.11/site-packages/botocore/endpoint.py:279: in _do_get_response
    http_response = self._send(request)
                    ^^^^^^^^^^^^^^^^^^^
.venv/lib/python3.11/site-packages/botocore/endpoint.py:383: in _send
    return self.http_session.send(request)
           ^^^^^^^^^^^^^^^^^^^^^^^^^^^^^^^
.venv/lib/python3.11/site-packages/botocore/httpsession.py:506: in send
    raise EndpointConnectionError(endpoint_url=request.url, error=e)
E   botocore.exceptions.EndpointConnectionError: Could not connect to the endpoint URL: "http://localhost:8001/"
---------------------------- Captured stdout setup -----------------------------
2026-05-17 20:15:50 - httpx - INFO - HTTP Request: POST http://testserver/api/v1/auth/register "HTTP/1.1 422 Unprocessable Entity"
------------------------------ Captured log setup ------------------------------
INFO     httpx:_client.py:1025 HTTP Request: POST http://testserver/api/v1/auth/register "HTTP/1.1 422 Unprocessable Entity"
----------------------------- Captured stdout call -----------------------------
2026-05-17 20:16:41 - app.main - ERROR - Unhandled exception: Could not connect to the endpoint URL: "http://localhost:8001/"
Traceback (most recent call last):
  File "/Users/andyschwarz/Documents/Privat/OverCloud/backend/.venv/lib/python3.11/site-packages/urllib3/connection.py", line 204, in _new_conn
    sock = connection.create_connection(
           ^^^^^^^^^^^^^^^^^^^^^^^^^^^^^
  File "/Users/andyschwarz/Documents/Privat/OverCloud/backend/.venv/lib/python3.11/site-packages/urllib3/util/connection.py", line 85, in create_connection
    raise err
  File "/Users/andyschwarz/Documents/Privat/OverCloud/backend/.venv/lib/python3.11/site-packages/urllib3/util/connection.py", line 73, in create_connection
    sock.connect(sa)
ConnectionRefusedError: [Errno 61] Connection refused

The above exception was the direct cause of the following exception:

Traceback (most recent call last):
  File "/Users/andyschwarz/Documents/Privat/OverCloud/backend/.venv/lib/python3.11/site-packages/botocore/httpsession.py", line 477, in send
    urllib_response = conn.urlopen(
                      ^^^^^^^^^^^^^
  File "/Users/andyschwarz/Documents/Privat/OverCloud/backend/.venv/lib/python3.11/site-packages/urllib3/connectionpool.py", line 841, in urlopen
    retries = retries.increment(
              ^^^^^^^^^^^^^^^^^^
  File "/Users/andyschwarz/Documents/Privat/OverCloud/backend/.venv/lib/python3.11/site-packages/urllib3/util/retry.py", line 465, in increment
    raise reraise(type(error), error, _stacktrace)
          ^^^^^^^^^^^^^^^^^^^^^^^^^^^^^^^^^^^^^^^^
  File "/Users/andyschwarz/Documents/Privat/OverCloud/backend/.venv/lib/python3.11/site-packages/urllib3/util/util.py", line 39, in reraise
    raise value
  File "/Users/andyschwarz/Documents/Privat/OverCloud/backend/.venv/lib/python3.11/site-packages/urllib3/connectionpool.py", line 787, in urlopen
    response = self._make_request(
               ^^^^^^^^^^^^^^^^^^^
  File "/Users/andyschwarz/Documents/Privat/OverCloud/backend/.venv/lib/python3.11/site-packages/urllib3/connectionpool.py", line 493, in _make_request
    conn.request(
  File "/Users/andyschwarz/Documents/Privat/OverCloud/backend/.venv/lib/python3.11/site-packages/botocore/awsrequest.py", line 96, in request
    rval = super().request(method, url, body, headers, *args, **kwargs)
           ^^^^^^^^^^^^^^^^^^^^^^^^^^^^^^^^^^^^^^^^^^^^^^^^^^^^^^^^^^^^
  File "/Users/andyschwarz/Documents/Privat/OverCloud/backend/.venv/lib/python3.11/site-packages/urllib3/connection.py", line 500, in request
    self.endheaders()
  File "/opt/homebrew/Cellar/python@3.11/3.11.15/Frameworks/Python.framework/Versions/3.11/lib/python3.11/http/client.py", line 1318, in endheaders
    self._send_output(message_body, encode_chunked=encode_chunked)
  File "/Users/andyschwarz/Documents/Privat/OverCloud/backend/.venv/lib/python3.11/site-packages/botocore/awsrequest.py", line 123, in _send_output
    self.send(msg)
  File "/Users/andyschwarz/Documents/Privat/OverCloud/backend/.venv/lib/python3.11/site-packages/botocore/awsrequest.py", line 223, in send
    return super().send(str)
           ^^^^^^^^^^^^^^^^^
  File "/opt/homebrew/Cellar/python@3.11/3.11.15/Frameworks/Python.framework/Versions/3.11/lib/python3.11/http/client.py", line 1016, in send
    self.connect()
  File "/Users/andyschwarz/Documents/Privat/OverCloud/backend/.venv/lib/python3.11/site-packages/urllib3/connection.py", line 331, in connect
    self.sock = self._new_conn()
                ^^^^^^^^^^^^^^^^
  File "/Users/andyschwarz/Documents/Privat/OverCloud/backend/.venv/lib/python3.11/site-packages/urllib3/connection.py", line 219, in _new_conn
    raise NewConnectionError(
urllib3.exceptions.NewConnectionError: AWSHTTPConnection(host='localhost', port=8001): Failed to establish a new connection: [Errno 61] Connection refused

The above exception was the direct cause of the following exception:

Traceback (most recent call last):
  File "/Users/andyschwarz/Documents/Privat/OverCloud/backend/.venv/lib/python3.11/site-packages/starlette/middleware/errors.py", line 164, in __call__
    await self.app(scope, receive, _send)
  File "/Users/andyschwarz/Documents/Privat/OverCloud/backend/.venv/lib/python3.11/site-packages/starlette/middleware/base.py", line 191, in __call__
    with recv_stream, send_stream, collapse_excgroups():
  File "/opt/homebrew/Cellar/python@3.11/3.11.15/Frameworks/Python.framework/Versions/3.11/lib/python3.11/contextlib.py", line 158, in __exit__
    self.gen.throw(typ, value, traceback)
  File "/Users/andyschwarz/Documents/Privat/OverCloud/backend/.venv/lib/python3.11/site-packages/starlette/_utils.py", line 87, in collapse_excgroups
    raise exc
  File "/Users/andyschwarz/Documents/Privat/OverCloud/backend/.venv/lib/python3.11/site-packages/starlette/middleware/base.py", line 193, in __call__
    response = await self.dispatch_func(request, call_next)
               ^^^^^^^^^^^^^^^^^^^^^^^^^^^^^^^^^^^^^^^^^^^^
  File "/Users/andyschwarz/Documents/Privat/OverCloud/backend/app/main.py", line 61, in add_security_headers
    response = await call_next(request)
               ^^^^^^^^^^^^^^^^^^^^^^^^
  File "/Users/andyschwarz/Documents/Privat/OverCloud/backend/.venv/lib/python3.11/site-packages/starlette/middleware/base.py", line 168, in call_next
    raise app_exc from app_exc.__cause__ or app_exc.__context__
  File "/Users/andyschwarz/Documents/Privat/OverCloud/backend/.venv/lib/python3.11/site-packages/starlette/middleware/base.py", line 144, in coro
    await self.app(scope, receive_or_disconnect, send_no_error)
  File "/Users/andyschwarz/Documents/Privat/OverCloud/backend/.venv/lib/python3.11/site-packages/starlette/middleware/cors.py", line 88, in __call__
    await self.app(scope, receive, send)
  File "/Users/andyschwarz/Documents/Privat/OverCloud/backend/.venv/lib/python3.11/site-packages/starlette/middleware/exceptions.py", line 63, in __call__
    await wrap_app_handling_exceptions(self.app, conn)(scope, receive, send)
  File "/Users/andyschwarz/Documents/Privat/OverCloud/backend/.venv/lib/python3.11/site-packages/starlette/_exception_handler.py", line 53, in wrapped_app
    raise exc
  File "/Users/andyschwarz/Documents/Privat/OverCloud/backend/.venv/lib/python3.11/site-packages/starlette/_exception_handler.py", line 42, in wrapped_app
    await app(scope, receive, sender)
  File "/Users/andyschwarz/Documents/Privat/OverCloud/backend/.venv/lib/python3.11/site-packages/fastapi/middleware/asyncexitstack.py", line 18, in __call__
    await self.app(scope, receive, send)
  File "/Users/andyschwarz/Documents/Privat/OverCloud/backend/.venv/lib/python3.11/site-packages/starlette/routing.py", line 660, in __call__
    await self.middleware_stack(scope, receive, send)
  File "/Users/andyschwarz/Documents/Privat/OverCloud/backend/.venv/lib/python3.11/site-packages/starlette/routing.py", line 680, in app
    await route.handle(scope, receive, send)
  File "/Users/andyschwarz/Documents/Privat/OverCloud/backend/.venv/lib/python3.11/site-packages/starlette/routing.py", line 276, in handle
    await self.app(scope, receive, send)
  File "/Users/andyschwarz/Documents/Privat/OverCloud/backend/.venv/lib/python3.11/site-packages/fastapi/routing.py", line 130, in app
    await wrap_app_handling_exceptions(app, request)(scope, receive, send)
  File "/Users/andyschwarz/Documents/Privat/OverCloud/backend/.venv/lib/python3.11/site-packages/starlette/_exception_handler.py", line 53, in wrapped_app
    raise exc
  File "/Users/andyschwarz/Documents/Privat/OverCloud/backend/.venv/lib/python3.11/site-packages/starlette/_exception_handler.py", line 42, in wrapped_app
    await app(scope, receive, sender)
  File "/Users/andyschwarz/Documents/Privat/OverCloud/backend/.venv/lib/python3.11/site-packages/fastapi/routing.py", line 116, in app
    response = await f(request)
               ^^^^^^^^^^^^^^^^
  File "/Users/andyschwarz/Documents/Privat/OverCloud/backend/.venv/lib/python3.11/site-packages/fastapi/routing.py", line 670, in app
    raw_response = await run_endpoint_function(
                   ^^^^^^^^^^^^^^^^^^^^^^^^^^^^
  File "/Users/andyschwarz/Documents/Privat/OverCloud/backend/.venv/lib/python3.11/site-packages/fastapi/routing.py", line 324, in run_endpoint_function
    return await dependant.call(**values)
           ^^^^^^^^^^^^^^^^^^^^^^^^^^^^^^
  File "/Users/andyschwarz/Documents/Privat/OverCloud/backend/.venv/lib/python3.11/site-packages/slowapi/extension.py", line 734, in async_wrapper
    response = await func(*args, **kwargs)  # type: ignore
               ^^^^^^^^^^^^^^^^^^^^^^^^^^^
  File "/Users/andyschwarz/Documents/Privat/OverCloud/backend/app/api/auth.py", line 426, in login
    user = user_repo.authenticate(email, form_data.password)
           ^^^^^^^^^^^^^^^^^^^^^^^^^^^^^^^^^^^^^^^^^^^^^^^^^
  File "/Users/andyschwarz/Documents/Privat/OverCloud/backend/app/repositories/user.py", line 319, in authenticate
    user = self.get_by_email(email)
           ^^^^^^^^^^^^^^^^^^^^^^^^
  File "/Users/andyschwarz/Documents/Privat/OverCloud/backend/app/repositories/user.py", line 169, in get_by_email
    items, _ = self._query(
               ^^^^^^^^^^^^
  File "/Users/andyschwarz/Documents/Privat/OverCloud/backend/app/repositories/base.py", line 145, in _query
    response = self.table.query(**kwargs)
               ^^^^^^^^^^^^^^^^^^^^^^^^^^
  File "/Users/andyschwarz/Documents/Privat/OverCloud/backend/.venv/lib/python3.11/site-packages/boto3/resources/factory.py", line 581, in do_action
    response = action(self, *args, **kwargs)
               ^^^^^^^^^^^^^^^^^^^^^^^^^^^^^
  File "/Users/andyschwarz/Documents/Privat/OverCloud/backend/.venv/lib/python3.11/site-packages/boto3/resources/action.py", line 88, in __call__
    response = getattr(parent.meta.client, operation_name)(*args, **params)
               ^^^^^^^^^^^^^^^^^^^^^^^^^^^^^^^^^^^^^^^^^^^^^^^^^^^^^^^^^^^^
  File "/Users/andyschwarz/Documents/Privat/OverCloud/backend/.venv/lib/python3.11/site-packages/botocore/client.py", line 602, in _api_call
    return self._make_api_call(operation_name, kwargs)
           ^^^^^^^^^^^^^^^^^^^^^^^^^^^^^^^^^^^^^^^^^^^
  File "/Users/andyschwarz/Documents/Privat/OverCloud/backend/.venv/lib/python3.11/site-packages/botocore/context.py", line 123, in wrapper
    return func(*args, **kwargs)
           ^^^^^^^^^^^^^^^^^^^^^
  File "/Users/andyschwarz/Documents/Privat/OverCloud/backend/.venv/lib/python3.11/site-packages/botocore/client.py", line 1060, in _make_api_call
    http, parsed_response = self._make_request(
                            ^^^^^^^^^^^^^^^^^^^
  File "/Users/andyschwarz/Documents/Privat/OverCloud/backend/.venv/lib/python3.11/site-packages/botocore/client.py", line 1084, in _make_request
    return self._endpoint.make_request(operation_model, request_dict)
           ^^^^^^^^^^^^^^^^^^^^^^^^^^^^^^^^^^^^^^^^^^^^^^^^^^^^^^^^^^
  File "/Users/andyschwarz/Documents/Privat/OverCloud/backend/.venv/lib/python3.11/site-packages/botocore/endpoint.py", line 119, in make_request
    return self._send_request(request_dict, operation_model)
           ^^^^^^^^^^^^^^^^^^^^^^^^^^^^^^^^^^^^^^^^^^^^^^^^^
  File "/Users/andyschwarz/Documents/Privat/OverCloud/backend/.venv/lib/python3.11/site-packages/botocore/endpoint.py", line 200, in _send_request
    while self._needs_retry(
          ^^^^^^^^^^^^^^^^^^
  File "/Users/andyschwarz/Documents/Privat/OverCloud/backend/.venv/lib/python3.11/site-packages/botocore/endpoint.py", line 360, in _needs_retry
    responses = self._event_emitter.emit(
                ^^^^^^^^^^^^^^^^^^^^^^^^^
  File "/Users/andyschwarz/Documents/Privat/OverCloud/backend/.venv/lib/python3.11/site-packages/botocore/hooks.py", line 412, in emit
    return self._emitter.emit(aliased_event_name, **kwargs)
           ^^^^^^^^^^^^^^^^^^^^^^^^^^^^^^^^^^^^^^^^^^^^^^^^
  File "/Users/andyschwarz/Documents/Privat/OverCloud/backend/.venv/lib/python3.11/site-packages/botocore/hooks.py", line 256, in emit
    return self._emit(event_name, kwargs)
           ^^^^^^^^^^^^^^^^^^^^^^^^^^^^^^
  File "/Users/andyschwarz/Documents/Privat/OverCloud/backend/.venv/lib/python3.11/site-packages/botocore/hooks.py", line 239, in _emit
    response = handler(**kwargs)
               ^^^^^^^^^^^^^^^^^
  File "/Users/andyschwarz/Documents/Privat/OverCloud/backend/.venv/lib/python3.11/site-packages/botocore/retryhandler.py", line 207, in __call__
    if self._checker(**checker_kwargs):
       ^^^^^^^^^^^^^^^^^^^^^^^^^^^^^^^
  File "/Users/andyschwarz/Documents/Privat/OverCloud/backend/.venv/lib/python3.11/site-packages/botocore/retryhandler.py", line 284, in __call__
    should_retry = self._should_retry(
                   ^^^^^^^^^^^^^^^^^^^
  File "/Users/andyschwarz/Documents/Privat/OverCloud/backend/.venv/lib/python3.11/site-packages/botocore/retryhandler.py", line 320, in _should_retry
    return self._checker(attempt_number, response, caught_exception)
           ^^^^^^^^^^^^^^^^^^^^^^^^^^^^^^^^^^^^^^^^^^^^^^^^^^^^^^^^^
  File "/Users/andyschwarz/Documents/Privat/OverCloud/backend/.venv/lib/python3.11/site-packages/botocore/retryhandler.py", line 363, in __call__
    checker_response = checker(
                       ^^^^^^^^
  File "/Users/andyschwarz/Documents/Privat/OverCloud/backend/.venv/lib/python3.11/site-packages/botocore/retryhandler.py", line 247, in __call__
    return self._check_caught_exception(
           ^^^^^^^^^^^^^^^^^^^^^^^^^^^^^
  File "/Users/andyschwarz/Documents/Privat/OverCloud/backend/.venv/lib/python3.11/site-packages/botocore/retryhandler.py", line 416, in _check_caught_exception
    raise caught_exception
  File "/Users/andyschwarz/Documents/Privat/OverCloud/backend/.venv/lib/python3.11/site-packages/botocore/endpoint.py", line 279, in _do_get_response
    http_response = self._send(request)
                    ^^^^^^^^^^^^^^^^^^^
  File "/Users/andyschwarz/Documents/Privat/OverCloud/backend/.venv/lib/python3.11/site-packages/botocore/endpoint.py", line 383, in _send
    return self.http_session.send(request)
           ^^^^^^^^^^^^^^^^^^^^^^^^^^^^^^^
  File "/Users/andyschwarz/Documents/Privat/OverCloud/backend/.venv/lib/python3.11/site-packages/botocore/httpsession.py", line 506, in send
    raise EndpointConnectionError(endpoint_url=request.url, error=e)
botocore.exceptions.EndpointConnectionError: Could not connect to the endpoint URL: "http://localhost:8001/"
------------------------------ Captured log call -------------------------------
ERROR    app.main:main.py:112 Unhandled exception: Could not connect to the endpoint URL: "http://localhost:8001/"
Traceback (most recent call last):
  File "/Users/andyschwarz/Documents/Privat/OverCloud/backend/.venv/lib/python3.11/site-packages/urllib3/connection.py", line 204, in _new_conn
    sock = connection.create_connection(
           ^^^^^^^^^^^^^^^^^^^^^^^^^^^^^
  File "/Users/andyschwarz/Documents/Privat/OverCloud/backend/.venv/lib/python3.11/site-packages/urllib3/util/connection.py", line 85, in create_connection
    raise err
  File "/Users/andyschwarz/Documents/Privat/OverCloud/backend/.venv/lib/python3.11/site-packages/urllib3/util/connection.py", line 73, in create_connection
    sock.connect(sa)
ConnectionRefusedError: [Errno 61] Connection refused

The above exception was the direct cause of the following exception:

Traceback (most recent call last):
  File "/Users/andyschwarz/Documents/Privat/OverCloud/backend/.venv/lib/python3.11/site-packages/botocore/httpsession.py", line 477, in send
    urllib_response = conn.urlopen(
                      ^^^^^^^^^^^^^
  File "/Users/andyschwarz/Documents/Privat/OverCloud/backend/.venv/lib/python3.11/site-packages/urllib3/connectionpool.py", line 841, in urlopen
    retries = retries.increment(
              ^^^^^^^^^^^^^^^^^^
  File "/Users/andyschwarz/Documents/Privat/OverCloud/backend/.venv/lib/python3.11/site-packages/urllib3/util/retry.py", line 465, in increment
    raise reraise(type(error), error, _stacktrace)
          ^^^^^^^^^^^^^^^^^^^^^^^^^^^^^^^^^^^^^^^^
  File "/Users/andyschwarz/Documents/Privat/OverCloud/backend/.venv/lib/python3.11/site-packages/urllib3/util/util.py", line 39, in reraise
    raise value
  File "/Users/andyschwarz/Documents/Privat/OverCloud/backend/.venv/lib/python3.11/site-packages/urllib3/connectionpool.py", line 787, in urlopen
    response = self._make_request(
               ^^^^^^^^^^^^^^^^^^^
  File "/Users/andyschwarz/Documents/Privat/OverCloud/backend/.venv/lib/python3.11/site-packages/urllib3/connectionpool.py", line 493, in _make_request
    conn.request(
  File "/Users/andyschwarz/Documents/Privat/OverCloud/backend/.venv/lib/python3.11/site-packages/botocore/awsrequest.py", line 96, in request
    rval = super().request(method, url, body, headers, *args, **kwargs)
           ^^^^^^^^^^^^^^^^^^^^^^^^^^^^^^^^^^^^^^^^^^^^^^^^^^^^^^^^^^^^
  File "/Users/andyschwarz/Documents/Privat/OverCloud/backend/.venv/lib/python3.11/site-packages/urllib3/connection.py", line 500, in request
    self.endheaders()
  File "/opt/homebrew/Cellar/python@3.11/3.11.15/Frameworks/Python.framework/Versions/3.11/lib/python3.11/http/client.py", line 1318, in endheaders
    self._send_output(message_body, encode_chunked=encode_chunked)
  File "/Users/andyschwarz/Documents/Privat/OverCloud/backend/.venv/lib/python3.11/site-packages/botocore/awsrequest.py", line 123, in _send_output
    self.send(msg)
  File "/Users/andyschwarz/Documents/Privat/OverCloud/backend/.venv/lib/python3.11/site-packages/botocore/awsrequest.py", line 223, in send
    return super().send(str)
           ^^^^^^^^^^^^^^^^^
  File "/opt/homebrew/Cellar/python@3.11/3.11.15/Frameworks/Python.framework/Versions/3.11/lib/python3.11/http/client.py", line 1016, in send
    self.connect()
  File "/Users/andyschwarz/Documents/Privat/OverCloud/backend/.venv/lib/python3.11/site-packages/urllib3/connection.py", line 331, in connect
    self.sock = self._new_conn()
                ^^^^^^^^^^^^^^^^
  File "/Users/andyschwarz/Documents/Privat/OverCloud/backend/.venv/lib/python3.11/site-packages/urllib3/connection.py", line 219, in _new_conn
    raise NewConnectionError(
urllib3.exceptions.NewConnectionError: AWSHTTPConnection(host='localhost', port=8001): Failed to establish a new connection: [Errno 61] Connection refused

The above exception was the direct cause of the following exception:

Traceback (most recent call last):
  File "/Users/andyschwarz/Documents/Privat/OverCloud/backend/.venv/lib/python3.11/site-packages/starlette/middleware/errors.py", line 164, in __call__
    await self.app(scope, receive, _send)
  File "/Users/andyschwarz/Documents/Privat/OverCloud/backend/.venv/lib/python3.11/site-packages/starlette/middleware/base.py", line 191, in __call__
    with recv_stream, send_stream, collapse_excgroups():
  File "/opt/homebrew/Cellar/python@3.11/3.11.15/Frameworks/Python.framework/Versions/3.11/lib/python3.11/contextlib.py", line 158, in __exit__
    self.gen.throw(typ, value, traceback)
  File "/Users/andyschwarz/Documents/Privat/OverCloud/backend/.venv/lib/python3.11/site-packages/starlette/_utils.py", line 87, in collapse_excgroups
    raise exc
  File "/Users/andyschwarz/Documents/Privat/OverCloud/backend/.venv/lib/python3.11/site-packages/starlette/middleware/base.py", line 193, in __call__
    response = await self.dispatch_func(request, call_next)
               ^^^^^^^^^^^^^^^^^^^^^^^^^^^^^^^^^^^^^^^^^^^^
  File "/Users/andyschwarz/Documents/Privat/OverCloud/backend/app/main.py", line 61, in add_security_headers
    response = await call_next(request)
               ^^^^^^^^^^^^^^^^^^^^^^^^
  File "/Users/andyschwarz/Documents/Privat/OverCloud/backend/.venv/lib/python3.11/site-packages/starlette/middleware/base.py", line 168, in call_next
    raise app_exc from app_exc.__cause__ or app_exc.__context__
  File "/Users/andyschwarz/Documents/Privat/OverCloud/backend/.venv/lib/python3.11/site-packages/starlette/middleware/base.py", line 144, in coro
    await self.app(scope, receive_or_disconnect, send_no_error)
  File "/Users/andyschwarz/Documents/Privat/OverCloud/backend/.venv/lib/python3.11/site-packages/starlette/middleware/cors.py", line 88, in __call__
    await self.app(scope, receive, send)
  File "/Users/andyschwarz/Documents/Privat/OverCloud/backend/.venv/lib/python3.11/site-packages/starlette/middleware/exceptions.py", line 63, in __call__
    await wrap_app_handling_exceptions(self.app, conn)(scope, receive, send)
  File "/Users/andyschwarz/Documents/Privat/OverCloud/backend/.venv/lib/python3.11/site-packages/starlette/_exception_handler.py", line 53, in wrapped_app
    raise exc
  File "/Users/andyschwarz/Documents/Privat/OverCloud/backend/.venv/lib/python3.11/site-packages/starlette/_exception_handler.py", line 42, in wrapped_app
    await app(scope, receive, sender)
  File "/Users/andyschwarz/Documents/Privat/OverCloud/backend/.venv/lib/python3.11/site-packages/fastapi/middleware/asyncexitstack.py", line 18, in __call__
    await self.app(scope, receive, send)
  File "/Users/andyschwarz/Documents/Privat/OverCloud/backend/.venv/lib/python3.11/site-packages/starlette/routing.py", line 660, in __call__
    await self.middleware_stack(scope, receive, send)
  File "/Users/andyschwarz/Documents/Privat/OverCloud/backend/.venv/lib/python3.11/site-packages/starlette/routing.py", line 680, in app
    await route.handle(scope, receive, send)
  File "/Users/andyschwarz/Documents/Privat/OverCloud/backend/.venv/lib/python3.11/site-packages/starlette/routing.py", line 276, in handle
    await self.app(scope, receive, send)
  File "/Users/andyschwarz/Documents/Privat/OverCloud/backend/.venv/lib/python3.11/site-packages/fastapi/routing.py", line 130, in app
    await wrap_app_handling_exceptions(app, request)(scope, receive, send)
  File "/Users/andyschwarz/Documents/Privat/OverCloud/backend/.venv/lib/python3.11/site-packages/starlette/_exception_handler.py", line 53, in wrapped_app
    raise exc
  File "/Users/andyschwarz/Documents/Privat/OverCloud/backend/.venv/lib/python3.11/site-packages/starlette/_exception_handler.py", line 42, in wrapped_app
    await app(scope, receive, sender)
  File "/Users/andyschwarz/Documents/Privat/OverCloud/backend/.venv/lib/python3.11/site-packages/fastapi/routing.py", line 116, in app
    response = await f(request)
               ^^^^^^^^^^^^^^^^
  File "/Users/andyschwarz/Documents/Privat/OverCloud/backend/.venv/lib/python3.11/site-packages/fastapi/routing.py", line 670, in app
    raw_response = await run_endpoint_function(
                   ^^^^^^^^^^^^^^^^^^^^^^^^^^^^
  File "/Users/andyschwarz/Documents/Privat/OverCloud/backend/.venv/lib/python3.11/site-packages/fastapi/routing.py", line 324, in run_endpoint_function
    return await dependant.call(**values)
           ^^^^^^^^^^^^^^^^^^^^^^^^^^^^^^
  File "/Users/andyschwarz/Documents/Privat/OverCloud/backend/.venv/lib/python3.11/site-packages/slowapi/extension.py", line 734, in async_wrapper
    response = await func(*args, **kwargs)  # type: ignore
               ^^^^^^^^^^^^^^^^^^^^^^^^^^^
  File "/Users/andyschwarz/Documents/Privat/OverCloud/backend/app/api/auth.py", line 426, in login
    user = user_repo.authenticate(email, form_data.password)
           ^^^^^^^^^^^^^^^^^^^^^^^^^^^^^^^^^^^^^^^^^^^^^^^^^
  File "/Users/andyschwarz/Documents/Privat/OverCloud/backend/app/repositories/user.py", line 319, in authenticate
    user = self.get_by_email(email)
           ^^^^^^^^^^^^^^^^^^^^^^^^
  File "/Users/andyschwarz/Documents/Privat/OverCloud/backend/app/repositories/user.py", line 169, in get_by_email
    items, _ = self._query(
               ^^^^^^^^^^^^
  File "/Users/andyschwarz/Documents/Privat/OverCloud/backend/app/repositories/base.py", line 145, in _query
    response = self.table.query(**kwargs)
               ^^^^^^^^^^^^^^^^^^^^^^^^^^
  File "/Users/andyschwarz/Documents/Privat/OverCloud/backend/.venv/lib/python3.11/site-packages/boto3/resources/factory.py", line 581, in do_action
    response = action(self, *args, **kwargs)
               ^^^^^^^^^^^^^^^^^^^^^^^^^^^^^
  File "/Users/andyschwarz/Documents/Privat/OverCloud/backend/.venv/lib/python3.11/site-packages/boto3/resources/action.py", line 88, in __call__
    response = getattr(parent.meta.client, operation_name)(*args, **params)
               ^^^^^^^^^^^^^^^^^^^^^^^^^^^^^^^^^^^^^^^^^^^^^^^^^^^^^^^^^^^^
  File "/Users/andyschwarz/Documents/Privat/OverCloud/backend/.venv/lib/python3.11/site-packages/botocore/client.py", line 602, in _api_call
    return self._make_api_call(operation_name, kwargs)
           ^^^^^^^^^^^^^^^^^^^^^^^^^^^^^^^^^^^^^^^^^^^
  File "/Users/andyschwarz/Documents/Privat/OverCloud/backend/.venv/lib/python3.11/site-packages/botocore/context.py", line 123, in wrapper
    return func(*args, **kwargs)
           ^^^^^^^^^^^^^^^^^^^^^
  File "/Users/andyschwarz/Documents/Privat/OverCloud/backend/.venv/lib/python3.11/site-packages/botocore/client.py", line 1060, in _make_api_call
    http, parsed_response = self._make_request(
                            ^^^^^^^^^^^^^^^^^^^
  File "/Users/andyschwarz/Documents/Privat/OverCloud/backend/.venv/lib/python3.11/site-packages/botocore/client.py", line 1084, in _make_request
    return self._endpoint.make_request(operation_model, request_dict)
           ^^^^^^^^^^^^^^^^^^^^^^^^^^^^^^^^^^^^^^^^^^^^^^^^^^^^^^^^^^
  File "/Users/andyschwarz/Documents/Privat/OverCloud/backend/.venv/lib/python3.11/site-packages/botocore/endpoint.py", line 119, in make_request
    return self._send_request(request_dict, operation_model)
           ^^^^^^^^^^^^^^^^^^^^^^^^^^^^^^^^^^^^^^^^^^^^^^^^^
  File "/Users/andyschwarz/Documents/Privat/OverCloud/backend/.venv/lib/python3.11/site-packages/botocore/endpoint.py", line 200, in _send_request
    while self._needs_retry(
          ^^^^^^^^^^^^^^^^^^
  File "/Users/andyschwarz/Documents/Privat/OverCloud/backend/.venv/lib/python3.11/site-packages/botocore/endpoint.py", line 360, in _needs_retry
    responses = self._event_emitter.emit(
                ^^^^^^^^^^^^^^^^^^^^^^^^^
  File "/Users/andyschwarz/Documents/Privat/OverCloud/backend/.venv/lib/python3.11/site-packages/botocore/hooks.py", line 412, in emit
    return self._emitter.emit(aliased_event_name, **kwargs)
           ^^^^^^^^^^^^^^^^^^^^^^^^^^^^^^^^^^^^^^^^^^^^^^^^
  File "/Users/andyschwarz/Documents/Privat/OverCloud/backend/.venv/lib/python3.11/site-packages/botocore/hooks.py", line 256, in emit
    return self._emit(event_name, kwargs)
           ^^^^^^^^^^^^^^^^^^^^^^^^^^^^^^
  File "/Users/andyschwarz/Documents/Privat/OverCloud/backend/.venv/lib/python3.11/site-packages/botocore/hooks.py", line 239, in _emit
    response = handler(**kwargs)
               ^^^^^^^^^^^^^^^^^
  File "/Users/andyschwarz/Documents/Privat/OverCloud/backend/.venv/lib/python3.11/site-packages/botocore/retryhandler.py", line 207, in __call__
    if self._checker(**checker_kwargs):
       ^^^^^^^^^^^^^^^^^^^^^^^^^^^^^^^
  File "/Users/andyschwarz/Documents/Privat/OverCloud/backend/.venv/lib/python3.11/site-packages/botocore/retryhandler.py", line 284, in __call__
    should_retry = self._should_retry(
                   ^^^^^^^^^^^^^^^^^^^
  File "/Users/andyschwarz/Documents/Privat/OverCloud/backend/.venv/lib/python3.11/site-packages/botocore/retryhandler.py", line 320, in _should_retry
    return self._checker(attempt_number, response, caught_exception)
           ^^^^^^^^^^^^^^^^^^^^^^^^^^^^^^^^^^^^^^^^^^^^^^^^^^^^^^^^^
  File "/Users/andyschwarz/Documents/Privat/OverCloud/backend/.venv/lib/python3.11/site-packages/botocore/retryhandler.py", line 363, in __call__
    checker_response = checker(
                       ^^^^^^^^
  File "/Users/andyschwarz/Documents/Privat/OverCloud/backend/.venv/lib/python3.11/site-packages/botocore/retryhandler.py", line 247, in __call__
    return self._check_caught_exception(
           ^^^^^^^^^^^^^^^^^^^^^^^^^^^^^
  File "/Users/andyschwarz/Documents/Privat/OverCloud/backend/.venv/lib/python3.11/site-packages/botocore/retryhandler.py", line 416, in _check_caught_exception
    raise caught_exception
  File "/Users/andyschwarz/Documents/Privat/OverCloud/backend/.venv/lib/python3.11/site-packages/botocore/endpoint.py", line 279, in _do_get_response
    http_response = self._send(request)
                    ^^^^^^^^^^^^^^^^^^^
  File "/Users/andyschwarz/Documents/Privat/OverCloud/backend/.venv/lib/python3.11/site-packages/botocore/endpoint.py", line 383, in _send
    return self.http_session.send(request)
           ^^^^^^^^^^^^^^^^^^^^^^^^^^^^^^^
  File "/Users/andyschwarz/Documents/Privat/OverCloud/backend/.venv/lib/python3.11/site-packages/botocore/httpsession.py", line 506, in send
    raise EndpointConnectionError(endpoint_url=request.url, error=e)
botocore.exceptions.EndpointConnectionError: Could not connect to the endpoint URL: "http://localhost:8001/"
________________ TestCSRFProtection.test_refresh_updates_cookie ________________
tests/test_csrf_protection.py:152: in test_refresh_updates_cookie
    old_token = register_user.json()["access_token"]
                ^^^^^^^^^^^^^^^^^^^^^^^^^^^^^^^^^^^^
E   KeyError: 'access_token'
---------------------------- Captured stdout setup -----------------------------
2026-05-17 20:16:42 - httpx - INFO - HTTP Request: POST http://testserver/api/v1/auth/register "HTTP/1.1 422 Unprocessable Entity"
------------------------------ Captured log setup ------------------------------
INFO     httpx:_client.py:1025 HTTP Request: POST http://testserver/api/v1/auth/register "HTTP/1.1 422 Unprocessable Entity"
___________ TestCSRFProtection.test_cookie_has_priority_over_header ____________
tests/test_csrf_protection.py:168: in test_cookie_has_priority_over_header
    valid_token = register_user.json()["access_token"]
                  ^^^^^^^^^^^^^^^^^^^^^^^^^^^^^^^^^^^^
E   KeyError: 'access_token'
---------------------------- Captured stdout setup -----------------------------
2026-05-17 20:16:42 - httpx - INFO - HTTP Request: POST http://testserver/api/v1/auth/register "HTTP/1.1 422 Unprocessable Entity"
------------------------------ Captured log setup ------------------------------
INFO     httpx:_client.py:1025 HTTP Request: POST http://testserver/api/v1/auth/register "HTTP/1.1 422 Unprocessable Entity"
______________ TestCSRFProtectionSecurity.test_cookie_attributes _______________
tests/test_csrf_protection.py:206: in test_cookie_attributes
    assert "access_token" in client.cookies
E   AssertionError: assert 'access_token' in <Cookies[]>
E    +  where <Cookies[]> = <starlette.testclient.TestClient object at 0x113a78a90>.cookies
---------------------------- Captured stdout setup -----------------------------
2026-05-17 20:16:42 - httpx - INFO - HTTP Request: POST http://testserver/api/v1/auth/register "HTTP/1.1 422 Unprocessable Entity"
------------------------------ Captured log setup ------------------------------
INFO     httpx:_client.py:1025 HTTP Request: POST http://testserver/api/v1/auth/register "HTTP/1.1 422 Unprocessable Entity"
=============================== warnings summary ===============================
.venv/lib/python3.11/site-packages/pythonjsonlogger/jsonlogger.py:11
  /Users/andyschwarz/Documents/Privat/OverCloud/backend/.venv/lib/python3.11/site-packages/pythonjsonlogger/jsonlogger.py:11: DeprecationWarning: pythonjsonlogger.jsonlogger has been moved to pythonjsonlogger.json
    warnings.warn(

app/main.py:132
  /Users/andyschwarz/Documents/Privat/OverCloud/backend/app/main.py:132: DeprecationWarning: 
          on_event is deprecated, use lifespan event handlers instead.
  
          Read more about it in the
          [FastAPI docs for Lifespan Events](https://fastapi.tiangolo.com/advanced/events/).
          
    @app.on_event("startup")

.venv/lib/python3.11/site-packages/fastapi/applications.py:4599
  /Users/andyschwarz/Documents/Privat/OverCloud/backend/.venv/lib/python3.11/site-packages/fastapi/applications.py:4599: DeprecationWarning: 
          on_event is deprecated, use lifespan event handlers instead.
  
          Read more about it in the
          [FastAPI docs for Lifespan Events](https://fastapi.tiangolo.com/advanced/events/).
          
    return self.router.on_event(event_type)

app/data/blueprints/base.py:106
  /Users/andyschwarz/Documents/Privat/OverCloud/backend/app/data/blueprints/base.py:106: PydanticDeprecatedSince20: Support for class-based `config` is deprecated, use ConfigDict instead. Deprecated in Pydantic V2.0 to be removed in V3.0. See Pydantic V2 Migration Guide at https://errors.pydantic.dev/2.12/migration/
    class Blueprint(BaseModel):

.venv/lib/python3.11/site-packages/passlib/utils/__init__.py:854
  /Users/andyschwarz/Documents/Privat/OverCloud/backend/.venv/lib/python3.11/site-packages/passlib/utils/__init__.py:854: DeprecationWarning: 'crypt' is deprecated and slated for removal in Python 3.13
    from crypt import crypt as _crypt

app/schemas/deployment.py:25
  /Users/andyschwarz/Documents/Privat/OverCloud/backend/app/schemas/deployment.py:25: PydanticDeprecatedSince20: Support for class-based `config` is deprecated, use ConfigDict instead. Deprecated in Pydantic V2.0 to be removed in V3.0. See Pydantic V2 Migration Guide at https://errors.pydantic.dev/2.12/migration/
    class DeploymentResponse(BaseModel):

app/schemas/deployment.py:47
  /Users/andyschwarz/Documents/Privat/OverCloud/backend/app/schemas/deployment.py:47: PydanticDeprecatedSince20: Support for class-based `config` is deprecated, use ConfigDict instead. Deprecated in Pydantic V2.0 to be removed in V3.0. See Pydantic V2 Migration Guide at https://errors.pydantic.dev/2.12/migration/
    class DeploymentStatusResponse(BaseModel):

app/schemas/cost.py:11
  /Users/andyschwarz/Documents/Privat/OverCloud/backend/app/schemas/cost.py:11: PydanticDeprecatedSince20: Support for class-based `config` is deprecated, use ConfigDict instead. Deprecated in Pydantic V2.0 to be removed in V3.0. See Pydantic V2 Migration Guide at https://errors.pydantic.dev/2.12/migration/
    class ComponentCostResponse(BaseModel):

app/schemas/cost.py:39
  /Users/andyschwarz/Documents/Privat/OverCloud/backend/app/schemas/cost.py:39: PydanticDeprecatedSince20: Support for class-based `config` is deprecated, use ConfigDict instead. Deprecated in Pydantic V2.0 to be removed in V3.0. See Pydantic V2 Migration Guide at https://errors.pydantic.dev/2.12/migration/
    class CostEstimateResponse(BaseModel):

app/api/audit.py:24
  /Users/andyschwarz/Documents/Privat/OverCloud/backend/app/api/audit.py:24: PydanticDeprecatedSince20: Support for class-based `config` is deprecated, use ConfigDict instead. Deprecated in Pydantic V2.0 to be removed in V3.0. See Pydantic V2 Migration Guide at https://errors.pydantic.dev/2.12/migration/
    class AuditLogResponse(BaseModel):

app/api/aws_credentials.py:23
  /Users/andyschwarz/Documents/Privat/OverCloud/backend/app/api/aws_credentials.py:23: PydanticDeprecatedSince20: Support for class-based `config` is deprecated, use ConfigDict instead. Deprecated in Pydantic V2.0 to be removed in V3.0. See Pydantic V2 Migration Guide at https://errors.pydantic.dev/2.12/migration/
    class CreateCredentialRequest(BaseModel):

tests/integration/test_auth_api.py: 3 warnings
tests/test_api_validation.py: 2 warnings
tests/test_cidr_api.py: 1 warning
tests/test_csrf_protection.py: 8 warnings
tests/test_designer_api.py: 1 warning
  /Users/andyschwarz/Documents/Privat/OverCloud/backend/.venv/lib/python3.11/site-packages/starlette/_exception_handler.py:59: DeprecationWarning: 'HTTP_422_UNPROCESSABLE_ENTITY' is deprecated. Use 'HTTP_422_UNPROCESSABLE_CONTENT' instead.
    response = await handler(conn, exc)

tests/test_api_validation.py::TestValidationEndpoint::test_validate_malformed_json
  /Users/andyschwarz/Documents/Privat/OverCloud/backend/.venv/lib/python3.11/site-packages/httpx/_models.py:408: DeprecationWarning: Use 'content=<...>' to upload raw bytes/text content.
    headers, stream = encode_request(

tests/test_designer_api.py::test_save_designer_architecture_missing_components
tests/test_designer_api.py::test_generate_terraform_missing_components
  /Users/andyschwarz/Documents/Privat/OverCloud/backend/.venv/lib/python3.11/site-packages/slowapi/extension.py:734: DeprecationWarning: 'HTTP_422_UNPROCESSABLE_ENTITY' is deprecated. Use 'HTTP_422_UNPROCESSABLE_CONTENT' instead.
    response = await func(*args, **kwargs)  # type: ignore

tests/test_designer_api.py::test_save_designer_architecture_missing_components
tests/test_designer_api.py::test_load_designer_architecture_invalid_uuid
tests/test_designer_api.py::test_generate_terraform_missing_components
  /Users/andyschwarz/Documents/Privat/OverCloud/backend/.venv/lib/python3.11/site-packages/_pytest/python.py:166: DeprecationWarning: 'HTTP_422_UNPROCESSABLE_ENTITY' is deprecated. Use 'HTTP_422_UNPROCESSABLE_CONTENT' instead.
    result = testfunction(**testargs)

-- Docs: https://docs.pytest.org/en/stable/how-to/capture-warnings.html
=========================== short test summary info ============================
FAILED tests/integration/test_organisations_api.py::TestOrganisationMembers::test_add_member_as_owner - assert 400 == 201
 +  where 400 = <Response [400 Bad Request]>.status_code
FAILED tests/integration/test_organisations_api.py::TestOrganisationMembers::test_remove_member_as_owner - assert 400 == 204
 +  where 400 = <Response [400 Bad Request]>.status_code
FAILED tests/integration/test_organisations_api.py::TestOrganisationMembers::test_update_member_role - assert 400 == 200
 +  where 400 = <Response [400 Bad Request]>.status_code
FAILED tests/integration/test_organisations_api.py::TestOrganisationAWSCredentials::test_update_aws_credentials_as_member_forbidden - assert 200 == 403
 +  where 200 = <Response [200 OK]>.status_code
FAILED tests/integration/test_organisations_api.py::TestOrganisationDelete::test_delete_organisation_as_member_forbidden - assert 204 == 403
 +  where 204 = <Response [204 No Content]>.status_code
FAILED tests/integration/test_refresh_token_flow.py::test_register_returns_refresh_token - botocore.exceptions.EndpointConnectionError: Could not connect to the endpoint URL: "http://localhost:8001/"
FAILED tests/integration/test_refresh_token_flow.py::test_access_token_short_lived - assert 8099.756854 < (16 * 60)
 +  where 8099.756854 = <built-in method total_seconds of datetime.timedelta object at 0x12081e190>()
 +    where <built-in method total_seconds of datetime.timedelta object at 0x12081e190> = datetime.timedelta(seconds=8099, microseconds=756854).total_seconds
FAILED tests/integration/test_users_api.py::TestUsersGet::test_get_user_unauthenticated - assert 200 == 401
 +  where 200 = <Response [200 OK]>.status_code
FAILED tests/integration/test_users_api.py::TestUsersGet::test_get_nonexistent_user - assert 403 == 404
 +  where 403 = <Response [403 Forbidden]>.status_code
FAILED tests/integration/test_users_api.py::TestUsersUpdate::test_update_other_user_forbidden - assert 200 == 403
 +  where 200 = <Response [200 OK]>.status_code
FAILED tests/integration/test_users_api.py::TestUsersDelete::test_delete_other_user_forbidden - assert 204 == 403
 +  where 204 = <Response [204 No Content]>.status_code
FAILED tests/integration/test_users_api.py::TestUsersOrganisations::test_get_other_user_organisations_forbidden - assert 200 == 403
 +  where 200 = <Response [200 OK]>.status_code
FAILED tests/test_billing.py::TestSubscriptionRepository::test_update_tier - TypeError: Float types are not supported. Use Decimal types instead.
FAILED tests/test_billing.py::TestInvoiceGenerator::test_preview_next_invoice - TypeError: unsupported operand type(s) for *: 'decimal.Decimal' and 'float'
FAILED tests/test_csrf_protection.py::TestCSRFProtection::test_login_sets_cookie - botocore.exceptions.EndpointConnectionError: Could not connect to the endpoint URL: "http://localhost:8001/"
FAILED tests/test_csrf_protection.py::TestCSRFProtection::test_register_sets_cookie - assert 422 == 201
 +  where 422 = <Response [422 Unprocessable Entity]>.status_code
FAILED tests/test_csrf_protection.py::TestCSRFProtection::test_authenticated_request_with_cookie - botocore.exceptions.EndpointConnectionError: Could not connect to the endpoint URL: "http://localhost:8001/"
FAILED tests/test_csrf_protection.py::TestCSRFProtection::test_authenticated_request_with_bearer_token - KeyError: 'access_token'
FAILED tests/test_csrf_protection.py::TestCSRFProtection::test_logout_clears_cookie - botocore.exceptions.EndpointConnectionError: Could not connect to the endpoint URL: "http://localhost:8001/"
FAILED tests/test_csrf_protection.py::TestCSRFProtection::test_refresh_updates_cookie - KeyError: 'access_token'
FAILED tests/test_csrf_protection.py::TestCSRFProtection::test_cookie_has_priority_over_header - KeyError: 'access_token'
FAILED tests/test_csrf_protection.py::TestCSRFProtectionSecurity::test_cookie_attributes - AssertionError: assert 'access_token' in <Cookies[]>
 +  where <Cookies[]> = <starlette.testclient.TestClient object at 0x113a78a90>.cookies
ERROR tests/integration/test_idor_prevention.py::TestIDORPrevention::test_user_cannot_view_other_user_profile - botocore.exceptions.EndpointConnectionError: Could not connect to the endpoint URL: "http://localhost:8001/"
ERROR tests/integration/test_idor_prevention.py::TestIDORPrevention::test_user_can_view_own_profile - botocore.exceptions.EndpointConnectionError: Could not connect to the endpoint URL: "http://localhost:8001/"
ERROR tests/integration/test_idor_prevention.py::TestIDORPrevention::test_user_cannot_update_other_user_profile - botocore.exceptions.EndpointConnectionError: Could not connect to the endpoint URL: "http://localhost:8001/"
ERROR tests/integration/test_idor_prevention.py::TestIDORPrevention::test_user_can_update_own_profile - botocore.exceptions.EndpointConnectionError: Could not connect to the endpoint URL: "http://localhost:8001/"
ERROR tests/integration/test_idor_prevention.py::TestIDORPrevention::test_user_cannot_delete_other_user - botocore.exceptions.EndpointConnectionError: Could not connect to the endpoint URL: "http://localhost:8001/"
ERROR tests/integration/test_idor_prevention.py::TestIDORPrevention::test_user_cannot_view_other_user_organisations - botocore.exceptions.EndpointConnectionError: Could not connect to the endpoint URL: "http://localhost:8001/"
ERROR tests/integration/test_idor_prevention.py::TestIDORPrevention::test_user_can_view_own_organisations - botocore.exceptions.EndpointConnectionError: Could not connect to the endpoint URL: "http://localhost:8001/"
ERROR tests/integration/test_idor_prevention.py::TestSuperAdminAccess::test_superadmin_can_view_any_user - botocore.exceptions.EndpointConnectionError: Could not connect to the endpoint URL: "http://localhost:8001/"
ERROR tests/integration/test_idor_prevention.py::TestSuperAdminAccess::test_superadmin_can_update_any_user - botocore.exceptions.EndpointConnectionError: Could not connect to the endpoint URL: "http://localhost:8001/"
ERROR tests/integration/test_refresh_token_flow.py::test_login_returns_refresh_token - botocore.exceptions.EndpointConnectionError: Could not connect to the endpoint URL: "http://localhost:8001/"
ERROR tests/integration/test_refresh_token_flow.py::test_refresh_endpoint_with_valid_token - botocore.exceptions.EndpointConnectionError: Could not connect to the endpoint URL: "http://localhost:8001/"
ERROR tests/integration/test_refresh_token_flow.py::test_token_rotation_invalidates_old_token - botocore.exceptions.EndpointConnectionError: Could not connect to the endpoint URL: "http://localhost:8001/"
ERROR tests/integration/test_refresh_token_flow.py::test_logout_revokes_all_refresh_tokens - botocore.exceptions.EndpointConnectionError: Could not connect to the endpoint URL: "http://localhost:8001/"
ERROR tests/integration/test_refresh_token_flow.py::test_refresh_with_inactive_user - botocore.exceptions.EndpointConnectionError: Could not connect to the endpoint URL: "http://localhost:8001/"
ERROR tests/integration/test_refresh_token_flow.py::test_multiple_refresh_tokens_for_user - botocore.exceptions.EndpointConnectionError: Could not connect to the endpoint URL: "http://localhost:8001/"
= 22 failed, 606 passed, 26 skipped, 32 warnings, 15 errors in 972.55s (0:16:12) =
